config.eager_load is set to nil. Please update your config/environments/*.rb files accordingly:

  * development - set it to false
  * test - set it to false (unless you use a tool that preloads your test environment)
  * production - set it to true

Running 99 tests in parallel using 4 processes
WARNING: Rails was not able to disable referential integrity.

This is most likely caused due to missing permissions.
Rails needs superuser privileges to disable referential integrity.

    cause: PG::InsufficientPrivilege: ERROR:  permission denied: "RI_ConstraintTrigger_c_50531" is a system trigger


Run options: -v --backtrace --seed 21291

# Running:

TrainingRoutesControllerTest#test_should_update_training_route = 0.67 s = E


Error:
TrainingRoutesControllerTest#test_should_update_training_route:
ActiveRecord::InvalidForeignKey: PG::ForeignKeyViolation: ERROR:  insert or update on table "attendances" violates foreign key constraint "fk_rails_aa7947c197"
DETAIL:  Key (training_session_id)=(980190962) is not present in table "training_sessions".

    vendor/bundle/ruby/3.2.0/gems/activerecord-7.1.5.1/lib/active_record/connection_adapters/postgresql/database_statements.rb:55:in `exec'
    vendor/bundle/ruby/3.2.0/gems/activerecord-7.1.5.1/lib/active_record/connection_adapters/postgresql/database_statements.rb:55:in `block (2 levels) in raw_execute'
    vendor/bundle/ruby/3.2.0/gems/activerecord-7.1.5.1/lib/active_record/connection_adapters/abstract_adapter.rb:1027:in `block in with_raw_connection'
    vendor/bundle/ruby/3.2.0/gems/activesupport-7.1.5.1/lib/active_support/concurrency/null_lock.rb:9:in `synchronize'
    vendor/bundle/ruby/3.2.0/gems/activerecord-7.1.5.1/lib/active_record/connection_adapters/abstract_adapter.rb:999:in `with_raw_connection'
    vendor/bundle/ruby/3.2.0/gems/activerecord-7.1.5.1/lib/active_record/connection_adapters/postgresql/database_statements.rb:54:in `block in raw_execute'
    vendor/bundle/ruby/3.2.0/gems/activesupport-7.1.5.1/lib/active_support/notifications/instrumenter.rb:58:in `instrument'
    vendor/bundle/ruby/3.2.0/gems/activerecord-7.1.5.1/lib/active_record/connection_adapters/abstract_adapter.rb:1142:in `log'
    vendor/bundle/ruby/3.2.0/gems/activerecord-7.1.5.1/lib/active_record/connection_adapters/postgresql/database_statements.rb:53:in `raw_execute'
    vendor/bundle/ruby/3.2.0/gems/activerecord-7.1.5.1/lib/active_record/connection_adapters/abstract/database_statements.rb:521:in `internal_execute'
    vendor/bundle/ruby/3.2.0/gems/activerecord-7.1.5.1/lib/active_record/connection_adapters/abstract/database_statements.rb:131:in `execute'
    vendor/bundle/ruby/3.2.0/gems/activerecord-7.1.5.1/lib/active_record/connection_adapters/abstract/query_cache.rb:25:in `execute'
    vendor/bundle/ruby/3.2.0/gems/activerecord-7.1.5.1/lib/active_record/connection_adapters/postgresql/database_statements.rb:47:in `execute'
    vendor/bundle/ruby/3.2.0/gems/activerecord-7.1.5.1/lib/active_record/connection_adapters/postgresql/database_statements.rb:151:in `execute_batch'
    vendor/bundle/ruby/3.2.0/gems/activerecord-7.1.5.1/lib/active_record/connection_adapters/abstract/database_statements.rb:462:in `block (3 levels) in insert_fixtures_set'
    vendor/bundle/ruby/3.2.0/gems/activerecord-7.1.5.1/lib/active_record/connection_adapters/abstract/transaction.rb:535:in `block in within_new_transaction'
    vendor/bundle/ruby/3.2.0/gems/activesupport-7.1.5.1/lib/active_support/concurrency/null_lock.rb:9:in `synchronize'
    vendor/bundle/ruby/3.2.0/gems/activerecord-7.1.5.1/lib/active_record/connection_adapters/abstract/transaction.rb:532:in `within_new_transaction'
    vendor/bundle/ruby/3.2.0/gems/activerecord-7.1.5.1/lib/active_record/connection_adapters/abstract/database_statements.rb:344:in `transaction'
    vendor/bundle/ruby/3.2.0/gems/activerecord-7.1.5.1/lib/active_record/connection_adapters/abstract/database_statements.rb:461:in `block (2 levels) in insert_fixtures_set'
    vendor/bundle/ruby/3.2.0/gems/activerecord-7.1.5.1/lib/active_record/connection_adapters/postgresql/referential_integrity.rb:19:in `disable_referential_integrity'
    vendor/bundle/ruby/3.2.0/gems/activerecord-7.1.5.1/lib/active_record/connection_adapters/abstract/database_statements.rb:460:in `block in insert_fixtures_set'
    vendor/bundle/ruby/3.2.0/gems/activerecord-7.1.5.1/lib/active_record/connection_adapters/abstract/database_statements.rb:601:in `with_multi_statements'
    vendor/bundle/ruby/3.2.0/gems/activerecord-7.1.5.1/lib/active_record/connection_adapters/abstract/database_statements.rb:459:in `insert_fixtures_set'
    vendor/bundle/ruby/3.2.0/gems/activerecord-7.1.5.1/lib/active_record/fixtures.rb:681:in `block in insert'
    vendor/bundle/ruby/3.2.0/gems/activerecord-7.1.5.1/lib/active_record/fixtures.rb:672:in `each'
    vendor/bundle/ruby/3.2.0/gems/activerecord-7.1.5.1/lib/active_record/fixtures.rb:672:in `insert'
    vendor/bundle/ruby/3.2.0/gems/activerecord-7.1.5.1/lib/active_record/fixtures.rb:658:in `read_and_insert'
    vendor/bundle/ruby/3.2.0/gems/activerecord-7.1.5.1/lib/active_record/fixtures.rb:603:in `create_fixtures'
    vendor/bundle/ruby/3.2.0/gems/activerecord-7.1.5.1/lib/active_record/test_fixtures.rb:256:in `load_fixtures'
    vendor/bundle/ruby/3.2.0/gems/activerecord-7.1.5.1/lib/active_record/test_fixtures.rb:143:in `setup_fixtures'
    vendor/bundle/ruby/3.2.0/gems/activerecord-7.1.5.1/lib/active_record/test_fixtures.rb:10:in `before_setup'
    vendor/bundle/ruby/3.2.0/gems/activesupport-7.1.5.1/lib/active_support/testing/setup_and_teardown.rb:40:in `before_setup'
    vendor/bundle/ruby/3.2.0/gems/actionpack-7.1.5.1/lib/action_dispatch/testing/integration.rb:340:in `before_setup'
    vendor/bundle/ruby/3.2.0/gems/activejob-7.1.5.1/lib/active_job/test_helper.rb:50:in `before_setup'
    vendor/bundle/ruby/3.2.0/gems/railties-7.1.5.1/lib/rails/test_help.rb:47:in `before_setup'

bin/rails test test/controllers/training_routes_controller_test.rb:44

WARNING: Rails was not able to disable referential integrity.

This is most likely caused due to missing permissions.
Rails needs superuser privileges to disable referential integrity.

    cause: PG::InsufficientPrivilege: ERROR:  permission denied: "RI_ConstraintTrigger_c_50531" is a system trigger


TrainingRoutesControllerTest#test_should_show_training_route = 0.07 s = E


Error:
TrainingRoutesControllerTest#test_should_show_training_route:
ActiveRecord::InvalidForeignKey: PG::ForeignKeyViolation: ERROR:  insert or update on table "attendances" violates foreign key constraint "fk_rails_aa7947c197"
DETAIL:  Key (training_session_id)=(980190962) is not present in table "training_sessions".

    vendor/bundle/ruby/3.2.0/gems/activerecord-7.1.5.1/lib/active_record/connection_adapters/postgresql/database_statements.rb:55:in `exec'
    vendor/bundle/ruby/3.2.0/gems/activerecord-7.1.5.1/lib/active_record/connection_adapters/postgresql/database_statements.rb:55:in `block (2 levels) in raw_execute'
    vendor/bundle/ruby/3.2.0/gems/activerecord-7.1.5.1/lib/active_record/connection_adapters/abstract_adapter.rb:1027:in `block in with_raw_connection'
    vendor/bundle/ruby/3.2.0/gems/activesupport-7.1.5.1/lib/active_support/concurrency/null_lock.rb:9:in `synchronize'
    vendor/bundle/ruby/3.2.0/gems/activerecord-7.1.5.1/lib/active_record/connection_adapters/abstract_adapter.rb:999:in `with_raw_connection'
    vendor/bundle/ruby/3.2.0/gems/activerecord-7.1.5.1/lib/active_record/connection_adapters/postgresql/database_statements.rb:54:in `block in raw_execute'
    vendor/bundle/ruby/3.2.0/gems/activesupport-7.1.5.1/lib/active_support/notifications/instrumenter.rb:58:in `instrument'
    vendor/bundle/ruby/3.2.0/gems/activerecord-7.1.5.1/lib/active_record/connection_adapters/abstract_adapter.rb:1142:in `log'
    vendor/bundle/ruby/3.2.0/gems/activerecord-7.1.5.1/lib/active_record/connection_adapters/postgresql/database_statements.rb:53:in `raw_execute'
    vendor/bundle/ruby/3.2.0/gems/activerecord-7.1.5.1/lib/active_record/connection_adapters/abstract/database_statements.rb:521:in `internal_execute'
    vendor/bundle/ruby/3.2.0/gems/activerecord-7.1.5.1/lib/active_record/connection_adapters/abstract/database_statements.rb:131:in `execute'
    vendor/bundle/ruby/3.2.0/gems/activerecord-7.1.5.1/lib/active_record/connection_adapters/abstract/query_cache.rb:25:in `execute'
    vendor/bundle/ruby/3.2.0/gems/activerecord-7.1.5.1/lib/active_record/connection_adapters/postgresql/database_statements.rb:47:in `execute'
    vendor/bundle/ruby/3.2.0/gems/activerecord-7.1.5.1/lib/active_record/connection_adapters/postgresql/database_statements.rb:151:in `execute_batch'
    vendor/bundle/ruby/3.2.0/gems/activerecord-7.1.5.1/lib/active_record/connection_adapters/abstract/database_statements.rb:462:in `block (3 levels) in insert_fixtures_set'
    vendor/bundle/ruby/3.2.0/gems/activerecord-7.1.5.1/lib/active_record/connection_adapters/abstract/transaction.rb:535:in `block in within_new_transaction'
    vendor/bundle/ruby/3.2.0/gems/activesupport-7.1.5.1/lib/active_support/concurrency/null_lock.rb:9:in `synchronize'
    vendor/bundle/ruby/3.2.0/gems/activerecord-7.1.5.1/lib/active_record/connection_adapters/abstract/transaction.rb:532:in `within_new_transaction'
    vendor/bundle/ruby/3.2.0/gems/activerecord-7.1.5.1/lib/active_record/connection_adapters/abstract/database_statements.rb:344:in `transaction'
    vendor/bundle/ruby/3.2.0/gems/activerecord-7.1.5.1/lib/active_record/connection_adapters/abstract/database_statements.rb:461:in `block (2 levels) in insert_fixtures_set'
    vendor/bundle/ruby/3.2.0/gems/activerecord-7.1.5.1/lib/active_record/connection_adapters/postgresql/referential_integrity.rb:19:in `disable_referential_integrity'
    vendor/bundle/ruby/3.2.0/gems/activerecord-7.1.5.1/lib/active_record/connection_adapters/abstract/database_statements.rb:460:in `block in insert_fixtures_set'
    vendor/bundle/ruby/3.2.0/gems/activerecord-7.1.5.1/lib/active_record/connection_adapters/abstract/database_statements.rb:601:in `with_multi_statements'
    vendor/bundle/ruby/3.2.0/gems/activerecord-7.1.5.1/lib/active_record/connection_adapters/abstract/database_statements.rb:459:in `insert_fixtures_set'
    vendor/bundle/ruby/3.2.0/gems/activerecord-7.1.5.1/lib/active_record/fixtures.rb:681:in `block in insert'
    vendor/bundle/ruby/3.2.0/gems/activerecord-7.1.5.1/lib/active_record/fixtures.rb:672:in `each'
    vendor/bundle/ruby/3.2.0/gems/activerecord-7.1.5.1/lib/active_record/fixtures.rb:672:in `insert'
    vendor/bundle/ruby/3.2.0/gems/activerecord-7.1.5.1/lib/active_record/fixtures.rb:658:in `read_and_insert'
    vendor/bundle/ruby/3.2.0/gems/activerecord-7.1.5.1/lib/active_record/fixtures.rb:603:in `create_fixtures'
    vendor/bundle/ruby/3.2.0/gems/activerecord-7.1.5.1/lib/active_record/test_fixtures.rb:256:in `load_fixtures'
    vendor/bundle/ruby/3.2.0/gems/activerecord-7.1.5.1/lib/active_record/test_fixtures.rb:143:in `setup_fixtures'
    vendor/bundle/ruby/3.2.0/gems/activerecord-7.1.5.1/lib/active_record/test_fixtures.rb:10:in `before_setup'
    vendor/bundle/ruby/3.2.0/gems/activesupport-7.1.5.1/lib/active_support/testing/setup_and_teardown.rb:40:in `before_setup'
    vendor/bundle/ruby/3.2.0/gems/actionpack-7.1.5.1/lib/action_dispatch/testing/integration.rb:340:in `before_setup'
    vendor/bundle/ruby/3.2.0/gems/activejob-7.1.5.1/lib/active_job/test_helper.rb:50:in `before_setup'
    vendor/bundle/ruby/3.2.0/gems/railties-7.1.5.1/lib/rails/test_help.rb:47:in `before_setup'

bin/rails test test/controllers/training_routes_controller_test.rb:34

WARNING: Rails was not able to disable referential integrity.

This is most likely caused due to missing permissions.
Rails needs superuser privileges to disable referential integrity.

    cause: PG::InsufficientPrivilege: ERROR:  permission denied: "RI_ConstraintTrigger_c_50531" is a system trigger


TrainingRoutesControllerTest#test_should_get_edit = 0.04 s = E


Error:
TrainingRoutesControllerTest#test_should_get_edit:
ActiveRecord::InvalidForeignKey: PG::ForeignKeyViolation: ERROR:  insert or update on table "attendances" violates foreign key constraint "fk_rails_aa7947c197"
DETAIL:  Key (training_session_id)=(980190962) is not present in table "training_sessions".

    vendor/bundle/ruby/3.2.0/gems/activerecord-7.1.5.1/lib/active_record/connection_adapters/postgresql/database_statements.rb:55:in `exec'
    vendor/bundle/ruby/3.2.0/gems/activerecord-7.1.5.1/lib/active_record/connection_adapters/postgresql/database_statements.rb:55:in `block (2 levels) in raw_execute'
    vendor/bundle/ruby/3.2.0/gems/activerecord-7.1.5.1/lib/active_record/connection_adapters/abstract_adapter.rb:1027:in `block in with_raw_connection'
    vendor/bundle/ruby/3.2.0/gems/activesupport-7.1.5.1/lib/active_support/concurrency/null_lock.rb:9:in `synchronize'
    vendor/bundle/ruby/3.2.0/gems/activerecord-7.1.5.1/lib/active_record/connection_adapters/abstract_adapter.rb:999:in `with_raw_connection'
    vendor/bundle/ruby/3.2.0/gems/activerecord-7.1.5.1/lib/active_record/connection_adapters/postgresql/database_statements.rb:54:in `block in raw_execute'
    vendor/bundle/ruby/3.2.0/gems/activesupport-7.1.5.1/lib/active_support/notifications/instrumenter.rb:58:in `instrument'
    vendor/bundle/ruby/3.2.0/gems/activerecord-7.1.5.1/lib/active_record/connection_adapters/abstract_adapter.rb:1142:in `log'
    vendor/bundle/ruby/3.2.0/gems/activerecord-7.1.5.1/lib/active_record/connection_adapters/postgresql/database_statements.rb:53:in `raw_execute'
    vendor/bundle/ruby/3.2.0/gems/activerecord-7.1.5.1/lib/active_record/connection_adapters/abstract/database_statements.rb:521:in `internal_execute'
    vendor/bundle/ruby/3.2.0/gems/activerecord-7.1.5.1/lib/active_record/connection_adapters/abstract/database_statements.rb:131:in `execute'
    vendor/bundle/ruby/3.2.0/gems/activerecord-7.1.5.1/lib/active_record/connection_adapters/abstract/query_cache.rb:25:in `execute'
    vendor/bundle/ruby/3.2.0/gems/activerecord-7.1.5.1/lib/active_record/connection_adapters/postgresql/database_statements.rb:47:in `execute'
    vendor/bundle/ruby/3.2.0/gems/activerecord-7.1.5.1/lib/active_record/connection_adapters/postgresql/database_statements.rb:151:in `execute_batch'
    vendor/bundle/ruby/3.2.0/gems/activerecord-7.1.5.1/lib/active_record/connection_adapters/abstract/database_statements.rb:462:in `block (3 levels) in insert_fixtures_set'
    vendor/bundle/ruby/3.2.0/gems/activerecord-7.1.5.1/lib/active_record/connection_adapters/abstract/transaction.rb:535:in `block in within_new_transaction'
    vendor/bundle/ruby/3.2.0/gems/activesupport-7.1.5.1/lib/active_support/concurrency/null_lock.rb:9:in `synchronize'
    vendor/bundle/ruby/3.2.0/gems/activerecord-7.1.5.1/lib/active_record/connection_adapters/abstract/transaction.rb:532:in `within_new_transaction'
    vendor/bundle/ruby/3.2.0/gems/activerecord-7.1.5.1/lib/active_record/connection_adapters/abstract/database_statements.rb:344:in `transaction'
    vendor/bundle/ruby/3.2.0/gems/activerecord-7.1.5.1/lib/active_record/connection_adapters/abstract/database_statements.rb:461:in `block (2 levels) in insert_fixtures_set'
    vendor/bundle/ruby/3.2.0/gems/activerecord-7.1.5.1/lib/active_record/connection_adapters/postgresql/referential_integrity.rb:19:in `disable_referential_integrity'
    vendor/bundle/ruby/3.2.0/gems/activerecord-7.1.5.1/lib/active_record/connection_adapters/abstract/database_statements.rb:460:in `block in insert_fixtures_set'
    vendor/bundle/ruby/3.2.0/gems/activerecord-7.1.5.1/lib/active_record/connection_adapters/abstract/database_statements.rb:601:in `with_multi_statements'
    vendor/bundle/ruby/3.2.0/gems/activerecord-7.1.5.1/lib/active_record/connection_adapters/abstract/database_statements.rb:459:in `insert_fixtures_set'
    vendor/bundle/ruby/3.2.0/gems/activerecord-7.1.5.1/lib/active_record/fixtures.rb:681:in `block in insert'
    vendor/bundle/ruby/3.2.0/gems/activerecord-7.1.5.1/lib/active_record/fixtures.rb:672:in `each'
    vendor/bundle/ruby/3.2.0/gems/activerecord-7.1.5.1/lib/active_record/fixtures.rb:672:in `insert'
    vendor/bundle/ruby/3.2.0/gems/activerecord-7.1.5.1/lib/active_record/fixtures.rb:658:in `read_and_insert'
    vendor/bundle/ruby/3.2.0/gems/activerecord-7.1.5.1/lib/active_record/fixtures.rb:603:in `create_fixtures'
    vendor/bundle/ruby/3.2.0/gems/activerecord-7.1.5.1/lib/active_record/test_fixtures.rb:256:in `load_fixtures'
    vendor/bundle/ruby/3.2.0/gems/activerecord-7.1.5.1/lib/active_record/test_fixtures.rb:143:in `setup_fixtures'
    vendor/bundle/ruby/3.2.0/gems/activerecord-7.1.5.1/lib/active_record/test_fixtures.rb:10:in `before_setup'
    vendor/bundle/ruby/3.2.0/gems/activesupport-7.1.5.1/lib/active_support/testing/setup_and_teardown.rb:40:in `before_setup'
    vendor/bundle/ruby/3.2.0/gems/actionpack-7.1.5.1/lib/action_dispatch/testing/integration.rb:340:in `before_setup'
    vendor/bundle/ruby/3.2.0/gems/activejob-7.1.5.1/lib/active_job/test_helper.rb:50:in `before_setup'
    vendor/bundle/ruby/3.2.0/gems/railties-7.1.5.1/lib/rails/test_help.rb:47:in `before_setup'

bin/rails test test/controllers/training_routes_controller_test.rb:39

WARNING: Rails was not able to disable referential integrity.

This is most likely caused due to missing permissions.
Rails needs superuser privileges to disable referential integrity.

    cause: PG::InsufficientPrivilege: ERROR:  permission denied: "RI_ConstraintTrigger_c_50445" is a system trigger


WARNING: Rails was not able to disable referential integrity.

This is most likely caused due to missing permissions.
Rails needs superuser privileges to disable referential integrity.

    cause: PG::InsufficientPrivilege: ERROR:  permission denied: "RI_ConstraintTrigger_c_50531" is a system trigger


TrainingRoutesControllerTest#test_should_destroy_training_route = 0.03 s = E


Error:
TrainingRoutesControllerTest#test_should_destroy_training_route:
ActiveRecord::InvalidForeignKey: PG::ForeignKeyViolation: ERROR:  insert or update on table "attendances" violates foreign key constraint "fk_rails_aa7947c197"
DETAIL:  Key (training_session_id)=(980190962) is not present in table "training_sessions".

    vendor/bundle/ruby/3.2.0/gems/activerecord-7.1.5.1/lib/active_record/connection_adapters/postgresql/database_statements.rb:55:in `exec'
    vendor/bundle/ruby/3.2.0/gems/activerecord-7.1.5.1/lib/active_record/connection_adapters/postgresql/database_statements.rb:55:in `block (2 levels) in raw_execute'
    vendor/bundle/ruby/3.2.0/gems/activerecord-7.1.5.1/lib/active_record/connection_adapters/abstract_adapter.rb:1027:in `block in with_raw_connection'
    vendor/bundle/ruby/3.2.0/gems/activesupport-7.1.5.1/lib/active_support/concurrency/null_lock.rb:9:in `synchronize'
    vendor/bundle/ruby/3.2.0/gems/activerecord-7.1.5.1/lib/active_record/connection_adapters/abstract_adapter.rb:999:in `with_raw_connection'
    vendor/bundle/ruby/3.2.0/gems/activerecord-7.1.5.1/lib/active_record/connection_adapters/postgresql/database_statements.rb:54:in `block in raw_execute'
    vendor/bundle/ruby/3.2.0/gems/activesupport-7.1.5.1/lib/active_support/notifications/instrumenter.rb:58:in `instrument'
    vendor/bundle/ruby/3.2.0/gems/activerecord-7.1.5.1/lib/active_record/connection_adapters/abstract_adapter.rb:1142:in `log'
    vendor/bundle/ruby/3.2.0/gems/activerecord-7.1.5.1/lib/active_record/connection_adapters/postgresql/database_statements.rb:53:in `raw_execute'
    vendor/bundle/ruby/3.2.0/gems/activerecord-7.1.5.1/lib/active_record/connection_adapters/abstract/database_statements.rb:521:in `internal_execute'
    vendor/bundle/ruby/3.2.0/gems/activerecord-7.1.5.1/lib/active_record/connection_adapters/abstract/database_statements.rb:131:in `execute'
    vendor/bundle/ruby/3.2.0/gems/activerecord-7.1.5.1/lib/active_record/connection_adapters/abstract/query_cache.rb:25:in `execute'
    vendor/bundle/ruby/3.2.0/gems/activerecord-7.1.5.1/lib/active_record/connection_adapters/postgresql/database_statements.rb:47:in `execute'
    vendor/bundle/ruby/3.2.0/gems/activerecord-7.1.5.1/lib/active_record/connection_adapters/postgresql/database_statements.rb:151:in `execute_batch'
    vendor/bundle/ruby/3.2.0/gems/activerecord-7.1.5.1/lib/active_record/connection_adapters/abstract/database_statements.rb:462:in `block (3 levels) in insert_fixtures_set'
    vendor/bundle/ruby/3.2.0/gems/activerecord-7.1.5.1/lib/active_record/connection_adapters/abstract/transaction.rb:535:in `block in within_new_transaction'
    vendor/bundle/ruby/3.2.0/gems/activesupport-7.1.5.1/lib/active_support/concurrency/null_lock.rb:9:in `synchronize'
    vendor/bundle/ruby/3.2.0/gems/activerecord-7.1.5.1/lib/active_record/connection_adapters/abstract/transaction.rb:532:in `within_new_transaction'
    vendor/bundle/ruby/3.2.0/gems/activerecord-7.1.5.1/lib/active_record/connection_adapters/abstract/database_statements.rb:344:in `transaction'
    vendor/bundle/ruby/3.2.0/gems/activerecord-7.1.5.1/lib/active_record/connection_adapters/abstract/database_statements.rb:461:in `block (2 levels) in insert_fixtures_set'
    vendor/bundle/ruby/3.2.0/gems/activerecord-7.1.5.1/lib/active_record/connection_adapters/postgresql/referential_integrity.rb:19:in `disable_referential_integrity'
    vendor/bundle/ruby/3.2.0/gems/activerecord-7.1.5.1/lib/active_record/connection_adapters/abstract/database_statements.rb:460:in `block in insert_fixtures_set'
    vendor/bundle/ruby/3.2.0/gems/activerecord-7.1.5.1/lib/active_record/connection_adapters/abstract/database_statements.rb:601:in `with_multi_statements'
    vendor/bundle/ruby/3.2.0/gems/activerecord-7.1.5.1/lib/active_record/connection_adapters/abstract/database_statements.rb:459:in `insert_fixtures_set'
    vendor/bundle/ruby/3.2.0/gems/activerecord-7.1.5.1/lib/active_record/fixtures.rb:681:in `block in insert'
    vendor/bundle/ruby/3.2.0/gems/activerecord-7.1.5.1/lib/active_record/fixtures.rb:672:in `each'
    vendor/bundle/ruby/3.2.0/gems/activerecord-7.1.5.1/lib/active_record/fixtures.rb:672:in `insert'
    vendor/bundle/ruby/3.2.0/gems/activerecord-7.1.5.1/lib/active_record/fixtures.rb:658:in `read_and_insert'
    vendor/bundle/ruby/3.2.0/gems/activerecord-7.1.5.1/lib/active_record/fixtures.rb:603:in `create_fixtures'
    vendor/bundle/ruby/3.2.0/gems/activerecord-7.1.5.1/lib/active_record/test_fixtures.rb:256:in `load_fixtures'
    vendor/bundle/ruby/3.2.0/gems/activerecord-7.1.5.1/lib/active_record/test_fixtures.rb:143:in `setup_fixtures'
    vendor/bundle/ruby/3.2.0/gems/activerecord-7.1.5.1/lib/active_record/test_fixtures.rb:10:in `before_setup'
    vendor/bundle/ruby/3.2.0/gems/activesupport-7.1.5.1/lib/active_support/testing/setup_and_teardown.rb:40:in `before_setup'
    vendor/bundle/ruby/3.2.0/gems/actionpack-7.1.5.1/lib/action_dispatch/testing/integration.rb:340:in `before_setup'
    vendor/bundle/ruby/3.2.0/gems/activejob-7.1.5.1/lib/active_job/test_helper.rb:50:in `before_setup'
    vendor/bundle/ruby/3.2.0/gems/railties-7.1.5.1/lib/rails/test_help.rb:47:in `before_setup'

bin/rails test test/controllers/training_routes_controller_test.rb:50

WARNING: Rails was not able to disable referential integrity.

This is most likely caused due to missing permissions.
Rails needs superuser privileges to disable referential integrity.

    cause: PG::InsufficientPrivilege: ERROR:  permission denied: "RI_ConstraintTrigger_c_50531" is a system trigger


PerformancesControllerTest#test_should_update_performance = 0.05 s = E


Error:
PerformancesControllerTest#test_should_update_performance:
ActiveRecord::InvalidForeignKey: PG::ForeignKeyViolation: ERROR:  insert or update on table "attendances" violates foreign key constraint "fk_rails_aa7947c197"
DETAIL:  Key (training_session_id)=(980190962) is not present in table "training_sessions".

    vendor/bundle/ruby/3.2.0/gems/activerecord-7.1.5.1/lib/active_record/connection_adapters/postgresql/database_statements.rb:55:in `exec'
    vendor/bundle/ruby/3.2.0/gems/activerecord-7.1.5.1/lib/active_record/connection_adapters/postgresql/database_statements.rb:55:in `block (2 levels) in raw_execute'
    vendor/bundle/ruby/3.2.0/gems/activerecord-7.1.5.1/lib/active_record/connection_adapters/abstract_adapter.rb:1027:in `block in with_raw_connection'
    vendor/bundle/ruby/3.2.0/gems/activesupport-7.1.5.1/lib/active_support/concurrency/null_lock.rb:9:in `synchronize'
    vendor/bundle/ruby/3.2.0/gems/activerecord-7.1.5.1/lib/active_record/connection_adapters/abstract_adapter.rb:999:in `with_raw_connection'
    vendor/bundle/ruby/3.2.0/gems/activerecord-7.1.5.1/lib/active_record/connection_adapters/postgresql/database_statements.rb:54:in `block in raw_execute'
    vendor/bundle/ruby/3.2.0/gems/activesupport-7.1.5.1/lib/active_support/notifications/instrumenter.rb:58:in `instrument'
    vendor/bundle/ruby/3.2.0/gems/activerecord-7.1.5.1/lib/active_record/connection_adapters/abstract_adapter.rb:1142:in `log'
    vendor/bundle/ruby/3.2.0/gems/activerecord-7.1.5.1/lib/active_record/connection_adapters/postgresql/database_statements.rb:53:in `raw_execute'
    vendor/bundle/ruby/3.2.0/gems/activerecord-7.1.5.1/lib/active_record/connection_adapters/abstract/database_statements.rb:521:in `internal_execute'
    vendor/bundle/ruby/3.2.0/gems/activerecord-7.1.5.1/lib/active_record/connection_adapters/abstract/database_statements.rb:131:in `execute'
    vendor/bundle/ruby/3.2.0/gems/activerecord-7.1.5.1/lib/active_record/connection_adapters/abstract/query_cache.rb:25:in `execute'
    vendor/bundle/ruby/3.2.0/gems/activerecord-7.1.5.1/lib/active_record/connection_adapters/postgresql/database_statements.rb:47:in `execute'
    vendor/bundle/ruby/3.2.0/gems/activerecord-7.1.5.1/lib/active_record/connection_adapters/postgresql/database_statements.rb:151:in `execute_batch'
    vendor/bundle/ruby/3.2.0/gems/activerecord-7.1.5.1/lib/active_record/connection_adapters/abstract/database_statements.rb:462:in `block (3 levels) in insert_fixtures_set'
    vendor/bundle/ruby/3.2.0/gems/activerecord-7.1.5.1/lib/active_record/connection_adapters/abstract/transaction.rb:535:in `block in within_new_transaction'
    vendor/bundle/ruby/3.2.0/gems/activesupport-7.1.5.1/lib/active_support/concurrency/null_lock.rb:9:in `synchronize'
    vendor/bundle/ruby/3.2.0/gems/activerecord-7.1.5.1/lib/active_record/connection_adapters/abstract/transaction.rb:532:in `within_new_transaction'
    vendor/bundle/ruby/3.2.0/gems/activerecord-7.1.5.1/lib/active_record/connection_adapters/abstract/database_statements.rb:344:in `transaction'
    vendor/bundle/ruby/3.2.0/gems/activerecord-7.1.5.1/lib/active_record/connection_adapters/abstract/database_statements.rb:461:in `block (2 levels) in insert_fixtures_set'
    vendor/bundle/ruby/3.2.0/gems/activerecord-7.1.5.1/lib/active_record/connection_adapters/postgresql/referential_integrity.rb:19:in `disable_referential_integrity'
    vendor/bundle/ruby/3.2.0/gems/activerecord-7.1.5.1/lib/active_record/connection_adapters/abstract/database_statements.rb:460:in `block in insert_fixtures_set'
    vendor/bundle/ruby/3.2.0/gems/activerecord-7.1.5.1/lib/active_record/connection_adapters/abstract/database_statements.rb:601:in `with_multi_statements'
    vendor/bundle/ruby/3.2.0/gems/activerecord-7.1.5.1/lib/active_record/connection_adapters/abstract/database_statements.rb:459:in `insert_fixtures_set'
    vendor/bundle/ruby/3.2.0/gems/activerecord-7.1.5.1/lib/active_record/fixtures.rb:681:in `block in insert'
    vendor/bundle/ruby/3.2.0/gems/activerecord-7.1.5.1/lib/active_record/fixtures.rb:672:in `each'
    vendor/bundle/ruby/3.2.0/gems/activerecord-7.1.5.1/lib/active_record/fixtures.rb:672:in `insert'
    vendor/bundle/ruby/3.2.0/gems/activerecord-7.1.5.1/lib/active_record/fixtures.rb:658:in `read_and_insert'
    vendor/bundle/ruby/3.2.0/gems/activerecord-7.1.5.1/lib/active_record/fixtures.rb:603:in `create_fixtures'
    vendor/bundle/ruby/3.2.0/gems/activerecord-7.1.5.1/lib/active_record/test_fixtures.rb:256:in `load_fixtures'
    vendor/bundle/ruby/3.2.0/gems/activerecord-7.1.5.1/lib/active_record/test_fixtures.rb:143:in `setup_fixtures'
    vendor/bundle/ruby/3.2.0/gems/activerecord-7.1.5.1/lib/active_record/test_fixtures.rb:10:in `before_setup'
    vendor/bundle/ruby/3.2.0/gems/activesupport-7.1.5.1/lib/active_support/testing/setup_and_teardown.rb:40:in `before_setup'
    vendor/bundle/ruby/3.2.0/gems/actionpack-7.1.5.1/lib/action_dispatch/testing/integration.rb:340:in `before_setup'
    vendor/bundle/ruby/3.2.0/gems/activejob-7.1.5.1/lib/active_job/test_helper.rb:50:in `before_setup'
    vendor/bundle/ruby/3.2.0/gems/railties-7.1.5.1/lib/rails/test_help.rb:47:in `before_setup'

bin/rails test test/controllers/performances_controller_test.rb:36

TrainingRoutesControllerTest#test_should_get_new = 0.91 s = E


Error:
TrainingRoutesControllerTest#test_should_get_new:
ActiveRecord::InvalidForeignKey: PG::ForeignKeyViolation: ERROR:  insert or update on table "attendances" violates foreign key constraint "fk_rails_aa7947c197"
DETAIL:  Key (training_session_id)=(980190962) is not present in table "training_sessions".

    vendor/bundle/ruby/3.2.0/gems/activerecord-7.1.5.1/lib/active_record/connection_adapters/postgresql/database_statements.rb:55:in `exec'
    vendor/bundle/ruby/3.2.0/gems/activerecord-7.1.5.1/lib/active_record/connection_adapters/postgresql/database_statements.rb:55:in `block (2 levels) in raw_execute'
    vendor/bundle/ruby/3.2.0/gems/activerecord-7.1.5.1/lib/active_record/connection_adapters/abstract_adapter.rb:1027:in `block in with_raw_connection'
    vendor/bundle/ruby/3.2.0/gems/activesupport-7.1.5.1/lib/active_support/concurrency/null_lock.rb:9:in `synchronize'
    vendor/bundle/ruby/3.2.0/gems/activerecord-7.1.5.1/lib/active_record/connection_adapters/abstract_adapter.rb:999:in `with_raw_connection'
    vendor/bundle/ruby/3.2.0/gems/activerecord-7.1.5.1/lib/active_record/connection_adapters/postgresql/database_statements.rb:54:in `block in raw_execute'
    vendor/bundle/ruby/3.2.0/gems/activesupport-7.1.5.1/lib/active_support/notifications/instrumenter.rb:58:in `instrument'
    vendor/bundle/ruby/3.2.0/gems/activerecord-7.1.5.1/lib/active_record/connection_adapters/abstract_adapter.rb:1142:in `log'
    vendor/bundle/ruby/3.2.0/gems/activerecord-7.1.5.1/lib/active_record/connection_adapters/postgresql/database_statements.rb:53:in `raw_execute'
    vendor/bundle/ruby/3.2.0/gems/activerecord-7.1.5.1/lib/active_record/connection_adapters/abstract/database_statements.rb:521:in `internal_execute'
    vendor/bundle/ruby/3.2.0/gems/activerecord-7.1.5.1/lib/active_record/connection_adapters/abstract/database_statements.rb:131:in `execute'
    vendor/bundle/ruby/3.2.0/gems/activerecord-7.1.5.1/lib/active_record/connection_adapters/abstract/query_cache.rb:25:in `execute'
    vendor/bundle/ruby/3.2.0/gems/activerecord-7.1.5.1/lib/active_record/connection_adapters/postgresql/database_statements.rb:47:in `execute'
    vendor/bundle/ruby/3.2.0/gems/activerecord-7.1.5.1/lib/active_record/connection_adapters/postgresql/database_statements.rb:151:in `execute_batch'
    vendor/bundle/ruby/3.2.0/gems/activerecord-7.1.5.1/lib/active_record/connection_adapters/abstract/database_statements.rb:462:in `block (3 levels) in insert_fixtures_set'
    vendor/bundle/ruby/3.2.0/gems/activerecord-7.1.5.1/lib/active_record/connection_adapters/abstract/transaction.rb:535:in `block in within_new_transaction'
    vendor/bundle/ruby/3.2.0/gems/activesupport-7.1.5.1/lib/active_support/concurrency/null_lock.rb:9:in `synchronize'
    vendor/bundle/ruby/3.2.0/gems/activerecord-7.1.5.1/lib/active_record/connection_adapters/abstract/transaction.rb:532:in `within_new_transaction'
    vendor/bundle/ruby/3.2.0/gems/activerecord-7.1.5.1/lib/active_record/connection_adapters/abstract/database_statements.rb:344:in `transaction'
    vendor/bundle/ruby/3.2.0/gems/activerecord-7.1.5.1/lib/active_record/connection_adapters/abstract/database_statements.rb:461:in `block (2 levels) in insert_fixtures_set'
    vendor/bundle/ruby/3.2.0/gems/activerecord-7.1.5.1/lib/active_record/connection_adapters/postgresql/referential_integrity.rb:19:in `disable_referential_integrity'
    vendor/bundle/ruby/3.2.0/gems/activerecord-7.1.5.1/lib/active_record/connection_adapters/abstract/database_statements.rb:460:in `block in insert_fixtures_set'
    vendor/bundle/ruby/3.2.0/gems/activerecord-7.1.5.1/lib/active_record/connection_adapters/abstract/database_statements.rb:601:in `with_multi_statements'
    vendor/bundle/ruby/3.2.0/gems/activerecord-7.1.5.1/lib/active_record/connection_adapters/abstract/database_statements.rb:459:in `insert_fixtures_set'
    vendor/bundle/ruby/3.2.0/gems/activerecord-7.1.5.1/lib/active_record/fixtures.rb:681:in `block in insert'
    vendor/bundle/ruby/3.2.0/gems/activerecord-7.1.5.1/lib/active_record/fixtures.rb:672:in `each'
    vendor/bundle/ruby/3.2.0/gems/activerecord-7.1.5.1/lib/active_record/fixtures.rb:672:in `insert'
    vendor/bundle/ruby/3.2.0/gems/activerecord-7.1.5.1/lib/active_record/fixtures.rb:658:in `read_and_insert'
    vendor/bundle/ruby/3.2.0/gems/activerecord-7.1.5.1/lib/active_record/fixtures.rb:603:in `create_fixtures'
    vendor/bundle/ruby/3.2.0/gems/activerecord-7.1.5.1/lib/active_record/test_fixtures.rb:256:in `load_fixtures'
    vendor/bundle/ruby/3.2.0/gems/activerecord-7.1.5.1/lib/active_record/test_fixtures.rb:143:in `setup_fixtures'
    vendor/bundle/ruby/3.2.0/gems/activerecord-7.1.5.1/lib/active_record/test_fixtures.rb:10:in `before_setup'
    vendor/bundle/ruby/3.2.0/gems/activesupport-7.1.5.1/lib/active_support/testing/setup_and_teardown.rb:40:in `before_setup'
    vendor/bundle/ruby/3.2.0/gems/actionpack-7.1.5.1/lib/action_dispatch/testing/integration.rb:340:in `before_setup'
    vendor/bundle/ruby/3.2.0/gems/activejob-7.1.5.1/lib/active_job/test_helper.rb:50:in `before_setup'
    vendor/bundle/ruby/3.2.0/gems/railties-7.1.5.1/lib/rails/test_help.rb:47:in `before_setup'

bin/rails test test/controllers/training_routes_controller_test.rb:18

WARNING: Rails was not able to disable referential integrity.

This is most likely caused due to missing permissions.
Rails needs superuser privileges to disable referential integrity.

    cause: PG::InsufficientPrivilege: ERROR:  permission denied: "RI_ConstraintTrigger_c_50531" is a system trigger


PerformancesControllerTest#test_should_create_performance = 0.06 s = E


Error:
PerformancesControllerTest#test_should_create_performance:
ActiveRecord::InvalidForeignKey: PG::ForeignKeyViolation: ERROR:  insert or update on table "attendances" violates foreign key constraint "fk_rails_aa7947c197"
DETAIL:  Key (training_session_id)=(980190962) is not present in table "training_sessions".

    vendor/bundle/ruby/3.2.0/gems/activerecord-7.1.5.1/lib/active_record/connection_adapters/postgresql/database_statements.rb:55:in `exec'
    vendor/bundle/ruby/3.2.0/gems/activerecord-7.1.5.1/lib/active_record/connection_adapters/postgresql/database_statements.rb:55:in `block (2 levels) in raw_execute'
    vendor/bundle/ruby/3.2.0/gems/activerecord-7.1.5.1/lib/active_record/connection_adapters/abstract_adapter.rb:1027:in `block in with_raw_connection'
    vendor/bundle/ruby/3.2.0/gems/activesupport-7.1.5.1/lib/active_support/concurrency/null_lock.rb:9:in `synchronize'
    vendor/bundle/ruby/3.2.0/gems/activerecord-7.1.5.1/lib/active_record/connection_adapters/abstract_adapter.rb:999:in `with_raw_connection'
    vendor/bundle/ruby/3.2.0/gems/activerecord-7.1.5.1/lib/active_record/connection_adapters/postgresql/database_statements.rb:54:in `block in raw_execute'
    vendor/bundle/ruby/3.2.0/gems/activesupport-7.1.5.1/lib/active_support/notifications/instrumenter.rb:58:in `instrument'
    vendor/bundle/ruby/3.2.0/gems/activerecord-7.1.5.1/lib/active_record/connection_adapters/abstract_adapter.rb:1142:in `log'
    vendor/bundle/ruby/3.2.0/gems/activerecord-7.1.5.1/lib/active_record/connection_adapters/postgresql/database_statements.rb:53:in `raw_execute'
    vendor/bundle/ruby/3.2.0/gems/activerecord-7.1.5.1/lib/active_record/connection_adapters/abstract/database_statements.rb:521:in `internal_execute'
    vendor/bundle/ruby/3.2.0/gems/activerecord-7.1.5.1/lib/active_record/connection_adapters/abstract/database_statements.rb:131:in `execute'
    vendor/bundle/ruby/3.2.0/gems/activerecord-7.1.5.1/lib/active_record/connection_adapters/abstract/query_cache.rb:25:in `execute'
    vendor/bundle/ruby/3.2.0/gems/activerecord-7.1.5.1/lib/active_record/connection_adapters/postgresql/database_statements.rb:47:in `execute'
    vendor/bundle/ruby/3.2.0/gems/activerecord-7.1.5.1/lib/active_record/connection_adapters/postgresql/database_statements.rb:151:in `execute_batch'
    vendor/bundle/ruby/3.2.0/gems/activerecord-7.1.5.1/lib/active_record/connection_adapters/abstract/database_statements.rb:462:in `block (3 levels) in insert_fixtures_set'
    vendor/bundle/ruby/3.2.0/gems/activerecord-7.1.5.1/lib/active_record/connection_adapters/abstract/transaction.rb:535:in `block in within_new_transaction'
    vendor/bundle/ruby/3.2.0/gems/activesupport-7.1.5.1/lib/active_support/concurrency/null_lock.rb:9:in `synchronize'
    vendor/bundle/ruby/3.2.0/gems/activerecord-7.1.5.1/lib/active_record/connection_adapters/abstract/transaction.rb:532:in `within_new_transaction'
    vendor/bundle/ruby/3.2.0/gems/activerecord-7.1.5.1/lib/active_record/connection_adapters/abstract/database_statements.rb:344:in `transaction'
    vendor/bundle/ruby/3.2.0/gems/activerecord-7.1.5.1/lib/active_record/connection_adapters/abstract/database_statements.rb:461:in `block (2 levels) in insert_fixtures_set'
    vendor/bundle/ruby/3.2.0/gems/activerecord-7.1.5.1/lib/active_record/connection_adapters/postgresql/referential_integrity.rb:19:in `disable_referential_integrity'
    vendor/bundle/ruby/3.2.0/gems/activerecord-7.1.5.1/lib/active_record/connection_adapters/abstract/database_statements.rb:460:in `block in insert_fixtures_set'
    vendor/bundle/ruby/3.2.0/gems/activerecord-7.1.5.1/lib/active_record/connection_adapters/abstract/database_statements.rb:601:in `with_multi_statements'
    vendor/bundle/ruby/3.2.0/gems/activerecord-7.1.5.1/lib/active_record/connection_adapters/abstract/database_statements.rb:459:in `insert_fixtures_set'
    vendor/bundle/ruby/3.2.0/gems/activerecord-7.1.5.1/lib/active_record/fixtures.rb:681:in `block in insert'
    vendor/bundle/ruby/3.2.0/gems/activerecord-7.1.5.1/lib/active_record/fixtures.rb:672:in `each'
    vendor/bundle/ruby/3.2.0/gems/activerecord-7.1.5.1/lib/active_record/fixtures.rb:672:in `insert'
    vendor/bundle/ruby/3.2.0/gems/activerecord-7.1.5.1/lib/active_record/fixtures.rb:658:in `read_and_insert'
    vendor/bundle/ruby/3.2.0/gems/activerecord-7.1.5.1/lib/active_record/fixtures.rb:603:in `create_fixtures'
    vendor/bundle/ruby/3.2.0/gems/activerecord-7.1.5.1/lib/active_record/test_fixtures.rb:256:in `load_fixtures'
    vendor/bundle/ruby/3.2.0/gems/activerecord-7.1.5.1/lib/active_record/test_fixtures.rb:143:in `setup_fixtures'
    vendor/bundle/ruby/3.2.0/gems/activerecord-7.1.5.1/lib/active_record/test_fixtures.rb:10:in `before_setup'
    vendor/bundle/ruby/3.2.0/gems/activesupport-7.1.5.1/lib/active_support/testing/setup_and_teardown.rb:40:in `before_setup'
    vendor/bundle/ruby/3.2.0/gems/actionpack-7.1.5.1/lib/action_dispatch/testing/integration.rb:340:in `before_setup'
    vendor/bundle/ruby/3.2.0/gems/activejob-7.1.5.1/lib/active_job/test_helper.rb:50:in `before_setup'
    vendor/bundle/ruby/3.2.0/gems/railties-7.1.5.1/lib/rails/test_help.rb:47:in `before_setup'

bin/rails test test/controllers/performances_controller_test.rb:18

WARNING: Rails was not able to disable referential integrity.

This is most likely caused due to missing permissions.
Rails needs superuser privileges to disable referential integrity.

    cause: PG::InsufficientPrivilege: ERROR:  permission denied: "RI_ConstraintTrigger_c_50591" is a system trigger


WARNING: Rails was not able to disable referential integrity.

This is most likely caused due to missing permissions.
Rails needs superuser privileges to disable referential integrity.

    cause: PG::InsufficientPrivilege: ERROR:  permission denied: "RI_ConstraintTrigger_c_50445" is a system trigger


WARNING: Rails was not able to disable referential integrity.

This is most likely caused due to missing permissions.
Rails needs superuser privileges to disable referential integrity.

    cause: PG::InsufficientPrivilege: ERROR:  permission denied: "RI_ConstraintTrigger_c_50531" is a system trigger


PerformancesControllerTest#test_should_get_index = 0.09 s = E


Error:
PerformancesControllerTest#test_should_get_index:
ActiveRecord::InvalidForeignKey: PG::ForeignKeyViolation: ERROR:  insert or update on table "attendances" violates foreign key constraint "fk_rails_aa7947c197"
DETAIL:  Key (training_session_id)=(980190962) is not present in table "training_sessions".

    vendor/bundle/ruby/3.2.0/gems/activerecord-7.1.5.1/lib/active_record/connection_adapters/postgresql/database_statements.rb:55:in `exec'
    vendor/bundle/ruby/3.2.0/gems/activerecord-7.1.5.1/lib/active_record/connection_adapters/postgresql/database_statements.rb:55:in `block (2 levels) in raw_execute'
    vendor/bundle/ruby/3.2.0/gems/activerecord-7.1.5.1/lib/active_record/connection_adapters/abstract_adapter.rb:1027:in `block in with_raw_connection'
    vendor/bundle/ruby/3.2.0/gems/activesupport-7.1.5.1/lib/active_support/concurrency/null_lock.rb:9:in `synchronize'
    vendor/bundle/ruby/3.2.0/gems/activerecord-7.1.5.1/lib/active_record/connection_adapters/abstract_adapter.rb:999:in `with_raw_connection'
    vendor/bundle/ruby/3.2.0/gems/activerecord-7.1.5.1/lib/active_record/connection_adapters/postgresql/database_statements.rb:54:in `block in raw_execute'
    vendor/bundle/ruby/3.2.0/gems/activesupport-7.1.5.1/lib/active_support/notifications/instrumenter.rb:58:in `instrument'
    vendor/bundle/ruby/3.2.0/gems/activerecord-7.1.5.1/lib/active_record/connection_adapters/abstract_adapter.rb:1142:in `log'
    vendor/bundle/ruby/3.2.0/gems/activerecord-7.1.5.1/lib/active_record/connection_adapters/postgresql/database_statements.rb:53:in `raw_execute'
    vendor/bundle/ruby/3.2.0/gems/activerecord-7.1.5.1/lib/active_record/connection_adapters/abstract/database_statements.rb:521:in `internal_execute'
    vendor/bundle/ruby/3.2.0/gems/activerecord-7.1.5.1/lib/active_record/connection_adapters/abstract/database_statements.rb:131:in `execute'
    vendor/bundle/ruby/3.2.0/gems/activerecord-7.1.5.1/lib/active_record/connection_adapters/abstract/query_cache.rb:25:in `execute'
    vendor/bundle/ruby/3.2.0/gems/activerecord-7.1.5.1/lib/active_record/connection_adapters/postgresql/database_statements.rb:47:in `execute'
    vendor/bundle/ruby/3.2.0/gems/activerecord-7.1.5.1/lib/active_record/connection_adapters/postgresql/database_statements.rb:151:in `execute_batch'
    vendor/bundle/ruby/3.2.0/gems/activerecord-7.1.5.1/lib/active_record/connection_adapters/abstract/database_statements.rb:462:in `block (3 levels) in insert_fixtures_set'
    vendor/bundle/ruby/3.2.0/gems/activerecord-7.1.5.1/lib/active_record/connection_adapters/abstract/transaction.rb:535:in `block in within_new_transaction'
    vendor/bundle/ruby/3.2.0/gems/activesupport-7.1.5.1/lib/active_support/concurrency/null_lock.rb:9:in `synchronize'
    vendor/bundle/ruby/3.2.0/gems/activerecord-7.1.5.1/lib/active_record/connection_adapters/abstract/transaction.rb:532:in `within_new_transaction'
    vendor/bundle/ruby/3.2.0/gems/activerecord-7.1.5.1/lib/active_record/connection_adapters/abstract/database_statements.rb:344:in `transaction'
    vendor/bundle/ruby/3.2.0/gems/activerecord-7.1.5.1/lib/active_record/connection_adapters/abstract/database_statements.rb:461:in `block (2 levels) in insert_fixtures_set'
    vendor/bundle/ruby/3.2.0/gems/activerecord-7.1.5.1/lib/active_record/connection_adapters/postgresql/referential_integrity.rb:19:in `disable_referential_integrity'
    vendor/bundle/ruby/3.2.0/gems/activerecord-7.1.5.1/lib/active_record/connection_adapters/abstract/database_statements.rb:460:in `block in insert_fixtures_set'
    vendor/bundle/ruby/3.2.0/gems/activerecord-7.1.5.1/lib/active_record/connection_adapters/abstract/database_statements.rb:601:in `with_multi_statements'
    vendor/bundle/ruby/3.2.0/gems/activerecord-7.1.5.1/lib/active_record/connection_adapters/abstract/database_statements.rb:459:in `insert_fixtures_set'
    vendor/bundle/ruby/3.2.0/gems/activerecord-7.1.5.1/lib/active_record/fixtures.rb:681:in `block in insert'
    vendor/bundle/ruby/3.2.0/gems/activerecord-7.1.5.1/lib/active_record/fixtures.rb:672:in `each'
    vendor/bundle/ruby/3.2.0/gems/activerecord-7.1.5.1/lib/active_record/fixtures.rb:672:in `insert'
    vendor/bundle/ruby/3.2.0/gems/activerecord-7.1.5.1/lib/active_record/fixtures.rb:658:in `read_and_insert'
    vendor/bundle/ruby/3.2.0/gems/activerecord-7.1.5.1/lib/active_record/fixtures.rb:603:in `create_fixtures'
    vendor/bundle/ruby/3.2.0/gems/activerecord-7.1.5.1/lib/active_record/test_fixtures.rb:256:in `load_fixtures'
    vendor/bundle/ruby/3.2.0/gems/activerecord-7.1.5.1/lib/active_record/test_fixtures.rb:143:in `setup_fixtures'
    vendor/bundle/ruby/3.2.0/gems/activerecord-7.1.5.1/lib/active_record/test_fixtures.rb:10:in `before_setup'
    vendor/bundle/ruby/3.2.0/gems/activesupport-7.1.5.1/lib/active_support/testing/setup_and_teardown.rb:40:in `before_setup'
    vendor/bundle/ruby/3.2.0/gems/actionpack-7.1.5.1/lib/action_dispatch/testing/integration.rb:340:in `before_setup'
    vendor/bundle/ruby/3.2.0/gems/activejob-7.1.5.1/lib/active_job/test_helper.rb:50:in `before_setup'
    vendor/bundle/ruby/3.2.0/gems/railties-7.1.5.1/lib/rails/test_help.rb:47:in `before_setup'

bin/rails test test/controllers/performances_controller_test.rb:8

PerformancesControllerTest#test_should_get_new = 0.07 s = E


Error:
PerformancesControllerTest#test_should_get_new:
ActiveRecord::InvalidForeignKey: PG::ForeignKeyViolation: ERROR:  insert or update on table "attendances" violates foreign key constraint "fk_rails_aa7947c197"
DETAIL:  Key (training_session_id)=(980190962) is not present in table "training_sessions".

    vendor/bundle/ruby/3.2.0/gems/activerecord-7.1.5.1/lib/active_record/connection_adapters/postgresql/database_statements.rb:55:in `exec'
    vendor/bundle/ruby/3.2.0/gems/activerecord-7.1.5.1/lib/active_record/connection_adapters/postgresql/database_statements.rb:55:in `block (2 levels) in raw_execute'
    vendor/bundle/ruby/3.2.0/gems/activerecord-7.1.5.1/lib/active_record/connection_adapters/abstract_adapter.rb:1027:in `block in with_raw_connection'
    vendor/bundle/ruby/3.2.0/gems/activesupport-7.1.5.1/lib/active_support/concurrency/null_lock.rb:9:in `synchronize'
    vendor/bundle/ruby/3.2.0/gems/activerecord-7.1.5.1/lib/active_record/connection_adapters/abstract_adapter.rb:999:in `with_raw_connection'
    vendor/bundle/ruby/3.2.0/gems/activerecord-7.1.5.1/lib/active_record/connection_adapters/postgresql/database_statements.rb:54:in `block in raw_execute'
    vendor/bundle/ruby/3.2.0/gems/activesupport-7.1.5.1/lib/active_support/notifications/instrumenter.rb:58:in `instrument'
    vendor/bundle/ruby/3.2.0/gems/activerecord-7.1.5.1/lib/active_record/connection_adapters/abstract_adapter.rb:1142:in `log'
    vendor/bundle/ruby/3.2.0/gems/activerecord-7.1.5.1/lib/active_record/connection_adapters/postgresql/database_statements.rb:53:in `raw_execute'
    vendor/bundle/ruby/3.2.0/gems/activerecord-7.1.5.1/lib/active_record/connection_adapters/abstract/database_statements.rb:521:in `internal_execute'
    vendor/bundle/ruby/3.2.0/gems/activerecord-7.1.5.1/lib/active_record/connection_adapters/abstract/database_statements.rb:131:in `execute'
    vendor/bundle/ruby/3.2.0/gems/activerecord-7.1.5.1/lib/active_record/connection_adapters/abstract/query_cache.rb:25:in `execute'
    vendor/bundle/ruby/3.2.0/gems/activerecord-7.1.5.1/lib/active_record/connection_adapters/postgresql/database_statements.rb:47:in `execute'
    vendor/bundle/ruby/3.2.0/gems/activerecord-7.1.5.1/lib/active_record/connection_adapters/postgresql/database_statements.rb:151:in `execute_batch'
    vendor/bundle/ruby/3.2.0/gems/activerecord-7.1.5.1/lib/active_record/connection_adapters/abstract/database_statements.rb:462:in `block (3 levels) in insert_fixtures_set'
    vendor/bundle/ruby/3.2.0/gems/activerecord-7.1.5.1/lib/active_record/connection_adapters/abstract/transaction.rb:535:in `block in within_new_transaction'
    vendor/bundle/ruby/3.2.0/gems/activesupport-7.1.5.1/lib/active_support/concurrency/null_lock.rb:9:in `synchronize'
    vendor/bundle/ruby/3.2.0/gems/activerecord-7.1.5.1/lib/active_record/connection_adapters/abstract/transaction.rb:532:in `within_new_transaction'
    vendor/bundle/ruby/3.2.0/gems/activerecord-7.1.5.1/lib/active_record/connection_adapters/abstract/database_statements.rb:344:in `transaction'
    vendor/bundle/ruby/3.2.0/gems/activerecord-7.1.5.1/lib/active_record/connection_adapters/abstract/database_statements.rb:461:in `block (2 levels) in insert_fixtures_set'
    vendor/bundle/ruby/3.2.0/gems/activerecord-7.1.5.1/lib/active_record/connection_adapters/postgresql/referential_integrity.rb:19:in `disable_referential_integrity'
    vendor/bundle/ruby/3.2.0/gems/activerecord-7.1.5.1/lib/active_record/connection_adapters/abstract/database_statements.rb:460:in `block in insert_fixtures_set'
    vendor/bundle/ruby/3.2.0/gems/activerecord-7.1.5.1/lib/active_record/connection_adapters/abstract/database_statements.rb:601:in `with_multi_statements'
    vendor/bundle/ruby/3.2.0/gems/activerecord-7.1.5.1/lib/active_record/connection_adapters/abstract/database_statements.rb:459:in `insert_fixtures_set'
    vendor/bundle/ruby/3.2.0/gems/activerecord-7.1.5.1/lib/active_record/fixtures.rb:681:in `block in insert'
    vendor/bundle/ruby/3.2.0/gems/activerecord-7.1.5.1/lib/active_record/fixtures.rb:672:in `each'
    vendor/bundle/ruby/3.2.0/gems/activerecord-7.1.5.1/lib/active_record/fixtures.rb:672:in `insert'
    vendor/bundle/ruby/3.2.0/gems/activerecord-7.1.5.1/lib/active_record/fixtures.rb:658:in `read_and_insert'
    vendor/bundle/ruby/3.2.0/gems/activerecord-7.1.5.1/lib/active_record/fixtures.rb:603:in `create_fixtures'
    vendor/bundle/ruby/3.2.0/gems/activerecord-7.1.5.1/lib/active_record/test_fixtures.rb:256:in `load_fixtures'
    vendor/bundle/ruby/3.2.0/gems/activerecord-7.1.5.1/lib/active_record/test_fixtures.rb:143:in `setup_fixtures'
    vendor/bundle/ruby/3.2.0/gems/activerecord-7.1.5.1/lib/active_record/test_fixtures.rb:10:in `before_setup'
    vendor/bundle/ruby/3.2.0/gems/activesupport-7.1.5.1/lib/active_support/testing/setup_and_teardown.rb:40:in `before_setup'
    vendor/bundle/ruby/3.2.0/gems/actionpack-7.1.5.1/lib/action_dispatch/testing/integration.rb:340:in `before_setup'
    vendor/bundle/ruby/3.2.0/gems/activejob-7.1.5.1/lib/active_job/test_helper.rb:50:in `before_setup'
    vendor/bundle/ruby/3.2.0/gems/railties-7.1.5.1/lib/rails/test_help.rb:47:in `before_setup'

bin/rails test test/controllers/performances_controller_test.rb:13

WARNING: Rails was not able to disable referential integrity.

This is most likely caused due to missing permissions.
Rails needs superuser privileges to disable referential integrity.

    cause: PG::InsufficientPrivilege: ERROR:  permission denied: "RI_ConstraintTrigger_c_50466" is a system trigger


WARNING: Rails was not able to disable referential integrity.

This is most likely caused due to missing permissions.
Rails needs superuser privileges to disable referential integrity.

    cause: PG::InsufficientPrivilege: ERROR:  permission denied: "RI_ConstraintTrigger_c_50531" is a system trigger


PerformancesControllerTest#test_should_get_edit = 0.06 s = E


Error:
PerformancesControllerTest#test_should_get_edit:
ActiveRecord::InvalidForeignKey: PG::ForeignKeyViolation: ERROR:  insert or update on table "attendances" violates foreign key constraint "fk_rails_aa7947c197"
DETAIL:  Key (training_session_id)=(980190962) is not present in table "training_sessions".

    vendor/bundle/ruby/3.2.0/gems/activerecord-7.1.5.1/lib/active_record/connection_adapters/postgresql/database_statements.rb:55:in `exec'
    vendor/bundle/ruby/3.2.0/gems/activerecord-7.1.5.1/lib/active_record/connection_adapters/postgresql/database_statements.rb:55:in `block (2 levels) in raw_execute'
    vendor/bundle/ruby/3.2.0/gems/activerecord-7.1.5.1/lib/active_record/connection_adapters/abstract_adapter.rb:1027:in `block in with_raw_connection'
    vendor/bundle/ruby/3.2.0/gems/activesupport-7.1.5.1/lib/active_support/concurrency/null_lock.rb:9:in `synchronize'
    vendor/bundle/ruby/3.2.0/gems/activerecord-7.1.5.1/lib/active_record/connection_adapters/abstract_adapter.rb:999:in `with_raw_connection'
    vendor/bundle/ruby/3.2.0/gems/activerecord-7.1.5.1/lib/active_record/connection_adapters/postgresql/database_statements.rb:54:in `block in raw_execute'
    vendor/bundle/ruby/3.2.0/gems/activesupport-7.1.5.1/lib/active_support/notifications/instrumenter.rb:58:in `instrument'
    vendor/bundle/ruby/3.2.0/gems/activerecord-7.1.5.1/lib/active_record/connection_adapters/abstract_adapter.rb:1142:in `log'
    vendor/bundle/ruby/3.2.0/gems/activerecord-7.1.5.1/lib/active_record/connection_adapters/postgresql/database_statements.rb:53:in `raw_execute'
    vendor/bundle/ruby/3.2.0/gems/activerecord-7.1.5.1/lib/active_record/connection_adapters/abstract/database_statements.rb:521:in `internal_execute'
    vendor/bundle/ruby/3.2.0/gems/activerecord-7.1.5.1/lib/active_record/connection_adapters/abstract/database_statements.rb:131:in `execute'
    vendor/bundle/ruby/3.2.0/gems/activerecord-7.1.5.1/lib/active_record/connection_adapters/abstract/query_cache.rb:25:in `execute'
    vendor/bundle/ruby/3.2.0/gems/activerecord-7.1.5.1/lib/active_record/connection_adapters/postgresql/database_statements.rb:47:in `execute'
    vendor/bundle/ruby/3.2.0/gems/activerecord-7.1.5.1/lib/active_record/connection_adapters/postgresql/database_statements.rb:151:in `execute_batch'
    vendor/bundle/ruby/3.2.0/gems/activerecord-7.1.5.1/lib/active_record/connection_adapters/abstract/database_statements.rb:462:in `block (3 levels) in insert_fixtures_set'
    vendor/bundle/ruby/3.2.0/gems/activerecord-7.1.5.1/lib/active_record/connection_adapters/abstract/transaction.rb:535:in `block in within_new_transaction'
    vendor/bundle/ruby/3.2.0/gems/activesupport-7.1.5.1/lib/active_support/concurrency/null_lock.rb:9:in `synchronize'
    vendor/bundle/ruby/3.2.0/gems/activerecord-7.1.5.1/lib/active_record/connection_adapters/abstract/transaction.rb:532:in `within_new_transaction'
    vendor/bundle/ruby/3.2.0/gems/activerecord-7.1.5.1/lib/active_record/connection_adapters/abstract/database_statements.rb:344:in `transaction'
    vendor/bundle/ruby/3.2.0/gems/activerecord-7.1.5.1/lib/active_record/connection_adapters/abstract/database_statements.rb:461:in `block (2 levels) in insert_fixtures_set'
    vendor/bundle/ruby/3.2.0/gems/activerecord-7.1.5.1/lib/active_record/connection_adapters/postgresql/referential_integrity.rb:19:in `disable_referential_integrity'
    vendor/bundle/ruby/3.2.0/gems/activerecord-7.1.5.1/lib/active_record/connection_adapters/abstract/database_statements.rb:460:in `block in insert_fixtures_set'
    vendor/bundle/ruby/3.2.0/gems/activerecord-7.1.5.1/lib/active_record/connection_adapters/abstract/database_statements.rb:601:in `with_multi_statements'
    vendor/bundle/ruby/3.2.0/gems/activerecord-7.1.5.1/lib/active_record/connection_adapters/abstract/database_statements.rb:459:in `insert_fixtures_set'
    vendor/bundle/ruby/3.2.0/gems/activerecord-7.1.5.1/lib/active_record/fixtures.rb:681:in `block in insert'
    vendor/bundle/ruby/3.2.0/gems/activerecord-7.1.5.1/lib/active_record/fixtures.rb:672:in `each'
    vendor/bundle/ruby/3.2.0/gems/activerecord-7.1.5.1/lib/active_record/fixtures.rb:672:in `insert'
    vendor/bundle/ruby/3.2.0/gems/activerecord-7.1.5.1/lib/active_record/fixtures.rb:658:in `read_and_insert'
    vendor/bundle/ruby/3.2.0/gems/activerecord-7.1.5.1/lib/active_record/fixtures.rb:603:in `create_fixtures'
    vendor/bundle/ruby/3.2.0/gems/activerecord-7.1.5.1/lib/active_record/test_fixtures.rb:256:in `load_fixtures'
    vendor/bundle/ruby/3.2.0/gems/activerecord-7.1.5.1/lib/active_record/test_fixtures.rb:143:in `setup_fixtures'
    vendor/bundle/ruby/3.2.0/gems/activerecord-7.1.5.1/lib/active_record/test_fixtures.rb:10:in `before_setup'
    vendor/bundle/ruby/3.2.0/gems/activesupport-7.1.5.1/lib/active_support/testing/setup_and_teardown.rb:40:in `before_setup'
    vendor/bundle/ruby/3.2.0/gems/actionpack-7.1.5.1/lib/action_dispatch/testing/integration.rb:340:in `before_setup'
    vendor/bundle/ruby/3.2.0/gems/activejob-7.1.5.1/lib/active_job/test_helper.rb:50:in `before_setup'
    vendor/bundle/ruby/3.2.0/gems/railties-7.1.5.1/lib/rails/test_help.rb:47:in `before_setup'

bin/rails test test/controllers/performances_controller_test.rb:31

WARNING: Rails was not able to disable referential integrity.

This is most likely caused due to missing permissions.
Rails needs superuser privileges to disable referential integrity.

    cause: PG::InsufficientPrivilege: ERROR:  permission denied: "RI_ConstraintTrigger_c_50531" is a system trigger


PerformancesControllerTest#test_should_destroy_performance = 0.04 s = E


Error:
PerformancesControllerTest#test_should_destroy_performance:
ActiveRecord::InvalidForeignKey: PG::ForeignKeyViolation: ERROR:  insert or update on table "attendances" violates foreign key constraint "fk_rails_aa7947c197"
DETAIL:  Key (training_session_id)=(980190962) is not present in table "training_sessions".

    vendor/bundle/ruby/3.2.0/gems/activerecord-7.1.5.1/lib/active_record/connection_adapters/postgresql/database_statements.rb:55:in `exec'
    vendor/bundle/ruby/3.2.0/gems/activerecord-7.1.5.1/lib/active_record/connection_adapters/postgresql/database_statements.rb:55:in `block (2 levels) in raw_execute'
    vendor/bundle/ruby/3.2.0/gems/activerecord-7.1.5.1/lib/active_record/connection_adapters/abstract_adapter.rb:1027:in `block in with_raw_connection'
    vendor/bundle/ruby/3.2.0/gems/activesupport-7.1.5.1/lib/active_support/concurrency/null_lock.rb:9:in `synchronize'
    vendor/bundle/ruby/3.2.0/gems/activerecord-7.1.5.1/lib/active_record/connection_adapters/abstract_adapter.rb:999:in `with_raw_connection'
    vendor/bundle/ruby/3.2.0/gems/activerecord-7.1.5.1/lib/active_record/connection_adapters/postgresql/database_statements.rb:54:in `block in raw_execute'
    vendor/bundle/ruby/3.2.0/gems/activesupport-7.1.5.1/lib/active_support/notifications/instrumenter.rb:58:in `instrument'
    vendor/bundle/ruby/3.2.0/gems/activerecord-7.1.5.1/lib/active_record/connection_adapters/abstract_adapter.rb:1142:in `log'
    vendor/bundle/ruby/3.2.0/gems/activerecord-7.1.5.1/lib/active_record/connection_adapters/postgresql/database_statements.rb:53:in `raw_execute'
    vendor/bundle/ruby/3.2.0/gems/activerecord-7.1.5.1/lib/active_record/connection_adapters/abstract/database_statements.rb:521:in `internal_execute'
    vendor/bundle/ruby/3.2.0/gems/activerecord-7.1.5.1/lib/active_record/connection_adapters/abstract/database_statements.rb:131:in `execute'
    vendor/bundle/ruby/3.2.0/gems/activerecord-7.1.5.1/lib/active_record/connection_adapters/abstract/query_cache.rb:25:in `execute'
    vendor/bundle/ruby/3.2.0/gems/activerecord-7.1.5.1/lib/active_record/connection_adapters/postgresql/database_statements.rb:47:in `execute'
    vendor/bundle/ruby/3.2.0/gems/activerecord-7.1.5.1/lib/active_record/connection_adapters/postgresql/database_statements.rb:151:in `execute_batch'
    vendor/bundle/ruby/3.2.0/gems/activerecord-7.1.5.1/lib/active_record/connection_adapters/abstract/database_statements.rb:462:in `block (3 levels) in insert_fixtures_set'
    vendor/bundle/ruby/3.2.0/gems/activerecord-7.1.5.1/lib/active_record/connection_adapters/abstract/transaction.rb:535:in `block in within_new_transaction'
    vendor/bundle/ruby/3.2.0/gems/activesupport-7.1.5.1/lib/active_support/concurrency/null_lock.rb:9:in `synchronize'
    vendor/bundle/ruby/3.2.0/gems/activerecord-7.1.5.1/lib/active_record/connection_adapters/abstract/transaction.rb:532:in `within_new_transaction'
    vendor/bundle/ruby/3.2.0/gems/activerecord-7.1.5.1/lib/active_record/connection_adapters/abstract/database_statements.rb:344:in `transaction'
    vendor/bundle/ruby/3.2.0/gems/activerecord-7.1.5.1/lib/active_record/connection_adapters/abstract/database_statements.rb:461:in `block (2 levels) in insert_fixtures_set'
    vendor/bundle/ruby/3.2.0/gems/activerecord-7.1.5.1/lib/active_record/connection_adapters/postgresql/referential_integrity.rb:19:in `disable_referential_integrity'
    vendor/bundle/ruby/3.2.0/gems/activerecord-7.1.5.1/lib/active_record/connection_adapters/abstract/database_statements.rb:460:in `block in insert_fixtures_set'
    vendor/bundle/ruby/3.2.0/gems/activerecord-7.1.5.1/lib/active_record/connection_adapters/abstract/database_statements.rb:601:in `with_multi_statements'
    vendor/bundle/ruby/3.2.0/gems/activerecord-7.1.5.1/lib/active_record/connection_adapters/abstract/database_statements.rb:459:in `insert_fixtures_set'
    vendor/bundle/ruby/3.2.0/gems/activerecord-7.1.5.1/lib/active_record/fixtures.rb:681:in `block in insert'
    vendor/bundle/ruby/3.2.0/gems/activerecord-7.1.5.1/lib/active_record/fixtures.rb:672:in `each'
    vendor/bundle/ruby/3.2.0/gems/activerecord-7.1.5.1/lib/active_record/fixtures.rb:672:in `insert'
    vendor/bundle/ruby/3.2.0/gems/activerecord-7.1.5.1/lib/active_record/fixtures.rb:658:in `read_and_insert'
    vendor/bundle/ruby/3.2.0/gems/activerecord-7.1.5.1/lib/active_record/fixtures.rb:603:in `create_fixtures'
    vendor/bundle/ruby/3.2.0/gems/activerecord-7.1.5.1/lib/active_record/test_fixtures.rb:256:in `load_fixtures'
    vendor/bundle/ruby/3.2.0/gems/activerecord-7.1.5.1/lib/active_record/test_fixtures.rb:143:in `setup_fixtures'
    vendor/bundle/ruby/3.2.0/gems/activerecord-7.1.5.1/lib/active_record/test_fixtures.rb:10:in `before_setup'
    vendor/bundle/ruby/3.2.0/gems/activesupport-7.1.5.1/lib/active_support/testing/setup_and_teardown.rb:40:in `before_setup'
    vendor/bundle/ruby/3.2.0/gems/actionpack-7.1.5.1/lib/action_dispatch/testing/integration.rb:340:in `before_setup'
    vendor/bundle/ruby/3.2.0/gems/activejob-7.1.5.1/lib/active_job/test_helper.rb:50:in `before_setup'
    vendor/bundle/ruby/3.2.0/gems/railties-7.1.5.1/lib/rails/test_help.rb:47:in `before_setup'

bin/rails test test/controllers/performances_controller_test.rb:41

WARNING: Rails was not able to disable referential integrity.

This is most likely caused due to missing permissions.
Rails needs superuser privileges to disable referential integrity.

    cause: PG::InsufficientPrivilege: ERROR:  permission denied: "RI_ConstraintTrigger_c_50445" is a system trigger


PerformancesControllerTest#test_should_show_performance = 0.12 s = E


Error:
PerformancesControllerTest#test_should_show_performance:
ActiveRecord::InvalidForeignKey: PG::ForeignKeyViolation: ERROR:  insert or update on table "attendances" violates foreign key constraint "fk_rails_aa7947c197"
DETAIL:  Key (training_session_id)=(980190962) is not present in table "training_sessions".

    vendor/bundle/ruby/3.2.0/gems/activerecord-7.1.5.1/lib/active_record/connection_adapters/postgresql/database_statements.rb:55:in `exec'
    vendor/bundle/ruby/3.2.0/gems/activerecord-7.1.5.1/lib/active_record/connection_adapters/postgresql/database_statements.rb:55:in `block (2 levels) in raw_execute'
    vendor/bundle/ruby/3.2.0/gems/activerecord-7.1.5.1/lib/active_record/connection_adapters/abstract_adapter.rb:1027:in `block in with_raw_connection'
    vendor/bundle/ruby/3.2.0/gems/activesupport-7.1.5.1/lib/active_support/concurrency/null_lock.rb:9:in `synchronize'
    vendor/bundle/ruby/3.2.0/gems/activerecord-7.1.5.1/lib/active_record/connection_adapters/abstract_adapter.rb:999:in `with_raw_connection'
    vendor/bundle/ruby/3.2.0/gems/activerecord-7.1.5.1/lib/active_record/connection_adapters/postgresql/database_statements.rb:54:in `block in raw_execute'
    vendor/bundle/ruby/3.2.0/gems/activesupport-7.1.5.1/lib/active_support/notifications/instrumenter.rb:58:in `instrument'
    vendor/bundle/ruby/3.2.0/gems/activerecord-7.1.5.1/lib/active_record/connection_adapters/abstract_adapter.rb:1142:in `log'
    vendor/bundle/ruby/3.2.0/gems/activerecord-7.1.5.1/lib/active_record/connection_adapters/postgresql/database_statements.rb:53:in `raw_execute'
    vendor/bundle/ruby/3.2.0/gems/activerecord-7.1.5.1/lib/active_record/connection_adapters/abstract/database_statements.rb:521:in `internal_execute'
    vendor/bundle/ruby/3.2.0/gems/activerecord-7.1.5.1/lib/active_record/connection_adapters/abstract/database_statements.rb:131:in `execute'
    vendor/bundle/ruby/3.2.0/gems/activerecord-7.1.5.1/lib/active_record/connection_adapters/abstract/query_cache.rb:25:in `execute'
    vendor/bundle/ruby/3.2.0/gems/activerecord-7.1.5.1/lib/active_record/connection_adapters/postgresql/database_statements.rb:47:in `execute'
    vendor/bundle/ruby/3.2.0/gems/activerecord-7.1.5.1/lib/active_record/connection_adapters/postgresql/database_statements.rb:151:in `execute_batch'
    vendor/bundle/ruby/3.2.0/gems/activerecord-7.1.5.1/lib/active_record/connection_adapters/abstract/database_statements.rb:462:in `block (3 levels) in insert_fixtures_set'
    vendor/bundle/ruby/3.2.0/gems/activerecord-7.1.5.1/lib/active_record/connection_adapters/abstract/transaction.rb:535:in `block in within_new_transaction'
    vendor/bundle/ruby/3.2.0/gems/activesupport-7.1.5.1/lib/active_support/concurrency/null_lock.rb:9:in `synchronize'
    vendor/bundle/ruby/3.2.0/gems/activerecord-7.1.5.1/lib/active_record/connection_adapters/abstract/transaction.rb:532:in `within_new_transaction'
    vendor/bundle/ruby/3.2.0/gems/activerecord-7.1.5.1/lib/active_record/connection_adapters/abstract/database_statements.rb:344:in `transaction'
    vendor/bundle/ruby/3.2.0/gems/activerecord-7.1.5.1/lib/active_record/connection_adapters/abstract/database_statements.rb:461:in `block (2 levels) in insert_fixtures_set'
    vendor/bundle/ruby/3.2.0/gems/activerecord-7.1.5.1/lib/active_record/connection_adapters/postgresql/referential_integrity.rb:19:in `disable_referential_integrity'
    vendor/bundle/ruby/3.2.0/gems/activerecord-7.1.5.1/lib/active_record/connection_adapters/abstract/database_statements.rb:460:in `block in insert_fixtures_set'
    vendor/bundle/ruby/3.2.0/gems/activerecord-7.1.5.1/lib/active_record/connection_adapters/abstract/database_statements.rb:601:in `with_multi_statements'
    vendor/bundle/ruby/3.2.0/gems/activerecord-7.1.5.1/lib/active_record/connection_adapters/abstract/database_statements.rb:459:in `insert_fixtures_set'
    vendor/bundle/ruby/3.2.0/gems/activerecord-7.1.5.1/lib/active_record/fixtures.rb:681:in `block in insert'
    vendor/bundle/ruby/3.2.0/gems/activerecord-7.1.5.1/lib/active_record/fixtures.rb:672:in `each'
    vendor/bundle/ruby/3.2.0/gems/activerecord-7.1.5.1/lib/active_record/fixtures.rb:672:in `insert'
    vendor/bundle/ruby/3.2.0/gems/activerecord-7.1.5.1/lib/active_record/fixtures.rb:658:in `read_and_insert'
    vendor/bundle/ruby/3.2.0/gems/activerecord-7.1.5.1/lib/active_record/fixtures.rb:603:in `create_fixtures'
    vendor/bundle/ruby/3.2.0/gems/activerecord-7.1.5.1/lib/active_record/test_fixtures.rb:256:in `load_fixtures'
    vendor/bundle/ruby/3.2.0/gems/activerecord-7.1.5.1/lib/active_record/test_fixtures.rb:143:in `setup_fixtures'
    vendor/bundle/ruby/3.2.0/gems/activerecord-7.1.5.1/lib/active_record/test_fixtures.rb:10:in `before_setup'
    vendor/bundle/ruby/3.2.0/gems/activesupport-7.1.5.1/lib/active_support/testing/setup_and_teardown.rb:40:in `before_setup'
    vendor/bundle/ruby/3.2.0/gems/actionpack-7.1.5.1/lib/action_dispatch/testing/integration.rb:340:in `before_setup'
    vendor/bundle/ruby/3.2.0/gems/activejob-7.1.5.1/lib/active_job/test_helper.rb:50:in `before_setup'
    vendor/bundle/ruby/3.2.0/gems/railties-7.1.5.1/lib/rails/test_help.rb:47:in `before_setup'

bin/rails test test/controllers/performances_controller_test.rb:26

TrainingRoutesControllerTest#test_should_create_training_route = 1.16 s = E


Error:
TrainingRoutesControllerTest#test_should_create_training_route:
ActiveRecord::InvalidForeignKey: PG::ForeignKeyViolation: ERROR:  insert or update on table "attendances" violates foreign key constraint "fk_rails_aa7947c197"
DETAIL:  Key (training_session_id)=(980190962) is not present in table "training_sessions".

    vendor/bundle/ruby/3.2.0/gems/activerecord-7.1.5.1/lib/active_record/connection_adapters/postgresql/database_statements.rb:55:in `exec'
    vendor/bundle/ruby/3.2.0/gems/activerecord-7.1.5.1/lib/active_record/connection_adapters/postgresql/database_statements.rb:55:in `block (2 levels) in raw_execute'
    vendor/bundle/ruby/3.2.0/gems/activerecord-7.1.5.1/lib/active_record/connection_adapters/abstract_adapter.rb:1027:in `block in with_raw_connection'
    vendor/bundle/ruby/3.2.0/gems/activesupport-7.1.5.1/lib/active_support/concurrency/null_lock.rb:9:in `synchronize'
    vendor/bundle/ruby/3.2.0/gems/activerecord-7.1.5.1/lib/active_record/connection_adapters/abstract_adapter.rb:999:in `with_raw_connection'
    vendor/bundle/ruby/3.2.0/gems/activerecord-7.1.5.1/lib/active_record/connection_adapters/postgresql/database_statements.rb:54:in `block in raw_execute'
    vendor/bundle/ruby/3.2.0/gems/activesupport-7.1.5.1/lib/active_support/notifications/instrumenter.rb:58:in `instrument'
    vendor/bundle/ruby/3.2.0/gems/activerecord-7.1.5.1/lib/active_record/connection_adapters/abstract_adapter.rb:1142:in `log'
    vendor/bundle/ruby/3.2.0/gems/activerecord-7.1.5.1/lib/active_record/connection_adapters/postgresql/database_statements.rb:53:in `raw_execute'
    vendor/bundle/ruby/3.2.0/gems/activerecord-7.1.5.1/lib/active_record/connection_adapters/abstract/database_statements.rb:521:in `internal_execute'
    vendor/bundle/ruby/3.2.0/gems/activerecord-7.1.5.1/lib/active_record/connection_adapters/abstract/database_statements.rb:131:in `execute'
    vendor/bundle/ruby/3.2.0/gems/activerecord-7.1.5.1/lib/active_record/connection_adapters/abstract/query_cache.rb:25:in `execute'
    vendor/bundle/ruby/3.2.0/gems/activerecord-7.1.5.1/lib/active_record/connection_adapters/postgresql/database_statements.rb:47:in `execute'
    vendor/bundle/ruby/3.2.0/gems/activerecord-7.1.5.1/lib/active_record/connection_adapters/postgresql/database_statements.rb:151:in `execute_batch'
    vendor/bundle/ruby/3.2.0/gems/activerecord-7.1.5.1/lib/active_record/connection_adapters/abstract/database_statements.rb:462:in `block (3 levels) in insert_fixtures_set'
    vendor/bundle/ruby/3.2.0/gems/activerecord-7.1.5.1/lib/active_record/connection_adapters/abstract/transaction.rb:535:in `block in within_new_transaction'
    vendor/bundle/ruby/3.2.0/gems/activesupport-7.1.5.1/lib/active_support/concurrency/null_lock.rb:9:in `synchronize'
    vendor/bundle/ruby/3.2.0/gems/activerecord-7.1.5.1/lib/active_record/connection_adapters/abstract/transaction.rb:532:in `within_new_transaction'
    vendor/bundle/ruby/3.2.0/gems/activerecord-7.1.5.1/lib/active_record/connection_adapters/abstract/database_statements.rb:344:in `transaction'
    vendor/bundle/ruby/3.2.0/gems/activerecord-7.1.5.1/lib/active_record/connection_adapters/abstract/database_statements.rb:461:in `block (2 levels) in insert_fixtures_set'
    vendor/bundle/ruby/3.2.0/gems/activerecord-7.1.5.1/lib/active_record/connection_adapters/postgresql/referential_integrity.rb:19:in `disable_referential_integrity'
    vendor/bundle/ruby/3.2.0/gems/activerecord-7.1.5.1/lib/active_record/connection_adapters/abstract/database_statements.rb:460:in `block in insert_fixtures_set'
    vendor/bundle/ruby/3.2.0/gems/activerecord-7.1.5.1/lib/active_record/connection_adapters/abstract/database_statements.rb:601:in `with_multi_statements'
    vendor/bundle/ruby/3.2.0/gems/activerecord-7.1.5.1/lib/active_record/connection_adapters/abstract/database_statements.rb:459:in `insert_fixtures_set'
    vendor/bundle/ruby/3.2.0/gems/activerecord-7.1.5.1/lib/active_record/fixtures.rb:681:in `block in insert'
    vendor/bundle/ruby/3.2.0/gems/activerecord-7.1.5.1/lib/active_record/fixtures.rb:672:in `each'
    vendor/bundle/ruby/3.2.0/gems/activerecord-7.1.5.1/lib/active_record/fixtures.rb:672:in `insert'
    vendor/bundle/ruby/3.2.0/gems/activerecord-7.1.5.1/lib/active_record/fixtures.rb:658:in `read_and_insert'
    vendor/bundle/ruby/3.2.0/gems/activerecord-7.1.5.1/lib/active_record/fixtures.rb:603:in `create_fixtures'
    vendor/bundle/ruby/3.2.0/gems/activerecord-7.1.5.1/lib/active_record/test_fixtures.rb:256:in `load_fixtures'
    vendor/bundle/ruby/3.2.0/gems/activerecord-7.1.5.1/lib/active_record/test_fixtures.rb:143:in `setup_fixtures'
    vendor/bundle/ruby/3.2.0/gems/activerecord-7.1.5.1/lib/active_record/test_fixtures.rb:10:in `before_setup'
    vendor/bundle/ruby/3.2.0/gems/activesupport-7.1.5.1/lib/active_support/testing/setup_and_teardown.rb:40:in `before_setup'
    vendor/bundle/ruby/3.2.0/gems/actionpack-7.1.5.1/lib/action_dispatch/testing/integration.rb:340:in `before_setup'
    vendor/bundle/ruby/3.2.0/gems/activejob-7.1.5.1/lib/active_job/test_helper.rb:50:in `before_setup'
    vendor/bundle/ruby/3.2.0/gems/railties-7.1.5.1/lib/rails/test_help.rb:47:in `before_setup'

bin/rails test test/controllers/training_routes_controller_test.rb:23

WARNING: Rails was not able to disable referential integrity.

This is most likely caused due to missing permissions.
Rails needs superuser privileges to disable referential integrity.

    cause: PG::InsufficientPrivilege: ERROR:  permission denied: "RI_ConstraintTrigger_c_50531" is a system trigger


RoutesControllerTest#test_should_update_route = 0.05 s = E


Error:
RoutesControllerTest#test_should_update_route:
ActiveRecord::InvalidForeignKey: PG::ForeignKeyViolation: ERROR:  insert or update on table "attendances" violates foreign key constraint "fk_rails_aa7947c197"
DETAIL:  Key (training_session_id)=(980190962) is not present in table "training_sessions".

    vendor/bundle/ruby/3.2.0/gems/activerecord-7.1.5.1/lib/active_record/connection_adapters/postgresql/database_statements.rb:55:in `exec'
    vendor/bundle/ruby/3.2.0/gems/activerecord-7.1.5.1/lib/active_record/connection_adapters/postgresql/database_statements.rb:55:in `block (2 levels) in raw_execute'
    vendor/bundle/ruby/3.2.0/gems/activerecord-7.1.5.1/lib/active_record/connection_adapters/abstract_adapter.rb:1027:in `block in with_raw_connection'
    vendor/bundle/ruby/3.2.0/gems/activesupport-7.1.5.1/lib/active_support/concurrency/null_lock.rb:9:in `synchronize'
    vendor/bundle/ruby/3.2.0/gems/activerecord-7.1.5.1/lib/active_record/connection_adapters/abstract_adapter.rb:999:in `with_raw_connection'
    vendor/bundle/ruby/3.2.0/gems/activerecord-7.1.5.1/lib/active_record/connection_adapters/postgresql/database_statements.rb:54:in `block in raw_execute'
    vendor/bundle/ruby/3.2.0/gems/activesupport-7.1.5.1/lib/active_support/notifications/instrumenter.rb:58:in `instrument'
    vendor/bundle/ruby/3.2.0/gems/activerecord-7.1.5.1/lib/active_record/connection_adapters/abstract_adapter.rb:1142:in `log'
    vendor/bundle/ruby/3.2.0/gems/activerecord-7.1.5.1/lib/active_record/connection_adapters/postgresql/database_statements.rb:53:in `raw_execute'
    vendor/bundle/ruby/3.2.0/gems/activerecord-7.1.5.1/lib/active_record/connection_adapters/abstract/database_statements.rb:521:in `internal_execute'
    vendor/bundle/ruby/3.2.0/gems/activerecord-7.1.5.1/lib/active_record/connection_adapters/abstract/database_statements.rb:131:in `execute'
    vendor/bundle/ruby/3.2.0/gems/activerecord-7.1.5.1/lib/active_record/connection_adapters/abstract/query_cache.rb:25:in `execute'
    vendor/bundle/ruby/3.2.0/gems/activerecord-7.1.5.1/lib/active_record/connection_adapters/postgresql/database_statements.rb:47:in `execute'
    vendor/bundle/ruby/3.2.0/gems/activerecord-7.1.5.1/lib/active_record/connection_adapters/postgresql/database_statements.rb:151:in `execute_batch'
    vendor/bundle/ruby/3.2.0/gems/activerecord-7.1.5.1/lib/active_record/connection_adapters/abstract/database_statements.rb:462:in `block (3 levels) in insert_fixtures_set'
    vendor/bundle/ruby/3.2.0/gems/activerecord-7.1.5.1/lib/active_record/connection_adapters/abstract/transaction.rb:535:in `block in within_new_transaction'
    vendor/bundle/ruby/3.2.0/gems/activesupport-7.1.5.1/lib/active_support/concurrency/null_lock.rb:9:in `synchronize'
    vendor/bundle/ruby/3.2.0/gems/activerecord-7.1.5.1/lib/active_record/connection_adapters/abstract/transaction.rb:532:in `within_new_transaction'
    vendor/bundle/ruby/3.2.0/gems/activerecord-7.1.5.1/lib/active_record/connection_adapters/abstract/database_statements.rb:344:in `transaction'
    vendor/bundle/ruby/3.2.0/gems/activerecord-7.1.5.1/lib/active_record/connection_adapters/abstract/database_statements.rb:461:in `block (2 levels) in insert_fixtures_set'
    vendor/bundle/ruby/3.2.0/gems/activerecord-7.1.5.1/lib/active_record/connection_adapters/postgresql/referential_integrity.rb:19:in `disable_referential_integrity'
    vendor/bundle/ruby/3.2.0/gems/activerecord-7.1.5.1/lib/active_record/connection_adapters/abstract/database_statements.rb:460:in `block in insert_fixtures_set'
    vendor/bundle/ruby/3.2.0/gems/activerecord-7.1.5.1/lib/active_record/connection_adapters/abstract/database_statements.rb:601:in `with_multi_statements'
    vendor/bundle/ruby/3.2.0/gems/activerecord-7.1.5.1/lib/active_record/connection_adapters/abstract/database_statements.rb:459:in `insert_fixtures_set'
    vendor/bundle/ruby/3.2.0/gems/activerecord-7.1.5.1/lib/active_record/fixtures.rb:681:in `block in insert'
    vendor/bundle/ruby/3.2.0/gems/activerecord-7.1.5.1/lib/active_record/fixtures.rb:672:in `each'
    vendor/bundle/ruby/3.2.0/gems/activerecord-7.1.5.1/lib/active_record/fixtures.rb:672:in `insert'
    vendor/bundle/ruby/3.2.0/gems/activerecord-7.1.5.1/lib/active_record/fixtures.rb:658:in `read_and_insert'
    vendor/bundle/ruby/3.2.0/gems/activerecord-7.1.5.1/lib/active_record/fixtures.rb:603:in `create_fixtures'
    vendor/bundle/ruby/3.2.0/gems/activerecord-7.1.5.1/lib/active_record/test_fixtures.rb:256:in `load_fixtures'
    vendor/bundle/ruby/3.2.0/gems/activerecord-7.1.5.1/lib/active_record/test_fixtures.rb:143:in `setup_fixtures'
    vendor/bundle/ruby/3.2.0/gems/activerecord-7.1.5.1/lib/active_record/test_fixtures.rb:10:in `before_setup'
    vendor/bundle/ruby/3.2.0/gems/activesupport-7.1.5.1/lib/active_support/testing/setup_and_teardown.rb:40:in `before_setup'
    vendor/bundle/ruby/3.2.0/gems/actionpack-7.1.5.1/lib/action_dispatch/testing/integration.rb:340:in `before_setup'
    vendor/bundle/ruby/3.2.0/gems/activejob-7.1.5.1/lib/active_job/test_helper.rb:50:in `before_setup'
    vendor/bundle/ruby/3.2.0/gems/railties-7.1.5.1/lib/rails/test_help.rb:47:in `before_setup'

bin/rails test test/controllers/routes_controller_test.rb:36

WARNING: Rails was not able to disable referential integrity.

This is most likely caused due to missing permissions.
Rails needs superuser privileges to disable referential integrity.

    cause: PG::InsufficientPrivilege: ERROR:  permission denied: "RI_ConstraintTrigger_c_50531" is a system trigger


RoutesControllerTest#test_should_get_new = 0.04 s = E


Error:
RoutesControllerTest#test_should_get_new:
ActiveRecord::InvalidForeignKey: PG::ForeignKeyViolation: ERROR:  insert or update on table "attendances" violates foreign key constraint "fk_rails_aa7947c197"
DETAIL:  Key (training_session_id)=(980190962) is not present in table "training_sessions".

    vendor/bundle/ruby/3.2.0/gems/activerecord-7.1.5.1/lib/active_record/connection_adapters/postgresql/database_statements.rb:55:in `exec'
    vendor/bundle/ruby/3.2.0/gems/activerecord-7.1.5.1/lib/active_record/connection_adapters/postgresql/database_statements.rb:55:in `block (2 levels) in raw_execute'
    vendor/bundle/ruby/3.2.0/gems/activerecord-7.1.5.1/lib/active_record/connection_adapters/abstract_adapter.rb:1027:in `block in with_raw_connection'
    vendor/bundle/ruby/3.2.0/gems/activesupport-7.1.5.1/lib/active_support/concurrency/null_lock.rb:9:in `synchronize'
    vendor/bundle/ruby/3.2.0/gems/activerecord-7.1.5.1/lib/active_record/connection_adapters/abstract_adapter.rb:999:in `with_raw_connection'
    vendor/bundle/ruby/3.2.0/gems/activerecord-7.1.5.1/lib/active_record/connection_adapters/postgresql/database_statements.rb:54:in `block in raw_execute'
    vendor/bundle/ruby/3.2.0/gems/activesupport-7.1.5.1/lib/active_support/notifications/instrumenter.rb:58:in `instrument'
    vendor/bundle/ruby/3.2.0/gems/activerecord-7.1.5.1/lib/active_record/connection_adapters/abstract_adapter.rb:1142:in `log'
    vendor/bundle/ruby/3.2.0/gems/activerecord-7.1.5.1/lib/active_record/connection_adapters/postgresql/database_statements.rb:53:in `raw_execute'
    vendor/bundle/ruby/3.2.0/gems/activerecord-7.1.5.1/lib/active_record/connection_adapters/abstract/database_statements.rb:521:in `internal_execute'
    vendor/bundle/ruby/3.2.0/gems/activerecord-7.1.5.1/lib/active_record/connection_adapters/abstract/database_statements.rb:131:in `execute'
    vendor/bundle/ruby/3.2.0/gems/activerecord-7.1.5.1/lib/active_record/connection_adapters/abstract/query_cache.rb:25:in `execute'
    vendor/bundle/ruby/3.2.0/gems/activerecord-7.1.5.1/lib/active_record/connection_adapters/postgresql/database_statements.rb:47:in `execute'
    vendor/bundle/ruby/3.2.0/gems/activerecord-7.1.5.1/lib/active_record/connection_adapters/postgresql/database_statements.rb:151:in `execute_batch'
    vendor/bundle/ruby/3.2.0/gems/activerecord-7.1.5.1/lib/active_record/connection_adapters/abstract/database_statements.rb:462:in `block (3 levels) in insert_fixtures_set'
    vendor/bundle/ruby/3.2.0/gems/activerecord-7.1.5.1/lib/active_record/connection_adapters/abstract/transaction.rb:535:in `block in within_new_transaction'
    vendor/bundle/ruby/3.2.0/gems/activesupport-7.1.5.1/lib/active_support/concurrency/null_lock.rb:9:in `synchronize'
    vendor/bundle/ruby/3.2.0/gems/activerecord-7.1.5.1/lib/active_record/connection_adapters/abstract/transaction.rb:532:in `within_new_transaction'
    vendor/bundle/ruby/3.2.0/gems/activerecord-7.1.5.1/lib/active_record/connection_adapters/abstract/database_statements.rb:344:in `transaction'
    vendor/bundle/ruby/3.2.0/gems/activerecord-7.1.5.1/lib/active_record/connection_adapters/abstract/database_statements.rb:461:in `block (2 levels) in insert_fixtures_set'
    vendor/bundle/ruby/3.2.0/gems/activerecord-7.1.5.1/lib/active_record/connection_adapters/postgresql/referential_integrity.rb:19:in `disable_referential_integrity'
    vendor/bundle/ruby/3.2.0/gems/activerecord-7.1.5.1/lib/active_record/connection_adapters/abstract/database_statements.rb:460:in `block in insert_fixtures_set'
    vendor/bundle/ruby/3.2.0/gems/activerecord-7.1.5.1/lib/active_record/connection_adapters/abstract/database_statements.rb:601:in `with_multi_statements'
    vendor/bundle/ruby/3.2.0/gems/activerecord-7.1.5.1/lib/active_record/connection_adapters/abstract/database_statements.rb:459:in `insert_fixtures_set'
    vendor/bundle/ruby/3.2.0/gems/activerecord-7.1.5.1/lib/active_record/fixtures.rb:681:in `block in insert'
    vendor/bundle/ruby/3.2.0/gems/activerecord-7.1.5.1/lib/active_record/fixtures.rb:672:in `each'
    vendor/bundle/ruby/3.2.0/gems/activerecord-7.1.5.1/lib/active_record/fixtures.rb:672:in `insert'
    vendor/bundle/ruby/3.2.0/gems/activerecord-7.1.5.1/lib/active_record/fixtures.rb:658:in `read_and_insert'
    vendor/bundle/ruby/3.2.0/gems/activerecord-7.1.5.1/lib/active_record/fixtures.rb:603:in `create_fixtures'
    vendor/bundle/ruby/3.2.0/gems/activerecord-7.1.5.1/lib/active_record/test_fixtures.rb:256:in `load_fixtures'
    vendor/bundle/ruby/3.2.0/gems/activerecord-7.1.5.1/lib/active_record/test_fixtures.rb:143:in `setup_fixtures'
    vendor/bundle/ruby/3.2.0/gems/activerecord-7.1.5.1/lib/active_record/test_fixtures.rb:10:in `before_setup'
    vendor/bundle/ruby/3.2.0/gems/activesupport-7.1.5.1/lib/active_support/testing/setup_and_teardown.rb:40:in `before_setup'
    vendor/bundle/ruby/3.2.0/gems/actionpack-7.1.5.1/lib/action_dispatch/testing/integration.rb:340:in `before_setup'
    vendor/bundle/ruby/3.2.0/gems/activejob-7.1.5.1/lib/active_job/test_helper.rb:50:in `before_setup'
    vendor/bundle/ruby/3.2.0/gems/railties-7.1.5.1/lib/rails/test_help.rb:47:in `before_setup'

bin/rails test test/controllers/routes_controller_test.rb:13

WARNING: Rails was not able to disable referential integrity.

This is most likely caused due to missing permissions.
Rails needs superuser privileges to disable referential integrity.

    cause: PG::InsufficientPrivilege: ERROR:  permission denied: "RI_ConstraintTrigger_c_50445" is a system trigger


RoutesControllerTest#test_should_create_route = 0.11 s = E


Error:
RoutesControllerTest#test_should_create_route:
ActiveRecord::InvalidForeignKey: PG::ForeignKeyViolation: ERROR:  insert or update on table "attendances" violates foreign key constraint "fk_rails_aa7947c197"
DETAIL:  Key (training_session_id)=(980190962) is not present in table "training_sessions".

    vendor/bundle/ruby/3.2.0/gems/activerecord-7.1.5.1/lib/active_record/connection_adapters/postgresql/database_statements.rb:55:in `exec'
    vendor/bundle/ruby/3.2.0/gems/activerecord-7.1.5.1/lib/active_record/connection_adapters/postgresql/database_statements.rb:55:in `block (2 levels) in raw_execute'
    vendor/bundle/ruby/3.2.0/gems/activerecord-7.1.5.1/lib/active_record/connection_adapters/abstract_adapter.rb:1027:in `block in with_raw_connection'
    vendor/bundle/ruby/3.2.0/gems/activesupport-7.1.5.1/lib/active_support/concurrency/null_lock.rb:9:in `synchronize'
    vendor/bundle/ruby/3.2.0/gems/activerecord-7.1.5.1/lib/active_record/connection_adapters/abstract_adapter.rb:999:in `with_raw_connection'
    vendor/bundle/ruby/3.2.0/gems/activerecord-7.1.5.1/lib/active_record/connection_adapters/postgresql/database_statements.rb:54:in `block in raw_execute'
    vendor/bundle/ruby/3.2.0/gems/activesupport-7.1.5.1/lib/active_support/notifications/instrumenter.rb:58:in `instrument'
    vendor/bundle/ruby/3.2.0/gems/activerecord-7.1.5.1/lib/active_record/connection_adapters/abstract_adapter.rb:1142:in `log'
    vendor/bundle/ruby/3.2.0/gems/activerecord-7.1.5.1/lib/active_record/connection_adapters/postgresql/database_statements.rb:53:in `raw_execute'
    vendor/bundle/ruby/3.2.0/gems/activerecord-7.1.5.1/lib/active_record/connection_adapters/abstract/database_statements.rb:521:in `internal_execute'
    vendor/bundle/ruby/3.2.0/gems/activerecord-7.1.5.1/lib/active_record/connection_adapters/abstract/database_statements.rb:131:in `execute'
    vendor/bundle/ruby/3.2.0/gems/activerecord-7.1.5.1/lib/active_record/connection_adapters/abstract/query_cache.rb:25:in `execute'
    vendor/bundle/ruby/3.2.0/gems/activerecord-7.1.5.1/lib/active_record/connection_adapters/postgresql/database_statements.rb:47:in `execute'
    vendor/bundle/ruby/3.2.0/gems/activerecord-7.1.5.1/lib/active_record/connection_adapters/postgresql/database_statements.rb:151:in `execute_batch'
    vendor/bundle/ruby/3.2.0/gems/activerecord-7.1.5.1/lib/active_record/connection_adapters/abstract/database_statements.rb:462:in `block (3 levels) in insert_fixtures_set'
    vendor/bundle/ruby/3.2.0/gems/activerecord-7.1.5.1/lib/active_record/connection_adapters/abstract/transaction.rb:535:in `block in within_new_transaction'
    vendor/bundle/ruby/3.2.0/gems/activesupport-7.1.5.1/lib/active_support/concurrency/null_lock.rb:9:in `synchronize'
    vendor/bundle/ruby/3.2.0/gems/activerecord-7.1.5.1/lib/active_record/connection_adapters/abstract/transaction.rb:532:in `within_new_transaction'
    vendor/bundle/ruby/3.2.0/gems/activerecord-7.1.5.1/lib/active_record/connection_adapters/abstract/database_statements.rb:344:in `transaction'
    vendor/bundle/ruby/3.2.0/gems/activerecord-7.1.5.1/lib/active_record/connection_adapters/abstract/database_statements.rb:461:in `block (2 levels) in insert_fixtures_set'
    vendor/bundle/ruby/3.2.0/gems/activerecord-7.1.5.1/lib/active_record/connection_adapters/postgresql/referential_integrity.rb:19:in `disable_referential_integrity'
    vendor/bundle/ruby/3.2.0/gems/activerecord-7.1.5.1/lib/active_record/connection_adapters/abstract/database_statements.rb:460:in `block in insert_fixtures_set'
    vendor/bundle/ruby/3.2.0/gems/activerecord-7.1.5.1/lib/active_record/connection_adapters/abstract/database_statements.rb:601:in `with_multi_statements'
    vendor/bundle/ruby/3.2.0/gems/activerecord-7.1.5.1/lib/active_record/connection_adapters/abstract/database_statements.rb:459:in `insert_fixtures_set'
    vendor/bundle/ruby/3.2.0/gems/activerecord-7.1.5.1/lib/active_record/fixtures.rb:681:in `block in insert'
    vendor/bundle/ruby/3.2.0/gems/activerecord-7.1.5.1/lib/active_record/fixtures.rb:672:in `each'
    vendor/bundle/ruby/3.2.0/gems/activerecord-7.1.5.1/lib/active_record/fixtures.rb:672:in `insert'
    vendor/bundle/ruby/3.2.0/gems/activerecord-7.1.5.1/lib/active_record/fixtures.rb:658:in `read_and_insert'
    vendor/bundle/ruby/3.2.0/gems/activerecord-7.1.5.1/lib/active_record/fixtures.rb:603:in `create_fixtures'
    vendor/bundle/ruby/3.2.0/gems/activerecord-7.1.5.1/lib/active_record/test_fixtures.rb:256:in `load_fixtures'
    vendor/bundle/ruby/3.2.0/gems/activerecord-7.1.5.1/lib/active_record/test_fixtures.rb:143:in `setup_fixtures'
    vendor/bundle/ruby/3.2.0/gems/activerecord-7.1.5.1/lib/active_record/test_fixtures.rb:10:in `before_setup'
    vendor/bundle/ruby/3.2.0/gems/activesupport-7.1.5.1/lib/active_support/testing/setup_and_teardown.rb:40:in `before_setup'
    vendor/bundle/ruby/3.2.0/gems/actionpack-7.1.5.1/lib/action_dispatch/testing/integration.rb:340:in `before_setup'
    vendor/bundle/ruby/3.2.0/gems/activejob-7.1.5.1/lib/active_job/test_helper.rb:50:in `before_setup'
    vendor/bundle/ruby/3.2.0/gems/railties-7.1.5.1/lib/rails/test_help.rb:47:in `before_setup'

bin/rails test test/controllers/routes_controller_test.rb:18

WARNING: Rails was not able to disable referential integrity.

This is most likely caused due to missing permissions.
Rails needs superuser privileges to disable referential integrity.

    cause: PG::InsufficientPrivilege: ERROR:  permission denied: "RI_ConstraintTrigger_c_50591" is a system trigger


RoutesControllerTest#test_should_get_index = 0.10 s = E


Error:
RoutesControllerTest#test_should_get_index:
ActiveRecord::InvalidForeignKey: PG::ForeignKeyViolation: ERROR:  insert or update on table "attendances" violates foreign key constraint "fk_rails_aa7947c197"
DETAIL:  Key (training_session_id)=(980190962) is not present in table "training_sessions".

    vendor/bundle/ruby/3.2.0/gems/activerecord-7.1.5.1/lib/active_record/connection_adapters/postgresql/database_statements.rb:55:in `exec'
    vendor/bundle/ruby/3.2.0/gems/activerecord-7.1.5.1/lib/active_record/connection_adapters/postgresql/database_statements.rb:55:in `block (2 levels) in raw_execute'
    vendor/bundle/ruby/3.2.0/gems/activerecord-7.1.5.1/lib/active_record/connection_adapters/abstract_adapter.rb:1027:in `block in with_raw_connection'
    vendor/bundle/ruby/3.2.0/gems/activesupport-7.1.5.1/lib/active_support/concurrency/null_lock.rb:9:in `synchronize'
    vendor/bundle/ruby/3.2.0/gems/activerecord-7.1.5.1/lib/active_record/connection_adapters/abstract_adapter.rb:999:in `with_raw_connection'
    vendor/bundle/ruby/3.2.0/gems/activerecord-7.1.5.1/lib/active_record/connection_adapters/postgresql/database_statements.rb:54:in `block in raw_execute'
    vendor/bundle/ruby/3.2.0/gems/activesupport-7.1.5.1/lib/active_support/notifications/instrumenter.rb:58:in `instrument'
    vendor/bundle/ruby/3.2.0/gems/activerecord-7.1.5.1/lib/active_record/connection_adapters/abstract_adapter.rb:1142:in `log'
    vendor/bundle/ruby/3.2.0/gems/activerecord-7.1.5.1/lib/active_record/connection_adapters/postgresql/database_statements.rb:53:in `raw_execute'
    vendor/bundle/ruby/3.2.0/gems/activerecord-7.1.5.1/lib/active_record/connection_adapters/abstract/database_statements.rb:521:in `internal_execute'
    vendor/bundle/ruby/3.2.0/gems/activerecord-7.1.5.1/lib/active_record/connection_adapters/abstract/database_statements.rb:131:in `execute'
    vendor/bundle/ruby/3.2.0/gems/activerecord-7.1.5.1/lib/active_record/connection_adapters/abstract/query_cache.rb:25:in `execute'
    vendor/bundle/ruby/3.2.0/gems/activerecord-7.1.5.1/lib/active_record/connection_adapters/postgresql/database_statements.rb:47:in `execute'
    vendor/bundle/ruby/3.2.0/gems/activerecord-7.1.5.1/lib/active_record/connection_adapters/postgresql/database_statements.rb:151:in `execute_batch'
    vendor/bundle/ruby/3.2.0/gems/activerecord-7.1.5.1/lib/active_record/connection_adapters/abstract/database_statements.rb:462:in `block (3 levels) in insert_fixtures_set'
    vendor/bundle/ruby/3.2.0/gems/activerecord-7.1.5.1/lib/active_record/connection_adapters/abstract/transaction.rb:535:in `block in within_new_transaction'
    vendor/bundle/ruby/3.2.0/gems/activesupport-7.1.5.1/lib/active_support/concurrency/null_lock.rb:9:in `synchronize'
    vendor/bundle/ruby/3.2.0/gems/activerecord-7.1.5.1/lib/active_record/connection_adapters/abstract/transaction.rb:532:in `within_new_transaction'
    vendor/bundle/ruby/3.2.0/gems/activerecord-7.1.5.1/lib/active_record/connection_adapters/abstract/database_statements.rb:344:in `transaction'
    vendor/bundle/ruby/3.2.0/gems/activerecord-7.1.5.1/lib/active_record/connection_adapters/abstract/database_statements.rb:461:in `block (2 levels) in insert_fixtures_set'
    vendor/bundle/ruby/3.2.0/gems/activerecord-7.1.5.1/lib/active_record/connection_adapters/postgresql/referential_integrity.rb:19:in `disable_referential_integrity'
    vendor/bundle/ruby/3.2.0/gems/activerecord-7.1.5.1/lib/active_record/connection_adapters/abstract/database_statements.rb:460:in `block in insert_fixtures_set'
    vendor/bundle/ruby/3.2.0/gems/activerecord-7.1.5.1/lib/active_record/connection_adapters/abstract/database_statements.rb:601:in `with_multi_statements'
    vendor/bundle/ruby/3.2.0/gems/activerecord-7.1.5.1/lib/active_record/connection_adapters/abstract/database_statements.rb:459:in `insert_fixtures_set'
    vendor/bundle/ruby/3.2.0/gems/activerecord-7.1.5.1/lib/active_record/fixtures.rb:681:in `block in insert'
    vendor/bundle/ruby/3.2.0/gems/activerecord-7.1.5.1/lib/active_record/fixtures.rb:672:in `each'
    vendor/bundle/ruby/3.2.0/gems/activerecord-7.1.5.1/lib/active_record/fixtures.rb:672:in `insert'
    vendor/bundle/ruby/3.2.0/gems/activerecord-7.1.5.1/lib/active_record/fixtures.rb:658:in `read_and_insert'
    vendor/bundle/ruby/3.2.0/gems/activerecord-7.1.5.1/lib/active_record/fixtures.rb:603:in `create_fixtures'
    vendor/bundle/ruby/3.2.0/gems/activerecord-7.1.5.1/lib/active_record/test_fixtures.rb:256:in `load_fixtures'
    vendor/bundle/ruby/3.2.0/gems/activerecord-7.1.5.1/lib/active_record/test_fixtures.rb:143:in `setup_fixtures'
    vendor/bundle/ruby/3.2.0/gems/activerecord-7.1.5.1/lib/active_record/test_fixtures.rb:10:in `before_setup'
    vendor/bundle/ruby/3.2.0/gems/activesupport-7.1.5.1/lib/active_support/testing/setup_and_teardown.rb:40:in `before_setup'
    vendor/bundle/ruby/3.2.0/gems/actionpack-7.1.5.1/lib/action_dispatch/testing/integration.rb:340:in `before_setup'
    vendor/bundle/ruby/3.2.0/gems/activejob-7.1.5.1/lib/active_job/test_helper.rb:50:in `before_setup'
    vendor/bundle/ruby/3.2.0/gems/railties-7.1.5.1/lib/rails/test_help.rb:47:in `before_setup'

bin/rails test test/controllers/routes_controller_test.rb:8

WARNING: Rails was not able to disable referential integrity.

This is most likely caused due to missing permissions.
Rails needs superuser privileges to disable referential integrity.

    cause: PG::InsufficientPrivilege: ERROR:  permission denied: "RI_ConstraintTrigger_c_50531" is a system trigger


RoutesControllerTest#test_should_show_route = 0.05 s = E


Error:
RoutesControllerTest#test_should_show_route:
ActiveRecord::InvalidForeignKey: PG::ForeignKeyViolation: ERROR:  insert or update on table "attendances" violates foreign key constraint "fk_rails_aa7947c197"
DETAIL:  Key (training_session_id)=(980190962) is not present in table "training_sessions".

    vendor/bundle/ruby/3.2.0/gems/activerecord-7.1.5.1/lib/active_record/connection_adapters/postgresql/database_statements.rb:55:in `exec'
    vendor/bundle/ruby/3.2.0/gems/activerecord-7.1.5.1/lib/active_record/connection_adapters/postgresql/database_statements.rb:55:in `block (2 levels) in raw_execute'
    vendor/bundle/ruby/3.2.0/gems/activerecord-7.1.5.1/lib/active_record/connection_adapters/abstract_adapter.rb:1027:in `block in with_raw_connection'
    vendor/bundle/ruby/3.2.0/gems/activesupport-7.1.5.1/lib/active_support/concurrency/null_lock.rb:9:in `synchronize'
    vendor/bundle/ruby/3.2.0/gems/activerecord-7.1.5.1/lib/active_record/connection_adapters/abstract_adapter.rb:999:in `with_raw_connection'
    vendor/bundle/ruby/3.2.0/gems/activerecord-7.1.5.1/lib/active_record/connection_adapters/postgresql/database_statements.rb:54:in `block in raw_execute'
    vendor/bundle/ruby/3.2.0/gems/activesupport-7.1.5.1/lib/active_support/notifications/instrumenter.rb:58:in `instrument'
    vendor/bundle/ruby/3.2.0/gems/activerecord-7.1.5.1/lib/active_record/connection_adapters/abstract_adapter.rb:1142:in `log'
    vendor/bundle/ruby/3.2.0/gems/activerecord-7.1.5.1/lib/active_record/connection_adapters/postgresql/database_statements.rb:53:in `raw_execute'
    vendor/bundle/ruby/3.2.0/gems/activerecord-7.1.5.1/lib/active_record/connection_adapters/abstract/database_statements.rb:521:in `internal_execute'
    vendor/bundle/ruby/3.2.0/gems/activerecord-7.1.5.1/lib/active_record/connection_adapters/abstract/database_statements.rb:131:in `execute'
    vendor/bundle/ruby/3.2.0/gems/activerecord-7.1.5.1/lib/active_record/connection_adapters/abstract/query_cache.rb:25:in `execute'
    vendor/bundle/ruby/3.2.0/gems/activerecord-7.1.5.1/lib/active_record/connection_adapters/postgresql/database_statements.rb:47:in `execute'
    vendor/bundle/ruby/3.2.0/gems/activerecord-7.1.5.1/lib/active_record/connection_adapters/postgresql/database_statements.rb:151:in `execute_batch'
    vendor/bundle/ruby/3.2.0/gems/activerecord-7.1.5.1/lib/active_record/connection_adapters/abstract/database_statements.rb:462:in `block (3 levels) in insert_fixtures_set'
    vendor/bundle/ruby/3.2.0/gems/activerecord-7.1.5.1/lib/active_record/connection_adapters/abstract/transaction.rb:535:in `block in within_new_transaction'
    vendor/bundle/ruby/3.2.0/gems/activesupport-7.1.5.1/lib/active_support/concurrency/null_lock.rb:9:in `synchronize'
    vendor/bundle/ruby/3.2.0/gems/activerecord-7.1.5.1/lib/active_record/connection_adapters/abstract/transaction.rb:532:in `within_new_transaction'
    vendor/bundle/ruby/3.2.0/gems/activerecord-7.1.5.1/lib/active_record/connection_adapters/abstract/database_statements.rb:344:in `transaction'
    vendor/bundle/ruby/3.2.0/gems/activerecord-7.1.5.1/lib/active_record/connection_adapters/abstract/database_statements.rb:461:in `block (2 levels) in insert_fixtures_set'
    vendor/bundle/ruby/3.2.0/gems/activerecord-7.1.5.1/lib/active_record/connection_adapters/postgresql/referential_integrity.rb:19:in `disable_referential_integrity'
    vendor/bundle/ruby/3.2.0/gems/activerecord-7.1.5.1/lib/active_record/connection_adapters/abstract/database_statements.rb:460:in `block in insert_fixtures_set'
    vendor/bundle/ruby/3.2.0/gems/activerecord-7.1.5.1/lib/active_record/connection_adapters/abstract/database_statements.rb:601:in `with_multi_statements'
    vendor/bundle/ruby/3.2.0/gems/activerecord-7.1.5.1/lib/active_record/connection_adapters/abstract/database_statements.rb:459:in `insert_fixtures_set'
    vendor/bundle/ruby/3.2.0/gems/activerecord-7.1.5.1/lib/active_record/fixtures.rb:681:in `block in insert'
    vendor/bundle/ruby/3.2.0/gems/activerecord-7.1.5.1/lib/active_record/fixtures.rb:672:in `each'
    vendor/bundle/ruby/3.2.0/gems/activerecord-7.1.5.1/lib/active_record/fixtures.rb:672:in `insert'
    vendor/bundle/ruby/3.2.0/gems/activerecord-7.1.5.1/lib/active_record/fixtures.rb:658:in `read_and_insert'
    vendor/bundle/ruby/3.2.0/gems/activerecord-7.1.5.1/lib/active_record/fixtures.rb:603:in `create_fixtures'
    vendor/bundle/ruby/3.2.0/gems/activerecord-7.1.5.1/lib/active_record/test_fixtures.rb:256:in `load_fixtures'
    vendor/bundle/ruby/3.2.0/gems/activerecord-7.1.5.1/lib/active_record/test_fixtures.rb:143:in `setup_fixtures'
    vendor/bundle/ruby/3.2.0/gems/activerecord-7.1.5.1/lib/active_record/test_fixtures.rb:10:in `before_setup'
    vendor/bundle/ruby/3.2.0/gems/activesupport-7.1.5.1/lib/active_support/testing/setup_and_teardown.rb:40:in `before_setup'
    vendor/bundle/ruby/3.2.0/gems/actionpack-7.1.5.1/lib/action_dispatch/testing/integration.rb:340:in `before_setup'
    vendor/bundle/ruby/3.2.0/gems/activejob-7.1.5.1/lib/active_job/test_helper.rb:50:in `before_setup'
    vendor/bundle/ruby/3.2.0/gems/railties-7.1.5.1/lib/rails/test_help.rb:47:in `before_setup'

bin/rails test test/controllers/routes_controller_test.rb:26

WARNING: Rails was not able to disable referential integrity.

This is most likely caused due to missing permissions.
Rails needs superuser privileges to disable referential integrity.

    cause: PG::InsufficientPrivilege: ERROR:  permission denied: "RI_ConstraintTrigger_c_50531" is a system trigger


PhotosControllerTest#test_should_update_photo = 0.04 s = E


Error:
PhotosControllerTest#test_should_update_photo:
ActiveRecord::InvalidForeignKey: PG::ForeignKeyViolation: ERROR:  insert or update on table "attendances" violates foreign key constraint "fk_rails_aa7947c197"
DETAIL:  Key (training_session_id)=(980190962) is not present in table "training_sessions".

    vendor/bundle/ruby/3.2.0/gems/activerecord-7.1.5.1/lib/active_record/connection_adapters/postgresql/database_statements.rb:55:in `exec'
    vendor/bundle/ruby/3.2.0/gems/activerecord-7.1.5.1/lib/active_record/connection_adapters/postgresql/database_statements.rb:55:in `block (2 levels) in raw_execute'
    vendor/bundle/ruby/3.2.0/gems/activerecord-7.1.5.1/lib/active_record/connection_adapters/abstract_adapter.rb:1027:in `block in with_raw_connection'
    vendor/bundle/ruby/3.2.0/gems/activesupport-7.1.5.1/lib/active_support/concurrency/null_lock.rb:9:in `synchronize'
    vendor/bundle/ruby/3.2.0/gems/activerecord-7.1.5.1/lib/active_record/connection_adapters/abstract_adapter.rb:999:in `with_raw_connection'
    vendor/bundle/ruby/3.2.0/gems/activerecord-7.1.5.1/lib/active_record/connection_adapters/postgresql/database_statements.rb:54:in `block in raw_execute'
    vendor/bundle/ruby/3.2.0/gems/activesupport-7.1.5.1/lib/active_support/notifications/instrumenter.rb:58:in `instrument'
    vendor/bundle/ruby/3.2.0/gems/activerecord-7.1.5.1/lib/active_record/connection_adapters/abstract_adapter.rb:1142:in `log'
    vendor/bundle/ruby/3.2.0/gems/activerecord-7.1.5.1/lib/active_record/connection_adapters/postgresql/database_statements.rb:53:in `raw_execute'
    vendor/bundle/ruby/3.2.0/gems/activerecord-7.1.5.1/lib/active_record/connection_adapters/abstract/database_statements.rb:521:in `internal_execute'
    vendor/bundle/ruby/3.2.0/gems/activerecord-7.1.5.1/lib/active_record/connection_adapters/abstract/database_statements.rb:131:in `execute'
    vendor/bundle/ruby/3.2.0/gems/activerecord-7.1.5.1/lib/active_record/connection_adapters/abstract/query_cache.rb:25:in `execute'
    vendor/bundle/ruby/3.2.0/gems/activerecord-7.1.5.1/lib/active_record/connection_adapters/postgresql/database_statements.rb:47:in `execute'
    vendor/bundle/ruby/3.2.0/gems/activerecord-7.1.5.1/lib/active_record/connection_adapters/postgresql/database_statements.rb:151:in `execute_batch'
    vendor/bundle/ruby/3.2.0/gems/activerecord-7.1.5.1/lib/active_record/connection_adapters/abstract/database_statements.rb:462:in `block (3 levels) in insert_fixtures_set'
    vendor/bundle/ruby/3.2.0/gems/activerecord-7.1.5.1/lib/active_record/connection_adapters/abstract/transaction.rb:535:in `block in within_new_transaction'
    vendor/bundle/ruby/3.2.0/gems/activesupport-7.1.5.1/lib/active_support/concurrency/null_lock.rb:9:in `synchronize'
    vendor/bundle/ruby/3.2.0/gems/activerecord-7.1.5.1/lib/active_record/connection_adapters/abstract/transaction.rb:532:in `within_new_transaction'
    vendor/bundle/ruby/3.2.0/gems/activerecord-7.1.5.1/lib/active_record/connection_adapters/abstract/database_statements.rb:344:in `transaction'
    vendor/bundle/ruby/3.2.0/gems/activerecord-7.1.5.1/lib/active_record/connection_adapters/abstract/database_statements.rb:461:in `block (2 levels) in insert_fixtures_set'
    vendor/bundle/ruby/3.2.0/gems/activerecord-7.1.5.1/lib/active_record/connection_adapters/postgresql/referential_integrity.rb:19:in `disable_referential_integrity'
    vendor/bundle/ruby/3.2.0/gems/activerecord-7.1.5.1/lib/active_record/connection_adapters/abstract/database_statements.rb:460:in `block in insert_fixtures_set'
    vendor/bundle/ruby/3.2.0/gems/activerecord-7.1.5.1/lib/active_record/connection_adapters/abstract/database_statements.rb:601:in `with_multi_statements'
    vendor/bundle/ruby/3.2.0/gems/activerecord-7.1.5.1/lib/active_record/connection_adapters/abstract/database_statements.rb:459:in `insert_fixtures_set'
    vendor/bundle/ruby/3.2.0/gems/activerecord-7.1.5.1/lib/active_record/fixtures.rb:681:in `block in insert'
    vendor/bundle/ruby/3.2.0/gems/activerecord-7.1.5.1/lib/active_record/fixtures.rb:672:in `each'
    vendor/bundle/ruby/3.2.0/gems/activerecord-7.1.5.1/lib/active_record/fixtures.rb:672:in `insert'
    vendor/bundle/ruby/3.2.0/gems/activerecord-7.1.5.1/lib/active_record/fixtures.rb:658:in `read_and_insert'
    vendor/bundle/ruby/3.2.0/gems/activerecord-7.1.5.1/lib/active_record/fixtures.rb:603:in `create_fixtures'
    vendor/bundle/ruby/3.2.0/gems/activerecord-7.1.5.1/lib/active_record/test_fixtures.rb:256:in `load_fixtures'
    vendor/bundle/ruby/3.2.0/gems/activerecord-7.1.5.1/lib/active_record/test_fixtures.rb:143:in `setup_fixtures'
    vendor/bundle/ruby/3.2.0/gems/activerecord-7.1.5.1/lib/active_record/test_fixtures.rb:10:in `before_setup'
    vendor/bundle/ruby/3.2.0/gems/activesupport-7.1.5.1/lib/active_support/testing/setup_and_teardown.rb:40:in `before_setup'
    vendor/bundle/ruby/3.2.0/gems/actionpack-7.1.5.1/lib/action_dispatch/testing/integration.rb:340:in `before_setup'
    vendor/bundle/ruby/3.2.0/gems/activejob-7.1.5.1/lib/active_job/test_helper.rb:50:in `before_setup'
    vendor/bundle/ruby/3.2.0/gems/railties-7.1.5.1/lib/rails/test_help.rb:47:in `before_setup'

bin/rails test test/controllers/photos_controller_test.rb:36

TrainingRoutesControllerTest#test_should_get_index = 1.31 s = E


Error:
TrainingRoutesControllerTest#test_should_get_index:
ActiveRecord::InvalidForeignKey: PG::ForeignKeyViolation: ERROR:  insert or update on table "attendances" violates foreign key constraint "fk_rails_aa7947c197"
DETAIL:  Key (training_session_id)=(980190962) is not present in table "training_sessions".

    vendor/bundle/ruby/3.2.0/gems/activerecord-7.1.5.1/lib/active_record/connection_adapters/postgresql/database_statements.rb:55:in `exec'
    vendor/bundle/ruby/3.2.0/gems/activerecord-7.1.5.1/lib/active_record/connection_adapters/postgresql/database_statements.rb:55:in `block (2 levels) in raw_execute'
    vendor/bundle/ruby/3.2.0/gems/activerecord-7.1.5.1/lib/active_record/connection_adapters/abstract_adapter.rb:1027:in `block in with_raw_connection'
    vendor/bundle/ruby/3.2.0/gems/activesupport-7.1.5.1/lib/active_support/concurrency/null_lock.rb:9:in `synchronize'
    vendor/bundle/ruby/3.2.0/gems/activerecord-7.1.5.1/lib/active_record/connection_adapters/abstract_adapter.rb:999:in `with_raw_connection'
    vendor/bundle/ruby/3.2.0/gems/activerecord-7.1.5.1/lib/active_record/connection_adapters/postgresql/database_statements.rb:54:in `block in raw_execute'
    vendor/bundle/ruby/3.2.0/gems/activesupport-7.1.5.1/lib/active_support/notifications/instrumenter.rb:58:in `instrument'
    vendor/bundle/ruby/3.2.0/gems/activerecord-7.1.5.1/lib/active_record/connection_adapters/abstract_adapter.rb:1142:in `log'
    vendor/bundle/ruby/3.2.0/gems/activerecord-7.1.5.1/lib/active_record/connection_adapters/postgresql/database_statements.rb:53:in `raw_execute'
    vendor/bundle/ruby/3.2.0/gems/activerecord-7.1.5.1/lib/active_record/connection_adapters/abstract/database_statements.rb:521:in `internal_execute'
    vendor/bundle/ruby/3.2.0/gems/activerecord-7.1.5.1/lib/active_record/connection_adapters/abstract/database_statements.rb:131:in `execute'
    vendor/bundle/ruby/3.2.0/gems/activerecord-7.1.5.1/lib/active_record/connection_adapters/abstract/query_cache.rb:25:in `execute'
    vendor/bundle/ruby/3.2.0/gems/activerecord-7.1.5.1/lib/active_record/connection_adapters/postgresql/database_statements.rb:47:in `execute'
    vendor/bundle/ruby/3.2.0/gems/activerecord-7.1.5.1/lib/active_record/connection_adapters/postgresql/database_statements.rb:151:in `execute_batch'
    vendor/bundle/ruby/3.2.0/gems/activerecord-7.1.5.1/lib/active_record/connection_adapters/abstract/database_statements.rb:462:in `block (3 levels) in insert_fixtures_set'
    vendor/bundle/ruby/3.2.0/gems/activerecord-7.1.5.1/lib/active_record/connection_adapters/abstract/transaction.rb:535:in `block in within_new_transaction'
    vendor/bundle/ruby/3.2.0/gems/activesupport-7.1.5.1/lib/active_support/concurrency/null_lock.rb:9:in `synchronize'
    vendor/bundle/ruby/3.2.0/gems/activerecord-7.1.5.1/lib/active_record/connection_adapters/abstract/transaction.rb:532:in `within_new_transaction'
    vendor/bundle/ruby/3.2.0/gems/activerecord-7.1.5.1/lib/active_record/connection_adapters/abstract/database_statements.rb:344:in `transaction'
    vendor/bundle/ruby/3.2.0/gems/activerecord-7.1.5.1/lib/active_record/connection_adapters/abstract/database_statements.rb:461:in `block (2 levels) in insert_fixtures_set'
    vendor/bundle/ruby/3.2.0/gems/activerecord-7.1.5.1/lib/active_record/connection_adapters/postgresql/referential_integrity.rb:19:in `disable_referential_integrity'
    vendor/bundle/ruby/3.2.0/gems/activerecord-7.1.5.1/lib/active_record/connection_adapters/abstract/database_statements.rb:460:in `block in insert_fixtures_set'
    vendor/bundle/ruby/3.2.0/gems/activerecord-7.1.5.1/lib/active_record/connection_adapters/abstract/database_statements.rb:601:in `with_multi_statements'
    vendor/bundle/ruby/3.2.0/gems/activerecord-7.1.5.1/lib/active_record/connection_adapters/abstract/database_statements.rb:459:in `insert_fixtures_set'
    vendor/bundle/ruby/3.2.0/gems/activerecord-7.1.5.1/lib/active_record/fixtures.rb:681:in `block in insert'
    vendor/bundle/ruby/3.2.0/gems/activerecord-7.1.5.1/lib/active_record/fixtures.rb:672:in `each'
    vendor/bundle/ruby/3.2.0/gems/activerecord-7.1.5.1/lib/active_record/fixtures.rb:672:in `insert'
    vendor/bundle/ruby/3.2.0/gems/activerecord-7.1.5.1/lib/active_record/fixtures.rb:658:in `read_and_insert'
    vendor/bundle/ruby/3.2.0/gems/activerecord-7.1.5.1/lib/active_record/fixtures.rb:603:in `create_fixtures'
    vendor/bundle/ruby/3.2.0/gems/activerecord-7.1.5.1/lib/active_record/test_fixtures.rb:256:in `load_fixtures'
    vendor/bundle/ruby/3.2.0/gems/activerecord-7.1.5.1/lib/active_record/test_fixtures.rb:143:in `setup_fixtures'
    vendor/bundle/ruby/3.2.0/gems/activerecord-7.1.5.1/lib/active_record/test_fixtures.rb:10:in `before_setup'
    vendor/bundle/ruby/3.2.0/gems/activesupport-7.1.5.1/lib/active_support/testing/setup_and_teardown.rb:40:in `before_setup'
    vendor/bundle/ruby/3.2.0/gems/actionpack-7.1.5.1/lib/action_dispatch/testing/integration.rb:340:in `before_setup'
    vendor/bundle/ruby/3.2.0/gems/activejob-7.1.5.1/lib/active_job/test_helper.rb:50:in `before_setup'
    vendor/bundle/ruby/3.2.0/gems/railties-7.1.5.1/lib/rails/test_help.rb:47:in `before_setup'

bin/rails test test/controllers/training_routes_controller_test.rb:13

WARNING: Rails was not able to disable referential integrity.

This is most likely caused due to missing permissions.
Rails needs superuser privileges to disable referential integrity.

    cause: PG::InsufficientPrivilege: ERROR:  permission denied: "RI_ConstraintTrigger_c_50445" is a system trigger


RoutesControllerTest#test_should_get_edit = 0.08 s = E


Error:
RoutesControllerTest#test_should_get_edit:
ActiveRecord::InvalidForeignKey: PG::ForeignKeyViolation: ERROR:  insert or update on table "attendances" violates foreign key constraint "fk_rails_aa7947c197"
DETAIL:  Key (training_session_id)=(980190962) is not present in table "training_sessions".

    vendor/bundle/ruby/3.2.0/gems/activerecord-7.1.5.1/lib/active_record/connection_adapters/postgresql/database_statements.rb:55:in `exec'
    vendor/bundle/ruby/3.2.0/gems/activerecord-7.1.5.1/lib/active_record/connection_adapters/postgresql/database_statements.rb:55:in `block (2 levels) in raw_execute'
    vendor/bundle/ruby/3.2.0/gems/activerecord-7.1.5.1/lib/active_record/connection_adapters/abstract_adapter.rb:1027:in `block in with_raw_connection'
    vendor/bundle/ruby/3.2.0/gems/activesupport-7.1.5.1/lib/active_support/concurrency/null_lock.rb:9:in `synchronize'
    vendor/bundle/ruby/3.2.0/gems/activerecord-7.1.5.1/lib/active_record/connection_adapters/abstract_adapter.rb:999:in `with_raw_connection'
    vendor/bundle/ruby/3.2.0/gems/activerecord-7.1.5.1/lib/active_record/connection_adapters/postgresql/database_statements.rb:54:in `block in raw_execute'
    vendor/bundle/ruby/3.2.0/gems/activesupport-7.1.5.1/lib/active_support/notifications/instrumenter.rb:58:in `instrument'
    vendor/bundle/ruby/3.2.0/gems/activerecord-7.1.5.1/lib/active_record/connection_adapters/abstract_adapter.rb:1142:in `log'
    vendor/bundle/ruby/3.2.0/gems/activerecord-7.1.5.1/lib/active_record/connection_adapters/postgresql/database_statements.rb:53:in `raw_execute'
    vendor/bundle/ruby/3.2.0/gems/activerecord-7.1.5.1/lib/active_record/connection_adapters/abstract/database_statements.rb:521:in `internal_execute'
    vendor/bundle/ruby/3.2.0/gems/activerecord-7.1.5.1/lib/active_record/connection_adapters/abstract/database_statements.rb:131:in `execute'
    vendor/bundle/ruby/3.2.0/gems/activerecord-7.1.5.1/lib/active_record/connection_adapters/abstract/query_cache.rb:25:in `execute'
    vendor/bundle/ruby/3.2.0/gems/activerecord-7.1.5.1/lib/active_record/connection_adapters/postgresql/database_statements.rb:47:in `execute'
    vendor/bundle/ruby/3.2.0/gems/activerecord-7.1.5.1/lib/active_record/connection_adapters/postgresql/database_statements.rb:151:in `execute_batch'
    vendor/bundle/ruby/3.2.0/gems/activerecord-7.1.5.1/lib/active_record/connection_adapters/abstract/database_statements.rb:462:in `block (3 levels) in insert_fixtures_set'
    vendor/bundle/ruby/3.2.0/gems/activerecord-7.1.5.1/lib/active_record/connection_adapters/abstract/transaction.rb:535:in `block in within_new_transaction'
    vendor/bundle/ruby/3.2.0/gems/activesupport-7.1.5.1/lib/active_support/concurrency/null_lock.rb:9:in `synchronize'
    vendor/bundle/ruby/3.2.0/gems/activerecord-7.1.5.1/lib/active_record/connection_adapters/abstract/transaction.rb:532:in `within_new_transaction'
    vendor/bundle/ruby/3.2.0/gems/activerecord-7.1.5.1/lib/active_record/connection_adapters/abstract/database_statements.rb:344:in `transaction'
    vendor/bundle/ruby/3.2.0/gems/activerecord-7.1.5.1/lib/active_record/connection_adapters/abstract/database_statements.rb:461:in `block (2 levels) in insert_fixtures_set'
    vendor/bundle/ruby/3.2.0/gems/activerecord-7.1.5.1/lib/active_record/connection_adapters/postgresql/referential_integrity.rb:19:in `disable_referential_integrity'
    vendor/bundle/ruby/3.2.0/gems/activerecord-7.1.5.1/lib/active_record/connection_adapters/abstract/database_statements.rb:460:in `block in insert_fixtures_set'
    vendor/bundle/ruby/3.2.0/gems/activerecord-7.1.5.1/lib/active_record/connection_adapters/abstract/database_statements.rb:601:in `with_multi_statements'
    vendor/bundle/ruby/3.2.0/gems/activerecord-7.1.5.1/lib/active_record/connection_adapters/abstract/database_statements.rb:459:in `insert_fixtures_set'
    vendor/bundle/ruby/3.2.0/gems/activerecord-7.1.5.1/lib/active_record/fixtures.rb:681:in `block in insert'
    vendor/bundle/ruby/3.2.0/gems/activerecord-7.1.5.1/lib/active_record/fixtures.rb:672:in `each'
    vendor/bundle/ruby/3.2.0/gems/activerecord-7.1.5.1/lib/active_record/fixtures.rb:672:in `insert'
    vendor/bundle/ruby/3.2.0/gems/activerecord-7.1.5.1/lib/active_record/fixtures.rb:658:in `read_and_insert'
    vendor/bundle/ruby/3.2.0/gems/activerecord-7.1.5.1/lib/active_record/fixtures.rb:603:in `create_fixtures'
    vendor/bundle/ruby/3.2.0/gems/activerecord-7.1.5.1/lib/active_record/test_fixtures.rb:256:in `load_fixtures'
    vendor/bundle/ruby/3.2.0/gems/activerecord-7.1.5.1/lib/active_record/test_fixtures.rb:143:in `setup_fixtures'
    vendor/bundle/ruby/3.2.0/gems/activerecord-7.1.5.1/lib/active_record/test_fixtures.rb:10:in `before_setup'
    vendor/bundle/ruby/3.2.0/gems/activesupport-7.1.5.1/lib/active_support/testing/setup_and_teardown.rb:40:in `before_setup'
    vendor/bundle/ruby/3.2.0/gems/actionpack-7.1.5.1/lib/action_dispatch/testing/integration.rb:340:in `before_setup'
    vendor/bundle/ruby/3.2.0/gems/activejob-7.1.5.1/lib/active_job/test_helper.rb:50:in `before_setup'
    vendor/bundle/ruby/3.2.0/gems/railties-7.1.5.1/lib/rails/test_help.rb:47:in `before_setup'

bin/rails test test/controllers/routes_controller_test.rb:31

WARNING: Rails was not able to disable referential integrity.

This is most likely caused due to missing permissions.
Rails needs superuser privileges to disable referential integrity.

    cause: PG::InsufficientPrivilege: ERROR:  permission denied: "RI_ConstraintTrigger_c_50591" is a system trigger


RoutesControllerTest#test_should_destroy_route = 0.08 s = E


Error:
RoutesControllerTest#test_should_destroy_route:
ActiveRecord::InvalidForeignKey: PG::ForeignKeyViolation: ERROR:  insert or update on table "attendances" violates foreign key constraint "fk_rails_aa7947c197"
DETAIL:  Key (training_session_id)=(980190962) is not present in table "training_sessions".

    vendor/bundle/ruby/3.2.0/gems/activerecord-7.1.5.1/lib/active_record/connection_adapters/postgresql/database_statements.rb:55:in `exec'
    vendor/bundle/ruby/3.2.0/gems/activerecord-7.1.5.1/lib/active_record/connection_adapters/postgresql/database_statements.rb:55:in `block (2 levels) in raw_execute'
    vendor/bundle/ruby/3.2.0/gems/activerecord-7.1.5.1/lib/active_record/connection_adapters/abstract_adapter.rb:1027:in `block in with_raw_connection'
    vendor/bundle/ruby/3.2.0/gems/activesupport-7.1.5.1/lib/active_support/concurrency/null_lock.rb:9:in `synchronize'
    vendor/bundle/ruby/3.2.0/gems/activerecord-7.1.5.1/lib/active_record/connection_adapters/abstract_adapter.rb:999:in `with_raw_connection'
    vendor/bundle/ruby/3.2.0/gems/activerecord-7.1.5.1/lib/active_record/connection_adapters/postgresql/database_statements.rb:54:in `block in raw_execute'
    vendor/bundle/ruby/3.2.0/gems/activesupport-7.1.5.1/lib/active_support/notifications/instrumenter.rb:58:in `instrument'
    vendor/bundle/ruby/3.2.0/gems/activerecord-7.1.5.1/lib/active_record/connection_adapters/abstract_adapter.rb:1142:in `log'
    vendor/bundle/ruby/3.2.0/gems/activerecord-7.1.5.1/lib/active_record/connection_adapters/postgresql/database_statements.rb:53:in `raw_execute'
    vendor/bundle/ruby/3.2.0/gems/activerecord-7.1.5.1/lib/active_record/connection_adapters/abstract/database_statements.rb:521:in `internal_execute'
    vendor/bundle/ruby/3.2.0/gems/activerecord-7.1.5.1/lib/active_record/connection_adapters/abstract/database_statements.rb:131:in `execute'
    vendor/bundle/ruby/3.2.0/gems/activerecord-7.1.5.1/lib/active_record/connection_adapters/abstract/query_cache.rb:25:in `execute'
    vendor/bundle/ruby/3.2.0/gems/activerecord-7.1.5.1/lib/active_record/connection_adapters/postgresql/database_statements.rb:47:in `execute'
    vendor/bundle/ruby/3.2.0/gems/activerecord-7.1.5.1/lib/active_record/connection_adapters/postgresql/database_statements.rb:151:in `execute_batch'
    vendor/bundle/ruby/3.2.0/gems/activerecord-7.1.5.1/lib/active_record/connection_adapters/abstract/database_statements.rb:462:in `block (3 levels) in insert_fixtures_set'
    vendor/bundle/ruby/3.2.0/gems/activerecord-7.1.5.1/lib/active_record/connection_adapters/abstract/transaction.rb:535:in `block in within_new_transaction'
    vendor/bundle/ruby/3.2.0/gems/activesupport-7.1.5.1/lib/active_support/concurrency/null_lock.rb:9:in `synchronize'
    vendor/bundle/ruby/3.2.0/gems/activerecord-7.1.5.1/lib/active_record/connection_adapters/abstract/transaction.rb:532:in `within_new_transaction'
    vendor/bundle/ruby/3.2.0/gems/activerecord-7.1.5.1/lib/active_record/connection_adapters/abstract/database_statements.rb:344:in `transaction'
    vendor/bundle/ruby/3.2.0/gems/activerecord-7.1.5.1/lib/active_record/connection_adapters/abstract/database_statements.rb:461:in `block (2 levels) in insert_fixtures_set'
    vendor/bundle/ruby/3.2.0/gems/activerecord-7.1.5.1/lib/active_record/connection_adapters/postgresql/referential_integrity.rb:19:in `disable_referential_integrity'
    vendor/bundle/ruby/3.2.0/gems/activerecord-7.1.5.1/lib/active_record/connection_adapters/abstract/database_statements.rb:460:in `block in insert_fixtures_set'
    vendor/bundle/ruby/3.2.0/gems/activerecord-7.1.5.1/lib/active_record/connection_adapters/abstract/database_statements.rb:601:in `with_multi_statements'
    vendor/bundle/ruby/3.2.0/gems/activerecord-7.1.5.1/lib/active_record/connection_adapters/abstract/database_statements.rb:459:in `insert_fixtures_set'
    vendor/bundle/ruby/3.2.0/gems/activerecord-7.1.5.1/lib/active_record/fixtures.rb:681:in `block in insert'
    vendor/bundle/ruby/3.2.0/gems/activerecord-7.1.5.1/lib/active_record/fixtures.rb:672:in `each'
    vendor/bundle/ruby/3.2.0/gems/activerecord-7.1.5.1/lib/active_record/fixtures.rb:672:in `insert'
    vendor/bundle/ruby/3.2.0/gems/activerecord-7.1.5.1/lib/active_record/fixtures.rb:658:in `read_and_insert'
    vendor/bundle/ruby/3.2.0/gems/activerecord-7.1.5.1/lib/active_record/fixtures.rb:603:in `create_fixtures'
    vendor/bundle/ruby/3.2.0/gems/activerecord-7.1.5.1/lib/active_record/test_fixtures.rb:256:in `load_fixtures'
    vendor/bundle/ruby/3.2.0/gems/activerecord-7.1.5.1/lib/active_record/test_fixtures.rb:143:in `setup_fixtures'
    vendor/bundle/ruby/3.2.0/gems/activerecord-7.1.5.1/lib/active_record/test_fixtures.rb:10:in `before_setup'
    vendor/bundle/ruby/3.2.0/gems/activesupport-7.1.5.1/lib/active_support/testing/setup_and_teardown.rb:40:in `before_setup'
    vendor/bundle/ruby/3.2.0/gems/actionpack-7.1.5.1/lib/action_dispatch/testing/integration.rb:340:in `before_setup'
    vendor/bundle/ruby/3.2.0/gems/activejob-7.1.5.1/lib/active_job/test_helper.rb:50:in `before_setup'
    vendor/bundle/ruby/3.2.0/gems/railties-7.1.5.1/lib/rails/test_help.rb:47:in `before_setup'

bin/rails test test/controllers/routes_controller_test.rb:41

WARNING: Rails was not able to disable referential integrity.

This is most likely caused due to missing permissions.
Rails needs superuser privileges to disable referential integrity.

    cause: PG::InsufficientPrivilege: ERROR:  permission denied: "RI_ConstraintTrigger_c_50531" is a system trigger


PhotosControllerTest#test_should_create_photo = 0.04 s = E


Error:
PhotosControllerTest#test_should_create_photo:
ActiveRecord::InvalidForeignKey: PG::ForeignKeyViolation: ERROR:  insert or update on table "attendances" violates foreign key constraint "fk_rails_aa7947c197"
DETAIL:  Key (training_session_id)=(980190962) is not present in table "training_sessions".

    vendor/bundle/ruby/3.2.0/gems/activerecord-7.1.5.1/lib/active_record/connection_adapters/postgresql/database_statements.rb:55:in `exec'
    vendor/bundle/ruby/3.2.0/gems/activerecord-7.1.5.1/lib/active_record/connection_adapters/postgresql/database_statements.rb:55:in `block (2 levels) in raw_execute'
    vendor/bundle/ruby/3.2.0/gems/activerecord-7.1.5.1/lib/active_record/connection_adapters/abstract_adapter.rb:1027:in `block in with_raw_connection'
    vendor/bundle/ruby/3.2.0/gems/activesupport-7.1.5.1/lib/active_support/concurrency/null_lock.rb:9:in `synchronize'
    vendor/bundle/ruby/3.2.0/gems/activerecord-7.1.5.1/lib/active_record/connection_adapters/abstract_adapter.rb:999:in `with_raw_connection'
    vendor/bundle/ruby/3.2.0/gems/activerecord-7.1.5.1/lib/active_record/connection_adapters/postgresql/database_statements.rb:54:in `block in raw_execute'
    vendor/bundle/ruby/3.2.0/gems/activesupport-7.1.5.1/lib/active_support/notifications/instrumenter.rb:58:in `instrument'
    vendor/bundle/ruby/3.2.0/gems/activerecord-7.1.5.1/lib/active_record/connection_adapters/abstract_adapter.rb:1142:in `log'
    vendor/bundle/ruby/3.2.0/gems/activerecord-7.1.5.1/lib/active_record/connection_adapters/postgresql/database_statements.rb:53:in `raw_execute'
    vendor/bundle/ruby/3.2.0/gems/activerecord-7.1.5.1/lib/active_record/connection_adapters/abstract/database_statements.rb:521:in `internal_execute'
    vendor/bundle/ruby/3.2.0/gems/activerecord-7.1.5.1/lib/active_record/connection_adapters/abstract/database_statements.rb:131:in `execute'
    vendor/bundle/ruby/3.2.0/gems/activerecord-7.1.5.1/lib/active_record/connection_adapters/abstract/query_cache.rb:25:in `execute'
    vendor/bundle/ruby/3.2.0/gems/activerecord-7.1.5.1/lib/active_record/connection_adapters/postgresql/database_statements.rb:47:in `execute'
    vendor/bundle/ruby/3.2.0/gems/activerecord-7.1.5.1/lib/active_record/connection_adapters/postgresql/database_statements.rb:151:in `execute_batch'
    vendor/bundle/ruby/3.2.0/gems/activerecord-7.1.5.1/lib/active_record/connection_adapters/abstract/database_statements.rb:462:in `block (3 levels) in insert_fixtures_set'
    vendor/bundle/ruby/3.2.0/gems/activerecord-7.1.5.1/lib/active_record/connection_adapters/abstract/transaction.rb:535:in `block in within_new_transaction'
    vendor/bundle/ruby/3.2.0/gems/activesupport-7.1.5.1/lib/active_support/concurrency/null_lock.rb:9:in `synchronize'
    vendor/bundle/ruby/3.2.0/gems/activerecord-7.1.5.1/lib/active_record/connection_adapters/abstract/transaction.rb:532:in `within_new_transaction'
    vendor/bundle/ruby/3.2.0/gems/activerecord-7.1.5.1/lib/active_record/connection_adapters/abstract/database_statements.rb:344:in `transaction'
    vendor/bundle/ruby/3.2.0/gems/activerecord-7.1.5.1/lib/active_record/connection_adapters/abstract/database_statements.rb:461:in `block (2 levels) in insert_fixtures_set'
    vendor/bundle/ruby/3.2.0/gems/activerecord-7.1.5.1/lib/active_record/connection_adapters/postgresql/referential_integrity.rb:19:in `disable_referential_integrity'
    vendor/bundle/ruby/3.2.0/gems/activerecord-7.1.5.1/lib/active_record/connection_adapters/abstract/database_statements.rb:460:in `block in insert_fixtures_set'
    vendor/bundle/ruby/3.2.0/gems/activerecord-7.1.5.1/lib/active_record/connection_adapters/abstract/database_statements.rb:601:in `with_multi_statements'
    vendor/bundle/ruby/3.2.0/gems/activerecord-7.1.5.1/lib/active_record/connection_adapters/abstract/database_statements.rb:459:in `insert_fixtures_set'
    vendor/bundle/ruby/3.2.0/gems/activerecord-7.1.5.1/lib/active_record/fixtures.rb:681:in `block in insert'
    vendor/bundle/ruby/3.2.0/gems/activerecord-7.1.5.1/lib/active_record/fixtures.rb:672:in `each'
    vendor/bundle/ruby/3.2.0/gems/activerecord-7.1.5.1/lib/active_record/fixtures.rb:672:in `insert'
    vendor/bundle/ruby/3.2.0/gems/activerecord-7.1.5.1/lib/active_record/fixtures.rb:658:in `read_and_insert'
    vendor/bundle/ruby/3.2.0/gems/activerecord-7.1.5.1/lib/active_record/fixtures.rb:603:in `create_fixtures'
    vendor/bundle/ruby/3.2.0/gems/activerecord-7.1.5.1/lib/active_record/test_fixtures.rb:256:in `load_fixtures'
    vendor/bundle/ruby/3.2.0/gems/activerecord-7.1.5.1/lib/active_record/test_fixtures.rb:143:in `setup_fixtures'
    vendor/bundle/ruby/3.2.0/gems/activerecord-7.1.5.1/lib/active_record/test_fixtures.rb:10:in `before_setup'
    vendor/bundle/ruby/3.2.0/gems/activesupport-7.1.5.1/lib/active_support/testing/setup_and_teardown.rb:40:in `before_setup'
    vendor/bundle/ruby/3.2.0/gems/actionpack-7.1.5.1/lib/action_dispatch/testing/integration.rb:340:in `before_setup'
    vendor/bundle/ruby/3.2.0/gems/activejob-7.1.5.1/lib/active_job/test_helper.rb:50:in `before_setup'
    vendor/bundle/ruby/3.2.0/gems/railties-7.1.5.1/lib/rails/test_help.rb:47:in `before_setup'

bin/rails test test/controllers/photos_controller_test.rb:18

WARNING: Rails was not able to disable referential integrity.

This is most likely caused due to missing permissions.
Rails needs superuser privileges to disable referential integrity.

    cause: PG::InsufficientPrivilege: ERROR:  permission denied: "RI_ConstraintTrigger_c_50466" is a system trigger


PhotosControllerTest#test_should_get_index = 0.04 s = E


Error:
PhotosControllerTest#test_should_get_index:
ActiveRecord::InvalidForeignKey: PG::ForeignKeyViolation: ERROR:  insert or update on table "attendances" violates foreign key constraint "fk_rails_aa7947c197"
DETAIL:  Key (training_session_id)=(980190962) is not present in table "training_sessions".

    vendor/bundle/ruby/3.2.0/gems/activerecord-7.1.5.1/lib/active_record/connection_adapters/postgresql/database_statements.rb:55:in `exec'
    vendor/bundle/ruby/3.2.0/gems/activerecord-7.1.5.1/lib/active_record/connection_adapters/postgresql/database_statements.rb:55:in `block (2 levels) in raw_execute'
    vendor/bundle/ruby/3.2.0/gems/activerecord-7.1.5.1/lib/active_record/connection_adapters/abstract_adapter.rb:1027:in `block in with_raw_connection'
    vendor/bundle/ruby/3.2.0/gems/activesupport-7.1.5.1/lib/active_support/concurrency/null_lock.rb:9:in `synchronize'
    vendor/bundle/ruby/3.2.0/gems/activerecord-7.1.5.1/lib/active_record/connection_adapters/abstract_adapter.rb:999:in `with_raw_connection'
    vendor/bundle/ruby/3.2.0/gems/activerecord-7.1.5.1/lib/active_record/connection_adapters/postgresql/database_statements.rb:54:in `block in raw_execute'
    vendor/bundle/ruby/3.2.0/gems/activesupport-7.1.5.1/lib/active_support/notifications/instrumenter.rb:58:in `instrument'
    vendor/bundle/ruby/3.2.0/gems/activerecord-7.1.5.1/lib/active_record/connection_adapters/abstract_adapter.rb:1142:in `log'
    vendor/bundle/ruby/3.2.0/gems/activerecord-7.1.5.1/lib/active_record/connection_adapters/postgresql/database_statements.rb:53:in `raw_execute'
    vendor/bundle/ruby/3.2.0/gems/activerecord-7.1.5.1/lib/active_record/connection_adapters/abstract/database_statements.rb:521:in `internal_execute'
    vendor/bundle/ruby/3.2.0/gems/activerecord-7.1.5.1/lib/active_record/connection_adapters/abstract/database_statements.rb:131:in `execute'
    vendor/bundle/ruby/3.2.0/gems/activerecord-7.1.5.1/lib/active_record/connection_adapters/abstract/query_cache.rb:25:in `execute'
    vendor/bundle/ruby/3.2.0/gems/activerecord-7.1.5.1/lib/active_record/connection_adapters/postgresql/database_statements.rb:47:in `execute'
    vendor/bundle/ruby/3.2.0/gems/activerecord-7.1.5.1/lib/active_record/connection_adapters/postgresql/database_statements.rb:151:in `execute_batch'
    vendor/bundle/ruby/3.2.0/gems/activerecord-7.1.5.1/lib/active_record/connection_adapters/abstract/database_statements.rb:462:in `block (3 levels) in insert_fixtures_set'
    vendor/bundle/ruby/3.2.0/gems/activerecord-7.1.5.1/lib/active_record/connection_adapters/abstract/transaction.rb:535:in `block in within_new_transaction'
    vendor/bundle/ruby/3.2.0/gems/activesupport-7.1.5.1/lib/active_support/concurrency/null_lock.rb:9:in `synchronize'
    vendor/bundle/ruby/3.2.0/gems/activerecord-7.1.5.1/lib/active_record/connection_adapters/abstract/transaction.rb:532:in `within_new_transaction'
    vendor/bundle/ruby/3.2.0/gems/activerecord-7.1.5.1/lib/active_record/connection_adapters/abstract/database_statements.rb:344:in `transaction'
    vendor/bundle/ruby/3.2.0/gems/activerecord-7.1.5.1/lib/active_record/connection_adapters/abstract/database_statements.rb:461:in `block (2 levels) in insert_fixtures_set'
    vendor/bundle/ruby/3.2.0/gems/activerecord-7.1.5.1/lib/active_record/connection_adapters/postgresql/referential_integrity.rb:19:in `disable_referential_integrity'
    vendor/bundle/ruby/3.2.0/gems/activerecord-7.1.5.1/lib/active_record/connection_adapters/abstract/database_statements.rb:460:in `block in insert_fixtures_set'
    vendor/bundle/ruby/3.2.0/gems/activerecord-7.1.5.1/lib/active_record/connection_adapters/abstract/database_statements.rb:601:in `with_multi_statements'
    vendor/bundle/ruby/3.2.0/gems/activerecord-7.1.5.1/lib/active_record/connection_adapters/abstract/database_statements.rb:459:in `insert_fixtures_set'
    vendor/bundle/ruby/3.2.0/gems/activerecord-7.1.5.1/lib/active_record/fixtures.rb:681:in `block in insert'
    vendor/bundle/ruby/3.2.0/gems/activerecord-7.1.5.1/lib/active_record/fixtures.rb:672:in `each'
    vendor/bundle/ruby/3.2.0/gems/activerecord-7.1.5.1/lib/active_record/fixtures.rb:672:in `insert'
    vendor/bundle/ruby/3.2.0/gems/activerecord-7.1.5.1/lib/active_record/fixtures.rb:658:in `read_and_insert'
    vendor/bundle/ruby/3.2.0/gems/activerecord-7.1.5.1/lib/active_record/fixtures.rb:603:in `create_fixtures'
    vendor/bundle/ruby/3.2.0/gems/activerecord-7.1.5.1/lib/active_record/test_fixtures.rb:256:in `load_fixtures'
    vendor/bundle/ruby/3.2.0/gems/activerecord-7.1.5.1/lib/active_record/test_fixtures.rb:143:in `setup_fixtures'
    vendor/bundle/ruby/3.2.0/gems/activerecord-7.1.5.1/lib/active_record/test_fixtures.rb:10:in `before_setup'
    vendor/bundle/ruby/3.2.0/gems/activesupport-7.1.5.1/lib/active_support/testing/setup_and_teardown.rb:40:in `before_setup'
    vendor/bundle/ruby/3.2.0/gems/actionpack-7.1.5.1/lib/action_dispatch/testing/integration.rb:340:in `before_setup'
    vendor/bundle/ruby/3.2.0/gems/activejob-7.1.5.1/lib/active_job/test_helper.rb:50:in `before_setup'
    vendor/bundle/ruby/3.2.0/gems/railties-7.1.5.1/lib/rails/test_help.rb:47:in `before_setup'

bin/rails test test/controllers/photos_controller_test.rb:8

WARNING: Rails was not able to disable referential integrity.

This is most likely caused due to missing permissions.
Rails needs superuser privileges to disable referential integrity.

    cause: PG::InsufficientPrivilege: ERROR:  permission denied: "RI_ConstraintTrigger_c_50466" is a system trigger


PhotosControllerTest#test_should_destroy_photo = 0.03 s = E


Error:
PhotosControllerTest#test_should_destroy_photo:
ActiveRecord::InvalidForeignKey: PG::ForeignKeyViolation: ERROR:  insert or update on table "attendances" violates foreign key constraint "fk_rails_aa7947c197"
DETAIL:  Key (training_session_id)=(980190962) is not present in table "training_sessions".

    vendor/bundle/ruby/3.2.0/gems/activerecord-7.1.5.1/lib/active_record/connection_adapters/postgresql/database_statements.rb:55:in `exec'
    vendor/bundle/ruby/3.2.0/gems/activerecord-7.1.5.1/lib/active_record/connection_adapters/postgresql/database_statements.rb:55:in `block (2 levels) in raw_execute'
    vendor/bundle/ruby/3.2.0/gems/activerecord-7.1.5.1/lib/active_record/connection_adapters/abstract_adapter.rb:1027:in `block in with_raw_connection'
    vendor/bundle/ruby/3.2.0/gems/activesupport-7.1.5.1/lib/active_support/concurrency/null_lock.rb:9:in `synchronize'
    vendor/bundle/ruby/3.2.0/gems/activerecord-7.1.5.1/lib/active_record/connection_adapters/abstract_adapter.rb:999:in `with_raw_connection'
    vendor/bundle/ruby/3.2.0/gems/activerecord-7.1.5.1/lib/active_record/connection_adapters/postgresql/database_statements.rb:54:in `block in raw_execute'
    vendor/bundle/ruby/3.2.0/gems/activesupport-7.1.5.1/lib/active_support/notifications/instrumenter.rb:58:in `instrument'
    vendor/bundle/ruby/3.2.0/gems/activerecord-7.1.5.1/lib/active_record/connection_adapters/abstract_adapter.rb:1142:in `log'
    vendor/bundle/ruby/3.2.0/gems/activerecord-7.1.5.1/lib/active_record/connection_adapters/postgresql/database_statements.rb:53:in `raw_execute'
    vendor/bundle/ruby/3.2.0/gems/activerecord-7.1.5.1/lib/active_record/connection_adapters/abstract/database_statements.rb:521:in `internal_execute'
    vendor/bundle/ruby/3.2.0/gems/activerecord-7.1.5.1/lib/active_record/connection_adapters/abstract/database_statements.rb:131:in `execute'
    vendor/bundle/ruby/3.2.0/gems/activerecord-7.1.5.1/lib/active_record/connection_adapters/abstract/query_cache.rb:25:in `execute'
    vendor/bundle/ruby/3.2.0/gems/activerecord-7.1.5.1/lib/active_record/connection_adapters/postgresql/database_statements.rb:47:in `execute'
    vendor/bundle/ruby/3.2.0/gems/activerecord-7.1.5.1/lib/active_record/connection_adapters/postgresql/database_statements.rb:151:in `execute_batch'
    vendor/bundle/ruby/3.2.0/gems/activerecord-7.1.5.1/lib/active_record/connection_adapters/abstract/database_statements.rb:462:in `block (3 levels) in insert_fixtures_set'
    vendor/bundle/ruby/3.2.0/gems/activerecord-7.1.5.1/lib/active_record/connection_adapters/abstract/transaction.rb:535:in `block in within_new_transaction'
    vendor/bundle/ruby/3.2.0/gems/activesupport-7.1.5.1/lib/active_support/concurrency/null_lock.rb:9:in `synchronize'
    vendor/bundle/ruby/3.2.0/gems/activerecord-7.1.5.1/lib/active_record/connection_adapters/abstract/transaction.rb:532:in `within_new_transaction'
    vendor/bundle/ruby/3.2.0/gems/activerecord-7.1.5.1/lib/active_record/connection_adapters/abstract/database_statements.rb:344:in `transaction'
    vendor/bundle/ruby/3.2.0/gems/activerecord-7.1.5.1/lib/active_record/connection_adapters/abstract/database_statements.rb:461:in `block (2 levels) in insert_fixtures_set'
    vendor/bundle/ruby/3.2.0/gems/activerecord-7.1.5.1/lib/active_record/connection_adapters/postgresql/referential_integrity.rb:19:in `disable_referential_integrity'
    vendor/bundle/ruby/3.2.0/gems/activerecord-7.1.5.1/lib/active_record/connection_adapters/abstract/database_statements.rb:460:in `block in insert_fixtures_set'
    vendor/bundle/ruby/3.2.0/gems/activerecord-7.1.5.1/lib/active_record/connection_adapters/abstract/database_statements.rb:601:in `with_multi_statements'
    vendor/bundle/ruby/3.2.0/gems/activerecord-7.1.5.1/lib/active_record/connection_adapters/abstract/database_statements.rb:459:in `insert_fixtures_set'
    vendor/bundle/ruby/3.2.0/gems/activerecord-7.1.5.1/lib/active_record/fixtures.rb:681:in `block in insert'
    vendor/bundle/ruby/3.2.0/gems/activerecord-7.1.5.1/lib/active_record/fixtures.rb:672:in `each'
    vendor/bundle/ruby/3.2.0/gems/activerecord-7.1.5.1/lib/active_record/fixtures.rb:672:in `insert'
    vendor/bundle/ruby/3.2.0/gems/activerecord-7.1.5.1/lib/active_record/fixtures.rb:658:in `read_and_insert'
    vendor/bundle/ruby/3.2.0/gems/activerecord-7.1.5.1/lib/active_record/fixtures.rb:603:in `create_fixtures'
    vendor/bundle/ruby/3.2.0/gems/activerecord-7.1.5.1/lib/active_record/test_fixtures.rb:256:in `load_fixtures'
    vendor/bundle/ruby/3.2.0/gems/activerecord-7.1.5.1/lib/active_record/test_fixtures.rb:143:in `setup_fixtures'
    vendor/bundle/ruby/3.2.0/gems/activerecord-7.1.5.1/lib/active_record/test_fixtures.rb:10:in `before_setup'
    vendor/bundle/ruby/3.2.0/gems/activesupport-7.1.5.1/lib/active_support/testing/setup_and_teardown.rb:40:in `before_setup'
    vendor/bundle/ruby/3.2.0/gems/actionpack-7.1.5.1/lib/action_dispatch/testing/integration.rb:340:in `before_setup'
    vendor/bundle/ruby/3.2.0/gems/activejob-7.1.5.1/lib/active_job/test_helper.rb:50:in `before_setup'
    vendor/bundle/ruby/3.2.0/gems/railties-7.1.5.1/lib/rails/test_help.rb:47:in `before_setup'

bin/rails test test/controllers/photos_controller_test.rb:41

WARNING: Rails was not able to disable referential integrity.

This is most likely caused due to missing permissions.
Rails needs superuser privileges to disable referential integrity.

    cause: PG::InsufficientPrivilege: ERROR:  permission denied: "RI_ConstraintTrigger_c_50531" is a system trigger


PhotosControllerTest#test_should_get_edit = 0.04 s = E


Error:
PhotosControllerTest#test_should_get_edit:
ActiveRecord::InvalidForeignKey: PG::ForeignKeyViolation: ERROR:  insert or update on table "attendances" violates foreign key constraint "fk_rails_aa7947c197"
DETAIL:  Key (training_session_id)=(980190962) is not present in table "training_sessions".

    vendor/bundle/ruby/3.2.0/gems/activerecord-7.1.5.1/lib/active_record/connection_adapters/postgresql/database_statements.rb:55:in `exec'
    vendor/bundle/ruby/3.2.0/gems/activerecord-7.1.5.1/lib/active_record/connection_adapters/postgresql/database_statements.rb:55:in `block (2 levels) in raw_execute'
    vendor/bundle/ruby/3.2.0/gems/activerecord-7.1.5.1/lib/active_record/connection_adapters/abstract_adapter.rb:1027:in `block in with_raw_connection'
    vendor/bundle/ruby/3.2.0/gems/activesupport-7.1.5.1/lib/active_support/concurrency/null_lock.rb:9:in `synchronize'
    vendor/bundle/ruby/3.2.0/gems/activerecord-7.1.5.1/lib/active_record/connection_adapters/abstract_adapter.rb:999:in `with_raw_connection'
    vendor/bundle/ruby/3.2.0/gems/activerecord-7.1.5.1/lib/active_record/connection_adapters/postgresql/database_statements.rb:54:in `block in raw_execute'
    vendor/bundle/ruby/3.2.0/gems/activesupport-7.1.5.1/lib/active_support/notifications/instrumenter.rb:58:in `instrument'
    vendor/bundle/ruby/3.2.0/gems/activerecord-7.1.5.1/lib/active_record/connection_adapters/abstract_adapter.rb:1142:in `log'
    vendor/bundle/ruby/3.2.0/gems/activerecord-7.1.5.1/lib/active_record/connection_adapters/postgresql/database_statements.rb:53:in `raw_execute'
    vendor/bundle/ruby/3.2.0/gems/activerecord-7.1.5.1/lib/active_record/connection_adapters/abstract/database_statements.rb:521:in `internal_execute'
    vendor/bundle/ruby/3.2.0/gems/activerecord-7.1.5.1/lib/active_record/connection_adapters/abstract/database_statements.rb:131:in `execute'
    vendor/bundle/ruby/3.2.0/gems/activerecord-7.1.5.1/lib/active_record/connection_adapters/abstract/query_cache.rb:25:in `execute'
    vendor/bundle/ruby/3.2.0/gems/activerecord-7.1.5.1/lib/active_record/connection_adapters/postgresql/database_statements.rb:47:in `execute'
    vendor/bundle/ruby/3.2.0/gems/activerecord-7.1.5.1/lib/active_record/connection_adapters/postgresql/database_statements.rb:151:in `execute_batch'
    vendor/bundle/ruby/3.2.0/gems/activerecord-7.1.5.1/lib/active_record/connection_adapters/abstract/database_statements.rb:462:in `block (3 levels) in insert_fixtures_set'
    vendor/bundle/ruby/3.2.0/gems/activerecord-7.1.5.1/lib/active_record/connection_adapters/abstract/transaction.rb:535:in `block in within_new_transaction'
    vendor/bundle/ruby/3.2.0/gems/activesupport-7.1.5.1/lib/active_support/concurrency/null_lock.rb:9:in `synchronize'
    vendor/bundle/ruby/3.2.0/gems/activerecord-7.1.5.1/lib/active_record/connection_adapters/abstract/transaction.rb:532:in `within_new_transaction'
    vendor/bundle/ruby/3.2.0/gems/activerecord-7.1.5.1/lib/active_record/connection_adapters/abstract/database_statements.rb:344:in `transaction'
    vendor/bundle/ruby/3.2.0/gems/activerecord-7.1.5.1/lib/active_record/connection_adapters/abstract/database_statements.rb:461:in `block (2 levels) in insert_fixtures_set'
    vendor/bundle/ruby/3.2.0/gems/activerecord-7.1.5.1/lib/active_record/connection_adapters/postgresql/referential_integrity.rb:19:in `disable_referential_integrity'
    vendor/bundle/ruby/3.2.0/gems/activerecord-7.1.5.1/lib/active_record/connection_adapters/abstract/database_statements.rb:460:in `block in insert_fixtures_set'
    vendor/bundle/ruby/3.2.0/gems/activerecord-7.1.5.1/lib/active_record/connection_adapters/abstract/database_statements.rb:601:in `with_multi_statements'
    vendor/bundle/ruby/3.2.0/gems/activerecord-7.1.5.1/lib/active_record/connection_adapters/abstract/database_statements.rb:459:in `insert_fixtures_set'
    vendor/bundle/ruby/3.2.0/gems/activerecord-7.1.5.1/lib/active_record/fixtures.rb:681:in `block in insert'
    vendor/bundle/ruby/3.2.0/gems/activerecord-7.1.5.1/lib/active_record/fixtures.rb:672:in `each'
    vendor/bundle/ruby/3.2.0/gems/activerecord-7.1.5.1/lib/active_record/fixtures.rb:672:in `insert'
    vendor/bundle/ruby/3.2.0/gems/activerecord-7.1.5.1/lib/active_record/fixtures.rb:658:in `read_and_insert'
    vendor/bundle/ruby/3.2.0/gems/activerecord-7.1.5.1/lib/active_record/fixtures.rb:603:in `create_fixtures'
    vendor/bundle/ruby/3.2.0/gems/activerecord-7.1.5.1/lib/active_record/test_fixtures.rb:256:in `load_fixtures'
    vendor/bundle/ruby/3.2.0/gems/activerecord-7.1.5.1/lib/active_record/test_fixtures.rb:143:in `setup_fixtures'
    vendor/bundle/ruby/3.2.0/gems/activerecord-7.1.5.1/lib/active_record/test_fixtures.rb:10:in `before_setup'
    vendor/bundle/ruby/3.2.0/gems/activesupport-7.1.5.1/lib/active_support/testing/setup_and_teardown.rb:40:in `before_setup'
    vendor/bundle/ruby/3.2.0/gems/actionpack-7.1.5.1/lib/action_dispatch/testing/integration.rb:340:in `before_setup'
    vendor/bundle/ruby/3.2.0/gems/activejob-7.1.5.1/lib/active_job/test_helper.rb:50:in `before_setup'
    vendor/bundle/ruby/3.2.0/gems/railties-7.1.5.1/lib/rails/test_help.rb:47:in `before_setup'

bin/rails test test/controllers/photos_controller_test.rb:31

WARNING: Rails was not able to disable referential integrity.

This is most likely caused due to missing permissions.
Rails needs superuser privileges to disable referential integrity.

    cause: PG::InsufficientPrivilege: ERROR:  permission denied: "RI_ConstraintTrigger_c_50591" is a system trigger


PhotosControllerTest#test_should_show_photo = 0.08 s = E


Error:
PhotosControllerTest#test_should_show_photo:
ActiveRecord::InvalidForeignKey: PG::ForeignKeyViolation: ERROR:  insert or update on table "attendances" violates foreign key constraint "fk_rails_aa7947c197"
DETAIL:  Key (training_session_id)=(980190962) is not present in table "training_sessions".

    vendor/bundle/ruby/3.2.0/gems/activerecord-7.1.5.1/lib/active_record/connection_adapters/postgresql/database_statements.rb:55:in `exec'
    vendor/bundle/ruby/3.2.0/gems/activerecord-7.1.5.1/lib/active_record/connection_adapters/postgresql/database_statements.rb:55:in `block (2 levels) in raw_execute'
    vendor/bundle/ruby/3.2.0/gems/activerecord-7.1.5.1/lib/active_record/connection_adapters/abstract_adapter.rb:1027:in `block in with_raw_connection'
    vendor/bundle/ruby/3.2.0/gems/activesupport-7.1.5.1/lib/active_support/concurrency/null_lock.rb:9:in `synchronize'
    vendor/bundle/ruby/3.2.0/gems/activerecord-7.1.5.1/lib/active_record/connection_adapters/abstract_adapter.rb:999:in `with_raw_connection'
    vendor/bundle/ruby/3.2.0/gems/activerecord-7.1.5.1/lib/active_record/connection_adapters/postgresql/database_statements.rb:54:in `block in raw_execute'
    vendor/bundle/ruby/3.2.0/gems/activesupport-7.1.5.1/lib/active_support/notifications/instrumenter.rb:58:in `instrument'
    vendor/bundle/ruby/3.2.0/gems/activerecord-7.1.5.1/lib/active_record/connection_adapters/abstract_adapter.rb:1142:in `log'
    vendor/bundle/ruby/3.2.0/gems/activerecord-7.1.5.1/lib/active_record/connection_adapters/postgresql/database_statements.rb:53:in `raw_execute'
    vendor/bundle/ruby/3.2.0/gems/activerecord-7.1.5.1/lib/active_record/connection_adapters/abstract/database_statements.rb:521:in `internal_execute'
    vendor/bundle/ruby/3.2.0/gems/activerecord-7.1.5.1/lib/active_record/connection_adapters/abstract/database_statements.rb:131:in `execute'
    vendor/bundle/ruby/3.2.0/gems/activerecord-7.1.5.1/lib/active_record/connection_adapters/abstract/query_cache.rb:25:in `execute'
    vendor/bundle/ruby/3.2.0/gems/activerecord-7.1.5.1/lib/active_record/connection_adapters/postgresql/database_statements.rb:47:in `execute'
    vendor/bundle/ruby/3.2.0/gems/activerecord-7.1.5.1/lib/active_record/connection_adapters/postgresql/database_statements.rb:151:in `execute_batch'
    vendor/bundle/ruby/3.2.0/gems/activerecord-7.1.5.1/lib/active_record/connection_adapters/abstract/database_statements.rb:462:in `block (3 levels) in insert_fixtures_set'
    vendor/bundle/ruby/3.2.0/gems/activerecord-7.1.5.1/lib/active_record/connection_adapters/abstract/transaction.rb:535:in `block in within_new_transaction'
    vendor/bundle/ruby/3.2.0/gems/activesupport-7.1.5.1/lib/active_support/concurrency/null_lock.rb:9:in `synchronize'
    vendor/bundle/ruby/3.2.0/gems/activerecord-7.1.5.1/lib/active_record/connection_adapters/abstract/transaction.rb:532:in `within_new_transaction'
    vendor/bundle/ruby/3.2.0/gems/activerecord-7.1.5.1/lib/active_record/connection_adapters/abstract/database_statements.rb:344:in `transaction'
    vendor/bundle/ruby/3.2.0/gems/activerecord-7.1.5.1/lib/active_record/connection_adapters/abstract/database_statements.rb:461:in `block (2 levels) in insert_fixtures_set'
    vendor/bundle/ruby/3.2.0/gems/activerecord-7.1.5.1/lib/active_record/connection_adapters/postgresql/referential_integrity.rb:19:in `disable_referential_integrity'
    vendor/bundle/ruby/3.2.0/gems/activerecord-7.1.5.1/lib/active_record/connection_adapters/abstract/database_statements.rb:460:in `block in insert_fixtures_set'
    vendor/bundle/ruby/3.2.0/gems/activerecord-7.1.5.1/lib/active_record/connection_adapters/abstract/database_statements.rb:601:in `with_multi_statements'
    vendor/bundle/ruby/3.2.0/gems/activerecord-7.1.5.1/lib/active_record/connection_adapters/abstract/database_statements.rb:459:in `insert_fixtures_set'
    vendor/bundle/ruby/3.2.0/gems/activerecord-7.1.5.1/lib/active_record/fixtures.rb:681:in `block in insert'
    vendor/bundle/ruby/3.2.0/gems/activerecord-7.1.5.1/lib/active_record/fixtures.rb:672:in `each'
    vendor/bundle/ruby/3.2.0/gems/activerecord-7.1.5.1/lib/active_record/fixtures.rb:672:in `insert'
    vendor/bundle/ruby/3.2.0/gems/activerecord-7.1.5.1/lib/active_record/fixtures.rb:658:in `read_and_insert'
    vendor/bundle/ruby/3.2.0/gems/activerecord-7.1.5.1/lib/active_record/fixtures.rb:603:in `create_fixtures'
    vendor/bundle/ruby/3.2.0/gems/activerecord-7.1.5.1/lib/active_record/test_fixtures.rb:256:in `load_fixtures'
    vendor/bundle/ruby/3.2.0/gems/activerecord-7.1.5.1/lib/active_record/test_fixtures.rb:143:in `setup_fixtures'
    vendor/bundle/ruby/3.2.0/gems/activerecord-7.1.5.1/lib/active_record/test_fixtures.rb:10:in `before_setup'
    vendor/bundle/ruby/3.2.0/gems/activesupport-7.1.5.1/lib/active_support/testing/setup_and_teardown.rb:40:in `before_setup'
    vendor/bundle/ruby/3.2.0/gems/actionpack-7.1.5.1/lib/action_dispatch/testing/integration.rb:340:in `before_setup'
    vendor/bundle/ruby/3.2.0/gems/activejob-7.1.5.1/lib/active_job/test_helper.rb:50:in `before_setup'
    vendor/bundle/ruby/3.2.0/gems/railties-7.1.5.1/lib/rails/test_help.rb:47:in `before_setup'

bin/rails test test/controllers/photos_controller_test.rb:26

WARNING: Rails was not able to disable referential integrity.

This is most likely caused due to missing permissions.
Rails needs superuser privileges to disable referential integrity.

    cause: PG::InsufficientPrivilege: ERROR:  permission denied: "RI_ConstraintTrigger_c_50466" is a system trigger


UsersControllerTest#test_should_update_user = 0.04 s = E


Error:
UsersControllerTest#test_should_update_user:
ActiveRecord::InvalidForeignKey: PG::ForeignKeyViolation: ERROR:  insert or update on table "attendances" violates foreign key constraint "fk_rails_aa7947c197"
DETAIL:  Key (training_session_id)=(980190962) is not present in table "training_sessions".

    vendor/bundle/ruby/3.2.0/gems/activerecord-7.1.5.1/lib/active_record/connection_adapters/postgresql/database_statements.rb:55:in `exec'
    vendor/bundle/ruby/3.2.0/gems/activerecord-7.1.5.1/lib/active_record/connection_adapters/postgresql/database_statements.rb:55:in `block (2 levels) in raw_execute'
    vendor/bundle/ruby/3.2.0/gems/activerecord-7.1.5.1/lib/active_record/connection_adapters/abstract_adapter.rb:1027:in `block in with_raw_connection'
    vendor/bundle/ruby/3.2.0/gems/activesupport-7.1.5.1/lib/active_support/concurrency/null_lock.rb:9:in `synchronize'
    vendor/bundle/ruby/3.2.0/gems/activerecord-7.1.5.1/lib/active_record/connection_adapters/abstract_adapter.rb:999:in `with_raw_connection'
    vendor/bundle/ruby/3.2.0/gems/activerecord-7.1.5.1/lib/active_record/connection_adapters/postgresql/database_statements.rb:54:in `block in raw_execute'
    vendor/bundle/ruby/3.2.0/gems/activesupport-7.1.5.1/lib/active_support/notifications/instrumenter.rb:58:in `instrument'
    vendor/bundle/ruby/3.2.0/gems/activerecord-7.1.5.1/lib/active_record/connection_adapters/abstract_adapter.rb:1142:in `log'
    vendor/bundle/ruby/3.2.0/gems/activerecord-7.1.5.1/lib/active_record/connection_adapters/postgresql/database_statements.rb:53:in `raw_execute'
    vendor/bundle/ruby/3.2.0/gems/activerecord-7.1.5.1/lib/active_record/connection_adapters/abstract/database_statements.rb:521:in `internal_execute'
    vendor/bundle/ruby/3.2.0/gems/activerecord-7.1.5.1/lib/active_record/connection_adapters/abstract/database_statements.rb:131:in `execute'
    vendor/bundle/ruby/3.2.0/gems/activerecord-7.1.5.1/lib/active_record/connection_adapters/abstract/query_cache.rb:25:in `execute'
    vendor/bundle/ruby/3.2.0/gems/activerecord-7.1.5.1/lib/active_record/connection_adapters/postgresql/database_statements.rb:47:in `execute'
    vendor/bundle/ruby/3.2.0/gems/activerecord-7.1.5.1/lib/active_record/connection_adapters/postgresql/database_statements.rb:151:in `execute_batch'
    vendor/bundle/ruby/3.2.0/gems/activerecord-7.1.5.1/lib/active_record/connection_adapters/abstract/database_statements.rb:462:in `block (3 levels) in insert_fixtures_set'
    vendor/bundle/ruby/3.2.0/gems/activerecord-7.1.5.1/lib/active_record/connection_adapters/abstract/transaction.rb:535:in `block in within_new_transaction'
    vendor/bundle/ruby/3.2.0/gems/activesupport-7.1.5.1/lib/active_support/concurrency/null_lock.rb:9:in `synchronize'
    vendor/bundle/ruby/3.2.0/gems/activerecord-7.1.5.1/lib/active_record/connection_adapters/abstract/transaction.rb:532:in `within_new_transaction'
    vendor/bundle/ruby/3.2.0/gems/activerecord-7.1.5.1/lib/active_record/connection_adapters/abstract/database_statements.rb:344:in `transaction'
    vendor/bundle/ruby/3.2.0/gems/activerecord-7.1.5.1/lib/active_record/connection_adapters/abstract/database_statements.rb:461:in `block (2 levels) in insert_fixtures_set'
    vendor/bundle/ruby/3.2.0/gems/activerecord-7.1.5.1/lib/active_record/connection_adapters/postgresql/referential_integrity.rb:19:in `disable_referential_integrity'
    vendor/bundle/ruby/3.2.0/gems/activerecord-7.1.5.1/lib/active_record/connection_adapters/abstract/database_statements.rb:460:in `block in insert_fixtures_set'
    vendor/bundle/ruby/3.2.0/gems/activerecord-7.1.5.1/lib/active_record/connection_adapters/abstract/database_statements.rb:601:in `with_multi_statements'
    vendor/bundle/ruby/3.2.0/gems/activerecord-7.1.5.1/lib/active_record/connection_adapters/abstract/database_statements.rb:459:in `insert_fixtures_set'
    vendor/bundle/ruby/3.2.0/gems/activerecord-7.1.5.1/lib/active_record/fixtures.rb:681:in `block in insert'
    vendor/bundle/ruby/3.2.0/gems/activerecord-7.1.5.1/lib/active_record/fixtures.rb:672:in `each'
    vendor/bundle/ruby/3.2.0/gems/activerecord-7.1.5.1/lib/active_record/fixtures.rb:672:in `insert'
    vendor/bundle/ruby/3.2.0/gems/activerecord-7.1.5.1/lib/active_record/fixtures.rb:658:in `read_and_insert'
    vendor/bundle/ruby/3.2.0/gems/activerecord-7.1.5.1/lib/active_record/fixtures.rb:603:in `create_fixtures'
    vendor/bundle/ruby/3.2.0/gems/activerecord-7.1.5.1/lib/active_record/test_fixtures.rb:256:in `load_fixtures'
    vendor/bundle/ruby/3.2.0/gems/activerecord-7.1.5.1/lib/active_record/test_fixtures.rb:143:in `setup_fixtures'
    vendor/bundle/ruby/3.2.0/gems/activerecord-7.1.5.1/lib/active_record/test_fixtures.rb:10:in `before_setup'
    vendor/bundle/ruby/3.2.0/gems/activesupport-7.1.5.1/lib/active_support/testing/setup_and_teardown.rb:40:in `before_setup'
    vendor/bundle/ruby/3.2.0/gems/actionpack-7.1.5.1/lib/action_dispatch/testing/integration.rb:340:in `before_setup'
    vendor/bundle/ruby/3.2.0/gems/activejob-7.1.5.1/lib/active_job/test_helper.rb:50:in `before_setup'
    vendor/bundle/ruby/3.2.0/gems/railties-7.1.5.1/lib/rails/test_help.rb:47:in `before_setup'

bin/rails test test/controllers/users_controller_test.rb:36

WARNING: Rails was not able to disable referential integrity.

This is most likely caused due to missing permissions.
Rails needs superuser privileges to disable referential integrity.

    cause: PG::InsufficientPrivilege: ERROR:  permission denied: "RI_ConstraintTrigger_c_50445" is a system trigger


WARNING: Rails was not able to disable referential integrity.

This is most likely caused due to missing permissions.
Rails needs superuser privileges to disable referential integrity.

    cause: PG::InsufficientPrivilege: ERROR:  permission denied: "RI_ConstraintTrigger_c_50531" is a system trigger


PhotosControllerTest#test_should_get_new = 0.12 s = E


Error:
PhotosControllerTest#test_should_get_new:
ActiveRecord::InvalidForeignKey: PG::ForeignKeyViolation: ERROR:  insert or update on table "attendances" violates foreign key constraint "fk_rails_aa7947c197"
DETAIL:  Key (training_session_id)=(980190962) is not present in table "training_sessions".

    vendor/bundle/ruby/3.2.0/gems/activerecord-7.1.5.1/lib/active_record/connection_adapters/postgresql/database_statements.rb:55:in `exec'
    vendor/bundle/ruby/3.2.0/gems/activerecord-7.1.5.1/lib/active_record/connection_adapters/postgresql/database_statements.rb:55:in `block (2 levels) in raw_execute'
    vendor/bundle/ruby/3.2.0/gems/activerecord-7.1.5.1/lib/active_record/connection_adapters/abstract_adapter.rb:1027:in `block in with_raw_connection'
    vendor/bundle/ruby/3.2.0/gems/activesupport-7.1.5.1/lib/active_support/concurrency/null_lock.rb:9:in `synchronize'
    vendor/bundle/ruby/3.2.0/gems/activerecord-7.1.5.1/lib/active_record/connection_adapters/abstract_adapter.rb:999:in `with_raw_connection'
    vendor/bundle/ruby/3.2.0/gems/activerecord-7.1.5.1/lib/active_record/connection_adapters/postgresql/database_statements.rb:54:in `block in raw_execute'
    vendor/bundle/ruby/3.2.0/gems/activesupport-7.1.5.1/lib/active_support/notifications/instrumenter.rb:58:in `instrument'
    vendor/bundle/ruby/3.2.0/gems/activerecord-7.1.5.1/lib/active_record/connection_adapters/abstract_adapter.rb:1142:in `log'
    vendor/bundle/ruby/3.2.0/gems/activerecord-7.1.5.1/lib/active_record/connection_adapters/postgresql/database_statements.rb:53:in `raw_execute'
    vendor/bundle/ruby/3.2.0/gems/activerecord-7.1.5.1/lib/active_record/connection_adapters/abstract/database_statements.rb:521:in `internal_execute'
    vendor/bundle/ruby/3.2.0/gems/activerecord-7.1.5.1/lib/active_record/connection_adapters/abstract/database_statements.rb:131:in `execute'
    vendor/bundle/ruby/3.2.0/gems/activerecord-7.1.5.1/lib/active_record/connection_adapters/abstract/query_cache.rb:25:in `execute'
    vendor/bundle/ruby/3.2.0/gems/activerecord-7.1.5.1/lib/active_record/connection_adapters/postgresql/database_statements.rb:47:in `execute'
    vendor/bundle/ruby/3.2.0/gems/activerecord-7.1.5.1/lib/active_record/connection_adapters/postgresql/database_statements.rb:151:in `execute_batch'
    vendor/bundle/ruby/3.2.0/gems/activerecord-7.1.5.1/lib/active_record/connection_adapters/abstract/database_statements.rb:462:in `block (3 levels) in insert_fixtures_set'
    vendor/bundle/ruby/3.2.0/gems/activerecord-7.1.5.1/lib/active_record/connection_adapters/abstract/transaction.rb:535:in `block in within_new_transaction'
    vendor/bundle/ruby/3.2.0/gems/activesupport-7.1.5.1/lib/active_support/concurrency/null_lock.rb:9:in `synchronize'
    vendor/bundle/ruby/3.2.0/gems/activerecord-7.1.5.1/lib/active_record/connection_adapters/abstract/transaction.rb:532:in `within_new_transaction'
    vendor/bundle/ruby/3.2.0/gems/activerecord-7.1.5.1/lib/active_record/connection_adapters/abstract/database_statements.rb:344:in `transaction'
    vendor/bundle/ruby/3.2.0/gems/activerecord-7.1.5.1/lib/active_record/connection_adapters/abstract/database_statements.rb:461:in `block (2 levels) in insert_fixtures_set'
    vendor/bundle/ruby/3.2.0/gems/activerecord-7.1.5.1/lib/active_record/connection_adapters/postgresql/referential_integrity.rb:19:in `disable_referential_integrity'
    vendor/bundle/ruby/3.2.0/gems/activerecord-7.1.5.1/lib/active_record/connection_adapters/abstract/database_statements.rb:460:in `block in insert_fixtures_set'
    vendor/bundle/ruby/3.2.0/gems/activerecord-7.1.5.1/lib/active_record/connection_adapters/abstract/database_statements.rb:601:in `with_multi_statements'
    vendor/bundle/ruby/3.2.0/gems/activerecord-7.1.5.1/lib/active_record/connection_adapters/abstract/database_statements.rb:459:in `insert_fixtures_set'
    vendor/bundle/ruby/3.2.0/gems/activerecord-7.1.5.1/lib/active_record/fixtures.rb:681:in `block in insert'
    vendor/bundle/ruby/3.2.0/gems/activerecord-7.1.5.1/lib/active_record/fixtures.rb:672:in `each'
    vendor/bundle/ruby/3.2.0/gems/activerecord-7.1.5.1/lib/active_record/fixtures.rb:672:in `insert'
    vendor/bundle/ruby/3.2.0/gems/activerecord-7.1.5.1/lib/active_record/fixtures.rb:658:in `read_and_insert'
    vendor/bundle/ruby/3.2.0/gems/activerecord-7.1.5.1/lib/active_record/fixtures.rb:603:in `create_fixtures'
    vendor/bundle/ruby/3.2.0/gems/activerecord-7.1.5.1/lib/active_record/test_fixtures.rb:256:in `load_fixtures'
    vendor/bundle/ruby/3.2.0/gems/activerecord-7.1.5.1/lib/active_record/test_fixtures.rb:143:in `setup_fixtures'
    vendor/bundle/ruby/3.2.0/gems/activerecord-7.1.5.1/lib/active_record/test_fixtures.rb:10:in `before_setup'
    vendor/bundle/ruby/3.2.0/gems/activesupport-7.1.5.1/lib/active_support/testing/setup_and_teardown.rb:40:in `before_setup'
    vendor/bundle/ruby/3.2.0/gems/actionpack-7.1.5.1/lib/action_dispatch/testing/integration.rb:340:in `before_setup'
    vendor/bundle/ruby/3.2.0/gems/activejob-7.1.5.1/lib/active_job/test_helper.rb:50:in `before_setup'
    vendor/bundle/ruby/3.2.0/gems/railties-7.1.5.1/lib/rails/test_help.rb:47:in `before_setup'

bin/rails test test/controllers/photos_controller_test.rb:13

UsersControllerTest#test_should_create_user = 0.06 s = E


Error:
UsersControllerTest#test_should_create_user:
ActiveRecord::InvalidForeignKey: PG::ForeignKeyViolation: ERROR:  insert or update on table "attendances" violates foreign key constraint "fk_rails_aa7947c197"
DETAIL:  Key (training_session_id)=(980190962) is not present in table "training_sessions".

    vendor/bundle/ruby/3.2.0/gems/activerecord-7.1.5.1/lib/active_record/connection_adapters/postgresql/database_statements.rb:55:in `exec'
    vendor/bundle/ruby/3.2.0/gems/activerecord-7.1.5.1/lib/active_record/connection_adapters/postgresql/database_statements.rb:55:in `block (2 levels) in raw_execute'
    vendor/bundle/ruby/3.2.0/gems/activerecord-7.1.5.1/lib/active_record/connection_adapters/abstract_adapter.rb:1027:in `block in with_raw_connection'
    vendor/bundle/ruby/3.2.0/gems/activesupport-7.1.5.1/lib/active_support/concurrency/null_lock.rb:9:in `synchronize'
    vendor/bundle/ruby/3.2.0/gems/activerecord-7.1.5.1/lib/active_record/connection_adapters/abstract_adapter.rb:999:in `with_raw_connection'
    vendor/bundle/ruby/3.2.0/gems/activerecord-7.1.5.1/lib/active_record/connection_adapters/postgresql/database_statements.rb:54:in `block in raw_execute'
    vendor/bundle/ruby/3.2.0/gems/activesupport-7.1.5.1/lib/active_support/notifications/instrumenter.rb:58:in `instrument'
    vendor/bundle/ruby/3.2.0/gems/activerecord-7.1.5.1/lib/active_record/connection_adapters/abstract_adapter.rb:1142:in `log'
    vendor/bundle/ruby/3.2.0/gems/activerecord-7.1.5.1/lib/active_record/connection_adapters/postgresql/database_statements.rb:53:in `raw_execute'
    vendor/bundle/ruby/3.2.0/gems/activerecord-7.1.5.1/lib/active_record/connection_adapters/abstract/database_statements.rb:521:in `internal_execute'
    vendor/bundle/ruby/3.2.0/gems/activerecord-7.1.5.1/lib/active_record/connection_adapters/abstract/database_statements.rb:131:in `execute'
    vendor/bundle/ruby/3.2.0/gems/activerecord-7.1.5.1/lib/active_record/connection_adapters/abstract/query_cache.rb:25:in `execute'
    vendor/bundle/ruby/3.2.0/gems/activerecord-7.1.5.1/lib/active_record/connection_adapters/postgresql/database_statements.rb:47:in `execute'
    vendor/bundle/ruby/3.2.0/gems/activerecord-7.1.5.1/lib/active_record/connection_adapters/postgresql/database_statements.rb:151:in `execute_batch'
    vendor/bundle/ruby/3.2.0/gems/activerecord-7.1.5.1/lib/active_record/connection_adapters/abstract/database_statements.rb:462:in `block (3 levels) in insert_fixtures_set'
    vendor/bundle/ruby/3.2.0/gems/activerecord-7.1.5.1/lib/active_record/connection_adapters/abstract/transaction.rb:535:in `block in within_new_transaction'
    vendor/bundle/ruby/3.2.0/gems/activesupport-7.1.5.1/lib/active_support/concurrency/null_lock.rb:9:in `synchronize'
    vendor/bundle/ruby/3.2.0/gems/activerecord-7.1.5.1/lib/active_record/connection_adapters/abstract/transaction.rb:532:in `within_new_transaction'
    vendor/bundle/ruby/3.2.0/gems/activerecord-7.1.5.1/lib/active_record/connection_adapters/abstract/database_statements.rb:344:in `transaction'
    vendor/bundle/ruby/3.2.0/gems/activerecord-7.1.5.1/lib/active_record/connection_adapters/abstract/database_statements.rb:461:in `block (2 levels) in insert_fixtures_set'
    vendor/bundle/ruby/3.2.0/gems/activerecord-7.1.5.1/lib/active_record/connection_adapters/postgresql/referential_integrity.rb:19:in `disable_referential_integrity'
    vendor/bundle/ruby/3.2.0/gems/activerecord-7.1.5.1/lib/active_record/connection_adapters/abstract/database_statements.rb:460:in `block in insert_fixtures_set'
    vendor/bundle/ruby/3.2.0/gems/activerecord-7.1.5.1/lib/active_record/connection_adapters/abstract/database_statements.rb:601:in `with_multi_statements'
    vendor/bundle/ruby/3.2.0/gems/activerecord-7.1.5.1/lib/active_record/connection_adapters/abstract/database_statements.rb:459:in `insert_fixtures_set'
    vendor/bundle/ruby/3.2.0/gems/activerecord-7.1.5.1/lib/active_record/fixtures.rb:681:in `block in insert'
    vendor/bundle/ruby/3.2.0/gems/activerecord-7.1.5.1/lib/active_record/fixtures.rb:672:in `each'
    vendor/bundle/ruby/3.2.0/gems/activerecord-7.1.5.1/lib/active_record/fixtures.rb:672:in `insert'
    vendor/bundle/ruby/3.2.0/gems/activerecord-7.1.5.1/lib/active_record/fixtures.rb:658:in `read_and_insert'
    vendor/bundle/ruby/3.2.0/gems/activerecord-7.1.5.1/lib/active_record/fixtures.rb:603:in `create_fixtures'
    vendor/bundle/ruby/3.2.0/gems/activerecord-7.1.5.1/lib/active_record/test_fixtures.rb:256:in `load_fixtures'
    vendor/bundle/ruby/3.2.0/gems/activerecord-7.1.5.1/lib/active_record/test_fixtures.rb:143:in `setup_fixtures'
    vendor/bundle/ruby/3.2.0/gems/activerecord-7.1.5.1/lib/active_record/test_fixtures.rb:10:in `before_setup'
    vendor/bundle/ruby/3.2.0/gems/activesupport-7.1.5.1/lib/active_support/testing/setup_and_teardown.rb:40:in `before_setup'
    vendor/bundle/ruby/3.2.0/gems/actionpack-7.1.5.1/lib/action_dispatch/testing/integration.rb:340:in `before_setup'
    vendor/bundle/ruby/3.2.0/gems/activejob-7.1.5.1/lib/active_job/test_helper.rb:50:in `before_setup'
    vendor/bundle/ruby/3.2.0/gems/railties-7.1.5.1/lib/rails/test_help.rb:47:in `before_setup'

bin/rails test test/controllers/users_controller_test.rb:18

WARNING: Rails was not able to disable referential integrity.

This is most likely caused due to missing permissions.
Rails needs superuser privileges to disable referential integrity.

    cause: PG::InsufficientPrivilege: ERROR:  permission denied: "RI_ConstraintTrigger_c_50591" is a system trigger


UsersControllerTest#test_should_get_index = 0.07 s = E


Error:
UsersControllerTest#test_should_get_index:
ActiveRecord::InvalidForeignKey: PG::ForeignKeyViolation: ERROR:  insert or update on table "attendances" violates foreign key constraint "fk_rails_aa7947c197"
DETAIL:  Key (training_session_id)=(980190962) is not present in table "training_sessions".

    vendor/bundle/ruby/3.2.0/gems/activerecord-7.1.5.1/lib/active_record/connection_adapters/postgresql/database_statements.rb:55:in `exec'
    vendor/bundle/ruby/3.2.0/gems/activerecord-7.1.5.1/lib/active_record/connection_adapters/postgresql/database_statements.rb:55:in `block (2 levels) in raw_execute'
    vendor/bundle/ruby/3.2.0/gems/activerecord-7.1.5.1/lib/active_record/connection_adapters/abstract_adapter.rb:1027:in `block in with_raw_connection'
    vendor/bundle/ruby/3.2.0/gems/activesupport-7.1.5.1/lib/active_support/concurrency/null_lock.rb:9:in `synchronize'
    vendor/bundle/ruby/3.2.0/gems/activerecord-7.1.5.1/lib/active_record/connection_adapters/abstract_adapter.rb:999:in `with_raw_connection'
    vendor/bundle/ruby/3.2.0/gems/activerecord-7.1.5.1/lib/active_record/connection_adapters/postgresql/database_statements.rb:54:in `block in raw_execute'
    vendor/bundle/ruby/3.2.0/gems/activesupport-7.1.5.1/lib/active_support/notifications/instrumenter.rb:58:in `instrument'
    vendor/bundle/ruby/3.2.0/gems/activerecord-7.1.5.1/lib/active_record/connection_adapters/abstract_adapter.rb:1142:in `log'
    vendor/bundle/ruby/3.2.0/gems/activerecord-7.1.5.1/lib/active_record/connection_adapters/postgresql/database_statements.rb:53:in `raw_execute'
    vendor/bundle/ruby/3.2.0/gems/activerecord-7.1.5.1/lib/active_record/connection_adapters/abstract/database_statements.rb:521:in `internal_execute'
    vendor/bundle/ruby/3.2.0/gems/activerecord-7.1.5.1/lib/active_record/connection_adapters/abstract/database_statements.rb:131:in `execute'
    vendor/bundle/ruby/3.2.0/gems/activerecord-7.1.5.1/lib/active_record/connection_adapters/abstract/query_cache.rb:25:in `execute'
    vendor/bundle/ruby/3.2.0/gems/activerecord-7.1.5.1/lib/active_record/connection_adapters/postgresql/database_statements.rb:47:in `execute'
    vendor/bundle/ruby/3.2.0/gems/activerecord-7.1.5.1/lib/active_record/connection_adapters/postgresql/database_statements.rb:151:in `execute_batch'
    vendor/bundle/ruby/3.2.0/gems/activerecord-7.1.5.1/lib/active_record/connection_adapters/abstract/database_statements.rb:462:in `block (3 levels) in insert_fixtures_set'
    vendor/bundle/ruby/3.2.0/gems/activerecord-7.1.5.1/lib/active_record/connection_adapters/abstract/transaction.rb:535:in `block in within_new_transaction'
    vendor/bundle/ruby/3.2.0/gems/activesupport-7.1.5.1/lib/active_support/concurrency/null_lock.rb:9:in `synchronize'
    vendor/bundle/ruby/3.2.0/gems/activerecord-7.1.5.1/lib/active_record/connection_adapters/abstract/transaction.rb:532:in `within_new_transaction'
    vendor/bundle/ruby/3.2.0/gems/activerecord-7.1.5.1/lib/active_record/connection_adapters/abstract/database_statements.rb:344:in `transaction'
    vendor/bundle/ruby/3.2.0/gems/activerecord-7.1.5.1/lib/active_record/connection_adapters/abstract/database_statements.rb:461:in `block (2 levels) in insert_fixtures_set'
    vendor/bundle/ruby/3.2.0/gems/activerecord-7.1.5.1/lib/active_record/connection_adapters/postgresql/referential_integrity.rb:19:in `disable_referential_integrity'
    vendor/bundle/ruby/3.2.0/gems/activerecord-7.1.5.1/lib/active_record/connection_adapters/abstract/database_statements.rb:460:in `block in insert_fixtures_set'
    vendor/bundle/ruby/3.2.0/gems/activerecord-7.1.5.1/lib/active_record/connection_adapters/abstract/database_statements.rb:601:in `with_multi_statements'
    vendor/bundle/ruby/3.2.0/gems/activerecord-7.1.5.1/lib/active_record/connection_adapters/abstract/database_statements.rb:459:in `insert_fixtures_set'
    vendor/bundle/ruby/3.2.0/gems/activerecord-7.1.5.1/lib/active_record/fixtures.rb:681:in `block in insert'
    vendor/bundle/ruby/3.2.0/gems/activerecord-7.1.5.1/lib/active_record/fixtures.rb:672:in `each'
    vendor/bundle/ruby/3.2.0/gems/activerecord-7.1.5.1/lib/active_record/fixtures.rb:672:in `insert'
    vendor/bundle/ruby/3.2.0/gems/activerecord-7.1.5.1/lib/active_record/fixtures.rb:658:in `read_and_insert'
    vendor/bundle/ruby/3.2.0/gems/activerecord-7.1.5.1/lib/active_record/fixtures.rb:603:in `create_fixtures'
    vendor/bundle/ruby/3.2.0/gems/activerecord-7.1.5.1/lib/active_record/test_fixtures.rb:256:in `load_fixtures'
    vendor/bundle/ruby/3.2.0/gems/activerecord-7.1.5.1/lib/active_record/test_fixtures.rb:143:in `setup_fixtures'
    vendor/bundle/ruby/3.2.0/gems/activerecord-7.1.5.1/lib/active_record/test_fixtures.rb:10:in `before_setup'
    vendor/bundle/ruby/3.2.0/gems/activesupport-7.1.5.1/lib/active_support/testing/setup_and_teardown.rb:40:in `before_setup'
    vendor/bundle/ruby/3.2.0/gems/actionpack-7.1.5.1/lib/action_dispatch/testing/integration.rb:340:in `before_setup'
    vendor/bundle/ruby/3.2.0/gems/activejob-7.1.5.1/lib/active_job/test_helper.rb:50:in `before_setup'
    vendor/bundle/ruby/3.2.0/gems/railties-7.1.5.1/lib/rails/test_help.rb:47:in `before_setup'

bin/rails test test/controllers/users_controller_test.rb:8

WARNING: Rails was not able to disable referential integrity.

This is most likely caused due to missing permissions.
Rails needs superuser privileges to disable referential integrity.

    cause: PG::InsufficientPrivilege: ERROR:  permission denied: "RI_ConstraintTrigger_c_50531" is a system trigger


UsersControllerTest#test_should_get_edit = 0.05 s = E


Error:
UsersControllerTest#test_should_get_edit:
ActiveRecord::InvalidForeignKey: PG::ForeignKeyViolation: ERROR:  insert or update on table "attendances" violates foreign key constraint "fk_rails_aa7947c197"
DETAIL:  Key (training_session_id)=(980190962) is not present in table "training_sessions".

    vendor/bundle/ruby/3.2.0/gems/activerecord-7.1.5.1/lib/active_record/connection_adapters/postgresql/database_statements.rb:55:in `exec'
    vendor/bundle/ruby/3.2.0/gems/activerecord-7.1.5.1/lib/active_record/connection_adapters/postgresql/database_statements.rb:55:in `block (2 levels) in raw_execute'
    vendor/bundle/ruby/3.2.0/gems/activerecord-7.1.5.1/lib/active_record/connection_adapters/abstract_adapter.rb:1027:in `block in with_raw_connection'
    vendor/bundle/ruby/3.2.0/gems/activesupport-7.1.5.1/lib/active_support/concurrency/null_lock.rb:9:in `synchronize'
    vendor/bundle/ruby/3.2.0/gems/activerecord-7.1.5.1/lib/active_record/connection_adapters/abstract_adapter.rb:999:in `with_raw_connection'
    vendor/bundle/ruby/3.2.0/gems/activerecord-7.1.5.1/lib/active_record/connection_adapters/postgresql/database_statements.rb:54:in `block in raw_execute'
    vendor/bundle/ruby/3.2.0/gems/activesupport-7.1.5.1/lib/active_support/notifications/instrumenter.rb:58:in `instrument'
    vendor/bundle/ruby/3.2.0/gems/activerecord-7.1.5.1/lib/active_record/connection_adapters/abstract_adapter.rb:1142:in `log'
    vendor/bundle/ruby/3.2.0/gems/activerecord-7.1.5.1/lib/active_record/connection_adapters/postgresql/database_statements.rb:53:in `raw_execute'
    vendor/bundle/ruby/3.2.0/gems/activerecord-7.1.5.1/lib/active_record/connection_adapters/abstract/database_statements.rb:521:in `internal_execute'
    vendor/bundle/ruby/3.2.0/gems/activerecord-7.1.5.1/lib/active_record/connection_adapters/abstract/database_statements.rb:131:in `execute'
    vendor/bundle/ruby/3.2.0/gems/activerecord-7.1.5.1/lib/active_record/connection_adapters/abstract/query_cache.rb:25:in `execute'
    vendor/bundle/ruby/3.2.0/gems/activerecord-7.1.5.1/lib/active_record/connection_adapters/postgresql/database_statements.rb:47:in `execute'
    vendor/bundle/ruby/3.2.0/gems/activerecord-7.1.5.1/lib/active_record/connection_adapters/postgresql/database_statements.rb:151:in `execute_batch'
    vendor/bundle/ruby/3.2.0/gems/activerecord-7.1.5.1/lib/active_record/connection_adapters/abstract/database_statements.rb:462:in `block (3 levels) in insert_fixtures_set'
    vendor/bundle/ruby/3.2.0/gems/activerecord-7.1.5.1/lib/active_record/connection_adapters/abstract/transaction.rb:535:in `block in within_new_transaction'
    vendor/bundle/ruby/3.2.0/gems/activesupport-7.1.5.1/lib/active_support/concurrency/null_lock.rb:9:in `synchronize'
    vendor/bundle/ruby/3.2.0/gems/activerecord-7.1.5.1/lib/active_record/connection_adapters/abstract/transaction.rb:532:in `within_new_transaction'
    vendor/bundle/ruby/3.2.0/gems/activerecord-7.1.5.1/lib/active_record/connection_adapters/abstract/database_statements.rb:344:in `transaction'
    vendor/bundle/ruby/3.2.0/gems/activerecord-7.1.5.1/lib/active_record/connection_adapters/abstract/database_statements.rb:461:in `block (2 levels) in insert_fixtures_set'
    vendor/bundle/ruby/3.2.0/gems/activerecord-7.1.5.1/lib/active_record/connection_adapters/postgresql/referential_integrity.rb:19:in `disable_referential_integrity'
    vendor/bundle/ruby/3.2.0/gems/activerecord-7.1.5.1/lib/active_record/connection_adapters/abstract/database_statements.rb:460:in `block in insert_fixtures_set'
    vendor/bundle/ruby/3.2.0/gems/activerecord-7.1.5.1/lib/active_record/connection_adapters/abstract/database_statements.rb:601:in `with_multi_statements'
    vendor/bundle/ruby/3.2.0/gems/activerecord-7.1.5.1/lib/active_record/connection_adapters/abstract/database_statements.rb:459:in `insert_fixtures_set'
    vendor/bundle/ruby/3.2.0/gems/activerecord-7.1.5.1/lib/active_record/fixtures.rb:681:in `block in insert'
    vendor/bundle/ruby/3.2.0/gems/activerecord-7.1.5.1/lib/active_record/fixtures.rb:672:in `each'
    vendor/bundle/ruby/3.2.0/gems/activerecord-7.1.5.1/lib/active_record/fixtures.rb:672:in `insert'
    vendor/bundle/ruby/3.2.0/gems/activerecord-7.1.5.1/lib/active_record/fixtures.rb:658:in `read_and_insert'
    vendor/bundle/ruby/3.2.0/gems/activerecord-7.1.5.1/lib/active_record/fixtures.rb:603:in `create_fixtures'
    vendor/bundle/ruby/3.2.0/gems/activerecord-7.1.5.1/lib/active_record/test_fixtures.rb:256:in `load_fixtures'
    vendor/bundle/ruby/3.2.0/gems/activerecord-7.1.5.1/lib/active_record/test_fixtures.rb:143:in `setup_fixtures'
    vendor/bundle/ruby/3.2.0/gems/activerecord-7.1.5.1/lib/active_record/test_fixtures.rb:10:in `before_setup'
    vendor/bundle/ruby/3.2.0/gems/activesupport-7.1.5.1/lib/active_support/testing/setup_and_teardown.rb:40:in `before_setup'
    vendor/bundle/ruby/3.2.0/gems/actionpack-7.1.5.1/lib/action_dispatch/testing/integration.rb:340:in `before_setup'
    vendor/bundle/ruby/3.2.0/gems/activejob-7.1.5.1/lib/active_job/test_helper.rb:50:in `before_setup'
    vendor/bundle/ruby/3.2.0/gems/railties-7.1.5.1/lib/rails/test_help.rb:47:in `before_setup'

bin/rails test test/controllers/users_controller_test.rb:31

WARNING: Rails was not able to disable referential integrity.

This is most likely caused due to missing permissions.
Rails needs superuser privileges to disable referential integrity.

    cause: PG::InsufficientPrivilege: ERROR:  permission denied: "RI_ConstraintTrigger_c_50466" is a system trigger


UsersControllerTest#test_should_get_new = 0.07 s = E


Error:
UsersControllerTest#test_should_get_new:
ActiveRecord::InvalidForeignKey: PG::ForeignKeyViolation: ERROR:  insert or update on table "attendances" violates foreign key constraint "fk_rails_aa7947c197"
DETAIL:  Key (training_session_id)=(980190962) is not present in table "training_sessions".

    vendor/bundle/ruby/3.2.0/gems/activerecord-7.1.5.1/lib/active_record/connection_adapters/postgresql/database_statements.rb:55:in `exec'
    vendor/bundle/ruby/3.2.0/gems/activerecord-7.1.5.1/lib/active_record/connection_adapters/postgresql/database_statements.rb:55:in `block (2 levels) in raw_execute'
    vendor/bundle/ruby/3.2.0/gems/activerecord-7.1.5.1/lib/active_record/connection_adapters/abstract_adapter.rb:1027:in `block in with_raw_connection'
    vendor/bundle/ruby/3.2.0/gems/activesupport-7.1.5.1/lib/active_support/concurrency/null_lock.rb:9:in `synchronize'
    vendor/bundle/ruby/3.2.0/gems/activerecord-7.1.5.1/lib/active_record/connection_adapters/abstract_adapter.rb:999:in `with_raw_connection'
    vendor/bundle/ruby/3.2.0/gems/activerecord-7.1.5.1/lib/active_record/connection_adapters/postgresql/database_statements.rb:54:in `block in raw_execute'
    vendor/bundle/ruby/3.2.0/gems/activesupport-7.1.5.1/lib/active_support/notifications/instrumenter.rb:58:in `instrument'
    vendor/bundle/ruby/3.2.0/gems/activerecord-7.1.5.1/lib/active_record/connection_adapters/abstract_adapter.rb:1142:in `log'
    vendor/bundle/ruby/3.2.0/gems/activerecord-7.1.5.1/lib/active_record/connection_adapters/postgresql/database_statements.rb:53:in `raw_execute'
    vendor/bundle/ruby/3.2.0/gems/activerecord-7.1.5.1/lib/active_record/connection_adapters/abstract/database_statements.rb:521:in `internal_execute'
    vendor/bundle/ruby/3.2.0/gems/activerecord-7.1.5.1/lib/active_record/connection_adapters/abstract/database_statements.rb:131:in `execute'
    vendor/bundle/ruby/3.2.0/gems/activerecord-7.1.5.1/lib/active_record/connection_adapters/abstract/query_cache.rb:25:in `execute'
    vendor/bundle/ruby/3.2.0/gems/activerecord-7.1.5.1/lib/active_record/connection_adapters/postgresql/database_statements.rb:47:in `execute'
    vendor/bundle/ruby/3.2.0/gems/activerecord-7.1.5.1/lib/active_record/connection_adapters/postgresql/database_statements.rb:151:in `execute_batch'
    vendor/bundle/ruby/3.2.0/gems/activerecord-7.1.5.1/lib/active_record/connection_adapters/abstract/database_statements.rb:462:in `block (3 levels) in insert_fixtures_set'
    vendor/bundle/ruby/3.2.0/gems/activerecord-7.1.5.1/lib/active_record/connection_adapters/abstract/transaction.rb:535:in `block in within_new_transaction'
    vendor/bundle/ruby/3.2.0/gems/activesupport-7.1.5.1/lib/active_support/concurrency/null_lock.rb:9:in `synchronize'
    vendor/bundle/ruby/3.2.0/gems/activerecord-7.1.5.1/lib/active_record/connection_adapters/abstract/transaction.rb:532:in `within_new_transaction'
    vendor/bundle/ruby/3.2.0/gems/activerecord-7.1.5.1/lib/active_record/connection_adapters/abstract/database_statements.rb:344:in `transaction'
    vendor/bundle/ruby/3.2.0/gems/activerecord-7.1.5.1/lib/active_record/connection_adapters/abstract/database_statements.rb:461:in `block (2 levels) in insert_fixtures_set'
    vendor/bundle/ruby/3.2.0/gems/activerecord-7.1.5.1/lib/active_record/connection_adapters/postgresql/referential_integrity.rb:19:in `disable_referential_integrity'
    vendor/bundle/ruby/3.2.0/gems/activerecord-7.1.5.1/lib/active_record/connection_adapters/abstract/database_statements.rb:460:in `block in insert_fixtures_set'
    vendor/bundle/ruby/3.2.0/gems/activerecord-7.1.5.1/lib/active_record/connection_adapters/abstract/database_statements.rb:601:in `with_multi_statements'
    vendor/bundle/ruby/3.2.0/gems/activerecord-7.1.5.1/lib/active_record/connection_adapters/abstract/database_statements.rb:459:in `insert_fixtures_set'
    vendor/bundle/ruby/3.2.0/gems/activerecord-7.1.5.1/lib/active_record/fixtures.rb:681:in `block in insert'
    vendor/bundle/ruby/3.2.0/gems/activerecord-7.1.5.1/lib/active_record/fixtures.rb:672:in `each'
    vendor/bundle/ruby/3.2.0/gems/activerecord-7.1.5.1/lib/active_record/fixtures.rb:672:in `insert'
    vendor/bundle/ruby/3.2.0/gems/activerecord-7.1.5.1/lib/active_record/fixtures.rb:658:in `read_and_insert'
    vendor/bundle/ruby/3.2.0/gems/activerecord-7.1.5.1/lib/active_record/fixtures.rb:603:in `create_fixtures'
    vendor/bundle/ruby/3.2.0/gems/activerecord-7.1.5.1/lib/active_record/test_fixtures.rb:256:in `load_fixtures'
    vendor/bundle/ruby/3.2.0/gems/activerecord-7.1.5.1/lib/active_record/test_fixtures.rb:143:in `setup_fixtures'
    vendor/bundle/ruby/3.2.0/gems/activerecord-7.1.5.1/lib/active_record/test_fixtures.rb:10:in `before_setup'
    vendor/bundle/ruby/3.2.0/gems/activesupport-7.1.5.1/lib/active_support/testing/setup_and_teardown.rb:40:in `before_setup'
    vendor/bundle/ruby/3.2.0/gems/actionpack-7.1.5.1/lib/action_dispatch/testing/integration.rb:340:in `before_setup'
    vendor/bundle/ruby/3.2.0/gems/activejob-7.1.5.1/lib/active_job/test_helper.rb:50:in `before_setup'
    vendor/bundle/ruby/3.2.0/gems/railties-7.1.5.1/lib/rails/test_help.rb:47:in `before_setup'

bin/rails test test/controllers/users_controller_test.rb:13

WARNING: Rails was not able to disable referential integrity.

This is most likely caused due to missing permissions.
Rails needs superuser privileges to disable referential integrity.

    cause: PG::InsufficientPrivilege: ERROR:  permission denied: "RI_ConstraintTrigger_c_50445" is a system trigger


UsersControllerTest#test_should_show_user = 0.07 s = E


Error:
UsersControllerTest#test_should_show_user:
ActiveRecord::InvalidForeignKey: PG::ForeignKeyViolation: ERROR:  insert or update on table "attendances" violates foreign key constraint "fk_rails_aa7947c197"
DETAIL:  Key (training_session_id)=(980190962) is not present in table "training_sessions".

    vendor/bundle/ruby/3.2.0/gems/activerecord-7.1.5.1/lib/active_record/connection_adapters/postgresql/database_statements.rb:55:in `exec'
    vendor/bundle/ruby/3.2.0/gems/activerecord-7.1.5.1/lib/active_record/connection_adapters/postgresql/database_statements.rb:55:in `block (2 levels) in raw_execute'
    vendor/bundle/ruby/3.2.0/gems/activerecord-7.1.5.1/lib/active_record/connection_adapters/abstract_adapter.rb:1027:in `block in with_raw_connection'
    vendor/bundle/ruby/3.2.0/gems/activesupport-7.1.5.1/lib/active_support/concurrency/null_lock.rb:9:in `synchronize'
    vendor/bundle/ruby/3.2.0/gems/activerecord-7.1.5.1/lib/active_record/connection_adapters/abstract_adapter.rb:999:in `with_raw_connection'
    vendor/bundle/ruby/3.2.0/gems/activerecord-7.1.5.1/lib/active_record/connection_adapters/postgresql/database_statements.rb:54:in `block in raw_execute'
    vendor/bundle/ruby/3.2.0/gems/activesupport-7.1.5.1/lib/active_support/notifications/instrumenter.rb:58:in `instrument'
    vendor/bundle/ruby/3.2.0/gems/activerecord-7.1.5.1/lib/active_record/connection_adapters/abstract_adapter.rb:1142:in `log'
    vendor/bundle/ruby/3.2.0/gems/activerecord-7.1.5.1/lib/active_record/connection_adapters/postgresql/database_statements.rb:53:in `raw_execute'
    vendor/bundle/ruby/3.2.0/gems/activerecord-7.1.5.1/lib/active_record/connection_adapters/abstract/database_statements.rb:521:in `internal_execute'
    vendor/bundle/ruby/3.2.0/gems/activerecord-7.1.5.1/lib/active_record/connection_adapters/abstract/database_statements.rb:131:in `execute'
    vendor/bundle/ruby/3.2.0/gems/activerecord-7.1.5.1/lib/active_record/connection_adapters/abstract/query_cache.rb:25:in `execute'
    vendor/bundle/ruby/3.2.0/gems/activerecord-7.1.5.1/lib/active_record/connection_adapters/postgresql/database_statements.rb:47:in `execute'
    vendor/bundle/ruby/3.2.0/gems/activerecord-7.1.5.1/lib/active_record/connection_adapters/postgresql/database_statements.rb:151:in `execute_batch'
    vendor/bundle/ruby/3.2.0/gems/activerecord-7.1.5.1/lib/active_record/connection_adapters/abstract/database_statements.rb:462:in `block (3 levels) in insert_fixtures_set'
    vendor/bundle/ruby/3.2.0/gems/activerecord-7.1.5.1/lib/active_record/connection_adapters/abstract/transaction.rb:535:in `block in within_new_transaction'
    vendor/bundle/ruby/3.2.0/gems/activesupport-7.1.5.1/lib/active_support/concurrency/null_lock.rb:9:in `synchronize'
    vendor/bundle/ruby/3.2.0/gems/activerecord-7.1.5.1/lib/active_record/connection_adapters/abstract/transaction.rb:532:in `within_new_transaction'
    vendor/bundle/ruby/3.2.0/gems/activerecord-7.1.5.1/lib/active_record/connection_adapters/abstract/database_statements.rb:344:in `transaction'
    vendor/bundle/ruby/3.2.0/gems/activerecord-7.1.5.1/lib/active_record/connection_adapters/abstract/database_statements.rb:461:in `block (2 levels) in insert_fixtures_set'
    vendor/bundle/ruby/3.2.0/gems/activerecord-7.1.5.1/lib/active_record/connection_adapters/postgresql/referential_integrity.rb:19:in `disable_referential_integrity'
    vendor/bundle/ruby/3.2.0/gems/activerecord-7.1.5.1/lib/active_record/connection_adapters/abstract/database_statements.rb:460:in `block in insert_fixtures_set'
    vendor/bundle/ruby/3.2.0/gems/activerecord-7.1.5.1/lib/active_record/connection_adapters/abstract/database_statements.rb:601:in `with_multi_statements'
    vendor/bundle/ruby/3.2.0/gems/activerecord-7.1.5.1/lib/active_record/connection_adapters/abstract/database_statements.rb:459:in `insert_fixtures_set'
    vendor/bundle/ruby/3.2.0/gems/activerecord-7.1.5.1/lib/active_record/fixtures.rb:681:in `block in insert'
    vendor/bundle/ruby/3.2.0/gems/activerecord-7.1.5.1/lib/active_record/fixtures.rb:672:in `each'
    vendor/bundle/ruby/3.2.0/gems/activerecord-7.1.5.1/lib/active_record/fixtures.rb:672:in `insert'
    vendor/bundle/ruby/3.2.0/gems/activerecord-7.1.5.1/lib/active_record/fixtures.rb:658:in `read_and_insert'
    vendor/bundle/ruby/3.2.0/gems/activerecord-7.1.5.1/lib/active_record/fixtures.rb:603:in `create_fixtures'
    vendor/bundle/ruby/3.2.0/gems/activerecord-7.1.5.1/lib/active_record/test_fixtures.rb:256:in `load_fixtures'
    vendor/bundle/ruby/3.2.0/gems/activerecord-7.1.5.1/lib/active_record/test_fixtures.rb:143:in `setup_fixtures'
    vendor/bundle/ruby/3.2.0/gems/activerecord-7.1.5.1/lib/active_record/test_fixtures.rb:10:in `before_setup'
    vendor/bundle/ruby/3.2.0/gems/activesupport-7.1.5.1/lib/active_support/testing/setup_and_teardown.rb:40:in `before_setup'
    vendor/bundle/ruby/3.2.0/gems/actionpack-7.1.5.1/lib/action_dispatch/testing/integration.rb:340:in `before_setup'
    vendor/bundle/ruby/3.2.0/gems/activejob-7.1.5.1/lib/active_job/test_helper.rb:50:in `before_setup'
    vendor/bundle/ruby/3.2.0/gems/railties-7.1.5.1/lib/rails/test_help.rb:47:in `before_setup'

bin/rails test test/controllers/users_controller_test.rb:26

WARNING: Rails was not able to disable referential integrity.

This is most likely caused due to missing permissions.
Rails needs superuser privileges to disable referential integrity.

    cause: PG::InsufficientPrivilege: ERROR:  permission denied: "RI_ConstraintTrigger_c_50531" is a system trigger


TrainingSchedulesControllerTest#test_should_update_training_schedule = 0.05 s = E


Error:
TrainingSchedulesControllerTest#test_should_update_training_schedule:
ActiveRecord::InvalidForeignKey: PG::ForeignKeyViolation: ERROR:  insert or update on table "attendances" violates foreign key constraint "fk_rails_aa7947c197"
DETAIL:  Key (training_session_id)=(980190962) is not present in table "training_sessions".

    vendor/bundle/ruby/3.2.0/gems/activerecord-7.1.5.1/lib/active_record/connection_adapters/postgresql/database_statements.rb:55:in `exec'
    vendor/bundle/ruby/3.2.0/gems/activerecord-7.1.5.1/lib/active_record/connection_adapters/postgresql/database_statements.rb:55:in `block (2 levels) in raw_execute'
    vendor/bundle/ruby/3.2.0/gems/activerecord-7.1.5.1/lib/active_record/connection_adapters/abstract_adapter.rb:1027:in `block in with_raw_connection'
    vendor/bundle/ruby/3.2.0/gems/activesupport-7.1.5.1/lib/active_support/concurrency/null_lock.rb:9:in `synchronize'
    vendor/bundle/ruby/3.2.0/gems/activerecord-7.1.5.1/lib/active_record/connection_adapters/abstract_adapter.rb:999:in `with_raw_connection'
    vendor/bundle/ruby/3.2.0/gems/activerecord-7.1.5.1/lib/active_record/connection_adapters/postgresql/database_statements.rb:54:in `block in raw_execute'
    vendor/bundle/ruby/3.2.0/gems/activesupport-7.1.5.1/lib/active_support/notifications/instrumenter.rb:58:in `instrument'
    vendor/bundle/ruby/3.2.0/gems/activerecord-7.1.5.1/lib/active_record/connection_adapters/abstract_adapter.rb:1142:in `log'
    vendor/bundle/ruby/3.2.0/gems/activerecord-7.1.5.1/lib/active_record/connection_adapters/postgresql/database_statements.rb:53:in `raw_execute'
    vendor/bundle/ruby/3.2.0/gems/activerecord-7.1.5.1/lib/active_record/connection_adapters/abstract/database_statements.rb:521:in `internal_execute'
    vendor/bundle/ruby/3.2.0/gems/activerecord-7.1.5.1/lib/active_record/connection_adapters/abstract/database_statements.rb:131:in `execute'
    vendor/bundle/ruby/3.2.0/gems/activerecord-7.1.5.1/lib/active_record/connection_adapters/abstract/query_cache.rb:25:in `execute'
    vendor/bundle/ruby/3.2.0/gems/activerecord-7.1.5.1/lib/active_record/connection_adapters/postgresql/database_statements.rb:47:in `execute'
    vendor/bundle/ruby/3.2.0/gems/activerecord-7.1.5.1/lib/active_record/connection_adapters/postgresql/database_statements.rb:151:in `execute_batch'
    vendor/bundle/ruby/3.2.0/gems/activerecord-7.1.5.1/lib/active_record/connection_adapters/abstract/database_statements.rb:462:in `block (3 levels) in insert_fixtures_set'
    vendor/bundle/ruby/3.2.0/gems/activerecord-7.1.5.1/lib/active_record/connection_adapters/abstract/transaction.rb:535:in `block in within_new_transaction'
    vendor/bundle/ruby/3.2.0/gems/activesupport-7.1.5.1/lib/active_support/concurrency/null_lock.rb:9:in `synchronize'
    vendor/bundle/ruby/3.2.0/gems/activerecord-7.1.5.1/lib/active_record/connection_adapters/abstract/transaction.rb:532:in `within_new_transaction'
    vendor/bundle/ruby/3.2.0/gems/activerecord-7.1.5.1/lib/active_record/connection_adapters/abstract/database_statements.rb:344:in `transaction'
    vendor/bundle/ruby/3.2.0/gems/activerecord-7.1.5.1/lib/active_record/connection_adapters/abstract/database_statements.rb:461:in `block (2 levels) in insert_fixtures_set'
    vendor/bundle/ruby/3.2.0/gems/activerecord-7.1.5.1/lib/active_record/connection_adapters/postgresql/referential_integrity.rb:19:in `disable_referential_integrity'
    vendor/bundle/ruby/3.2.0/gems/activerecord-7.1.5.1/lib/active_record/connection_adapters/abstract/database_statements.rb:460:in `block in insert_fixtures_set'
    vendor/bundle/ruby/3.2.0/gems/activerecord-7.1.5.1/lib/active_record/connection_adapters/abstract/database_statements.rb:601:in `with_multi_statements'
    vendor/bundle/ruby/3.2.0/gems/activerecord-7.1.5.1/lib/active_record/connection_adapters/abstract/database_statements.rb:459:in `insert_fixtures_set'
    vendor/bundle/ruby/3.2.0/gems/activerecord-7.1.5.1/lib/active_record/fixtures.rb:681:in `block in insert'
    vendor/bundle/ruby/3.2.0/gems/activerecord-7.1.5.1/lib/active_record/fixtures.rb:672:in `each'
    vendor/bundle/ruby/3.2.0/gems/activerecord-7.1.5.1/lib/active_record/fixtures.rb:672:in `insert'
    vendor/bundle/ruby/3.2.0/gems/activerecord-7.1.5.1/lib/active_record/fixtures.rb:658:in `read_and_insert'
    vendor/bundle/ruby/3.2.0/gems/activerecord-7.1.5.1/lib/active_record/fixtures.rb:603:in `create_fixtures'
    vendor/bundle/ruby/3.2.0/gems/activerecord-7.1.5.1/lib/active_record/test_fixtures.rb:256:in `load_fixtures'
    vendor/bundle/ruby/3.2.0/gems/activerecord-7.1.5.1/lib/active_record/test_fixtures.rb:143:in `setup_fixtures'
    vendor/bundle/ruby/3.2.0/gems/activerecord-7.1.5.1/lib/active_record/test_fixtures.rb:10:in `before_setup'
    vendor/bundle/ruby/3.2.0/gems/activesupport-7.1.5.1/lib/active_support/testing/setup_and_teardown.rb:40:in `before_setup'
    vendor/bundle/ruby/3.2.0/gems/actionpack-7.1.5.1/lib/action_dispatch/testing/integration.rb:340:in `before_setup'
    vendor/bundle/ruby/3.2.0/gems/activejob-7.1.5.1/lib/active_job/test_helper.rb:50:in `before_setup'
    vendor/bundle/ruby/3.2.0/gems/railties-7.1.5.1/lib/rails/test_help.rb:47:in `before_setup'

bin/rails test test/controllers/training_schedules_controller_test.rb:36

WARNING: Rails was not able to disable referential integrity.

This is most likely caused due to missing permissions.
Rails needs superuser privileges to disable referential integrity.

    cause: PG::InsufficientPrivilege: ERROR:  permission denied: "RI_ConstraintTrigger_c_50466" is a system trigger


TrainingSchedulesControllerTest#test_should_create_training_schedule = 0.06 s = E


Error:
TrainingSchedulesControllerTest#test_should_create_training_schedule:
ActiveRecord::InvalidForeignKey: PG::ForeignKeyViolation: ERROR:  insert or update on table "attendances" violates foreign key constraint "fk_rails_aa7947c197"
DETAIL:  Key (training_session_id)=(980190962) is not present in table "training_sessions".

    vendor/bundle/ruby/3.2.0/gems/activerecord-7.1.5.1/lib/active_record/connection_adapters/postgresql/database_statements.rb:55:in `exec'
    vendor/bundle/ruby/3.2.0/gems/activerecord-7.1.5.1/lib/active_record/connection_adapters/postgresql/database_statements.rb:55:in `block (2 levels) in raw_execute'
    vendor/bundle/ruby/3.2.0/gems/activerecord-7.1.5.1/lib/active_record/connection_adapters/abstract_adapter.rb:1027:in `block in with_raw_connection'
    vendor/bundle/ruby/3.2.0/gems/activesupport-7.1.5.1/lib/active_support/concurrency/null_lock.rb:9:in `synchronize'
    vendor/bundle/ruby/3.2.0/gems/activerecord-7.1.5.1/lib/active_record/connection_adapters/abstract_adapter.rb:999:in `with_raw_connection'
    vendor/bundle/ruby/3.2.0/gems/activerecord-7.1.5.1/lib/active_record/connection_adapters/postgresql/database_statements.rb:54:in `block in raw_execute'
    vendor/bundle/ruby/3.2.0/gems/activesupport-7.1.5.1/lib/active_support/notifications/instrumenter.rb:58:in `instrument'
    vendor/bundle/ruby/3.2.0/gems/activerecord-7.1.5.1/lib/active_record/connection_adapters/abstract_adapter.rb:1142:in `log'
    vendor/bundle/ruby/3.2.0/gems/activerecord-7.1.5.1/lib/active_record/connection_adapters/postgresql/database_statements.rb:53:in `raw_execute'
    vendor/bundle/ruby/3.2.0/gems/activerecord-7.1.5.1/lib/active_record/connection_adapters/abstract/database_statements.rb:521:in `internal_execute'
    vendor/bundle/ruby/3.2.0/gems/activerecord-7.1.5.1/lib/active_record/connection_adapters/abstract/database_statements.rb:131:in `execute'
    vendor/bundle/ruby/3.2.0/gems/activerecord-7.1.5.1/lib/active_record/connection_adapters/abstract/query_cache.rb:25:in `execute'
    vendor/bundle/ruby/3.2.0/gems/activerecord-7.1.5.1/lib/active_record/connection_adapters/postgresql/database_statements.rb:47:in `execute'
    vendor/bundle/ruby/3.2.0/gems/activerecord-7.1.5.1/lib/active_record/connection_adapters/postgresql/database_statements.rb:151:in `execute_batch'
    vendor/bundle/ruby/3.2.0/gems/activerecord-7.1.5.1/lib/active_record/connection_adapters/abstract/database_statements.rb:462:in `block (3 levels) in insert_fixtures_set'
    vendor/bundle/ruby/3.2.0/gems/activerecord-7.1.5.1/lib/active_record/connection_adapters/abstract/transaction.rb:535:in `block in within_new_transaction'
    vendor/bundle/ruby/3.2.0/gems/activesupport-7.1.5.1/lib/active_support/concurrency/null_lock.rb:9:in `synchronize'
    vendor/bundle/ruby/3.2.0/gems/activerecord-7.1.5.1/lib/active_record/connection_adapters/abstract/transaction.rb:532:in `within_new_transaction'
    vendor/bundle/ruby/3.2.0/gems/activerecord-7.1.5.1/lib/active_record/connection_adapters/abstract/database_statements.rb:344:in `transaction'
    vendor/bundle/ruby/3.2.0/gems/activerecord-7.1.5.1/lib/active_record/connection_adapters/abstract/database_statements.rb:461:in `block (2 levels) in insert_fixtures_set'
    vendor/bundle/ruby/3.2.0/gems/activerecord-7.1.5.1/lib/active_record/connection_adapters/postgresql/referential_integrity.rb:19:in `disable_referential_integrity'
    vendor/bundle/ruby/3.2.0/gems/activerecord-7.1.5.1/lib/active_record/connection_adapters/abstract/database_statements.rb:460:in `block in insert_fixtures_set'
    vendor/bundle/ruby/3.2.0/gems/activerecord-7.1.5.1/lib/active_record/connection_adapters/abstract/database_statements.rb:601:in `with_multi_statements'
    vendor/bundle/ruby/3.2.0/gems/activerecord-7.1.5.1/lib/active_record/connection_adapters/abstract/database_statements.rb:459:in `insert_fixtures_set'
    vendor/bundle/ruby/3.2.0/gems/activerecord-7.1.5.1/lib/active_record/fixtures.rb:681:in `block in insert'
    vendor/bundle/ruby/3.2.0/gems/activerecord-7.1.5.1/lib/active_record/fixtures.rb:672:in `each'
    vendor/bundle/ruby/3.2.0/gems/activerecord-7.1.5.1/lib/active_record/fixtures.rb:672:in `insert'
    vendor/bundle/ruby/3.2.0/gems/activerecord-7.1.5.1/lib/active_record/fixtures.rb:658:in `read_and_insert'
    vendor/bundle/ruby/3.2.0/gems/activerecord-7.1.5.1/lib/active_record/fixtures.rb:603:in `create_fixtures'
    vendor/bundle/ruby/3.2.0/gems/activerecord-7.1.5.1/lib/active_record/test_fixtures.rb:256:in `load_fixtures'
    vendor/bundle/ruby/3.2.0/gems/activerecord-7.1.5.1/lib/active_record/test_fixtures.rb:143:in `setup_fixtures'
    vendor/bundle/ruby/3.2.0/gems/activerecord-7.1.5.1/lib/active_record/test_fixtures.rb:10:in `before_setup'
    vendor/bundle/ruby/3.2.0/gems/activesupport-7.1.5.1/lib/active_support/testing/setup_and_teardown.rb:40:in `before_setup'
    vendor/bundle/ruby/3.2.0/gems/actionpack-7.1.5.1/lib/action_dispatch/testing/integration.rb:340:in `before_setup'
    vendor/bundle/ruby/3.2.0/gems/activejob-7.1.5.1/lib/active_job/test_helper.rb:50:in `before_setup'
    vendor/bundle/ruby/3.2.0/gems/railties-7.1.5.1/lib/rails/test_help.rb:47:in `before_setup'

bin/rails test test/controllers/training_schedules_controller_test.rb:18

WARNING: Rails was not able to disable referential integrity.

This is most likely caused due to missing permissions.
Rails needs superuser privileges to disable referential integrity.

    cause: PG::InsufficientPrivilege: ERROR:  permission denied: "RI_ConstraintTrigger_c_50591" is a system trigger


UsersControllerTest#test_should_destroy_user = 0.09 s = E


Error:
UsersControllerTest#test_should_destroy_user:
ActiveRecord::InvalidForeignKey: PG::ForeignKeyViolation: ERROR:  insert or update on table "attendances" violates foreign key constraint "fk_rails_aa7947c197"
DETAIL:  Key (training_session_id)=(980190962) is not present in table "training_sessions".

    vendor/bundle/ruby/3.2.0/gems/activerecord-7.1.5.1/lib/active_record/connection_adapters/postgresql/database_statements.rb:55:in `exec'
    vendor/bundle/ruby/3.2.0/gems/activerecord-7.1.5.1/lib/active_record/connection_adapters/postgresql/database_statements.rb:55:in `block (2 levels) in raw_execute'
    vendor/bundle/ruby/3.2.0/gems/activerecord-7.1.5.1/lib/active_record/connection_adapters/abstract_adapter.rb:1027:in `block in with_raw_connection'
    vendor/bundle/ruby/3.2.0/gems/activesupport-7.1.5.1/lib/active_support/concurrency/null_lock.rb:9:in `synchronize'
    vendor/bundle/ruby/3.2.0/gems/activerecord-7.1.5.1/lib/active_record/connection_adapters/abstract_adapter.rb:999:in `with_raw_connection'
    vendor/bundle/ruby/3.2.0/gems/activerecord-7.1.5.1/lib/active_record/connection_adapters/postgresql/database_statements.rb:54:in `block in raw_execute'
    vendor/bundle/ruby/3.2.0/gems/activesupport-7.1.5.1/lib/active_support/notifications/instrumenter.rb:58:in `instrument'
    vendor/bundle/ruby/3.2.0/gems/activerecord-7.1.5.1/lib/active_record/connection_adapters/abstract_adapter.rb:1142:in `log'
    vendor/bundle/ruby/3.2.0/gems/activerecord-7.1.5.1/lib/active_record/connection_adapters/postgresql/database_statements.rb:53:in `raw_execute'
    vendor/bundle/ruby/3.2.0/gems/activerecord-7.1.5.1/lib/active_record/connection_adapters/abstract/database_statements.rb:521:in `internal_execute'
    vendor/bundle/ruby/3.2.0/gems/activerecord-7.1.5.1/lib/active_record/connection_adapters/abstract/database_statements.rb:131:in `execute'
    vendor/bundle/ruby/3.2.0/gems/activerecord-7.1.5.1/lib/active_record/connection_adapters/abstract/query_cache.rb:25:in `execute'
    vendor/bundle/ruby/3.2.0/gems/activerecord-7.1.5.1/lib/active_record/connection_adapters/postgresql/database_statements.rb:47:in `execute'
    vendor/bundle/ruby/3.2.0/gems/activerecord-7.1.5.1/lib/active_record/connection_adapters/postgresql/database_statements.rb:151:in `execute_batch'
    vendor/bundle/ruby/3.2.0/gems/activerecord-7.1.5.1/lib/active_record/connection_adapters/abstract/database_statements.rb:462:in `block (3 levels) in insert_fixtures_set'
    vendor/bundle/ruby/3.2.0/gems/activerecord-7.1.5.1/lib/active_record/connection_adapters/abstract/transaction.rb:535:in `block in within_new_transaction'
    vendor/bundle/ruby/3.2.0/gems/activesupport-7.1.5.1/lib/active_support/concurrency/null_lock.rb:9:in `synchronize'
    vendor/bundle/ruby/3.2.0/gems/activerecord-7.1.5.1/lib/active_record/connection_adapters/abstract/transaction.rb:532:in `within_new_transaction'
    vendor/bundle/ruby/3.2.0/gems/activerecord-7.1.5.1/lib/active_record/connection_adapters/abstract/database_statements.rb:344:in `transaction'
    vendor/bundle/ruby/3.2.0/gems/activerecord-7.1.5.1/lib/active_record/connection_adapters/abstract/database_statements.rb:461:in `block (2 levels) in insert_fixtures_set'
    vendor/bundle/ruby/3.2.0/gems/activerecord-7.1.5.1/lib/active_record/connection_adapters/postgresql/referential_integrity.rb:19:in `disable_referential_integrity'
    vendor/bundle/ruby/3.2.0/gems/activerecord-7.1.5.1/lib/active_record/connection_adapters/abstract/database_statements.rb:460:in `block in insert_fixtures_set'
    vendor/bundle/ruby/3.2.0/gems/activerecord-7.1.5.1/lib/active_record/connection_adapters/abstract/database_statements.rb:601:in `with_multi_statements'
    vendor/bundle/ruby/3.2.0/gems/activerecord-7.1.5.1/lib/active_record/connection_adapters/abstract/database_statements.rb:459:in `insert_fixtures_set'
    vendor/bundle/ruby/3.2.0/gems/activerecord-7.1.5.1/lib/active_record/fixtures.rb:681:in `block in insert'
    vendor/bundle/ruby/3.2.0/gems/activerecord-7.1.5.1/lib/active_record/fixtures.rb:672:in `each'
    vendor/bundle/ruby/3.2.0/gems/activerecord-7.1.5.1/lib/active_record/fixtures.rb:672:in `insert'
    vendor/bundle/ruby/3.2.0/gems/activerecord-7.1.5.1/lib/active_record/fixtures.rb:658:in `read_and_insert'
    vendor/bundle/ruby/3.2.0/gems/activerecord-7.1.5.1/lib/active_record/fixtures.rb:603:in `create_fixtures'
    vendor/bundle/ruby/3.2.0/gems/activerecord-7.1.5.1/lib/active_record/test_fixtures.rb:256:in `load_fixtures'
    vendor/bundle/ruby/3.2.0/gems/activerecord-7.1.5.1/lib/active_record/test_fixtures.rb:143:in `setup_fixtures'
    vendor/bundle/ruby/3.2.0/gems/activerecord-7.1.5.1/lib/active_record/test_fixtures.rb:10:in `before_setup'
    vendor/bundle/ruby/3.2.0/gems/activesupport-7.1.5.1/lib/active_support/testing/setup_and_teardown.rb:40:in `before_setup'
    vendor/bundle/ruby/3.2.0/gems/actionpack-7.1.5.1/lib/action_dispatch/testing/integration.rb:340:in `before_setup'
    vendor/bundle/ruby/3.2.0/gems/activejob-7.1.5.1/lib/active_job/test_helper.rb:50:in `before_setup'
    vendor/bundle/ruby/3.2.0/gems/railties-7.1.5.1/lib/rails/test_help.rb:47:in `before_setup'

bin/rails test test/controllers/users_controller_test.rb:41

WARNING: Rails was not able to disable referential integrity.

This is most likely caused due to missing permissions.
Rails needs superuser privileges to disable referential integrity.

    cause: PG::InsufficientPrivilege: ERROR:  permission denied: "RI_ConstraintTrigger_c_50445" is a system trigger


TrainingSchedulesControllerTest#test_should_get_index = 0.08 s = E


Error:
TrainingSchedulesControllerTest#test_should_get_index:
ActiveRecord::InvalidForeignKey: PG::ForeignKeyViolation: ERROR:  insert or update on table "attendances" violates foreign key constraint "fk_rails_aa7947c197"
DETAIL:  Key (training_session_id)=(980190962) is not present in table "training_sessions".

    vendor/bundle/ruby/3.2.0/gems/activerecord-7.1.5.1/lib/active_record/connection_adapters/postgresql/database_statements.rb:55:in `exec'
    vendor/bundle/ruby/3.2.0/gems/activerecord-7.1.5.1/lib/active_record/connection_adapters/postgresql/database_statements.rb:55:in `block (2 levels) in raw_execute'
    vendor/bundle/ruby/3.2.0/gems/activerecord-7.1.5.1/lib/active_record/connection_adapters/abstract_adapter.rb:1027:in `block in with_raw_connection'
    vendor/bundle/ruby/3.2.0/gems/activesupport-7.1.5.1/lib/active_support/concurrency/null_lock.rb:9:in `synchronize'
    vendor/bundle/ruby/3.2.0/gems/activerecord-7.1.5.1/lib/active_record/connection_adapters/abstract_adapter.rb:999:in `with_raw_connection'
    vendor/bundle/ruby/3.2.0/gems/activerecord-7.1.5.1/lib/active_record/connection_adapters/postgresql/database_statements.rb:54:in `block in raw_execute'
    vendor/bundle/ruby/3.2.0/gems/activesupport-7.1.5.1/lib/active_support/notifications/instrumenter.rb:58:in `instrument'
    vendor/bundle/ruby/3.2.0/gems/activerecord-7.1.5.1/lib/active_record/connection_adapters/abstract_adapter.rb:1142:in `log'
    vendor/bundle/ruby/3.2.0/gems/activerecord-7.1.5.1/lib/active_record/connection_adapters/postgresql/database_statements.rb:53:in `raw_execute'
    vendor/bundle/ruby/3.2.0/gems/activerecord-7.1.5.1/lib/active_record/connection_adapters/abstract/database_statements.rb:521:in `internal_execute'
    vendor/bundle/ruby/3.2.0/gems/activerecord-7.1.5.1/lib/active_record/connection_adapters/abstract/database_statements.rb:131:in `execute'
    vendor/bundle/ruby/3.2.0/gems/activerecord-7.1.5.1/lib/active_record/connection_adapters/abstract/query_cache.rb:25:in `execute'
    vendor/bundle/ruby/3.2.0/gems/activerecord-7.1.5.1/lib/active_record/connection_adapters/postgresql/database_statements.rb:47:in `execute'
    vendor/bundle/ruby/3.2.0/gems/activerecord-7.1.5.1/lib/active_record/connection_adapters/postgresql/database_statements.rb:151:in `execute_batch'
    vendor/bundle/ruby/3.2.0/gems/activerecord-7.1.5.1/lib/active_record/connection_adapters/abstract/database_statements.rb:462:in `block (3 levels) in insert_fixtures_set'
    vendor/bundle/ruby/3.2.0/gems/activerecord-7.1.5.1/lib/active_record/connection_adapters/abstract/transaction.rb:535:in `block in within_new_transaction'
    vendor/bundle/ruby/3.2.0/gems/activesupport-7.1.5.1/lib/active_support/concurrency/null_lock.rb:9:in `synchronize'
    vendor/bundle/ruby/3.2.0/gems/activerecord-7.1.5.1/lib/active_record/connection_adapters/abstract/transaction.rb:532:in `within_new_transaction'
    vendor/bundle/ruby/3.2.0/gems/activerecord-7.1.5.1/lib/active_record/connection_adapters/abstract/database_statements.rb:344:in `transaction'
    vendor/bundle/ruby/3.2.0/gems/activerecord-7.1.5.1/lib/active_record/connection_adapters/abstract/database_statements.rb:461:in `block (2 levels) in insert_fixtures_set'
    vendor/bundle/ruby/3.2.0/gems/activerecord-7.1.5.1/lib/active_record/connection_adapters/postgresql/referential_integrity.rb:19:in `disable_referential_integrity'
    vendor/bundle/ruby/3.2.0/gems/activerecord-7.1.5.1/lib/active_record/connection_adapters/abstract/database_statements.rb:460:in `block in insert_fixtures_set'
    vendor/bundle/ruby/3.2.0/gems/activerecord-7.1.5.1/lib/active_record/connection_adapters/abstract/database_statements.rb:601:in `with_multi_statements'
    vendor/bundle/ruby/3.2.0/gems/activerecord-7.1.5.1/lib/active_record/connection_adapters/abstract/database_statements.rb:459:in `insert_fixtures_set'
    vendor/bundle/ruby/3.2.0/gems/activerecord-7.1.5.1/lib/active_record/fixtures.rb:681:in `block in insert'
    vendor/bundle/ruby/3.2.0/gems/activerecord-7.1.5.1/lib/active_record/fixtures.rb:672:in `each'
    vendor/bundle/ruby/3.2.0/gems/activerecord-7.1.5.1/lib/active_record/fixtures.rb:672:in `insert'
    vendor/bundle/ruby/3.2.0/gems/activerecord-7.1.5.1/lib/active_record/fixtures.rb:658:in `read_and_insert'
    vendor/bundle/ruby/3.2.0/gems/activerecord-7.1.5.1/lib/active_record/fixtures.rb:603:in `create_fixtures'
    vendor/bundle/ruby/3.2.0/gems/activerecord-7.1.5.1/lib/active_record/test_fixtures.rb:256:in `load_fixtures'
    vendor/bundle/ruby/3.2.0/gems/activerecord-7.1.5.1/lib/active_record/test_fixtures.rb:143:in `setup_fixtures'
    vendor/bundle/ruby/3.2.0/gems/activerecord-7.1.5.1/lib/active_record/test_fixtures.rb:10:in `before_setup'
    vendor/bundle/ruby/3.2.0/gems/activesupport-7.1.5.1/lib/active_support/testing/setup_and_teardown.rb:40:in `before_setup'
    vendor/bundle/ruby/3.2.0/gems/actionpack-7.1.5.1/lib/action_dispatch/testing/integration.rb:340:in `before_setup'
    vendor/bundle/ruby/3.2.0/gems/activejob-7.1.5.1/lib/active_job/test_helper.rb:50:in `before_setup'
    vendor/bundle/ruby/3.2.0/gems/railties-7.1.5.1/lib/rails/test_help.rb:47:in `before_setup'

bin/rails test test/controllers/training_schedules_controller_test.rb:8

WARNING: Rails was not able to disable referential integrity.

This is most likely caused due to missing permissions.
Rails needs superuser privileges to disable referential integrity.

    cause: PG::InsufficientPrivilege: ERROR:  permission denied: "RI_ConstraintTrigger_c_50466" is a system trigger


TrainingSchedulesControllerTest#test_should_show_training_schedule = 0.05 s = E


Error:
TrainingSchedulesControllerTest#test_should_show_training_schedule:
ActiveRecord::InvalidForeignKey: PG::ForeignKeyViolation: ERROR:  insert or update on table "attendances" violates foreign key constraint "fk_rails_aa7947c197"
DETAIL:  Key (training_session_id)=(980190962) is not present in table "training_sessions".

    vendor/bundle/ruby/3.2.0/gems/activerecord-7.1.5.1/lib/active_record/connection_adapters/postgresql/database_statements.rb:55:in `exec'
    vendor/bundle/ruby/3.2.0/gems/activerecord-7.1.5.1/lib/active_record/connection_adapters/postgresql/database_statements.rb:55:in `block (2 levels) in raw_execute'
    vendor/bundle/ruby/3.2.0/gems/activerecord-7.1.5.1/lib/active_record/connection_adapters/abstract_adapter.rb:1027:in `block in with_raw_connection'
    vendor/bundle/ruby/3.2.0/gems/activesupport-7.1.5.1/lib/active_support/concurrency/null_lock.rb:9:in `synchronize'
    vendor/bundle/ruby/3.2.0/gems/activerecord-7.1.5.1/lib/active_record/connection_adapters/abstract_adapter.rb:999:in `with_raw_connection'
    vendor/bundle/ruby/3.2.0/gems/activerecord-7.1.5.1/lib/active_record/connection_adapters/postgresql/database_statements.rb:54:in `block in raw_execute'
    vendor/bundle/ruby/3.2.0/gems/activesupport-7.1.5.1/lib/active_support/notifications/instrumenter.rb:58:in `instrument'
    vendor/bundle/ruby/3.2.0/gems/activerecord-7.1.5.1/lib/active_record/connection_adapters/abstract_adapter.rb:1142:in `log'
    vendor/bundle/ruby/3.2.0/gems/activerecord-7.1.5.1/lib/active_record/connection_adapters/postgresql/database_statements.rb:53:in `raw_execute'
    vendor/bundle/ruby/3.2.0/gems/activerecord-7.1.5.1/lib/active_record/connection_adapters/abstract/database_statements.rb:521:in `internal_execute'
    vendor/bundle/ruby/3.2.0/gems/activerecord-7.1.5.1/lib/active_record/connection_adapters/abstract/database_statements.rb:131:in `execute'
    vendor/bundle/ruby/3.2.0/gems/activerecord-7.1.5.1/lib/active_record/connection_adapters/abstract/query_cache.rb:25:in `execute'
    vendor/bundle/ruby/3.2.0/gems/activerecord-7.1.5.1/lib/active_record/connection_adapters/postgresql/database_statements.rb:47:in `execute'
    vendor/bundle/ruby/3.2.0/gems/activerecord-7.1.5.1/lib/active_record/connection_adapters/postgresql/database_statements.rb:151:in `execute_batch'
    vendor/bundle/ruby/3.2.0/gems/activerecord-7.1.5.1/lib/active_record/connection_adapters/abstract/database_statements.rb:462:in `block (3 levels) in insert_fixtures_set'
    vendor/bundle/ruby/3.2.0/gems/activerecord-7.1.5.1/lib/active_record/connection_adapters/abstract/transaction.rb:535:in `block in within_new_transaction'
    vendor/bundle/ruby/3.2.0/gems/activesupport-7.1.5.1/lib/active_support/concurrency/null_lock.rb:9:in `synchronize'
    vendor/bundle/ruby/3.2.0/gems/activerecord-7.1.5.1/lib/active_record/connection_adapters/abstract/transaction.rb:532:in `within_new_transaction'
    vendor/bundle/ruby/3.2.0/gems/activerecord-7.1.5.1/lib/active_record/connection_adapters/abstract/database_statements.rb:344:in `transaction'
    vendor/bundle/ruby/3.2.0/gems/activerecord-7.1.5.1/lib/active_record/connection_adapters/abstract/database_statements.rb:461:in `block (2 levels) in insert_fixtures_set'
    vendor/bundle/ruby/3.2.0/gems/activerecord-7.1.5.1/lib/active_record/connection_adapters/postgresql/referential_integrity.rb:19:in `disable_referential_integrity'
    vendor/bundle/ruby/3.2.0/gems/activerecord-7.1.5.1/lib/active_record/connection_adapters/abstract/database_statements.rb:460:in `block in insert_fixtures_set'
    vendor/bundle/ruby/3.2.0/gems/activerecord-7.1.5.1/lib/active_record/connection_adapters/abstract/database_statements.rb:601:in `with_multi_statements'
    vendor/bundle/ruby/3.2.0/gems/activerecord-7.1.5.1/lib/active_record/connection_adapters/abstract/database_statements.rb:459:in `insert_fixtures_set'
    vendor/bundle/ruby/3.2.0/gems/activerecord-7.1.5.1/lib/active_record/fixtures.rb:681:in `block in insert'
    vendor/bundle/ruby/3.2.0/gems/activerecord-7.1.5.1/lib/active_record/fixtures.rb:672:in `each'
    vendor/bundle/ruby/3.2.0/gems/activerecord-7.1.5.1/lib/active_record/fixtures.rb:672:in `insert'
    vendor/bundle/ruby/3.2.0/gems/activerecord-7.1.5.1/lib/active_record/fixtures.rb:658:in `read_and_insert'
    vendor/bundle/ruby/3.2.0/gems/activerecord-7.1.5.1/lib/active_record/fixtures.rb:603:in `create_fixtures'
    vendor/bundle/ruby/3.2.0/gems/activerecord-7.1.5.1/lib/active_record/test_fixtures.rb:256:in `load_fixtures'
    vendor/bundle/ruby/3.2.0/gems/activerecord-7.1.5.1/lib/active_record/test_fixtures.rb:143:in `setup_fixtures'
    vendor/bundle/ruby/3.2.0/gems/activerecord-7.1.5.1/lib/active_record/test_fixtures.rb:10:in `before_setup'
    vendor/bundle/ruby/3.2.0/gems/activesupport-7.1.5.1/lib/active_support/testing/setup_and_teardown.rb:40:in `before_setup'
    vendor/bundle/ruby/3.2.0/gems/actionpack-7.1.5.1/lib/action_dispatch/testing/integration.rb:340:in `before_setup'
    vendor/bundle/ruby/3.2.0/gems/activejob-7.1.5.1/lib/active_job/test_helper.rb:50:in `before_setup'
    vendor/bundle/ruby/3.2.0/gems/railties-7.1.5.1/lib/rails/test_help.rb:47:in `before_setup'

bin/rails test test/controllers/training_schedules_controller_test.rb:26

WARNING: Rails was not able to disable referential integrity.

This is most likely caused due to missing permissions.
Rails needs superuser privileges to disable referential integrity.

    cause: PG::InsufficientPrivilege: ERROR:  permission denied: "RI_ConstraintTrigger_c_50591" is a system trigger


WARNING: Rails was not able to disable referential integrity.

This is most likely caused due to missing permissions.
Rails needs superuser privileges to disable referential integrity.

    cause: PG::InsufficientPrivilege: ERROR:  permission denied: "RI_ConstraintTrigger_c_50531" is a system trigger


TrainingSchedulesControllerTest#test_should_get_edit = 0.05 s = E


Error:
TrainingSchedulesControllerTest#test_should_get_edit:
ActiveRecord::InvalidForeignKey: PG::ForeignKeyViolation: ERROR:  insert or update on table "attendances" violates foreign key constraint "fk_rails_aa7947c197"
DETAIL:  Key (training_session_id)=(980190962) is not present in table "training_sessions".

    vendor/bundle/ruby/3.2.0/gems/activerecord-7.1.5.1/lib/active_record/connection_adapters/postgresql/database_statements.rb:55:in `exec'
    vendor/bundle/ruby/3.2.0/gems/activerecord-7.1.5.1/lib/active_record/connection_adapters/postgresql/database_statements.rb:55:in `block (2 levels) in raw_execute'
    vendor/bundle/ruby/3.2.0/gems/activerecord-7.1.5.1/lib/active_record/connection_adapters/abstract_adapter.rb:1027:in `block in with_raw_connection'
    vendor/bundle/ruby/3.2.0/gems/activesupport-7.1.5.1/lib/active_support/concurrency/null_lock.rb:9:in `synchronize'
    vendor/bundle/ruby/3.2.0/gems/activerecord-7.1.5.1/lib/active_record/connection_adapters/abstract_adapter.rb:999:in `with_raw_connection'
    vendor/bundle/ruby/3.2.0/gems/activerecord-7.1.5.1/lib/active_record/connection_adapters/postgresql/database_statements.rb:54:in `block in raw_execute'
    vendor/bundle/ruby/3.2.0/gems/activesupport-7.1.5.1/lib/active_support/notifications/instrumenter.rb:58:in `instrument'
    vendor/bundle/ruby/3.2.0/gems/activerecord-7.1.5.1/lib/active_record/connection_adapters/abstract_adapter.rb:1142:in `log'
    vendor/bundle/ruby/3.2.0/gems/activerecord-7.1.5.1/lib/active_record/connection_adapters/postgresql/database_statements.rb:53:in `raw_execute'
    vendor/bundle/ruby/3.2.0/gems/activerecord-7.1.5.1/lib/active_record/connection_adapters/abstract/database_statements.rb:521:in `internal_execute'
    vendor/bundle/ruby/3.2.0/gems/activerecord-7.1.5.1/lib/active_record/connection_adapters/abstract/database_statements.rb:131:in `execute'
    vendor/bundle/ruby/3.2.0/gems/activerecord-7.1.5.1/lib/active_record/connection_adapters/abstract/query_cache.rb:25:in `execute'
    vendor/bundle/ruby/3.2.0/gems/activerecord-7.1.5.1/lib/active_record/connection_adapters/postgresql/database_statements.rb:47:in `execute'
    vendor/bundle/ruby/3.2.0/gems/activerecord-7.1.5.1/lib/active_record/connection_adapters/postgresql/database_statements.rb:151:in `execute_batch'
    vendor/bundle/ruby/3.2.0/gems/activerecord-7.1.5.1/lib/active_record/connection_adapters/abstract/database_statements.rb:462:in `block (3 levels) in insert_fixtures_set'
    vendor/bundle/ruby/3.2.0/gems/activerecord-7.1.5.1/lib/active_record/connection_adapters/abstract/transaction.rb:535:in `block in within_new_transaction'
    vendor/bundle/ruby/3.2.0/gems/activesupport-7.1.5.1/lib/active_support/concurrency/null_lock.rb:9:in `synchronize'
    vendor/bundle/ruby/3.2.0/gems/activerecord-7.1.5.1/lib/active_record/connection_adapters/abstract/transaction.rb:532:in `within_new_transaction'
    vendor/bundle/ruby/3.2.0/gems/activerecord-7.1.5.1/lib/active_record/connection_adapters/abstract/database_statements.rb:344:in `transaction'
    vendor/bundle/ruby/3.2.0/gems/activerecord-7.1.5.1/lib/active_record/connection_adapters/abstract/database_statements.rb:461:in `block (2 levels) in insert_fixtures_set'
    vendor/bundle/ruby/3.2.0/gems/activerecord-7.1.5.1/lib/active_record/connection_adapters/postgresql/referential_integrity.rb:19:in `disable_referential_integrity'
    vendor/bundle/ruby/3.2.0/gems/activerecord-7.1.5.1/lib/active_record/connection_adapters/abstract/database_statements.rb:460:in `block in insert_fixtures_set'
    vendor/bundle/ruby/3.2.0/gems/activerecord-7.1.5.1/lib/active_record/connection_adapters/abstract/database_statements.rb:601:in `with_multi_statements'
    vendor/bundle/ruby/3.2.0/gems/activerecord-7.1.5.1/lib/active_record/connection_adapters/abstract/database_statements.rb:459:in `insert_fixtures_set'
    vendor/bundle/ruby/3.2.0/gems/activerecord-7.1.5.1/lib/active_record/fixtures.rb:681:in `block in insert'
    vendor/bundle/ruby/3.2.0/gems/activerecord-7.1.5.1/lib/active_record/fixtures.rb:672:in `each'
    vendor/bundle/ruby/3.2.0/gems/activerecord-7.1.5.1/lib/active_record/fixtures.rb:672:in `insert'
    vendor/bundle/ruby/3.2.0/gems/activerecord-7.1.5.1/lib/active_record/fixtures.rb:658:in `read_and_insert'
    vendor/bundle/ruby/3.2.0/gems/activerecord-7.1.5.1/lib/active_record/fixtures.rb:603:in `create_fixtures'
    vendor/bundle/ruby/3.2.0/gems/activerecord-7.1.5.1/lib/active_record/test_fixtures.rb:256:in `load_fixtures'
    vendor/bundle/ruby/3.2.0/gems/activerecord-7.1.5.1/lib/active_record/test_fixtures.rb:143:in `setup_fixtures'
    vendor/bundle/ruby/3.2.0/gems/activerecord-7.1.5.1/lib/active_record/test_fixtures.rb:10:in `before_setup'
    vendor/bundle/ruby/3.2.0/gems/activesupport-7.1.5.1/lib/active_support/testing/setup_and_teardown.rb:40:in `before_setup'
    vendor/bundle/ruby/3.2.0/gems/actionpack-7.1.5.1/lib/action_dispatch/testing/integration.rb:340:in `before_setup'
    vendor/bundle/ruby/3.2.0/gems/activejob-7.1.5.1/lib/active_job/test_helper.rb:50:in `before_setup'
    vendor/bundle/ruby/3.2.0/gems/railties-7.1.5.1/lib/rails/test_help.rb:47:in `before_setup'

bin/rails test test/controllers/training_schedules_controller_test.rb:31

TrainingSchedulesControllerTest#test_should_get_new = 0.09 s = E


Error:
TrainingSchedulesControllerTest#test_should_get_new:
ActiveRecord::InvalidForeignKey: PG::ForeignKeyViolation: ERROR:  insert or update on table "attendances" violates foreign key constraint "fk_rails_aa7947c197"
DETAIL:  Key (training_session_id)=(980190962) is not present in table "training_sessions".

    vendor/bundle/ruby/3.2.0/gems/activerecord-7.1.5.1/lib/active_record/connection_adapters/postgresql/database_statements.rb:55:in `exec'
    vendor/bundle/ruby/3.2.0/gems/activerecord-7.1.5.1/lib/active_record/connection_adapters/postgresql/database_statements.rb:55:in `block (2 levels) in raw_execute'
    vendor/bundle/ruby/3.2.0/gems/activerecord-7.1.5.1/lib/active_record/connection_adapters/abstract_adapter.rb:1027:in `block in with_raw_connection'
    vendor/bundle/ruby/3.2.0/gems/activesupport-7.1.5.1/lib/active_support/concurrency/null_lock.rb:9:in `synchronize'
    vendor/bundle/ruby/3.2.0/gems/activerecord-7.1.5.1/lib/active_record/connection_adapters/abstract_adapter.rb:999:in `with_raw_connection'
    vendor/bundle/ruby/3.2.0/gems/activerecord-7.1.5.1/lib/active_record/connection_adapters/postgresql/database_statements.rb:54:in `block in raw_execute'
    vendor/bundle/ruby/3.2.0/gems/activesupport-7.1.5.1/lib/active_support/notifications/instrumenter.rb:58:in `instrument'
    vendor/bundle/ruby/3.2.0/gems/activerecord-7.1.5.1/lib/active_record/connection_adapters/abstract_adapter.rb:1142:in `log'
    vendor/bundle/ruby/3.2.0/gems/activerecord-7.1.5.1/lib/active_record/connection_adapters/postgresql/database_statements.rb:53:in `raw_execute'
    vendor/bundle/ruby/3.2.0/gems/activerecord-7.1.5.1/lib/active_record/connection_adapters/abstract/database_statements.rb:521:in `internal_execute'
    vendor/bundle/ruby/3.2.0/gems/activerecord-7.1.5.1/lib/active_record/connection_adapters/abstract/database_statements.rb:131:in `execute'
    vendor/bundle/ruby/3.2.0/gems/activerecord-7.1.5.1/lib/active_record/connection_adapters/abstract/query_cache.rb:25:in `execute'
    vendor/bundle/ruby/3.2.0/gems/activerecord-7.1.5.1/lib/active_record/connection_adapters/postgresql/database_statements.rb:47:in `execute'
    vendor/bundle/ruby/3.2.0/gems/activerecord-7.1.5.1/lib/active_record/connection_adapters/postgresql/database_statements.rb:151:in `execute_batch'
    vendor/bundle/ruby/3.2.0/gems/activerecord-7.1.5.1/lib/active_record/connection_adapters/abstract/database_statements.rb:462:in `block (3 levels) in insert_fixtures_set'
    vendor/bundle/ruby/3.2.0/gems/activerecord-7.1.5.1/lib/active_record/connection_adapters/abstract/transaction.rb:535:in `block in within_new_transaction'
    vendor/bundle/ruby/3.2.0/gems/activesupport-7.1.5.1/lib/active_support/concurrency/null_lock.rb:9:in `synchronize'
    vendor/bundle/ruby/3.2.0/gems/activerecord-7.1.5.1/lib/active_record/connection_adapters/abstract/transaction.rb:532:in `within_new_transaction'
    vendor/bundle/ruby/3.2.0/gems/activerecord-7.1.5.1/lib/active_record/connection_adapters/abstract/database_statements.rb:344:in `transaction'
    vendor/bundle/ruby/3.2.0/gems/activerecord-7.1.5.1/lib/active_record/connection_adapters/abstract/database_statements.rb:461:in `block (2 levels) in insert_fixtures_set'
    vendor/bundle/ruby/3.2.0/gems/activerecord-7.1.5.1/lib/active_record/connection_adapters/postgresql/referential_integrity.rb:19:in `disable_referential_integrity'
    vendor/bundle/ruby/3.2.0/gems/activerecord-7.1.5.1/lib/active_record/connection_adapters/abstract/database_statements.rb:460:in `block in insert_fixtures_set'
    vendor/bundle/ruby/3.2.0/gems/activerecord-7.1.5.1/lib/active_record/connection_adapters/abstract/database_statements.rb:601:in `with_multi_statements'
    vendor/bundle/ruby/3.2.0/gems/activerecord-7.1.5.1/lib/active_record/connection_adapters/abstract/database_statements.rb:459:in `insert_fixtures_set'
    vendor/bundle/ruby/3.2.0/gems/activerecord-7.1.5.1/lib/active_record/fixtures.rb:681:in `block in insert'
    vendor/bundle/ruby/3.2.0/gems/activerecord-7.1.5.1/lib/active_record/fixtures.rb:672:in `each'
    vendor/bundle/ruby/3.2.0/gems/activerecord-7.1.5.1/lib/active_record/fixtures.rb:672:in `insert'
    vendor/bundle/ruby/3.2.0/gems/activerecord-7.1.5.1/lib/active_record/fixtures.rb:658:in `read_and_insert'
    vendor/bundle/ruby/3.2.0/gems/activerecord-7.1.5.1/lib/active_record/fixtures.rb:603:in `create_fixtures'
    vendor/bundle/ruby/3.2.0/gems/activerecord-7.1.5.1/lib/active_record/test_fixtures.rb:256:in `load_fixtures'
    vendor/bundle/ruby/3.2.0/gems/activerecord-7.1.5.1/lib/active_record/test_fixtures.rb:143:in `setup_fixtures'
    vendor/bundle/ruby/3.2.0/gems/activerecord-7.1.5.1/lib/active_record/test_fixtures.rb:10:in `before_setup'
    vendor/bundle/ruby/3.2.0/gems/activesupport-7.1.5.1/lib/active_support/testing/setup_and_teardown.rb:40:in `before_setup'
    vendor/bundle/ruby/3.2.0/gems/actionpack-7.1.5.1/lib/action_dispatch/testing/integration.rb:340:in `before_setup'
    vendor/bundle/ruby/3.2.0/gems/activejob-7.1.5.1/lib/active_job/test_helper.rb:50:in `before_setup'
    vendor/bundle/ruby/3.2.0/gems/railties-7.1.5.1/lib/rails/test_help.rb:47:in `before_setup'

bin/rails test test/controllers/training_schedules_controller_test.rb:13

WARNING: Rails was not able to disable referential integrity.

This is most likely caused due to missing permissions.
Rails needs superuser privileges to disable referential integrity.

    cause: PG::InsufficientPrivilege: ERROR:  permission denied: "RI_ConstraintTrigger_c_50466" is a system trigger


SessionsControllerTest#test_should_update_session = 0.03 s = E


Error:
SessionsControllerTest#test_should_update_session:
ActiveRecord::InvalidForeignKey: PG::ForeignKeyViolation: ERROR:  insert or update on table "attendances" violates foreign key constraint "fk_rails_aa7947c197"
DETAIL:  Key (training_session_id)=(980190962) is not present in table "training_sessions".

    vendor/bundle/ruby/3.2.0/gems/activerecord-7.1.5.1/lib/active_record/connection_adapters/postgresql/database_statements.rb:55:in `exec'
    vendor/bundle/ruby/3.2.0/gems/activerecord-7.1.5.1/lib/active_record/connection_adapters/postgresql/database_statements.rb:55:in `block (2 levels) in raw_execute'
    vendor/bundle/ruby/3.2.0/gems/activerecord-7.1.5.1/lib/active_record/connection_adapters/abstract_adapter.rb:1027:in `block in with_raw_connection'
    vendor/bundle/ruby/3.2.0/gems/activesupport-7.1.5.1/lib/active_support/concurrency/null_lock.rb:9:in `synchronize'
    vendor/bundle/ruby/3.2.0/gems/activerecord-7.1.5.1/lib/active_record/connection_adapters/abstract_adapter.rb:999:in `with_raw_connection'
    vendor/bundle/ruby/3.2.0/gems/activerecord-7.1.5.1/lib/active_record/connection_adapters/postgresql/database_statements.rb:54:in `block in raw_execute'
    vendor/bundle/ruby/3.2.0/gems/activesupport-7.1.5.1/lib/active_support/notifications/instrumenter.rb:58:in `instrument'
    vendor/bundle/ruby/3.2.0/gems/activerecord-7.1.5.1/lib/active_record/connection_adapters/abstract_adapter.rb:1142:in `log'
    vendor/bundle/ruby/3.2.0/gems/activerecord-7.1.5.1/lib/active_record/connection_adapters/postgresql/database_statements.rb:53:in `raw_execute'
    vendor/bundle/ruby/3.2.0/gems/activerecord-7.1.5.1/lib/active_record/connection_adapters/abstract/database_statements.rb:521:in `internal_execute'
    vendor/bundle/ruby/3.2.0/gems/activerecord-7.1.5.1/lib/active_record/connection_adapters/abstract/database_statements.rb:131:in `execute'
    vendor/bundle/ruby/3.2.0/gems/activerecord-7.1.5.1/lib/active_record/connection_adapters/abstract/query_cache.rb:25:in `execute'
    vendor/bundle/ruby/3.2.0/gems/activerecord-7.1.5.1/lib/active_record/connection_adapters/postgresql/database_statements.rb:47:in `execute'
    vendor/bundle/ruby/3.2.0/gems/activerecord-7.1.5.1/lib/active_record/connection_adapters/postgresql/database_statements.rb:151:in `execute_batch'
    vendor/bundle/ruby/3.2.0/gems/activerecord-7.1.5.1/lib/active_record/connection_adapters/abstract/database_statements.rb:462:in `block (3 levels) in insert_fixtures_set'
    vendor/bundle/ruby/3.2.0/gems/activerecord-7.1.5.1/lib/active_record/connection_adapters/abstract/transaction.rb:535:in `block in within_new_transaction'
    vendor/bundle/ruby/3.2.0/gems/activesupport-7.1.5.1/lib/active_support/concurrency/null_lock.rb:9:in `synchronize'
    vendor/bundle/ruby/3.2.0/gems/activerecord-7.1.5.1/lib/active_record/connection_adapters/abstract/transaction.rb:532:in `within_new_transaction'
    vendor/bundle/ruby/3.2.0/gems/activerecord-7.1.5.1/lib/active_record/connection_adapters/abstract/database_statements.rb:344:in `transaction'
    vendor/bundle/ruby/3.2.0/gems/activerecord-7.1.5.1/lib/active_record/connection_adapters/abstract/database_statements.rb:461:in `block (2 levels) in insert_fixtures_set'
    vendor/bundle/ruby/3.2.0/gems/activerecord-7.1.5.1/lib/active_record/connection_adapters/postgresql/referential_integrity.rb:19:in `disable_referential_integrity'
    vendor/bundle/ruby/3.2.0/gems/activerecord-7.1.5.1/lib/active_record/connection_adapters/abstract/database_statements.rb:460:in `block in insert_fixtures_set'
    vendor/bundle/ruby/3.2.0/gems/activerecord-7.1.5.1/lib/active_record/connection_adapters/abstract/database_statements.rb:601:in `with_multi_statements'
    vendor/bundle/ruby/3.2.0/gems/activerecord-7.1.5.1/lib/active_record/connection_adapters/abstract/database_statements.rb:459:in `insert_fixtures_set'
    vendor/bundle/ruby/3.2.0/gems/activerecord-7.1.5.1/lib/active_record/fixtures.rb:681:in `block in insert'
    vendor/bundle/ruby/3.2.0/gems/activerecord-7.1.5.1/lib/active_record/fixtures.rb:672:in `each'
    vendor/bundle/ruby/3.2.0/gems/activerecord-7.1.5.1/lib/active_record/fixtures.rb:672:in `insert'
    vendor/bundle/ruby/3.2.0/gems/activerecord-7.1.5.1/lib/active_record/fixtures.rb:658:in `read_and_insert'
    vendor/bundle/ruby/3.2.0/gems/activerecord-7.1.5.1/lib/active_record/fixtures.rb:603:in `create_fixtures'
    vendor/bundle/ruby/3.2.0/gems/activerecord-7.1.5.1/lib/active_record/test_fixtures.rb:256:in `load_fixtures'
    vendor/bundle/ruby/3.2.0/gems/activerecord-7.1.5.1/lib/active_record/test_fixtures.rb:143:in `setup_fixtures'
    vendor/bundle/ruby/3.2.0/gems/activerecord-7.1.5.1/lib/active_record/test_fixtures.rb:10:in `before_setup'
    vendor/bundle/ruby/3.2.0/gems/activesupport-7.1.5.1/lib/active_support/testing/setup_and_teardown.rb:40:in `before_setup'
    vendor/bundle/ruby/3.2.0/gems/actionpack-7.1.5.1/lib/action_dispatch/testing/integration.rb:340:in `before_setup'
    vendor/bundle/ruby/3.2.0/gems/activejob-7.1.5.1/lib/active_job/test_helper.rb:50:in `before_setup'
    vendor/bundle/ruby/3.2.0/gems/railties-7.1.5.1/lib/rails/test_help.rb:47:in `before_setup'

bin/rails test test/controllers/sessions_controller_test.rb:36

WARNING: Rails was not able to disable referential integrity.

This is most likely caused due to missing permissions.
Rails needs superuser privileges to disable referential integrity.

    cause: PG::InsufficientPrivilege: ERROR:  permission denied: "RI_ConstraintTrigger_c_50445" is a system trigger


TrainingSchedulesControllerTest#test_should_destroy_training_schedule = 0.05 s = E


Error:
TrainingSchedulesControllerTest#test_should_destroy_training_schedule:
ActiveRecord::InvalidForeignKey: PG::ForeignKeyViolation: ERROR:  insert or update on table "attendances" violates foreign key constraint "fk_rails_aa7947c197"
DETAIL:  Key (training_session_id)=(980190962) is not present in table "training_sessions".

    vendor/bundle/ruby/3.2.0/gems/activerecord-7.1.5.1/lib/active_record/connection_adapters/postgresql/database_statements.rb:55:in `exec'
    vendor/bundle/ruby/3.2.0/gems/activerecord-7.1.5.1/lib/active_record/connection_adapters/postgresql/database_statements.rb:55:in `block (2 levels) in raw_execute'
    vendor/bundle/ruby/3.2.0/gems/activerecord-7.1.5.1/lib/active_record/connection_adapters/abstract_adapter.rb:1027:in `block in with_raw_connection'
    vendor/bundle/ruby/3.2.0/gems/activesupport-7.1.5.1/lib/active_support/concurrency/null_lock.rb:9:in `synchronize'
    vendor/bundle/ruby/3.2.0/gems/activerecord-7.1.5.1/lib/active_record/connection_adapters/abstract_adapter.rb:999:in `with_raw_connection'
    vendor/bundle/ruby/3.2.0/gems/activerecord-7.1.5.1/lib/active_record/connection_adapters/postgresql/database_statements.rb:54:in `block in raw_execute'
    vendor/bundle/ruby/3.2.0/gems/activesupport-7.1.5.1/lib/active_support/notifications/instrumenter.rb:58:in `instrument'
    vendor/bundle/ruby/3.2.0/gems/activerecord-7.1.5.1/lib/active_record/connection_adapters/abstract_adapter.rb:1142:in `log'
    vendor/bundle/ruby/3.2.0/gems/activerecord-7.1.5.1/lib/active_record/connection_adapters/postgresql/database_statements.rb:53:in `raw_execute'
    vendor/bundle/ruby/3.2.0/gems/activerecord-7.1.5.1/lib/active_record/connection_adapters/abstract/database_statements.rb:521:in `internal_execute'
    vendor/bundle/ruby/3.2.0/gems/activerecord-7.1.5.1/lib/active_record/connection_adapters/abstract/database_statements.rb:131:in `execute'
    vendor/bundle/ruby/3.2.0/gems/activerecord-7.1.5.1/lib/active_record/connection_adapters/abstract/query_cache.rb:25:in `execute'
    vendor/bundle/ruby/3.2.0/gems/activerecord-7.1.5.1/lib/active_record/connection_adapters/postgresql/database_statements.rb:47:in `execute'
    vendor/bundle/ruby/3.2.0/gems/activerecord-7.1.5.1/lib/active_record/connection_adapters/postgresql/database_statements.rb:151:in `execute_batch'
    vendor/bundle/ruby/3.2.0/gems/activerecord-7.1.5.1/lib/active_record/connection_adapters/abstract/database_statements.rb:462:in `block (3 levels) in insert_fixtures_set'
    vendor/bundle/ruby/3.2.0/gems/activerecord-7.1.5.1/lib/active_record/connection_adapters/abstract/transaction.rb:535:in `block in within_new_transaction'
    vendor/bundle/ruby/3.2.0/gems/activesupport-7.1.5.1/lib/active_support/concurrency/null_lock.rb:9:in `synchronize'
    vendor/bundle/ruby/3.2.0/gems/activerecord-7.1.5.1/lib/active_record/connection_adapters/abstract/transaction.rb:532:in `within_new_transaction'
    vendor/bundle/ruby/3.2.0/gems/activerecord-7.1.5.1/lib/active_record/connection_adapters/abstract/database_statements.rb:344:in `transaction'
    vendor/bundle/ruby/3.2.0/gems/activerecord-7.1.5.1/lib/active_record/connection_adapters/abstract/database_statements.rb:461:in `block (2 levels) in insert_fixtures_set'
    vendor/bundle/ruby/3.2.0/gems/activerecord-7.1.5.1/lib/active_record/connection_adapters/postgresql/referential_integrity.rb:19:in `disable_referential_integrity'
    vendor/bundle/ruby/3.2.0/gems/activerecord-7.1.5.1/lib/active_record/connection_adapters/abstract/database_statements.rb:460:in `block in insert_fixtures_set'
    vendor/bundle/ruby/3.2.0/gems/activerecord-7.1.5.1/lib/active_record/connection_adapters/abstract/database_statements.rb:601:in `with_multi_statements'
    vendor/bundle/ruby/3.2.0/gems/activerecord-7.1.5.1/lib/active_record/connection_adapters/abstract/database_statements.rb:459:in `insert_fixtures_set'
    vendor/bundle/ruby/3.2.0/gems/activerecord-7.1.5.1/lib/active_record/fixtures.rb:681:in `block in insert'
    vendor/bundle/ruby/3.2.0/gems/activerecord-7.1.5.1/lib/active_record/fixtures.rb:672:in `each'
    vendor/bundle/ruby/3.2.0/gems/activerecord-7.1.5.1/lib/active_record/fixtures.rb:672:in `insert'
    vendor/bundle/ruby/3.2.0/gems/activerecord-7.1.5.1/lib/active_record/fixtures.rb:658:in `read_and_insert'
    vendor/bundle/ruby/3.2.0/gems/activerecord-7.1.5.1/lib/active_record/fixtures.rb:603:in `create_fixtures'
    vendor/bundle/ruby/3.2.0/gems/activerecord-7.1.5.1/lib/active_record/test_fixtures.rb:256:in `load_fixtures'
    vendor/bundle/ruby/3.2.0/gems/activerecord-7.1.5.1/lib/active_record/test_fixtures.rb:143:in `setup_fixtures'
    vendor/bundle/ruby/3.2.0/gems/activerecord-7.1.5.1/lib/active_record/test_fixtures.rb:10:in `before_setup'
    vendor/bundle/ruby/3.2.0/gems/activesupport-7.1.5.1/lib/active_support/testing/setup_and_teardown.rb:40:in `before_setup'
    vendor/bundle/ruby/3.2.0/gems/actionpack-7.1.5.1/lib/action_dispatch/testing/integration.rb:340:in `before_setup'
    vendor/bundle/ruby/3.2.0/gems/activejob-7.1.5.1/lib/active_job/test_helper.rb:50:in `before_setup'
    vendor/bundle/ruby/3.2.0/gems/railties-7.1.5.1/lib/rails/test_help.rb:47:in `before_setup'

bin/rails test test/controllers/training_schedules_controller_test.rb:41

WARNING: Rails was not able to disable referential integrity.

This is most likely caused due to missing permissions.
Rails needs superuser privileges to disable referential integrity.

    cause: PG::InsufficientPrivilege: ERROR:  permission denied: "RI_ConstraintTrigger_c_50445" is a system trigger


SessionsControllerTest#test_should_show_session = 0.03 s = E


Error:
SessionsControllerTest#test_should_show_session:
ActiveRecord::InvalidForeignKey: PG::ForeignKeyViolation: ERROR:  insert or update on table "attendances" violates foreign key constraint "fk_rails_aa7947c197"
DETAIL:  Key (training_session_id)=(980190962) is not present in table "training_sessions".

    vendor/bundle/ruby/3.2.0/gems/activerecord-7.1.5.1/lib/active_record/connection_adapters/postgresql/database_statements.rb:55:in `exec'
    vendor/bundle/ruby/3.2.0/gems/activerecord-7.1.5.1/lib/active_record/connection_adapters/postgresql/database_statements.rb:55:in `block (2 levels) in raw_execute'
    vendor/bundle/ruby/3.2.0/gems/activerecord-7.1.5.1/lib/active_record/connection_adapters/abstract_adapter.rb:1027:in `block in with_raw_connection'
    vendor/bundle/ruby/3.2.0/gems/activesupport-7.1.5.1/lib/active_support/concurrency/null_lock.rb:9:in `synchronize'
    vendor/bundle/ruby/3.2.0/gems/activerecord-7.1.5.1/lib/active_record/connection_adapters/abstract_adapter.rb:999:in `with_raw_connection'
    vendor/bundle/ruby/3.2.0/gems/activerecord-7.1.5.1/lib/active_record/connection_adapters/postgresql/database_statements.rb:54:in `block in raw_execute'
    vendor/bundle/ruby/3.2.0/gems/activesupport-7.1.5.1/lib/active_support/notifications/instrumenter.rb:58:in `instrument'
    vendor/bundle/ruby/3.2.0/gems/activerecord-7.1.5.1/lib/active_record/connection_adapters/abstract_adapter.rb:1142:in `log'
    vendor/bundle/ruby/3.2.0/gems/activerecord-7.1.5.1/lib/active_record/connection_adapters/postgresql/database_statements.rb:53:in `raw_execute'
    vendor/bundle/ruby/3.2.0/gems/activerecord-7.1.5.1/lib/active_record/connection_adapters/abstract/database_statements.rb:521:in `internal_execute'
    vendor/bundle/ruby/3.2.0/gems/activerecord-7.1.5.1/lib/active_record/connection_adapters/abstract/database_statements.rb:131:in `execute'
    vendor/bundle/ruby/3.2.0/gems/activerecord-7.1.5.1/lib/active_record/connection_adapters/abstract/query_cache.rb:25:in `execute'
    vendor/bundle/ruby/3.2.0/gems/activerecord-7.1.5.1/lib/active_record/connection_adapters/postgresql/database_statements.rb:47:in `execute'
    vendor/bundle/ruby/3.2.0/gems/activerecord-7.1.5.1/lib/active_record/connection_adapters/postgresql/database_statements.rb:151:in `execute_batch'
    vendor/bundle/ruby/3.2.0/gems/activerecord-7.1.5.1/lib/active_record/connection_adapters/abstract/database_statements.rb:462:in `block (3 levels) in insert_fixtures_set'
    vendor/bundle/ruby/3.2.0/gems/activerecord-7.1.5.1/lib/active_record/connection_adapters/abstract/transaction.rb:535:in `block in within_new_transaction'
    vendor/bundle/ruby/3.2.0/gems/activesupport-7.1.5.1/lib/active_support/concurrency/null_lock.rb:9:in `synchronize'
    vendor/bundle/ruby/3.2.0/gems/activerecord-7.1.5.1/lib/active_record/connection_adapters/abstract/transaction.rb:532:in `within_new_transaction'
    vendor/bundle/ruby/3.2.0/gems/activerecord-7.1.5.1/lib/active_record/connection_adapters/abstract/database_statements.rb:344:in `transaction'
    vendor/bundle/ruby/3.2.0/gems/activerecord-7.1.5.1/lib/active_record/connection_adapters/abstract/database_statements.rb:461:in `block (2 levels) in insert_fixtures_set'
    vendor/bundle/ruby/3.2.0/gems/activerecord-7.1.5.1/lib/active_record/connection_adapters/postgresql/referential_integrity.rb:19:in `disable_referential_integrity'
    vendor/bundle/ruby/3.2.0/gems/activerecord-7.1.5.1/lib/active_record/connection_adapters/abstract/database_statements.rb:460:in `block in insert_fixtures_set'
    vendor/bundle/ruby/3.2.0/gems/activerecord-7.1.5.1/lib/active_record/connection_adapters/abstract/database_statements.rb:601:in `with_multi_statements'
    vendor/bundle/ruby/3.2.0/gems/activerecord-7.1.5.1/lib/active_record/connection_adapters/abstract/database_statements.rb:459:in `insert_fixtures_set'
    vendor/bundle/ruby/3.2.0/gems/activerecord-7.1.5.1/lib/active_record/fixtures.rb:681:in `block in insert'
    vendor/bundle/ruby/3.2.0/gems/activerecord-7.1.5.1/lib/active_record/fixtures.rb:672:in `each'
    vendor/bundle/ruby/3.2.0/gems/activerecord-7.1.5.1/lib/active_record/fixtures.rb:672:in `insert'
    vendor/bundle/ruby/3.2.0/gems/activerecord-7.1.5.1/lib/active_record/fixtures.rb:658:in `read_and_insert'
    vendor/bundle/ruby/3.2.0/gems/activerecord-7.1.5.1/lib/active_record/fixtures.rb:603:in `create_fixtures'
    vendor/bundle/ruby/3.2.0/gems/activerecord-7.1.5.1/lib/active_record/test_fixtures.rb:256:in `load_fixtures'
    vendor/bundle/ruby/3.2.0/gems/activerecord-7.1.5.1/lib/active_record/test_fixtures.rb:143:in `setup_fixtures'
    vendor/bundle/ruby/3.2.0/gems/activerecord-7.1.5.1/lib/active_record/test_fixtures.rb:10:in `before_setup'
    vendor/bundle/ruby/3.2.0/gems/activesupport-7.1.5.1/lib/active_support/testing/setup_and_teardown.rb:40:in `before_setup'
    vendor/bundle/ruby/3.2.0/gems/actionpack-7.1.5.1/lib/action_dispatch/testing/integration.rb:340:in `before_setup'
    vendor/bundle/ruby/3.2.0/gems/activejob-7.1.5.1/lib/active_job/test_helper.rb:50:in `before_setup'
    vendor/bundle/ruby/3.2.0/gems/railties-7.1.5.1/lib/rails/test_help.rb:47:in `before_setup'

bin/rails test test/controllers/sessions_controller_test.rb:26

WARNING: Rails was not able to disable referential integrity.

This is most likely caused due to missing permissions.
Rails needs superuser privileges to disable referential integrity.

    cause: PG::InsufficientPrivilege: ERROR:  permission denied: "RI_ConstraintTrigger_c_50466" is a system trigger


SessionsControllerTest#test_should_get_new = 0.06 s = E


Error:
SessionsControllerTest#test_should_get_new:
ActiveRecord::InvalidForeignKey: PG::ForeignKeyViolation: ERROR:  insert or update on table "attendances" violates foreign key constraint "fk_rails_aa7947c197"
DETAIL:  Key (training_session_id)=(980190962) is not present in table "training_sessions".

    vendor/bundle/ruby/3.2.0/gems/activerecord-7.1.5.1/lib/active_record/connection_adapters/postgresql/database_statements.rb:55:in `exec'
    vendor/bundle/ruby/3.2.0/gems/activerecord-7.1.5.1/lib/active_record/connection_adapters/postgresql/database_statements.rb:55:in `block (2 levels) in raw_execute'
    vendor/bundle/ruby/3.2.0/gems/activerecord-7.1.5.1/lib/active_record/connection_adapters/abstract_adapter.rb:1027:in `block in with_raw_connection'
    vendor/bundle/ruby/3.2.0/gems/activesupport-7.1.5.1/lib/active_support/concurrency/null_lock.rb:9:in `synchronize'
    vendor/bundle/ruby/3.2.0/gems/activerecord-7.1.5.1/lib/active_record/connection_adapters/abstract_adapter.rb:999:in `with_raw_connection'
    vendor/bundle/ruby/3.2.0/gems/activerecord-7.1.5.1/lib/active_record/connection_adapters/postgresql/database_statements.rb:54:in `block in raw_execute'
    vendor/bundle/ruby/3.2.0/gems/activesupport-7.1.5.1/lib/active_support/notifications/instrumenter.rb:58:in `instrument'
    vendor/bundle/ruby/3.2.0/gems/activerecord-7.1.5.1/lib/active_record/connection_adapters/abstract_adapter.rb:1142:in `log'
    vendor/bundle/ruby/3.2.0/gems/activerecord-7.1.5.1/lib/active_record/connection_adapters/postgresql/database_statements.rb:53:in `raw_execute'
    vendor/bundle/ruby/3.2.0/gems/activerecord-7.1.5.1/lib/active_record/connection_adapters/abstract/database_statements.rb:521:in `internal_execute'
    vendor/bundle/ruby/3.2.0/gems/activerecord-7.1.5.1/lib/active_record/connection_adapters/abstract/database_statements.rb:131:in `execute'
    vendor/bundle/ruby/3.2.0/gems/activerecord-7.1.5.1/lib/active_record/connection_adapters/abstract/query_cache.rb:25:in `execute'
    vendor/bundle/ruby/3.2.0/gems/activerecord-7.1.5.1/lib/active_record/connection_adapters/postgresql/database_statements.rb:47:in `execute'
    vendor/bundle/ruby/3.2.0/gems/activerecord-7.1.5.1/lib/active_record/connection_adapters/postgresql/database_statements.rb:151:in `execute_batch'
    vendor/bundle/ruby/3.2.0/gems/activerecord-7.1.5.1/lib/active_record/connection_adapters/abstract/database_statements.rb:462:in `block (3 levels) in insert_fixtures_set'
    vendor/bundle/ruby/3.2.0/gems/activerecord-7.1.5.1/lib/active_record/connection_adapters/abstract/transaction.rb:535:in `block in within_new_transaction'
    vendor/bundle/ruby/3.2.0/gems/activesupport-7.1.5.1/lib/active_support/concurrency/null_lock.rb:9:in `synchronize'
    vendor/bundle/ruby/3.2.0/gems/activerecord-7.1.5.1/lib/active_record/connection_adapters/abstract/transaction.rb:532:in `within_new_transaction'
    vendor/bundle/ruby/3.2.0/gems/activerecord-7.1.5.1/lib/active_record/connection_adapters/abstract/database_statements.rb:344:in `transaction'
    vendor/bundle/ruby/3.2.0/gems/activerecord-7.1.5.1/lib/active_record/connection_adapters/abstract/database_statements.rb:461:in `block (2 levels) in insert_fixtures_set'
    vendor/bundle/ruby/3.2.0/gems/activerecord-7.1.5.1/lib/active_record/connection_adapters/postgresql/referential_integrity.rb:19:in `disable_referential_integrity'
    vendor/bundle/ruby/3.2.0/gems/activerecord-7.1.5.1/lib/active_record/connection_adapters/abstract/database_statements.rb:460:in `block in insert_fixtures_set'
    vendor/bundle/ruby/3.2.0/gems/activerecord-7.1.5.1/lib/active_record/connection_adapters/abstract/database_statements.rb:601:in `with_multi_statements'
    vendor/bundle/ruby/3.2.0/gems/activerecord-7.1.5.1/lib/active_record/connection_adapters/abstract/database_statements.rb:459:in `insert_fixtures_set'
    vendor/bundle/ruby/3.2.0/gems/activerecord-7.1.5.1/lib/active_record/fixtures.rb:681:in `block in insert'
    vendor/bundle/ruby/3.2.0/gems/activerecord-7.1.5.1/lib/active_record/fixtures.rb:672:in `each'
    vendor/bundle/ruby/3.2.0/gems/activerecord-7.1.5.1/lib/active_record/fixtures.rb:672:in `insert'
    vendor/bundle/ruby/3.2.0/gems/activerecord-7.1.5.1/lib/active_record/fixtures.rb:658:in `read_and_insert'
    vendor/bundle/ruby/3.2.0/gems/activerecord-7.1.5.1/lib/active_record/fixtures.rb:603:in `create_fixtures'
    vendor/bundle/ruby/3.2.0/gems/activerecord-7.1.5.1/lib/active_record/test_fixtures.rb:256:in `load_fixtures'
    vendor/bundle/ruby/3.2.0/gems/activerecord-7.1.5.1/lib/active_record/test_fixtures.rb:143:in `setup_fixtures'
    vendor/bundle/ruby/3.2.0/gems/activerecord-7.1.5.1/lib/active_record/test_fixtures.rb:10:in `before_setup'
    vendor/bundle/ruby/3.2.0/gems/activesupport-7.1.5.1/lib/active_support/testing/setup_and_teardown.rb:40:in `before_setup'
    vendor/bundle/ruby/3.2.0/gems/actionpack-7.1.5.1/lib/action_dispatch/testing/integration.rb:340:in `before_setup'
    vendor/bundle/ruby/3.2.0/gems/activejob-7.1.5.1/lib/active_job/test_helper.rb:50:in `before_setup'
    vendor/bundle/ruby/3.2.0/gems/railties-7.1.5.1/lib/rails/test_help.rb:47:in `before_setup'

bin/rails test test/controllers/sessions_controller_test.rb:13

WARNING: Rails was not able to disable referential integrity.

This is most likely caused due to missing permissions.
Rails needs superuser privileges to disable referential integrity.

    cause: PG::InsufficientPrivilege: ERROR:  permission denied: "RI_ConstraintTrigger_c_50591" is a system trigger


SessionsControllerTest#test_should_create_session = 0.08 s = E


Error:
SessionsControllerTest#test_should_create_session:
ActiveRecord::InvalidForeignKey: PG::ForeignKeyViolation: ERROR:  insert or update on table "attendances" violates foreign key constraint "fk_rails_aa7947c197"
DETAIL:  Key (training_session_id)=(980190962) is not present in table "training_sessions".

    vendor/bundle/ruby/3.2.0/gems/activerecord-7.1.5.1/lib/active_record/connection_adapters/postgresql/database_statements.rb:55:in `exec'
    vendor/bundle/ruby/3.2.0/gems/activerecord-7.1.5.1/lib/active_record/connection_adapters/postgresql/database_statements.rb:55:in `block (2 levels) in raw_execute'
    vendor/bundle/ruby/3.2.0/gems/activerecord-7.1.5.1/lib/active_record/connection_adapters/abstract_adapter.rb:1027:in `block in with_raw_connection'
    vendor/bundle/ruby/3.2.0/gems/activesupport-7.1.5.1/lib/active_support/concurrency/null_lock.rb:9:in `synchronize'
    vendor/bundle/ruby/3.2.0/gems/activerecord-7.1.5.1/lib/active_record/connection_adapters/abstract_adapter.rb:999:in `with_raw_connection'
    vendor/bundle/ruby/3.2.0/gems/activerecord-7.1.5.1/lib/active_record/connection_adapters/postgresql/database_statements.rb:54:in `block in raw_execute'
    vendor/bundle/ruby/3.2.0/gems/activesupport-7.1.5.1/lib/active_support/notifications/instrumenter.rb:58:in `instrument'
    vendor/bundle/ruby/3.2.0/gems/activerecord-7.1.5.1/lib/active_record/connection_adapters/abstract_adapter.rb:1142:in `log'
    vendor/bundle/ruby/3.2.0/gems/activerecord-7.1.5.1/lib/active_record/connection_adapters/postgresql/database_statements.rb:53:in `raw_execute'
    vendor/bundle/ruby/3.2.0/gems/activerecord-7.1.5.1/lib/active_record/connection_adapters/abstract/database_statements.rb:521:in `internal_execute'
    vendor/bundle/ruby/3.2.0/gems/activerecord-7.1.5.1/lib/active_record/connection_adapters/abstract/database_statements.rb:131:in `execute'
    vendor/bundle/ruby/3.2.0/gems/activerecord-7.1.5.1/lib/active_record/connection_adapters/abstract/query_cache.rb:25:in `execute'
    vendor/bundle/ruby/3.2.0/gems/activerecord-7.1.5.1/lib/active_record/connection_adapters/postgresql/database_statements.rb:47:in `execute'
    vendor/bundle/ruby/3.2.0/gems/activerecord-7.1.5.1/lib/active_record/connection_adapters/postgresql/database_statements.rb:151:in `execute_batch'
    vendor/bundle/ruby/3.2.0/gems/activerecord-7.1.5.1/lib/active_record/connection_adapters/abstract/database_statements.rb:462:in `block (3 levels) in insert_fixtures_set'
    vendor/bundle/ruby/3.2.0/gems/activerecord-7.1.5.1/lib/active_record/connection_adapters/abstract/transaction.rb:535:in `block in within_new_transaction'
    vendor/bundle/ruby/3.2.0/gems/activesupport-7.1.5.1/lib/active_support/concurrency/null_lock.rb:9:in `synchronize'
    vendor/bundle/ruby/3.2.0/gems/activerecord-7.1.5.1/lib/active_record/connection_adapters/abstract/transaction.rb:532:in `within_new_transaction'
    vendor/bundle/ruby/3.2.0/gems/activerecord-7.1.5.1/lib/active_record/connection_adapters/abstract/database_statements.rb:344:in `transaction'
    vendor/bundle/ruby/3.2.0/gems/activerecord-7.1.5.1/lib/active_record/connection_adapters/abstract/database_statements.rb:461:in `block (2 levels) in insert_fixtures_set'
    vendor/bundle/ruby/3.2.0/gems/activerecord-7.1.5.1/lib/active_record/connection_adapters/postgresql/referential_integrity.rb:19:in `disable_referential_integrity'
    vendor/bundle/ruby/3.2.0/gems/activerecord-7.1.5.1/lib/active_record/connection_adapters/abstract/database_statements.rb:460:in `block in insert_fixtures_set'
    vendor/bundle/ruby/3.2.0/gems/activerecord-7.1.5.1/lib/active_record/connection_adapters/abstract/database_statements.rb:601:in `with_multi_statements'
    vendor/bundle/ruby/3.2.0/gems/activerecord-7.1.5.1/lib/active_record/connection_adapters/abstract/database_statements.rb:459:in `insert_fixtures_set'
    vendor/bundle/ruby/3.2.0/gems/activerecord-7.1.5.1/lib/active_record/fixtures.rb:681:in `block in insert'
    vendor/bundle/ruby/3.2.0/gems/activerecord-7.1.5.1/lib/active_record/fixtures.rb:672:in `each'
    vendor/bundle/ruby/3.2.0/gems/activerecord-7.1.5.1/lib/active_record/fixtures.rb:672:in `insert'
    vendor/bundle/ruby/3.2.0/gems/activerecord-7.1.5.1/lib/active_record/fixtures.rb:658:in `read_and_insert'
    vendor/bundle/ruby/3.2.0/gems/activerecord-7.1.5.1/lib/active_record/fixtures.rb:603:in `create_fixtures'
    vendor/bundle/ruby/3.2.0/gems/activerecord-7.1.5.1/lib/active_record/test_fixtures.rb:256:in `load_fixtures'
    vendor/bundle/ruby/3.2.0/gems/activerecord-7.1.5.1/lib/active_record/test_fixtures.rb:143:in `setup_fixtures'
    vendor/bundle/ruby/3.2.0/gems/activerecord-7.1.5.1/lib/active_record/test_fixtures.rb:10:in `before_setup'
    vendor/bundle/ruby/3.2.0/gems/activesupport-7.1.5.1/lib/active_support/testing/setup_and_teardown.rb:40:in `before_setup'
    vendor/bundle/ruby/3.2.0/gems/actionpack-7.1.5.1/lib/action_dispatch/testing/integration.rb:340:in `before_setup'
    vendor/bundle/ruby/3.2.0/gems/activejob-7.1.5.1/lib/active_job/test_helper.rb:50:in `before_setup'
    vendor/bundle/ruby/3.2.0/gems/railties-7.1.5.1/lib/rails/test_help.rb:47:in `before_setup'

bin/rails test test/controllers/sessions_controller_test.rb:18

WARNING: Rails was not able to disable referential integrity.

This is most likely caused due to missing permissions.
Rails needs superuser privileges to disable referential integrity.

    cause: PG::InsufficientPrivilege: ERROR:  permission denied: "RI_ConstraintTrigger_c_50445" is a system trigger


SessionsControllerTest#test_should_get_edit = 0.04 s = E


Error:
SessionsControllerTest#test_should_get_edit:
ActiveRecord::InvalidForeignKey: PG::ForeignKeyViolation: ERROR:  insert or update on table "attendances" violates foreign key constraint "fk_rails_aa7947c197"
DETAIL:  Key (training_session_id)=(980190962) is not present in table "training_sessions".

    vendor/bundle/ruby/3.2.0/gems/activerecord-7.1.5.1/lib/active_record/connection_adapters/postgresql/database_statements.rb:55:in `exec'
    vendor/bundle/ruby/3.2.0/gems/activerecord-7.1.5.1/lib/active_record/connection_adapters/postgresql/database_statements.rb:55:in `block (2 levels) in raw_execute'
    vendor/bundle/ruby/3.2.0/gems/activerecord-7.1.5.1/lib/active_record/connection_adapters/abstract_adapter.rb:1027:in `block in with_raw_connection'
    vendor/bundle/ruby/3.2.0/gems/activesupport-7.1.5.1/lib/active_support/concurrency/null_lock.rb:9:in `synchronize'
    vendor/bundle/ruby/3.2.0/gems/activerecord-7.1.5.1/lib/active_record/connection_adapters/abstract_adapter.rb:999:in `with_raw_connection'
    vendor/bundle/ruby/3.2.0/gems/activerecord-7.1.5.1/lib/active_record/connection_adapters/postgresql/database_statements.rb:54:in `block in raw_execute'
    vendor/bundle/ruby/3.2.0/gems/activesupport-7.1.5.1/lib/active_support/notifications/instrumenter.rb:58:in `instrument'
    vendor/bundle/ruby/3.2.0/gems/activerecord-7.1.5.1/lib/active_record/connection_adapters/abstract_adapter.rb:1142:in `log'
    vendor/bundle/ruby/3.2.0/gems/activerecord-7.1.5.1/lib/active_record/connection_adapters/postgresql/database_statements.rb:53:in `raw_execute'
    vendor/bundle/ruby/3.2.0/gems/activerecord-7.1.5.1/lib/active_record/connection_adapters/abstract/database_statements.rb:521:in `internal_execute'
    vendor/bundle/ruby/3.2.0/gems/activerecord-7.1.5.1/lib/active_record/connection_adapters/abstract/database_statements.rb:131:in `execute'
    vendor/bundle/ruby/3.2.0/gems/activerecord-7.1.5.1/lib/active_record/connection_adapters/abstract/query_cache.rb:25:in `execute'
    vendor/bundle/ruby/3.2.0/gems/activerecord-7.1.5.1/lib/active_record/connection_adapters/postgresql/database_statements.rb:47:in `execute'
    vendor/bundle/ruby/3.2.0/gems/activerecord-7.1.5.1/lib/active_record/connection_adapters/postgresql/database_statements.rb:151:in `execute_batch'
    vendor/bundle/ruby/3.2.0/gems/activerecord-7.1.5.1/lib/active_record/connection_adapters/abstract/database_statements.rb:462:in `block (3 levels) in insert_fixtures_set'
    vendor/bundle/ruby/3.2.0/gems/activerecord-7.1.5.1/lib/active_record/connection_adapters/abstract/transaction.rb:535:in `block in within_new_transaction'
    vendor/bundle/ruby/3.2.0/gems/activesupport-7.1.5.1/lib/active_support/concurrency/null_lock.rb:9:in `synchronize'
    vendor/bundle/ruby/3.2.0/gems/activerecord-7.1.5.1/lib/active_record/connection_adapters/abstract/transaction.rb:532:in `within_new_transaction'
    vendor/bundle/ruby/3.2.0/gems/activerecord-7.1.5.1/lib/active_record/connection_adapters/abstract/database_statements.rb:344:in `transaction'
    vendor/bundle/ruby/3.2.0/gems/activerecord-7.1.5.1/lib/active_record/connection_adapters/abstract/database_statements.rb:461:in `block (2 levels) in insert_fixtures_set'
    vendor/bundle/ruby/3.2.0/gems/activerecord-7.1.5.1/lib/active_record/connection_adapters/postgresql/referential_integrity.rb:19:in `disable_referential_integrity'
    vendor/bundle/ruby/3.2.0/gems/activerecord-7.1.5.1/lib/active_record/connection_adapters/abstract/database_statements.rb:460:in `block in insert_fixtures_set'
    vendor/bundle/ruby/3.2.0/gems/activerecord-7.1.5.1/lib/active_record/connection_adapters/abstract/database_statements.rb:601:in `with_multi_statements'
    vendor/bundle/ruby/3.2.0/gems/activerecord-7.1.5.1/lib/active_record/connection_adapters/abstract/database_statements.rb:459:in `insert_fixtures_set'
    vendor/bundle/ruby/3.2.0/gems/activerecord-7.1.5.1/lib/active_record/fixtures.rb:681:in `block in insert'
    vendor/bundle/ruby/3.2.0/gems/activerecord-7.1.5.1/lib/active_record/fixtures.rb:672:in `each'
    vendor/bundle/ruby/3.2.0/gems/activerecord-7.1.5.1/lib/active_record/fixtures.rb:672:in `insert'
    vendor/bundle/ruby/3.2.0/gems/activerecord-7.1.5.1/lib/active_record/fixtures.rb:658:in `read_and_insert'
    vendor/bundle/ruby/3.2.0/gems/activerecord-7.1.5.1/lib/active_record/fixtures.rb:603:in `create_fixtures'
    vendor/bundle/ruby/3.2.0/gems/activerecord-7.1.5.1/lib/active_record/test_fixtures.rb:256:in `load_fixtures'
    vendor/bundle/ruby/3.2.0/gems/activerecord-7.1.5.1/lib/active_record/test_fixtures.rb:143:in `setup_fixtures'
    vendor/bundle/ruby/3.2.0/gems/activerecord-7.1.5.1/lib/active_record/test_fixtures.rb:10:in `before_setup'
    vendor/bundle/ruby/3.2.0/gems/activesupport-7.1.5.1/lib/active_support/testing/setup_and_teardown.rb:40:in `before_setup'
    vendor/bundle/ruby/3.2.0/gems/actionpack-7.1.5.1/lib/action_dispatch/testing/integration.rb:340:in `before_setup'
    vendor/bundle/ruby/3.2.0/gems/activejob-7.1.5.1/lib/active_job/test_helper.rb:50:in `before_setup'
    vendor/bundle/ruby/3.2.0/gems/railties-7.1.5.1/lib/rails/test_help.rb:47:in `before_setup'

bin/rails test test/controllers/sessions_controller_test.rb:31

WARNING: Rails was not able to disable referential integrity.

This is most likely caused due to missing permissions.
Rails needs superuser privileges to disable referential integrity.

    cause: PG::InsufficientPrivilege: ERROR:  permission denied: "RI_ConstraintTrigger_c_50531" is a system trigger


SessionsControllerTest#test_should_get_index = 0.12 s = E


Error:
SessionsControllerTest#test_should_get_index:
ActiveRecord::InvalidForeignKey: PG::ForeignKeyViolation: ERROR:  insert or update on table "attendances" violates foreign key constraint "fk_rails_aa7947c197"
DETAIL:  Key (training_session_id)=(980190962) is not present in table "training_sessions".

    vendor/bundle/ruby/3.2.0/gems/activerecord-7.1.5.1/lib/active_record/connection_adapters/postgresql/database_statements.rb:55:in `exec'
    vendor/bundle/ruby/3.2.0/gems/activerecord-7.1.5.1/lib/active_record/connection_adapters/postgresql/database_statements.rb:55:in `block (2 levels) in raw_execute'
    vendor/bundle/ruby/3.2.0/gems/activerecord-7.1.5.1/lib/active_record/connection_adapters/abstract_adapter.rb:1027:in `block in with_raw_connection'
    vendor/bundle/ruby/3.2.0/gems/activesupport-7.1.5.1/lib/active_support/concurrency/null_lock.rb:9:in `synchronize'
    vendor/bundle/ruby/3.2.0/gems/activerecord-7.1.5.1/lib/active_record/connection_adapters/abstract_adapter.rb:999:in `with_raw_connection'
    vendor/bundle/ruby/3.2.0/gems/activerecord-7.1.5.1/lib/active_record/connection_adapters/postgresql/database_statements.rb:54:in `block in raw_execute'
    vendor/bundle/ruby/3.2.0/gems/activesupport-7.1.5.1/lib/active_support/notifications/instrumenter.rb:58:in `instrument'
    vendor/bundle/ruby/3.2.0/gems/activerecord-7.1.5.1/lib/active_record/connection_adapters/abstract_adapter.rb:1142:in `log'
    vendor/bundle/ruby/3.2.0/gems/activerecord-7.1.5.1/lib/active_record/connection_adapters/postgresql/database_statements.rb:53:in `raw_execute'
    vendor/bundle/ruby/3.2.0/gems/activerecord-7.1.5.1/lib/active_record/connection_adapters/abstract/database_statements.rb:521:in `internal_execute'
    vendor/bundle/ruby/3.2.0/gems/activerecord-7.1.5.1/lib/active_record/connection_adapters/abstract/database_statements.rb:131:in `execute'
    vendor/bundle/ruby/3.2.0/gems/activerecord-7.1.5.1/lib/active_record/connection_adapters/abstract/query_cache.rb:25:in `execute'
    vendor/bundle/ruby/3.2.0/gems/activerecord-7.1.5.1/lib/active_record/connection_adapters/postgresql/database_statements.rb:47:in `execute'
    vendor/bundle/ruby/3.2.0/gems/activerecord-7.1.5.1/lib/active_record/connection_adapters/postgresql/database_statements.rb:151:in `execute_batch'
    vendor/bundle/ruby/3.2.0/gems/activerecord-7.1.5.1/lib/active_record/connection_adapters/abstract/database_statements.rb:462:in `block (3 levels) in insert_fixtures_set'
    vendor/bundle/ruby/3.2.0/gems/activerecord-7.1.5.1/lib/active_record/connection_adapters/abstract/transaction.rb:535:in `block in within_new_transaction'
    vendor/bundle/ruby/3.2.0/gems/activesupport-7.1.5.1/lib/active_support/concurrency/null_lock.rb:9:in `synchronize'
    vendor/bundle/ruby/3.2.0/gems/activerecord-7.1.5.1/lib/active_record/connection_adapters/abstract/transaction.rb:532:in `within_new_transaction'
    vendor/bundle/ruby/3.2.0/gems/activerecord-7.1.5.1/lib/active_record/connection_adapters/abstract/database_statements.rb:344:in `transaction'
    vendor/bundle/ruby/3.2.0/gems/activerecord-7.1.5.1/lib/active_record/connection_adapters/abstract/database_statements.rb:461:in `block (2 levels) in insert_fixtures_set'
    vendor/bundle/ruby/3.2.0/gems/activerecord-7.1.5.1/lib/active_record/connection_adapters/postgresql/referential_integrity.rb:19:in `disable_referential_integrity'
    vendor/bundle/ruby/3.2.0/gems/activerecord-7.1.5.1/lib/active_record/connection_adapters/abstract/database_statements.rb:460:in `block in insert_fixtures_set'
    vendor/bundle/ruby/3.2.0/gems/activerecord-7.1.5.1/lib/active_record/connection_adapters/abstract/database_statements.rb:601:in `with_multi_statements'
    vendor/bundle/ruby/3.2.0/gems/activerecord-7.1.5.1/lib/active_record/connection_adapters/abstract/database_statements.rb:459:in `insert_fixtures_set'
    vendor/bundle/ruby/3.2.0/gems/activerecord-7.1.5.1/lib/active_record/fixtures.rb:681:in `block in insert'
    vendor/bundle/ruby/3.2.0/gems/activerecord-7.1.5.1/lib/active_record/fixtures.rb:672:in `each'
    vendor/bundle/ruby/3.2.0/gems/activerecord-7.1.5.1/lib/active_record/fixtures.rb:672:in `insert'
    vendor/bundle/ruby/3.2.0/gems/activerecord-7.1.5.1/lib/active_record/fixtures.rb:658:in `read_and_insert'
    vendor/bundle/ruby/3.2.0/gems/activerecord-7.1.5.1/lib/active_record/fixtures.rb:603:in `create_fixtures'
    vendor/bundle/ruby/3.2.0/gems/activerecord-7.1.5.1/lib/active_record/test_fixtures.rb:256:in `load_fixtures'
    vendor/bundle/ruby/3.2.0/gems/activerecord-7.1.5.1/lib/active_record/test_fixtures.rb:143:in `setup_fixtures'
    vendor/bundle/ruby/3.2.0/gems/activerecord-7.1.5.1/lib/active_record/test_fixtures.rb:10:in `before_setup'
    vendor/bundle/ruby/3.2.0/gems/activesupport-7.1.5.1/lib/active_support/testing/setup_and_teardown.rb:40:in `before_setup'
    vendor/bundle/ruby/3.2.0/gems/actionpack-7.1.5.1/lib/action_dispatch/testing/integration.rb:340:in `before_setup'
    vendor/bundle/ruby/3.2.0/gems/activejob-7.1.5.1/lib/active_job/test_helper.rb:50:in `before_setup'
    vendor/bundle/ruby/3.2.0/gems/railties-7.1.5.1/lib/rails/test_help.rb:47:in `before_setup'

bin/rails test test/controllers/sessions_controller_test.rb:8

WARNING: Rails was not able to disable referential integrity.

This is most likely caused due to missing permissions.
Rails needs superuser privileges to disable referential integrity.

    cause: PG::InsufficientPrivilege: ERROR:  permission denied: "RI_ConstraintTrigger_c_50466" is a system trigger


SessionsControllerTest#test_should_destroy_session = 0.07 s = E


Error:
SessionsControllerTest#test_should_destroy_session:
ActiveRecord::InvalidForeignKey: PG::ForeignKeyViolation: ERROR:  insert or update on table "attendances" violates foreign key constraint "fk_rails_aa7947c197"
DETAIL:  Key (training_session_id)=(980190962) is not present in table "training_sessions".

    vendor/bundle/ruby/3.2.0/gems/activerecord-7.1.5.1/lib/active_record/connection_adapters/postgresql/database_statements.rb:55:in `exec'
    vendor/bundle/ruby/3.2.0/gems/activerecord-7.1.5.1/lib/active_record/connection_adapters/postgresql/database_statements.rb:55:in `block (2 levels) in raw_execute'
    vendor/bundle/ruby/3.2.0/gems/activerecord-7.1.5.1/lib/active_record/connection_adapters/abstract_adapter.rb:1027:in `block in with_raw_connection'
    vendor/bundle/ruby/3.2.0/gems/activesupport-7.1.5.1/lib/active_support/concurrency/null_lock.rb:9:in `synchronize'
    vendor/bundle/ruby/3.2.0/gems/activerecord-7.1.5.1/lib/active_record/connection_adapters/abstract_adapter.rb:999:in `with_raw_connection'
    vendor/bundle/ruby/3.2.0/gems/activerecord-7.1.5.1/lib/active_record/connection_adapters/postgresql/database_statements.rb:54:in `block in raw_execute'
    vendor/bundle/ruby/3.2.0/gems/activesupport-7.1.5.1/lib/active_support/notifications/instrumenter.rb:58:in `instrument'
    vendor/bundle/ruby/3.2.0/gems/activerecord-7.1.5.1/lib/active_record/connection_adapters/abstract_adapter.rb:1142:in `log'
    vendor/bundle/ruby/3.2.0/gems/activerecord-7.1.5.1/lib/active_record/connection_adapters/postgresql/database_statements.rb:53:in `raw_execute'
    vendor/bundle/ruby/3.2.0/gems/activerecord-7.1.5.1/lib/active_record/connection_adapters/abstract/database_statements.rb:521:in `internal_execute'
    vendor/bundle/ruby/3.2.0/gems/activerecord-7.1.5.1/lib/active_record/connection_adapters/abstract/database_statements.rb:131:in `execute'
    vendor/bundle/ruby/3.2.0/gems/activerecord-7.1.5.1/lib/active_record/connection_adapters/abstract/query_cache.rb:25:in `execute'
    vendor/bundle/ruby/3.2.0/gems/activerecord-7.1.5.1/lib/active_record/connection_adapters/postgresql/database_statements.rb:47:in `execute'
    vendor/bundle/ruby/3.2.0/gems/activerecord-7.1.5.1/lib/active_record/connection_adapters/postgresql/database_statements.rb:151:in `execute_batch'
    vendor/bundle/ruby/3.2.0/gems/activerecord-7.1.5.1/lib/active_record/connection_adapters/abstract/database_statements.rb:462:in `block (3 levels) in insert_fixtures_set'
    vendor/bundle/ruby/3.2.0/gems/activerecord-7.1.5.1/lib/active_record/connection_adapters/abstract/transaction.rb:535:in `block in within_new_transaction'
    vendor/bundle/ruby/3.2.0/gems/activesupport-7.1.5.1/lib/active_support/concurrency/null_lock.rb:9:in `synchronize'
    vendor/bundle/ruby/3.2.0/gems/activerecord-7.1.5.1/lib/active_record/connection_adapters/abstract/transaction.rb:532:in `within_new_transaction'
    vendor/bundle/ruby/3.2.0/gems/activerecord-7.1.5.1/lib/active_record/connection_adapters/abstract/database_statements.rb:344:in `transaction'
    vendor/bundle/ruby/3.2.0/gems/activerecord-7.1.5.1/lib/active_record/connection_adapters/abstract/database_statements.rb:461:in `block (2 levels) in insert_fixtures_set'
    vendor/bundle/ruby/3.2.0/gems/activerecord-7.1.5.1/lib/active_record/connection_adapters/postgresql/referential_integrity.rb:19:in `disable_referential_integrity'
    vendor/bundle/ruby/3.2.0/gems/activerecord-7.1.5.1/lib/active_record/connection_adapters/abstract/database_statements.rb:460:in `block in insert_fixtures_set'
    vendor/bundle/ruby/3.2.0/gems/activerecord-7.1.5.1/lib/active_record/connection_adapters/abstract/database_statements.rb:601:in `with_multi_statements'
    vendor/bundle/ruby/3.2.0/gems/activerecord-7.1.5.1/lib/active_record/connection_adapters/abstract/database_statements.rb:459:in `insert_fixtures_set'
    vendor/bundle/ruby/3.2.0/gems/activerecord-7.1.5.1/lib/active_record/fixtures.rb:681:in `block in insert'
    vendor/bundle/ruby/3.2.0/gems/activerecord-7.1.5.1/lib/active_record/fixtures.rb:672:in `each'
    vendor/bundle/ruby/3.2.0/gems/activerecord-7.1.5.1/lib/active_record/fixtures.rb:672:in `insert'
    vendor/bundle/ruby/3.2.0/gems/activerecord-7.1.5.1/lib/active_record/fixtures.rb:658:in `read_and_insert'
    vendor/bundle/ruby/3.2.0/gems/activerecord-7.1.5.1/lib/active_record/fixtures.rb:603:in `create_fixtures'
    vendor/bundle/ruby/3.2.0/gems/activerecord-7.1.5.1/lib/active_record/test_fixtures.rb:256:in `load_fixtures'
    vendor/bundle/ruby/3.2.0/gems/activerecord-7.1.5.1/lib/active_record/test_fixtures.rb:143:in `setup_fixtures'
    vendor/bundle/ruby/3.2.0/gems/activerecord-7.1.5.1/lib/active_record/test_fixtures.rb:10:in `before_setup'
    vendor/bundle/ruby/3.2.0/gems/activesupport-7.1.5.1/lib/active_support/testing/setup_and_teardown.rb:40:in `before_setup'
    vendor/bundle/ruby/3.2.0/gems/actionpack-7.1.5.1/lib/action_dispatch/testing/integration.rb:340:in `before_setup'
    vendor/bundle/ruby/3.2.0/gems/activejob-7.1.5.1/lib/active_job/test_helper.rb:50:in `before_setup'
    vendor/bundle/ruby/3.2.0/gems/railties-7.1.5.1/lib/rails/test_help.rb:47:in `before_setup'

bin/rails test test/controllers/sessions_controller_test.rb:41

WARNING: Rails was not able to disable referential integrity.

This is most likely caused due to missing permissions.
Rails needs superuser privileges to disable referential integrity.

    cause: PG::InsufficientPrivilege: ERROR:  permission denied: "RI_ConstraintTrigger_c_50445" is a system trigger


VacationsControllerTest#test_should_create_vacation = 0.06 s = E


Error:
VacationsControllerTest#test_should_create_vacation:
ActiveRecord::InvalidForeignKey: PG::ForeignKeyViolation: ERROR:  insert or update on table "attendances" violates foreign key constraint "fk_rails_aa7947c197"
DETAIL:  Key (training_session_id)=(980190962) is not present in table "training_sessions".

    vendor/bundle/ruby/3.2.0/gems/activerecord-7.1.5.1/lib/active_record/connection_adapters/postgresql/database_statements.rb:55:in `exec'
    vendor/bundle/ruby/3.2.0/gems/activerecord-7.1.5.1/lib/active_record/connection_adapters/postgresql/database_statements.rb:55:in `block (2 levels) in raw_execute'
    vendor/bundle/ruby/3.2.0/gems/activerecord-7.1.5.1/lib/active_record/connection_adapters/abstract_adapter.rb:1027:in `block in with_raw_connection'
    vendor/bundle/ruby/3.2.0/gems/activesupport-7.1.5.1/lib/active_support/concurrency/null_lock.rb:9:in `synchronize'
    vendor/bundle/ruby/3.2.0/gems/activerecord-7.1.5.1/lib/active_record/connection_adapters/abstract_adapter.rb:999:in `with_raw_connection'
    vendor/bundle/ruby/3.2.0/gems/activerecord-7.1.5.1/lib/active_record/connection_adapters/postgresql/database_statements.rb:54:in `block in raw_execute'
    vendor/bundle/ruby/3.2.0/gems/activesupport-7.1.5.1/lib/active_support/notifications/instrumenter.rb:58:in `instrument'
    vendor/bundle/ruby/3.2.0/gems/activerecord-7.1.5.1/lib/active_record/connection_adapters/abstract_adapter.rb:1142:in `log'
    vendor/bundle/ruby/3.2.0/gems/activerecord-7.1.5.1/lib/active_record/connection_adapters/postgresql/database_statements.rb:53:in `raw_execute'
    vendor/bundle/ruby/3.2.0/gems/activerecord-7.1.5.1/lib/active_record/connection_adapters/abstract/database_statements.rb:521:in `internal_execute'
    vendor/bundle/ruby/3.2.0/gems/activerecord-7.1.5.1/lib/active_record/connection_adapters/abstract/database_statements.rb:131:in `execute'
    vendor/bundle/ruby/3.2.0/gems/activerecord-7.1.5.1/lib/active_record/connection_adapters/abstract/query_cache.rb:25:in `execute'
    vendor/bundle/ruby/3.2.0/gems/activerecord-7.1.5.1/lib/active_record/connection_adapters/postgresql/database_statements.rb:47:in `execute'
    vendor/bundle/ruby/3.2.0/gems/activerecord-7.1.5.1/lib/active_record/connection_adapters/postgresql/database_statements.rb:151:in `execute_batch'
    vendor/bundle/ruby/3.2.0/gems/activerecord-7.1.5.1/lib/active_record/connection_adapters/abstract/database_statements.rb:462:in `block (3 levels) in insert_fixtures_set'
    vendor/bundle/ruby/3.2.0/gems/activerecord-7.1.5.1/lib/active_record/connection_adapters/abstract/transaction.rb:535:in `block in within_new_transaction'
    vendor/bundle/ruby/3.2.0/gems/activesupport-7.1.5.1/lib/active_support/concurrency/null_lock.rb:9:in `synchronize'
    vendor/bundle/ruby/3.2.0/gems/activerecord-7.1.5.1/lib/active_record/connection_adapters/abstract/transaction.rb:532:in `within_new_transaction'
    vendor/bundle/ruby/3.2.0/gems/activerecord-7.1.5.1/lib/active_record/connection_adapters/abstract/database_statements.rb:344:in `transaction'
    vendor/bundle/ruby/3.2.0/gems/activerecord-7.1.5.1/lib/active_record/connection_adapters/abstract/database_statements.rb:461:in `block (2 levels) in insert_fixtures_set'
    vendor/bundle/ruby/3.2.0/gems/activerecord-7.1.5.1/lib/active_record/connection_adapters/postgresql/referential_integrity.rb:19:in `disable_referential_integrity'
    vendor/bundle/ruby/3.2.0/gems/activerecord-7.1.5.1/lib/active_record/connection_adapters/abstract/database_statements.rb:460:in `block in insert_fixtures_set'
    vendor/bundle/ruby/3.2.0/gems/activerecord-7.1.5.1/lib/active_record/connection_adapters/abstract/database_statements.rb:601:in `with_multi_statements'
    vendor/bundle/ruby/3.2.0/gems/activerecord-7.1.5.1/lib/active_record/connection_adapters/abstract/database_statements.rb:459:in `insert_fixtures_set'
    vendor/bundle/ruby/3.2.0/gems/activerecord-7.1.5.1/lib/active_record/fixtures.rb:681:in `block in insert'
    vendor/bundle/ruby/3.2.0/gems/activerecord-7.1.5.1/lib/active_record/fixtures.rb:672:in `each'
    vendor/bundle/ruby/3.2.0/gems/activerecord-7.1.5.1/lib/active_record/fixtures.rb:672:in `insert'
    vendor/bundle/ruby/3.2.0/gems/activerecord-7.1.5.1/lib/active_record/fixtures.rb:658:in `read_and_insert'
    vendor/bundle/ruby/3.2.0/gems/activerecord-7.1.5.1/lib/active_record/fixtures.rb:603:in `create_fixtures'
    vendor/bundle/ruby/3.2.0/gems/activerecord-7.1.5.1/lib/active_record/test_fixtures.rb:256:in `load_fixtures'
    vendor/bundle/ruby/3.2.0/gems/activerecord-7.1.5.1/lib/active_record/test_fixtures.rb:143:in `setup_fixtures'
    vendor/bundle/ruby/3.2.0/gems/activerecord-7.1.5.1/lib/active_record/test_fixtures.rb:10:in `before_setup'
    vendor/bundle/ruby/3.2.0/gems/activesupport-7.1.5.1/lib/active_support/testing/setup_and_teardown.rb:40:in `before_setup'
    vendor/bundle/ruby/3.2.0/gems/actionpack-7.1.5.1/lib/action_dispatch/testing/integration.rb:340:in `before_setup'
    vendor/bundle/ruby/3.2.0/gems/activejob-7.1.5.1/lib/active_job/test_helper.rb:50:in `before_setup'
    vendor/bundle/ruby/3.2.0/gems/railties-7.1.5.1/lib/rails/test_help.rb:47:in `before_setup'

bin/rails test test/controllers/vacations_controller_test.rb:18

WARNING: Rails was not able to disable referential integrity.

This is most likely caused due to missing permissions.
Rails needs superuser privileges to disable referential integrity.

    cause: PG::InsufficientPrivilege: ERROR:  permission denied: "RI_ConstraintTrigger_c_50591" is a system trigger


VacationsControllerTest#test_should_update_vacation = 0.08 s = E


Error:
VacationsControllerTest#test_should_update_vacation:
ActiveRecord::InvalidForeignKey: PG::ForeignKeyViolation: ERROR:  insert or update on table "attendances" violates foreign key constraint "fk_rails_aa7947c197"
DETAIL:  Key (training_session_id)=(980190962) is not present in table "training_sessions".

    vendor/bundle/ruby/3.2.0/gems/activerecord-7.1.5.1/lib/active_record/connection_adapters/postgresql/database_statements.rb:55:in `exec'
    vendor/bundle/ruby/3.2.0/gems/activerecord-7.1.5.1/lib/active_record/connection_adapters/postgresql/database_statements.rb:55:in `block (2 levels) in raw_execute'
    vendor/bundle/ruby/3.2.0/gems/activerecord-7.1.5.1/lib/active_record/connection_adapters/abstract_adapter.rb:1027:in `block in with_raw_connection'
    vendor/bundle/ruby/3.2.0/gems/activesupport-7.1.5.1/lib/active_support/concurrency/null_lock.rb:9:in `synchronize'
    vendor/bundle/ruby/3.2.0/gems/activerecord-7.1.5.1/lib/active_record/connection_adapters/abstract_adapter.rb:999:in `with_raw_connection'
    vendor/bundle/ruby/3.2.0/gems/activerecord-7.1.5.1/lib/active_record/connection_adapters/postgresql/database_statements.rb:54:in `block in raw_execute'
    vendor/bundle/ruby/3.2.0/gems/activesupport-7.1.5.1/lib/active_support/notifications/instrumenter.rb:58:in `instrument'
    vendor/bundle/ruby/3.2.0/gems/activerecord-7.1.5.1/lib/active_record/connection_adapters/abstract_adapter.rb:1142:in `log'
    vendor/bundle/ruby/3.2.0/gems/activerecord-7.1.5.1/lib/active_record/connection_adapters/postgresql/database_statements.rb:53:in `raw_execute'
    vendor/bundle/ruby/3.2.0/gems/activerecord-7.1.5.1/lib/active_record/connection_adapters/abstract/database_statements.rb:521:in `internal_execute'
    vendor/bundle/ruby/3.2.0/gems/activerecord-7.1.5.1/lib/active_record/connection_adapters/abstract/database_statements.rb:131:in `execute'
    vendor/bundle/ruby/3.2.0/gems/activerecord-7.1.5.1/lib/active_record/connection_adapters/abstract/query_cache.rb:25:in `execute'
    vendor/bundle/ruby/3.2.0/gems/activerecord-7.1.5.1/lib/active_record/connection_adapters/postgresql/database_statements.rb:47:in `execute'
    vendor/bundle/ruby/3.2.0/gems/activerecord-7.1.5.1/lib/active_record/connection_adapters/postgresql/database_statements.rb:151:in `execute_batch'
    vendor/bundle/ruby/3.2.0/gems/activerecord-7.1.5.1/lib/active_record/connection_adapters/abstract/database_statements.rb:462:in `block (3 levels) in insert_fixtures_set'
    vendor/bundle/ruby/3.2.0/gems/activerecord-7.1.5.1/lib/active_record/connection_adapters/abstract/transaction.rb:535:in `block in within_new_transaction'
    vendor/bundle/ruby/3.2.0/gems/activesupport-7.1.5.1/lib/active_support/concurrency/null_lock.rb:9:in `synchronize'
    vendor/bundle/ruby/3.2.0/gems/activerecord-7.1.5.1/lib/active_record/connection_adapters/abstract/transaction.rb:532:in `within_new_transaction'
    vendor/bundle/ruby/3.2.0/gems/activerecord-7.1.5.1/lib/active_record/connection_adapters/abstract/database_statements.rb:344:in `transaction'
    vendor/bundle/ruby/3.2.0/gems/activerecord-7.1.5.1/lib/active_record/connection_adapters/abstract/database_statements.rb:461:in `block (2 levels) in insert_fixtures_set'
    vendor/bundle/ruby/3.2.0/gems/activerecord-7.1.5.1/lib/active_record/connection_adapters/postgresql/referential_integrity.rb:19:in `disable_referential_integrity'
    vendor/bundle/ruby/3.2.0/gems/activerecord-7.1.5.1/lib/active_record/connection_adapters/abstract/database_statements.rb:460:in `block in insert_fixtures_set'
    vendor/bundle/ruby/3.2.0/gems/activerecord-7.1.5.1/lib/active_record/connection_adapters/abstract/database_statements.rb:601:in `with_multi_statements'
    vendor/bundle/ruby/3.2.0/gems/activerecord-7.1.5.1/lib/active_record/connection_adapters/abstract/database_statements.rb:459:in `insert_fixtures_set'
    vendor/bundle/ruby/3.2.0/gems/activerecord-7.1.5.1/lib/active_record/fixtures.rb:681:in `block in insert'
    vendor/bundle/ruby/3.2.0/gems/activerecord-7.1.5.1/lib/active_record/fixtures.rb:672:in `each'
    vendor/bundle/ruby/3.2.0/gems/activerecord-7.1.5.1/lib/active_record/fixtures.rb:672:in `insert'
    vendor/bundle/ruby/3.2.0/gems/activerecord-7.1.5.1/lib/active_record/fixtures.rb:658:in `read_and_insert'
    vendor/bundle/ruby/3.2.0/gems/activerecord-7.1.5.1/lib/active_record/fixtures.rb:603:in `create_fixtures'
    vendor/bundle/ruby/3.2.0/gems/activerecord-7.1.5.1/lib/active_record/test_fixtures.rb:256:in `load_fixtures'
    vendor/bundle/ruby/3.2.0/gems/activerecord-7.1.5.1/lib/active_record/test_fixtures.rb:143:in `setup_fixtures'
    vendor/bundle/ruby/3.2.0/gems/activerecord-7.1.5.1/lib/active_record/test_fixtures.rb:10:in `before_setup'
    vendor/bundle/ruby/3.2.0/gems/activesupport-7.1.5.1/lib/active_support/testing/setup_and_teardown.rb:40:in `before_setup'
    vendor/bundle/ruby/3.2.0/gems/actionpack-7.1.5.1/lib/action_dispatch/testing/integration.rb:340:in `before_setup'
    vendor/bundle/ruby/3.2.0/gems/activejob-7.1.5.1/lib/active_job/test_helper.rb:50:in `before_setup'
    vendor/bundle/ruby/3.2.0/gems/railties-7.1.5.1/lib/rails/test_help.rb:47:in `before_setup'

bin/rails test test/controllers/vacations_controller_test.rb:36

WARNING: Rails was not able to disable referential integrity.

This is most likely caused due to missing permissions.
Rails needs superuser privileges to disable referential integrity.

    cause: PG::InsufficientPrivilege: ERROR:  permission denied: "RI_ConstraintTrigger_c_50531" is a system trigger


VacationsControllerTest#test_should_get_index = 0.06 s = E


Error:
VacationsControllerTest#test_should_get_index:
ActiveRecord::InvalidForeignKey: PG::ForeignKeyViolation: ERROR:  insert or update on table "attendances" violates foreign key constraint "fk_rails_aa7947c197"
DETAIL:  Key (training_session_id)=(980190962) is not present in table "training_sessions".

    vendor/bundle/ruby/3.2.0/gems/activerecord-7.1.5.1/lib/active_record/connection_adapters/postgresql/database_statements.rb:55:in `exec'
    vendor/bundle/ruby/3.2.0/gems/activerecord-7.1.5.1/lib/active_record/connection_adapters/postgresql/database_statements.rb:55:in `block (2 levels) in raw_execute'
    vendor/bundle/ruby/3.2.0/gems/activerecord-7.1.5.1/lib/active_record/connection_adapters/abstract_adapter.rb:1027:in `block in with_raw_connection'
    vendor/bundle/ruby/3.2.0/gems/activesupport-7.1.5.1/lib/active_support/concurrency/null_lock.rb:9:in `synchronize'
    vendor/bundle/ruby/3.2.0/gems/activerecord-7.1.5.1/lib/active_record/connection_adapters/abstract_adapter.rb:999:in `with_raw_connection'
    vendor/bundle/ruby/3.2.0/gems/activerecord-7.1.5.1/lib/active_record/connection_adapters/postgresql/database_statements.rb:54:in `block in raw_execute'
    vendor/bundle/ruby/3.2.0/gems/activesupport-7.1.5.1/lib/active_support/notifications/instrumenter.rb:58:in `instrument'
    vendor/bundle/ruby/3.2.0/gems/activerecord-7.1.5.1/lib/active_record/connection_adapters/abstract_adapter.rb:1142:in `log'
    vendor/bundle/ruby/3.2.0/gems/activerecord-7.1.5.1/lib/active_record/connection_adapters/postgresql/database_statements.rb:53:in `raw_execute'
    vendor/bundle/ruby/3.2.0/gems/activerecord-7.1.5.1/lib/active_record/connection_adapters/abstract/database_statements.rb:521:in `internal_execute'
    vendor/bundle/ruby/3.2.0/gems/activerecord-7.1.5.1/lib/active_record/connection_adapters/abstract/database_statements.rb:131:in `execute'
    vendor/bundle/ruby/3.2.0/gems/activerecord-7.1.5.1/lib/active_record/connection_adapters/abstract/query_cache.rb:25:in `execute'
    vendor/bundle/ruby/3.2.0/gems/activerecord-7.1.5.1/lib/active_record/connection_adapters/postgresql/database_statements.rb:47:in `execute'
    vendor/bundle/ruby/3.2.0/gems/activerecord-7.1.5.1/lib/active_record/connection_adapters/postgresql/database_statements.rb:151:in `execute_batch'
    vendor/bundle/ruby/3.2.0/gems/activerecord-7.1.5.1/lib/active_record/connection_adapters/abstract/database_statements.rb:462:in `block (3 levels) in insert_fixtures_set'
    vendor/bundle/ruby/3.2.0/gems/activerecord-7.1.5.1/lib/active_record/connection_adapters/abstract/transaction.rb:535:in `block in within_new_transaction'
    vendor/bundle/ruby/3.2.0/gems/activesupport-7.1.5.1/lib/active_support/concurrency/null_lock.rb:9:in `synchronize'
    vendor/bundle/ruby/3.2.0/gems/activerecord-7.1.5.1/lib/active_record/connection_adapters/abstract/transaction.rb:532:in `within_new_transaction'
    vendor/bundle/ruby/3.2.0/gems/activerecord-7.1.5.1/lib/active_record/connection_adapters/abstract/database_statements.rb:344:in `transaction'
    vendor/bundle/ruby/3.2.0/gems/activerecord-7.1.5.1/lib/active_record/connection_adapters/abstract/database_statements.rb:461:in `block (2 levels) in insert_fixtures_set'
    vendor/bundle/ruby/3.2.0/gems/activerecord-7.1.5.1/lib/active_record/connection_adapters/postgresql/referential_integrity.rb:19:in `disable_referential_integrity'
    vendor/bundle/ruby/3.2.0/gems/activerecord-7.1.5.1/lib/active_record/connection_adapters/abstract/database_statements.rb:460:in `block in insert_fixtures_set'
    vendor/bundle/ruby/3.2.0/gems/activerecord-7.1.5.1/lib/active_record/connection_adapters/abstract/database_statements.rb:601:in `with_multi_statements'
    vendor/bundle/ruby/3.2.0/gems/activerecord-7.1.5.1/lib/active_record/connection_adapters/abstract/database_statements.rb:459:in `insert_fixtures_set'
    vendor/bundle/ruby/3.2.0/gems/activerecord-7.1.5.1/lib/active_record/fixtures.rb:681:in `block in insert'
    vendor/bundle/ruby/3.2.0/gems/activerecord-7.1.5.1/lib/active_record/fixtures.rb:672:in `each'
    vendor/bundle/ruby/3.2.0/gems/activerecord-7.1.5.1/lib/active_record/fixtures.rb:672:in `insert'
    vendor/bundle/ruby/3.2.0/gems/activerecord-7.1.5.1/lib/active_record/fixtures.rb:658:in `read_and_insert'
    vendor/bundle/ruby/3.2.0/gems/activerecord-7.1.5.1/lib/active_record/fixtures.rb:603:in `create_fixtures'
    vendor/bundle/ruby/3.2.0/gems/activerecord-7.1.5.1/lib/active_record/test_fixtures.rb:256:in `load_fixtures'
    vendor/bundle/ruby/3.2.0/gems/activerecord-7.1.5.1/lib/active_record/test_fixtures.rb:143:in `setup_fixtures'
    vendor/bundle/ruby/3.2.0/gems/activerecord-7.1.5.1/lib/active_record/test_fixtures.rb:10:in `before_setup'
    vendor/bundle/ruby/3.2.0/gems/activesupport-7.1.5.1/lib/active_support/testing/setup_and_teardown.rb:40:in `before_setup'
    vendor/bundle/ruby/3.2.0/gems/actionpack-7.1.5.1/lib/action_dispatch/testing/integration.rb:340:in `before_setup'
    vendor/bundle/ruby/3.2.0/gems/activejob-7.1.5.1/lib/active_job/test_helper.rb:50:in `before_setup'
    vendor/bundle/ruby/3.2.0/gems/railties-7.1.5.1/lib/rails/test_help.rb:47:in `before_setup'

bin/rails test test/controllers/vacations_controller_test.rb:8

WARNING: Rails was not able to disable referential integrity.

This is most likely caused due to missing permissions.
Rails needs superuser privileges to disable referential integrity.

    cause: PG::InsufficientPrivilege: ERROR:  permission denied: "RI_ConstraintTrigger_c_50466" is a system trigger


VacationsControllerTest#test_should_get_new = 0.07 s = E


Error:
VacationsControllerTest#test_should_get_new:
ActiveRecord::InvalidForeignKey: PG::ForeignKeyViolation: ERROR:  insert or update on table "attendances" violates foreign key constraint "fk_rails_aa7947c197"
DETAIL:  Key (training_session_id)=(980190962) is not present in table "training_sessions".

    vendor/bundle/ruby/3.2.0/gems/activerecord-7.1.5.1/lib/active_record/connection_adapters/postgresql/database_statements.rb:55:in `exec'
    vendor/bundle/ruby/3.2.0/gems/activerecord-7.1.5.1/lib/active_record/connection_adapters/postgresql/database_statements.rb:55:in `block (2 levels) in raw_execute'
    vendor/bundle/ruby/3.2.0/gems/activerecord-7.1.5.1/lib/active_record/connection_adapters/abstract_adapter.rb:1027:in `block in with_raw_connection'
    vendor/bundle/ruby/3.2.0/gems/activesupport-7.1.5.1/lib/active_support/concurrency/null_lock.rb:9:in `synchronize'
    vendor/bundle/ruby/3.2.0/gems/activerecord-7.1.5.1/lib/active_record/connection_adapters/abstract_adapter.rb:999:in `with_raw_connection'
    vendor/bundle/ruby/3.2.0/gems/activerecord-7.1.5.1/lib/active_record/connection_adapters/postgresql/database_statements.rb:54:in `block in raw_execute'
    vendor/bundle/ruby/3.2.0/gems/activesupport-7.1.5.1/lib/active_support/notifications/instrumenter.rb:58:in `instrument'
    vendor/bundle/ruby/3.2.0/gems/activerecord-7.1.5.1/lib/active_record/connection_adapters/abstract_adapter.rb:1142:in `log'
    vendor/bundle/ruby/3.2.0/gems/activerecord-7.1.5.1/lib/active_record/connection_adapters/postgresql/database_statements.rb:53:in `raw_execute'
    vendor/bundle/ruby/3.2.0/gems/activerecord-7.1.5.1/lib/active_record/connection_adapters/abstract/database_statements.rb:521:in `internal_execute'
    vendor/bundle/ruby/3.2.0/gems/activerecord-7.1.5.1/lib/active_record/connection_adapters/abstract/database_statements.rb:131:in `execute'
    vendor/bundle/ruby/3.2.0/gems/activerecord-7.1.5.1/lib/active_record/connection_adapters/abstract/query_cache.rb:25:in `execute'
    vendor/bundle/ruby/3.2.0/gems/activerecord-7.1.5.1/lib/active_record/connection_adapters/postgresql/database_statements.rb:47:in `execute'
    vendor/bundle/ruby/3.2.0/gems/activerecord-7.1.5.1/lib/active_record/connection_adapters/postgresql/database_statements.rb:151:in `execute_batch'
    vendor/bundle/ruby/3.2.0/gems/activerecord-7.1.5.1/lib/active_record/connection_adapters/abstract/database_statements.rb:462:in `block (3 levels) in insert_fixtures_set'
    vendor/bundle/ruby/3.2.0/gems/activerecord-7.1.5.1/lib/active_record/connection_adapters/abstract/transaction.rb:535:in `block in within_new_transaction'
    vendor/bundle/ruby/3.2.0/gems/activesupport-7.1.5.1/lib/active_support/concurrency/null_lock.rb:9:in `synchronize'
    vendor/bundle/ruby/3.2.0/gems/activerecord-7.1.5.1/lib/active_record/connection_adapters/abstract/transaction.rb:532:in `within_new_transaction'
    vendor/bundle/ruby/3.2.0/gems/activerecord-7.1.5.1/lib/active_record/connection_adapters/abstract/database_statements.rb:344:in `transaction'
    vendor/bundle/ruby/3.2.0/gems/activerecord-7.1.5.1/lib/active_record/connection_adapters/abstract/database_statements.rb:461:in `block (2 levels) in insert_fixtures_set'
    vendor/bundle/ruby/3.2.0/gems/activerecord-7.1.5.1/lib/active_record/connection_adapters/postgresql/referential_integrity.rb:19:in `disable_referential_integrity'
    vendor/bundle/ruby/3.2.0/gems/activerecord-7.1.5.1/lib/active_record/connection_adapters/abstract/database_statements.rb:460:in `block in insert_fixtures_set'
    vendor/bundle/ruby/3.2.0/gems/activerecord-7.1.5.1/lib/active_record/connection_adapters/abstract/database_statements.rb:601:in `with_multi_statements'
    vendor/bundle/ruby/3.2.0/gems/activerecord-7.1.5.1/lib/active_record/connection_adapters/abstract/database_statements.rb:459:in `insert_fixtures_set'
    vendor/bundle/ruby/3.2.0/gems/activerecord-7.1.5.1/lib/active_record/fixtures.rb:681:in `block in insert'
    vendor/bundle/ruby/3.2.0/gems/activerecord-7.1.5.1/lib/active_record/fixtures.rb:672:in `each'
    vendor/bundle/ruby/3.2.0/gems/activerecord-7.1.5.1/lib/active_record/fixtures.rb:672:in `insert'
    vendor/bundle/ruby/3.2.0/gems/activerecord-7.1.5.1/lib/active_record/fixtures.rb:658:in `read_and_insert'
    vendor/bundle/ruby/3.2.0/gems/activerecord-7.1.5.1/lib/active_record/fixtures.rb:603:in `create_fixtures'
    vendor/bundle/ruby/3.2.0/gems/activerecord-7.1.5.1/lib/active_record/test_fixtures.rb:256:in `load_fixtures'
    vendor/bundle/ruby/3.2.0/gems/activerecord-7.1.5.1/lib/active_record/test_fixtures.rb:143:in `setup_fixtures'
    vendor/bundle/ruby/3.2.0/gems/activerecord-7.1.5.1/lib/active_record/test_fixtures.rb:10:in `before_setup'
    vendor/bundle/ruby/3.2.0/gems/activesupport-7.1.5.1/lib/active_support/testing/setup_and_teardown.rb:40:in `before_setup'
    vendor/bundle/ruby/3.2.0/gems/actionpack-7.1.5.1/lib/action_dispatch/testing/integration.rb:340:in `before_setup'
    vendor/bundle/ruby/3.2.0/gems/activejob-7.1.5.1/lib/active_job/test_helper.rb:50:in `before_setup'
    vendor/bundle/ruby/3.2.0/gems/railties-7.1.5.1/lib/rails/test_help.rb:47:in `before_setup'

bin/rails test test/controllers/vacations_controller_test.rb:13

WARNING: Rails was not able to disable referential integrity.

This is most likely caused due to missing permissions.
Rails needs superuser privileges to disable referential integrity.

    cause: PG::InsufficientPrivilege: ERROR:  permission denied: "RI_ConstraintTrigger_c_50445" is a system trigger


VacationsControllerTest#test_should_show_vacation = 0.07 s = E


Error:
VacationsControllerTest#test_should_show_vacation:
ActiveRecord::InvalidForeignKey: PG::ForeignKeyViolation: ERROR:  insert or update on table "attendances" violates foreign key constraint "fk_rails_aa7947c197"
DETAIL:  Key (training_session_id)=(980190962) is not present in table "training_sessions".

    vendor/bundle/ruby/3.2.0/gems/activerecord-7.1.5.1/lib/active_record/connection_adapters/postgresql/database_statements.rb:55:in `exec'
    vendor/bundle/ruby/3.2.0/gems/activerecord-7.1.5.1/lib/active_record/connection_adapters/postgresql/database_statements.rb:55:in `block (2 levels) in raw_execute'
    vendor/bundle/ruby/3.2.0/gems/activerecord-7.1.5.1/lib/active_record/connection_adapters/abstract_adapter.rb:1027:in `block in with_raw_connection'
    vendor/bundle/ruby/3.2.0/gems/activesupport-7.1.5.1/lib/active_support/concurrency/null_lock.rb:9:in `synchronize'
    vendor/bundle/ruby/3.2.0/gems/activerecord-7.1.5.1/lib/active_record/connection_adapters/abstract_adapter.rb:999:in `with_raw_connection'
    vendor/bundle/ruby/3.2.0/gems/activerecord-7.1.5.1/lib/active_record/connection_adapters/postgresql/database_statements.rb:54:in `block in raw_execute'
    vendor/bundle/ruby/3.2.0/gems/activesupport-7.1.5.1/lib/active_support/notifications/instrumenter.rb:58:in `instrument'
    vendor/bundle/ruby/3.2.0/gems/activerecord-7.1.5.1/lib/active_record/connection_adapters/abstract_adapter.rb:1142:in `log'
    vendor/bundle/ruby/3.2.0/gems/activerecord-7.1.5.1/lib/active_record/connection_adapters/postgresql/database_statements.rb:53:in `raw_execute'
    vendor/bundle/ruby/3.2.0/gems/activerecord-7.1.5.1/lib/active_record/connection_adapters/abstract/database_statements.rb:521:in `internal_execute'
    vendor/bundle/ruby/3.2.0/gems/activerecord-7.1.5.1/lib/active_record/connection_adapters/abstract/database_statements.rb:131:in `execute'
    vendor/bundle/ruby/3.2.0/gems/activerecord-7.1.5.1/lib/active_record/connection_adapters/abstract/query_cache.rb:25:in `execute'
    vendor/bundle/ruby/3.2.0/gems/activerecord-7.1.5.1/lib/active_record/connection_adapters/postgresql/database_statements.rb:47:in `execute'
    vendor/bundle/ruby/3.2.0/gems/activerecord-7.1.5.1/lib/active_record/connection_adapters/postgresql/database_statements.rb:151:in `execute_batch'
    vendor/bundle/ruby/3.2.0/gems/activerecord-7.1.5.1/lib/active_record/connection_adapters/abstract/database_statements.rb:462:in `block (3 levels) in insert_fixtures_set'
    vendor/bundle/ruby/3.2.0/gems/activerecord-7.1.5.1/lib/active_record/connection_adapters/abstract/transaction.rb:535:in `block in within_new_transaction'
    vendor/bundle/ruby/3.2.0/gems/activesupport-7.1.5.1/lib/active_support/concurrency/null_lock.rb:9:in `synchronize'
    vendor/bundle/ruby/3.2.0/gems/activerecord-7.1.5.1/lib/active_record/connection_adapters/abstract/transaction.rb:532:in `within_new_transaction'
    vendor/bundle/ruby/3.2.0/gems/activerecord-7.1.5.1/lib/active_record/connection_adapters/abstract/database_statements.rb:344:in `transaction'
    vendor/bundle/ruby/3.2.0/gems/activerecord-7.1.5.1/lib/active_record/connection_adapters/abstract/database_statements.rb:461:in `block (2 levels) in insert_fixtures_set'
    vendor/bundle/ruby/3.2.0/gems/activerecord-7.1.5.1/lib/active_record/connection_adapters/postgresql/referential_integrity.rb:19:in `disable_referential_integrity'
    vendor/bundle/ruby/3.2.0/gems/activerecord-7.1.5.1/lib/active_record/connection_adapters/abstract/database_statements.rb:460:in `block in insert_fixtures_set'
    vendor/bundle/ruby/3.2.0/gems/activerecord-7.1.5.1/lib/active_record/connection_adapters/abstract/database_statements.rb:601:in `with_multi_statements'
    vendor/bundle/ruby/3.2.0/gems/activerecord-7.1.5.1/lib/active_record/connection_adapters/abstract/database_statements.rb:459:in `insert_fixtures_set'
    vendor/bundle/ruby/3.2.0/gems/activerecord-7.1.5.1/lib/active_record/fixtures.rb:681:in `block in insert'
    vendor/bundle/ruby/3.2.0/gems/activerecord-7.1.5.1/lib/active_record/fixtures.rb:672:in `each'
    vendor/bundle/ruby/3.2.0/gems/activerecord-7.1.5.1/lib/active_record/fixtures.rb:672:in `insert'
    vendor/bundle/ruby/3.2.0/gems/activerecord-7.1.5.1/lib/active_record/fixtures.rb:658:in `read_and_insert'
    vendor/bundle/ruby/3.2.0/gems/activerecord-7.1.5.1/lib/active_record/fixtures.rb:603:in `create_fixtures'
    vendor/bundle/ruby/3.2.0/gems/activerecord-7.1.5.1/lib/active_record/test_fixtures.rb:256:in `load_fixtures'
    vendor/bundle/ruby/3.2.0/gems/activerecord-7.1.5.1/lib/active_record/test_fixtures.rb:143:in `setup_fixtures'
    vendor/bundle/ruby/3.2.0/gems/activerecord-7.1.5.1/lib/active_record/test_fixtures.rb:10:in `before_setup'
    vendor/bundle/ruby/3.2.0/gems/activesupport-7.1.5.1/lib/active_support/testing/setup_and_teardown.rb:40:in `before_setup'
    vendor/bundle/ruby/3.2.0/gems/actionpack-7.1.5.1/lib/action_dispatch/testing/integration.rb:340:in `before_setup'
    vendor/bundle/ruby/3.2.0/gems/activejob-7.1.5.1/lib/active_job/test_helper.rb:50:in `before_setup'
    vendor/bundle/ruby/3.2.0/gems/railties-7.1.5.1/lib/rails/test_help.rb:47:in `before_setup'

bin/rails test test/controllers/vacations_controller_test.rb:26

WARNING: Rails was not able to disable referential integrity.

This is most likely caused due to missing permissions.
Rails needs superuser privileges to disable referential integrity.

    cause: PG::InsufficientPrivilege: ERROR:  permission denied: "RI_ConstraintTrigger_c_50591" is a system trigger


WARNING: Rails was not able to disable referential integrity.

This is most likely caused due to missing permissions.
Rails needs superuser privileges to disable referential integrity.

    cause: PG::InsufficientPrivilege: ERROR:  permission denied: "RI_ConstraintTrigger_c_50531" is a system trigger


WARNING: Rails was not able to disable referential integrity.

This is most likely caused due to missing permissions.
Rails needs superuser privileges to disable referential integrity.

    cause: PG::InsufficientPrivilege: ERROR:  permission denied: "RI_ConstraintTrigger_c_50466" is a system trigger


VacationsControllerTest#test_should_destroy_vacation = 0.07 s = E


Error:
VacationsControllerTest#test_should_destroy_vacation:
ActiveRecord::InvalidForeignKey: PG::ForeignKeyViolation: ERROR:  insert or update on table "attendances" violates foreign key constraint "fk_rails_aa7947c197"
DETAIL:  Key (training_session_id)=(980190962) is not present in table "training_sessions".

    vendor/bundle/ruby/3.2.0/gems/activerecord-7.1.5.1/lib/active_record/connection_adapters/postgresql/database_statements.rb:55:in `exec'
    vendor/bundle/ruby/3.2.0/gems/activerecord-7.1.5.1/lib/active_record/connection_adapters/postgresql/database_statements.rb:55:in `block (2 levels) in raw_execute'
    vendor/bundle/ruby/3.2.0/gems/activerecord-7.1.5.1/lib/active_record/connection_adapters/abstract_adapter.rb:1027:in `block in with_raw_connection'
    vendor/bundle/ruby/3.2.0/gems/activesupport-7.1.5.1/lib/active_support/concurrency/null_lock.rb:9:in `synchronize'
    vendor/bundle/ruby/3.2.0/gems/activerecord-7.1.5.1/lib/active_record/connection_adapters/abstract_adapter.rb:999:in `with_raw_connection'
    vendor/bundle/ruby/3.2.0/gems/activerecord-7.1.5.1/lib/active_record/connection_adapters/postgresql/database_statements.rb:54:in `block in raw_execute'
    vendor/bundle/ruby/3.2.0/gems/activesupport-7.1.5.1/lib/active_support/notifications/instrumenter.rb:58:in `instrument'
    vendor/bundle/ruby/3.2.0/gems/activerecord-7.1.5.1/lib/active_record/connection_adapters/abstract_adapter.rb:1142:in `log'
    vendor/bundle/ruby/3.2.0/gems/activerecord-7.1.5.1/lib/active_record/connection_adapters/postgresql/database_statements.rb:53:in `raw_execute'
    vendor/bundle/ruby/3.2.0/gems/activerecord-7.1.5.1/lib/active_record/connection_adapters/abstract/database_statements.rb:521:in `internal_execute'
    vendor/bundle/ruby/3.2.0/gems/activerecord-7.1.5.1/lib/active_record/connection_adapters/abstract/database_statements.rb:131:in `execute'
    vendor/bundle/ruby/3.2.0/gems/activerecord-7.1.5.1/lib/active_record/connection_adapters/abstract/query_cache.rb:25:in `execute'
    vendor/bundle/ruby/3.2.0/gems/activerecord-7.1.5.1/lib/active_record/connection_adapters/postgresql/database_statements.rb:47:in `execute'
    vendor/bundle/ruby/3.2.0/gems/activerecord-7.1.5.1/lib/active_record/connection_adapters/postgresql/database_statements.rb:151:in `execute_batch'
    vendor/bundle/ruby/3.2.0/gems/activerecord-7.1.5.1/lib/active_record/connection_adapters/abstract/database_statements.rb:462:in `block (3 levels) in insert_fixtures_set'
    vendor/bundle/ruby/3.2.0/gems/activerecord-7.1.5.1/lib/active_record/connection_adapters/abstract/transaction.rb:535:in `block in within_new_transaction'
    vendor/bundle/ruby/3.2.0/gems/activesupport-7.1.5.1/lib/active_support/concurrency/null_lock.rb:9:in `synchronize'
    vendor/bundle/ruby/3.2.0/gems/activerecord-7.1.5.1/lib/active_record/connection_adapters/abstract/transaction.rb:532:in `within_new_transaction'
    vendor/bundle/ruby/3.2.0/gems/activerecord-7.1.5.1/lib/active_record/connection_adapters/abstract/database_statements.rb:344:in `transaction'
    vendor/bundle/ruby/3.2.0/gems/activerecord-7.1.5.1/lib/active_record/connection_adapters/abstract/database_statements.rb:461:in `block (2 levels) in insert_fixtures_set'
    vendor/bundle/ruby/3.2.0/gems/activerecord-7.1.5.1/lib/active_record/connection_adapters/postgresql/referential_integrity.rb:19:in `disable_referential_integrity'
    vendor/bundle/ruby/3.2.0/gems/activerecord-7.1.5.1/lib/active_record/connection_adapters/abstract/database_statements.rb:460:in `block in insert_fixtures_set'
    vendor/bundle/ruby/3.2.0/gems/activerecord-7.1.5.1/lib/active_record/connection_adapters/abstract/database_statements.rb:601:in `with_multi_statements'
    vendor/bundle/ruby/3.2.0/gems/activerecord-7.1.5.1/lib/active_record/connection_adapters/abstract/database_statements.rb:459:in `insert_fixtures_set'
    vendor/bundle/ruby/3.2.0/gems/activerecord-7.1.5.1/lib/active_record/fixtures.rb:681:in `block in insert'
    vendor/bundle/ruby/3.2.0/gems/activerecord-7.1.5.1/lib/active_record/fixtures.rb:672:in `each'
    vendor/bundle/ruby/3.2.0/gems/activerecord-7.1.5.1/lib/active_record/fixtures.rb:672:in `insert'
    vendor/bundle/ruby/3.2.0/gems/activerecord-7.1.5.1/lib/active_record/fixtures.rb:658:in `read_and_insert'
    vendor/bundle/ruby/3.2.0/gems/activerecord-7.1.5.1/lib/active_record/fixtures.rb:603:in `create_fixtures'
    vendor/bundle/ruby/3.2.0/gems/activerecord-7.1.5.1/lib/active_record/test_fixtures.rb:256:in `load_fixtures'
    vendor/bundle/ruby/3.2.0/gems/activerecord-7.1.5.1/lib/active_record/test_fixtures.rb:143:in `setup_fixtures'
    vendor/bundle/ruby/3.2.0/gems/activerecord-7.1.5.1/lib/active_record/test_fixtures.rb:10:in `before_setup'
    vendor/bundle/ruby/3.2.0/gems/activesupport-7.1.5.1/lib/active_support/testing/setup_and_teardown.rb:40:in `before_setup'
    vendor/bundle/ruby/3.2.0/gems/actionpack-7.1.5.1/lib/action_dispatch/testing/integration.rb:340:in `before_setup'
    vendor/bundle/ruby/3.2.0/gems/activejob-7.1.5.1/lib/active_job/test_helper.rb:50:in `before_setup'
    vendor/bundle/ruby/3.2.0/gems/railties-7.1.5.1/lib/rails/test_help.rb:47:in `before_setup'

bin/rails test test/controllers/vacations_controller_test.rb:41

VacationsControllerTest#test_should_get_edit = 0.09 s = E


Error:
VacationsControllerTest#test_should_get_edit:
ActiveRecord::InvalidForeignKey: PG::ForeignKeyViolation: ERROR:  insert or update on table "attendances" violates foreign key constraint "fk_rails_aa7947c197"
DETAIL:  Key (training_session_id)=(980190962) is not present in table "training_sessions".

    vendor/bundle/ruby/3.2.0/gems/activerecord-7.1.5.1/lib/active_record/connection_adapters/postgresql/database_statements.rb:55:in `exec'
    vendor/bundle/ruby/3.2.0/gems/activerecord-7.1.5.1/lib/active_record/connection_adapters/postgresql/database_statements.rb:55:in `block (2 levels) in raw_execute'
    vendor/bundle/ruby/3.2.0/gems/activerecord-7.1.5.1/lib/active_record/connection_adapters/abstract_adapter.rb:1027:in `block in with_raw_connection'
    vendor/bundle/ruby/3.2.0/gems/activesupport-7.1.5.1/lib/active_support/concurrency/null_lock.rb:9:in `synchronize'
    vendor/bundle/ruby/3.2.0/gems/activerecord-7.1.5.1/lib/active_record/connection_adapters/abstract_adapter.rb:999:in `with_raw_connection'
    vendor/bundle/ruby/3.2.0/gems/activerecord-7.1.5.1/lib/active_record/connection_adapters/postgresql/database_statements.rb:54:in `block in raw_execute'
    vendor/bundle/ruby/3.2.0/gems/activesupport-7.1.5.1/lib/active_support/notifications/instrumenter.rb:58:in `instrument'
    vendor/bundle/ruby/3.2.0/gems/activerecord-7.1.5.1/lib/active_record/connection_adapters/abstract_adapter.rb:1142:in `log'
    vendor/bundle/ruby/3.2.0/gems/activerecord-7.1.5.1/lib/active_record/connection_adapters/postgresql/database_statements.rb:53:in `raw_execute'
    vendor/bundle/ruby/3.2.0/gems/activerecord-7.1.5.1/lib/active_record/connection_adapters/abstract/database_statements.rb:521:in `internal_execute'
    vendor/bundle/ruby/3.2.0/gems/activerecord-7.1.5.1/lib/active_record/connection_adapters/abstract/database_statements.rb:131:in `execute'
    vendor/bundle/ruby/3.2.0/gems/activerecord-7.1.5.1/lib/active_record/connection_adapters/abstract/query_cache.rb:25:in `execute'
    vendor/bundle/ruby/3.2.0/gems/activerecord-7.1.5.1/lib/active_record/connection_adapters/postgresql/database_statements.rb:47:in `execute'
    vendor/bundle/ruby/3.2.0/gems/activerecord-7.1.5.1/lib/active_record/connection_adapters/postgresql/database_statements.rb:151:in `execute_batch'
    vendor/bundle/ruby/3.2.0/gems/activerecord-7.1.5.1/lib/active_record/connection_adapters/abstract/database_statements.rb:462:in `block (3 levels) in insert_fixtures_set'
    vendor/bundle/ruby/3.2.0/gems/activerecord-7.1.5.1/lib/active_record/connection_adapters/abstract/transaction.rb:535:in `block in within_new_transaction'
    vendor/bundle/ruby/3.2.0/gems/activesupport-7.1.5.1/lib/active_support/concurrency/null_lock.rb:9:in `synchronize'
    vendor/bundle/ruby/3.2.0/gems/activerecord-7.1.5.1/lib/active_record/connection_adapters/abstract/transaction.rb:532:in `within_new_transaction'
    vendor/bundle/ruby/3.2.0/gems/activerecord-7.1.5.1/lib/active_record/connection_adapters/abstract/database_statements.rb:344:in `transaction'
    vendor/bundle/ruby/3.2.0/gems/activerecord-7.1.5.1/lib/active_record/connection_adapters/abstract/database_statements.rb:461:in `block (2 levels) in insert_fixtures_set'
    vendor/bundle/ruby/3.2.0/gems/activerecord-7.1.5.1/lib/active_record/connection_adapters/postgresql/referential_integrity.rb:19:in `disable_referential_integrity'
    vendor/bundle/ruby/3.2.0/gems/activerecord-7.1.5.1/lib/active_record/connection_adapters/abstract/database_statements.rb:460:in `block in insert_fixtures_set'
    vendor/bundle/ruby/3.2.0/gems/activerecord-7.1.5.1/lib/active_record/connection_adapters/abstract/database_statements.rb:601:in `with_multi_statements'
    vendor/bundle/ruby/3.2.0/gems/activerecord-7.1.5.1/lib/active_record/connection_adapters/abstract/database_statements.rb:459:in `insert_fixtures_set'
    vendor/bundle/ruby/3.2.0/gems/activerecord-7.1.5.1/lib/active_record/fixtures.rb:681:in `block in insert'
    vendor/bundle/ruby/3.2.0/gems/activerecord-7.1.5.1/lib/active_record/fixtures.rb:672:in `each'
    vendor/bundle/ruby/3.2.0/gems/activerecord-7.1.5.1/lib/active_record/fixtures.rb:672:in `insert'
    vendor/bundle/ruby/3.2.0/gems/activerecord-7.1.5.1/lib/active_record/fixtures.rb:658:in `read_and_insert'
    vendor/bundle/ruby/3.2.0/gems/activerecord-7.1.5.1/lib/active_record/fixtures.rb:603:in `create_fixtures'
    vendor/bundle/ruby/3.2.0/gems/activerecord-7.1.5.1/lib/active_record/test_fixtures.rb:256:in `load_fixtures'
    vendor/bundle/ruby/3.2.0/gems/activerecord-7.1.5.1/lib/active_record/test_fixtures.rb:143:in `setup_fixtures'
    vendor/bundle/ruby/3.2.0/gems/activerecord-7.1.5.1/lib/active_record/test_fixtures.rb:10:in `before_setup'
    vendor/bundle/ruby/3.2.0/gems/activesupport-7.1.5.1/lib/active_support/testing/setup_and_teardown.rb:40:in `before_setup'
    vendor/bundle/ruby/3.2.0/gems/actionpack-7.1.5.1/lib/action_dispatch/testing/integration.rb:340:in `before_setup'
    vendor/bundle/ruby/3.2.0/gems/activejob-7.1.5.1/lib/active_job/test_helper.rb:50:in `before_setup'
    vendor/bundle/ruby/3.2.0/gems/railties-7.1.5.1/lib/rails/test_help.rb:47:in `before_setup'

bin/rails test test/controllers/vacations_controller_test.rb:31

HomeControllerTest#test_should_get_index = 0.06 s = E


Error:
HomeControllerTest#test_should_get_index:
ActiveRecord::InvalidForeignKey: PG::ForeignKeyViolation: ERROR:  insert or update on table "attendances" violates foreign key constraint "fk_rails_aa7947c197"
DETAIL:  Key (training_session_id)=(980190962) is not present in table "training_sessions".

    vendor/bundle/ruby/3.2.0/gems/activerecord-7.1.5.1/lib/active_record/connection_adapters/postgresql/database_statements.rb:55:in `exec'
    vendor/bundle/ruby/3.2.0/gems/activerecord-7.1.5.1/lib/active_record/connection_adapters/postgresql/database_statements.rb:55:in `block (2 levels) in raw_execute'
    vendor/bundle/ruby/3.2.0/gems/activerecord-7.1.5.1/lib/active_record/connection_adapters/abstract_adapter.rb:1027:in `block in with_raw_connection'
    vendor/bundle/ruby/3.2.0/gems/activesupport-7.1.5.1/lib/active_support/concurrency/null_lock.rb:9:in `synchronize'
    vendor/bundle/ruby/3.2.0/gems/activerecord-7.1.5.1/lib/active_record/connection_adapters/abstract_adapter.rb:999:in `with_raw_connection'
    vendor/bundle/ruby/3.2.0/gems/activerecord-7.1.5.1/lib/active_record/connection_adapters/postgresql/database_statements.rb:54:in `block in raw_execute'
    vendor/bundle/ruby/3.2.0/gems/activesupport-7.1.5.1/lib/active_support/notifications/instrumenter.rb:58:in `instrument'
    vendor/bundle/ruby/3.2.0/gems/activerecord-7.1.5.1/lib/active_record/connection_adapters/abstract_adapter.rb:1142:in `log'
    vendor/bundle/ruby/3.2.0/gems/activerecord-7.1.5.1/lib/active_record/connection_adapters/postgresql/database_statements.rb:53:in `raw_execute'
    vendor/bundle/ruby/3.2.0/gems/activerecord-7.1.5.1/lib/active_record/connection_adapters/abstract/database_statements.rb:521:in `internal_execute'
    vendor/bundle/ruby/3.2.0/gems/activerecord-7.1.5.1/lib/active_record/connection_adapters/abstract/database_statements.rb:131:in `execute'
    vendor/bundle/ruby/3.2.0/gems/activerecord-7.1.5.1/lib/active_record/connection_adapters/abstract/query_cache.rb:25:in `execute'
    vendor/bundle/ruby/3.2.0/gems/activerecord-7.1.5.1/lib/active_record/connection_adapters/postgresql/database_statements.rb:47:in `execute'
    vendor/bundle/ruby/3.2.0/gems/activerecord-7.1.5.1/lib/active_record/connection_adapters/postgresql/database_statements.rb:151:in `execute_batch'
    vendor/bundle/ruby/3.2.0/gems/activerecord-7.1.5.1/lib/active_record/connection_adapters/abstract/database_statements.rb:462:in `block (3 levels) in insert_fixtures_set'
    vendor/bundle/ruby/3.2.0/gems/activerecord-7.1.5.1/lib/active_record/connection_adapters/abstract/transaction.rb:535:in `block in within_new_transaction'
    vendor/bundle/ruby/3.2.0/gems/activesupport-7.1.5.1/lib/active_support/concurrency/null_lock.rb:9:in `synchronize'
    vendor/bundle/ruby/3.2.0/gems/activerecord-7.1.5.1/lib/active_record/connection_adapters/abstract/transaction.rb:532:in `within_new_transaction'
    vendor/bundle/ruby/3.2.0/gems/activerecord-7.1.5.1/lib/active_record/connection_adapters/abstract/database_statements.rb:344:in `transaction'
    vendor/bundle/ruby/3.2.0/gems/activerecord-7.1.5.1/lib/active_record/connection_adapters/abstract/database_statements.rb:461:in `block (2 levels) in insert_fixtures_set'
    vendor/bundle/ruby/3.2.0/gems/activerecord-7.1.5.1/lib/active_record/connection_adapters/postgresql/referential_integrity.rb:19:in `disable_referential_integrity'
    vendor/bundle/ruby/3.2.0/gems/activerecord-7.1.5.1/lib/active_record/connection_adapters/abstract/database_statements.rb:460:in `block in insert_fixtures_set'
    vendor/bundle/ruby/3.2.0/gems/activerecord-7.1.5.1/lib/active_record/connection_adapters/abstract/database_statements.rb:601:in `with_multi_statements'
    vendor/bundle/ruby/3.2.0/gems/activerecord-7.1.5.1/lib/active_record/connection_adapters/abstract/database_statements.rb:459:in `insert_fixtures_set'
    vendor/bundle/ruby/3.2.0/gems/activerecord-7.1.5.1/lib/active_record/fixtures.rb:681:in `block in insert'
    vendor/bundle/ruby/3.2.0/gems/activerecord-7.1.5.1/lib/active_record/fixtures.rb:672:in `each'
    vendor/bundle/ruby/3.2.0/gems/activerecord-7.1.5.1/lib/active_record/fixtures.rb:672:in `insert'
    vendor/bundle/ruby/3.2.0/gems/activerecord-7.1.5.1/lib/active_record/fixtures.rb:658:in `read_and_insert'
    vendor/bundle/ruby/3.2.0/gems/activerecord-7.1.5.1/lib/active_record/fixtures.rb:603:in `create_fixtures'
    vendor/bundle/ruby/3.2.0/gems/activerecord-7.1.5.1/lib/active_record/test_fixtures.rb:256:in `load_fixtures'
    vendor/bundle/ruby/3.2.0/gems/activerecord-7.1.5.1/lib/active_record/test_fixtures.rb:143:in `setup_fixtures'
    vendor/bundle/ruby/3.2.0/gems/activerecord-7.1.5.1/lib/active_record/test_fixtures.rb:10:in `before_setup'
    vendor/bundle/ruby/3.2.0/gems/activesupport-7.1.5.1/lib/active_support/testing/setup_and_teardown.rb:40:in `before_setup'
    vendor/bundle/ruby/3.2.0/gems/actionpack-7.1.5.1/lib/action_dispatch/testing/integration.rb:340:in `before_setup'
    vendor/bundle/ruby/3.2.0/gems/activejob-7.1.5.1/lib/active_job/test_helper.rb:50:in `before_setup'
    vendor/bundle/ruby/3.2.0/gems/railties-7.1.5.1/lib/rails/test_help.rb:47:in `before_setup'

bin/rails test test/controllers/home_controller_test.rb:4

WARNING: Rails was not able to disable referential integrity.

This is most likely caused due to missing permissions.
Rails needs superuser privileges to disable referential integrity.

    cause: PG::InsufficientPrivilege: ERROR:  permission denied: "RI_ConstraintTrigger_c_50445" is a system trigger


AttendancesControllerTest#test_should_update_attendance = 0.07 s = E


Error:
AttendancesControllerTest#test_should_update_attendance:
ActiveRecord::InvalidForeignKey: PG::ForeignKeyViolation: ERROR:  insert or update on table "attendances" violates foreign key constraint "fk_rails_aa7947c197"
DETAIL:  Key (training_session_id)=(980190962) is not present in table "training_sessions".

    vendor/bundle/ruby/3.2.0/gems/activerecord-7.1.5.1/lib/active_record/connection_adapters/postgresql/database_statements.rb:55:in `exec'
    vendor/bundle/ruby/3.2.0/gems/activerecord-7.1.5.1/lib/active_record/connection_adapters/postgresql/database_statements.rb:55:in `block (2 levels) in raw_execute'
    vendor/bundle/ruby/3.2.0/gems/activerecord-7.1.5.1/lib/active_record/connection_adapters/abstract_adapter.rb:1027:in `block in with_raw_connection'
    vendor/bundle/ruby/3.2.0/gems/activesupport-7.1.5.1/lib/active_support/concurrency/null_lock.rb:9:in `synchronize'
    vendor/bundle/ruby/3.2.0/gems/activerecord-7.1.5.1/lib/active_record/connection_adapters/abstract_adapter.rb:999:in `with_raw_connection'
    vendor/bundle/ruby/3.2.0/gems/activerecord-7.1.5.1/lib/active_record/connection_adapters/postgresql/database_statements.rb:54:in `block in raw_execute'
    vendor/bundle/ruby/3.2.0/gems/activesupport-7.1.5.1/lib/active_support/notifications/instrumenter.rb:58:in `instrument'
    vendor/bundle/ruby/3.2.0/gems/activerecord-7.1.5.1/lib/active_record/connection_adapters/abstract_adapter.rb:1142:in `log'
    vendor/bundle/ruby/3.2.0/gems/activerecord-7.1.5.1/lib/active_record/connection_adapters/postgresql/database_statements.rb:53:in `raw_execute'
    vendor/bundle/ruby/3.2.0/gems/activerecord-7.1.5.1/lib/active_record/connection_adapters/abstract/database_statements.rb:521:in `internal_execute'
    vendor/bundle/ruby/3.2.0/gems/activerecord-7.1.5.1/lib/active_record/connection_adapters/abstract/database_statements.rb:131:in `execute'
    vendor/bundle/ruby/3.2.0/gems/activerecord-7.1.5.1/lib/active_record/connection_adapters/abstract/query_cache.rb:25:in `execute'
    vendor/bundle/ruby/3.2.0/gems/activerecord-7.1.5.1/lib/active_record/connection_adapters/postgresql/database_statements.rb:47:in `execute'
    vendor/bundle/ruby/3.2.0/gems/activerecord-7.1.5.1/lib/active_record/connection_adapters/postgresql/database_statements.rb:151:in `execute_batch'
    vendor/bundle/ruby/3.2.0/gems/activerecord-7.1.5.1/lib/active_record/connection_adapters/abstract/database_statements.rb:462:in `block (3 levels) in insert_fixtures_set'
    vendor/bundle/ruby/3.2.0/gems/activerecord-7.1.5.1/lib/active_record/connection_adapters/abstract/transaction.rb:535:in `block in within_new_transaction'
    vendor/bundle/ruby/3.2.0/gems/activesupport-7.1.5.1/lib/active_support/concurrency/null_lock.rb:9:in `synchronize'
    vendor/bundle/ruby/3.2.0/gems/activerecord-7.1.5.1/lib/active_record/connection_adapters/abstract/transaction.rb:532:in `within_new_transaction'
    vendor/bundle/ruby/3.2.0/gems/activerecord-7.1.5.1/lib/active_record/connection_adapters/abstract/database_statements.rb:344:in `transaction'
    vendor/bundle/ruby/3.2.0/gems/activerecord-7.1.5.1/lib/active_record/connection_adapters/abstract/database_statements.rb:461:in `block (2 levels) in insert_fixtures_set'
    vendor/bundle/ruby/3.2.0/gems/activerecord-7.1.5.1/lib/active_record/connection_adapters/postgresql/referential_integrity.rb:19:in `disable_referential_integrity'
    vendor/bundle/ruby/3.2.0/gems/activerecord-7.1.5.1/lib/active_record/connection_adapters/abstract/database_statements.rb:460:in `block in insert_fixtures_set'
    vendor/bundle/ruby/3.2.0/gems/activerecord-7.1.5.1/lib/active_record/connection_adapters/abstract/database_statements.rb:601:in `with_multi_statements'
    vendor/bundle/ruby/3.2.0/gems/activerecord-7.1.5.1/lib/active_record/connection_adapters/abstract/database_statements.rb:459:in `insert_fixtures_set'
    vendor/bundle/ruby/3.2.0/gems/activerecord-7.1.5.1/lib/active_record/fixtures.rb:681:in `block in insert'
    vendor/bundle/ruby/3.2.0/gems/activerecord-7.1.5.1/lib/active_record/fixtures.rb:672:in `each'
    vendor/bundle/ruby/3.2.0/gems/activerecord-7.1.5.1/lib/active_record/fixtures.rb:672:in `insert'
    vendor/bundle/ruby/3.2.0/gems/activerecord-7.1.5.1/lib/active_record/fixtures.rb:658:in `read_and_insert'
    vendor/bundle/ruby/3.2.0/gems/activerecord-7.1.5.1/lib/active_record/fixtures.rb:603:in `create_fixtures'
    vendor/bundle/ruby/3.2.0/gems/activerecord-7.1.5.1/lib/active_record/test_fixtures.rb:256:in `load_fixtures'
    vendor/bundle/ruby/3.2.0/gems/activerecord-7.1.5.1/lib/active_record/test_fixtures.rb:143:in `setup_fixtures'
    vendor/bundle/ruby/3.2.0/gems/activerecord-7.1.5.1/lib/active_record/test_fixtures.rb:10:in `before_setup'
    vendor/bundle/ruby/3.2.0/gems/activesupport-7.1.5.1/lib/active_support/testing/setup_and_teardown.rb:40:in `before_setup'
    vendor/bundle/ruby/3.2.0/gems/actionpack-7.1.5.1/lib/action_dispatch/testing/integration.rb:340:in `before_setup'
    vendor/bundle/ruby/3.2.0/gems/activejob-7.1.5.1/lib/active_job/test_helper.rb:50:in `before_setup'
    vendor/bundle/ruby/3.2.0/gems/railties-7.1.5.1/lib/rails/test_help.rb:47:in `before_setup'

bin/rails test test/controllers/attendances_controller_test.rb:36

WARNING: Rails was not able to disable referential integrity.

This is most likely caused due to missing permissions.
Rails needs superuser privileges to disable referential integrity.

    cause: PG::InsufficientPrivilege: ERROR:  permission denied: "RI_ConstraintTrigger_c_50531" is a system trigger


AttendancesControllerTest#test_should_create_attendance = 0.07 s = E


Error:
AttendancesControllerTest#test_should_create_attendance:
ActiveRecord::InvalidForeignKey: PG::ForeignKeyViolation: ERROR:  insert or update on table "attendances" violates foreign key constraint "fk_rails_aa7947c197"
DETAIL:  Key (training_session_id)=(980190962) is not present in table "training_sessions".

    vendor/bundle/ruby/3.2.0/gems/activerecord-7.1.5.1/lib/active_record/connection_adapters/postgresql/database_statements.rb:55:in `exec'
    vendor/bundle/ruby/3.2.0/gems/activerecord-7.1.5.1/lib/active_record/connection_adapters/postgresql/database_statements.rb:55:in `block (2 levels) in raw_execute'
    vendor/bundle/ruby/3.2.0/gems/activerecord-7.1.5.1/lib/active_record/connection_adapters/abstract_adapter.rb:1027:in `block in with_raw_connection'
    vendor/bundle/ruby/3.2.0/gems/activesupport-7.1.5.1/lib/active_support/concurrency/null_lock.rb:9:in `synchronize'
    vendor/bundle/ruby/3.2.0/gems/activerecord-7.1.5.1/lib/active_record/connection_adapters/abstract_adapter.rb:999:in `with_raw_connection'
    vendor/bundle/ruby/3.2.0/gems/activerecord-7.1.5.1/lib/active_record/connection_adapters/postgresql/database_statements.rb:54:in `block in raw_execute'
    vendor/bundle/ruby/3.2.0/gems/activesupport-7.1.5.1/lib/active_support/notifications/instrumenter.rb:58:in `instrument'
    vendor/bundle/ruby/3.2.0/gems/activerecord-7.1.5.1/lib/active_record/connection_adapters/abstract_adapter.rb:1142:in `log'
    vendor/bundle/ruby/3.2.0/gems/activerecord-7.1.5.1/lib/active_record/connection_adapters/postgresql/database_statements.rb:53:in `raw_execute'
    vendor/bundle/ruby/3.2.0/gems/activerecord-7.1.5.1/lib/active_record/connection_adapters/abstract/database_statements.rb:521:in `internal_execute'
    vendor/bundle/ruby/3.2.0/gems/activerecord-7.1.5.1/lib/active_record/connection_adapters/abstract/database_statements.rb:131:in `execute'
    vendor/bundle/ruby/3.2.0/gems/activerecord-7.1.5.1/lib/active_record/connection_adapters/abstract/query_cache.rb:25:in `execute'
    vendor/bundle/ruby/3.2.0/gems/activerecord-7.1.5.1/lib/active_record/connection_adapters/postgresql/database_statements.rb:47:in `execute'
    vendor/bundle/ruby/3.2.0/gems/activerecord-7.1.5.1/lib/active_record/connection_adapters/postgresql/database_statements.rb:151:in `execute_batch'
    vendor/bundle/ruby/3.2.0/gems/activerecord-7.1.5.1/lib/active_record/connection_adapters/abstract/database_statements.rb:462:in `block (3 levels) in insert_fixtures_set'
    vendor/bundle/ruby/3.2.0/gems/activerecord-7.1.5.1/lib/active_record/connection_adapters/abstract/transaction.rb:535:in `block in within_new_transaction'
    vendor/bundle/ruby/3.2.0/gems/activesupport-7.1.5.1/lib/active_support/concurrency/null_lock.rb:9:in `synchronize'
    vendor/bundle/ruby/3.2.0/gems/activerecord-7.1.5.1/lib/active_record/connection_adapters/abstract/transaction.rb:532:in `within_new_transaction'
    vendor/bundle/ruby/3.2.0/gems/activerecord-7.1.5.1/lib/active_record/connection_adapters/abstract/database_statements.rb:344:in `transaction'
    vendor/bundle/ruby/3.2.0/gems/activerecord-7.1.5.1/lib/active_record/connection_adapters/abstract/database_statements.rb:461:in `block (2 levels) in insert_fixtures_set'
    vendor/bundle/ruby/3.2.0/gems/activerecord-7.1.5.1/lib/active_record/connection_adapters/postgresql/referential_integrity.rb:19:in `disable_referential_integrity'
    vendor/bundle/ruby/3.2.0/gems/activerecord-7.1.5.1/lib/active_record/connection_adapters/abstract/database_statements.rb:460:in `block in insert_fixtures_set'
    vendor/bundle/ruby/3.2.0/gems/activerecord-7.1.5.1/lib/active_record/connection_adapters/abstract/database_statements.rb:601:in `with_multi_statements'
    vendor/bundle/ruby/3.2.0/gems/activerecord-7.1.5.1/lib/active_record/connection_adapters/abstract/database_statements.rb:459:in `insert_fixtures_set'
    vendor/bundle/ruby/3.2.0/gems/activerecord-7.1.5.1/lib/active_record/fixtures.rb:681:in `block in insert'
    vendor/bundle/ruby/3.2.0/gems/activerecord-7.1.5.1/lib/active_record/fixtures.rb:672:in `each'
    vendor/bundle/ruby/3.2.0/gems/activerecord-7.1.5.1/lib/active_record/fixtures.rb:672:in `insert'
    vendor/bundle/ruby/3.2.0/gems/activerecord-7.1.5.1/lib/active_record/fixtures.rb:658:in `read_and_insert'
    vendor/bundle/ruby/3.2.0/gems/activerecord-7.1.5.1/lib/active_record/fixtures.rb:603:in `create_fixtures'
    vendor/bundle/ruby/3.2.0/gems/activerecord-7.1.5.1/lib/active_record/test_fixtures.rb:256:in `load_fixtures'
    vendor/bundle/ruby/3.2.0/gems/activerecord-7.1.5.1/lib/active_record/test_fixtures.rb:143:in `setup_fixtures'
    vendor/bundle/ruby/3.2.0/gems/activerecord-7.1.5.1/lib/active_record/test_fixtures.rb:10:in `before_setup'
    vendor/bundle/ruby/3.2.0/gems/activesupport-7.1.5.1/lib/active_support/testing/setup_and_teardown.rb:40:in `before_setup'
    vendor/bundle/ruby/3.2.0/gems/actionpack-7.1.5.1/lib/action_dispatch/testing/integration.rb:340:in `before_setup'
    vendor/bundle/ruby/3.2.0/gems/activejob-7.1.5.1/lib/active_job/test_helper.rb:50:in `before_setup'
    vendor/bundle/ruby/3.2.0/gems/railties-7.1.5.1/lib/rails/test_help.rb:47:in `before_setup'

bin/rails test test/controllers/attendances_controller_test.rb:18

WARNING: Rails was not able to disable referential integrity.

This is most likely caused due to missing permissions.
Rails needs superuser privileges to disable referential integrity.

    cause: PG::InsufficientPrivilege: ERROR:  permission denied: "RI_ConstraintTrigger_c_50466" is a system trigger


AttendancesControllerTest#test_should_get_new = 0.08 s = E


Error:
AttendancesControllerTest#test_should_get_new:
ActiveRecord::InvalidForeignKey: PG::ForeignKeyViolation: ERROR:  insert or update on table "attendances" violates foreign key constraint "fk_rails_aa7947c197"
DETAIL:  Key (training_session_id)=(980190962) is not present in table "training_sessions".

    vendor/bundle/ruby/3.2.0/gems/activerecord-7.1.5.1/lib/active_record/connection_adapters/postgresql/database_statements.rb:55:in `exec'
    vendor/bundle/ruby/3.2.0/gems/activerecord-7.1.5.1/lib/active_record/connection_adapters/postgresql/database_statements.rb:55:in `block (2 levels) in raw_execute'
    vendor/bundle/ruby/3.2.0/gems/activerecord-7.1.5.1/lib/active_record/connection_adapters/abstract_adapter.rb:1027:in `block in with_raw_connection'
    vendor/bundle/ruby/3.2.0/gems/activesupport-7.1.5.1/lib/active_support/concurrency/null_lock.rb:9:in `synchronize'
    vendor/bundle/ruby/3.2.0/gems/activerecord-7.1.5.1/lib/active_record/connection_adapters/abstract_adapter.rb:999:in `with_raw_connection'
    vendor/bundle/ruby/3.2.0/gems/activerecord-7.1.5.1/lib/active_record/connection_adapters/postgresql/database_statements.rb:54:in `block in raw_execute'
    vendor/bundle/ruby/3.2.0/gems/activesupport-7.1.5.1/lib/active_support/notifications/instrumenter.rb:58:in `instrument'
    vendor/bundle/ruby/3.2.0/gems/activerecord-7.1.5.1/lib/active_record/connection_adapters/abstract_adapter.rb:1142:in `log'
    vendor/bundle/ruby/3.2.0/gems/activerecord-7.1.5.1/lib/active_record/connection_adapters/postgresql/database_statements.rb:53:in `raw_execute'
    vendor/bundle/ruby/3.2.0/gems/activerecord-7.1.5.1/lib/active_record/connection_adapters/abstract/database_statements.rb:521:in `internal_execute'
    vendor/bundle/ruby/3.2.0/gems/activerecord-7.1.5.1/lib/active_record/connection_adapters/abstract/database_statements.rb:131:in `execute'
    vendor/bundle/ruby/3.2.0/gems/activerecord-7.1.5.1/lib/active_record/connection_adapters/abstract/query_cache.rb:25:in `execute'
    vendor/bundle/ruby/3.2.0/gems/activerecord-7.1.5.1/lib/active_record/connection_adapters/postgresql/database_statements.rb:47:in `execute'
    vendor/bundle/ruby/3.2.0/gems/activerecord-7.1.5.1/lib/active_record/connection_adapters/postgresql/database_statements.rb:151:in `execute_batch'
    vendor/bundle/ruby/3.2.0/gems/activerecord-7.1.5.1/lib/active_record/connection_adapters/abstract/database_statements.rb:462:in `block (3 levels) in insert_fixtures_set'
    vendor/bundle/ruby/3.2.0/gems/activerecord-7.1.5.1/lib/active_record/connection_adapters/abstract/transaction.rb:535:in `block in within_new_transaction'
    vendor/bundle/ruby/3.2.0/gems/activesupport-7.1.5.1/lib/active_support/concurrency/null_lock.rb:9:in `synchronize'
    vendor/bundle/ruby/3.2.0/gems/activerecord-7.1.5.1/lib/active_record/connection_adapters/abstract/transaction.rb:532:in `within_new_transaction'
    vendor/bundle/ruby/3.2.0/gems/activerecord-7.1.5.1/lib/active_record/connection_adapters/abstract/database_statements.rb:344:in `transaction'
    vendor/bundle/ruby/3.2.0/gems/activerecord-7.1.5.1/lib/active_record/connection_adapters/abstract/database_statements.rb:461:in `block (2 levels) in insert_fixtures_set'
    vendor/bundle/ruby/3.2.0/gems/activerecord-7.1.5.1/lib/active_record/connection_adapters/postgresql/referential_integrity.rb:19:in `disable_referential_integrity'
    vendor/bundle/ruby/3.2.0/gems/activerecord-7.1.5.1/lib/active_record/connection_adapters/abstract/database_statements.rb:460:in `block in insert_fixtures_set'
    vendor/bundle/ruby/3.2.0/gems/activerecord-7.1.5.1/lib/active_record/connection_adapters/abstract/database_statements.rb:601:in `with_multi_statements'
    vendor/bundle/ruby/3.2.0/gems/activerecord-7.1.5.1/lib/active_record/connection_adapters/abstract/database_statements.rb:459:in `insert_fixtures_set'
    vendor/bundle/ruby/3.2.0/gems/activerecord-7.1.5.1/lib/active_record/fixtures.rb:681:in `block in insert'
    vendor/bundle/ruby/3.2.0/gems/activerecord-7.1.5.1/lib/active_record/fixtures.rb:672:in `each'
    vendor/bundle/ruby/3.2.0/gems/activerecord-7.1.5.1/lib/active_record/fixtures.rb:672:in `insert'
    vendor/bundle/ruby/3.2.0/gems/activerecord-7.1.5.1/lib/active_record/fixtures.rb:658:in `read_and_insert'
    vendor/bundle/ruby/3.2.0/gems/activerecord-7.1.5.1/lib/active_record/fixtures.rb:603:in `create_fixtures'
    vendor/bundle/ruby/3.2.0/gems/activerecord-7.1.5.1/lib/active_record/test_fixtures.rb:256:in `load_fixtures'
    vendor/bundle/ruby/3.2.0/gems/activerecord-7.1.5.1/lib/active_record/test_fixtures.rb:143:in `setup_fixtures'
    vendor/bundle/ruby/3.2.0/gems/activerecord-7.1.5.1/lib/active_record/test_fixtures.rb:10:in `before_setup'
    vendor/bundle/ruby/3.2.0/gems/activesupport-7.1.5.1/lib/active_support/testing/setup_and_teardown.rb:40:in `before_setup'
    vendor/bundle/ruby/3.2.0/gems/actionpack-7.1.5.1/lib/action_dispatch/testing/integration.rb:340:in `before_setup'
    vendor/bundle/ruby/3.2.0/gems/activejob-7.1.5.1/lib/active_job/test_helper.rb:50:in `before_setup'
    vendor/bundle/ruby/3.2.0/gems/railties-7.1.5.1/lib/rails/test_help.rb:47:in `before_setup'

bin/rails test test/controllers/attendances_controller_test.rb:13

WARNING: Rails was not able to disable referential integrity.

This is most likely caused due to missing permissions.
Rails needs superuser privileges to disable referential integrity.

    cause: PG::InsufficientPrivilege: ERROR:  permission denied: "RI_ConstraintTrigger_c_50591" is a system trigger


AttendancesControllerTest#test_should_get_index = 0.08 s = E


Error:
AttendancesControllerTest#test_should_get_index:
ActiveRecord::InvalidForeignKey: PG::ForeignKeyViolation: ERROR:  insert or update on table "attendances" violates foreign key constraint "fk_rails_aa7947c197"
DETAIL:  Key (training_session_id)=(980190962) is not present in table "training_sessions".

    vendor/bundle/ruby/3.2.0/gems/activerecord-7.1.5.1/lib/active_record/connection_adapters/postgresql/database_statements.rb:55:in `exec'
    vendor/bundle/ruby/3.2.0/gems/activerecord-7.1.5.1/lib/active_record/connection_adapters/postgresql/database_statements.rb:55:in `block (2 levels) in raw_execute'
    vendor/bundle/ruby/3.2.0/gems/activerecord-7.1.5.1/lib/active_record/connection_adapters/abstract_adapter.rb:1027:in `block in with_raw_connection'
    vendor/bundle/ruby/3.2.0/gems/activesupport-7.1.5.1/lib/active_support/concurrency/null_lock.rb:9:in `synchronize'
    vendor/bundle/ruby/3.2.0/gems/activerecord-7.1.5.1/lib/active_record/connection_adapters/abstract_adapter.rb:999:in `with_raw_connection'
    vendor/bundle/ruby/3.2.0/gems/activerecord-7.1.5.1/lib/active_record/connection_adapters/postgresql/database_statements.rb:54:in `block in raw_execute'
    vendor/bundle/ruby/3.2.0/gems/activesupport-7.1.5.1/lib/active_support/notifications/instrumenter.rb:58:in `instrument'
    vendor/bundle/ruby/3.2.0/gems/activerecord-7.1.5.1/lib/active_record/connection_adapters/abstract_adapter.rb:1142:in `log'
    vendor/bundle/ruby/3.2.0/gems/activerecord-7.1.5.1/lib/active_record/connection_adapters/postgresql/database_statements.rb:53:in `raw_execute'
    vendor/bundle/ruby/3.2.0/gems/activerecord-7.1.5.1/lib/active_record/connection_adapters/abstract/database_statements.rb:521:in `internal_execute'
    vendor/bundle/ruby/3.2.0/gems/activerecord-7.1.5.1/lib/active_record/connection_adapters/abstract/database_statements.rb:131:in `execute'
    vendor/bundle/ruby/3.2.0/gems/activerecord-7.1.5.1/lib/active_record/connection_adapters/abstract/query_cache.rb:25:in `execute'
    vendor/bundle/ruby/3.2.0/gems/activerecord-7.1.5.1/lib/active_record/connection_adapters/postgresql/database_statements.rb:47:in `execute'
    vendor/bundle/ruby/3.2.0/gems/activerecord-7.1.5.1/lib/active_record/connection_adapters/postgresql/database_statements.rb:151:in `execute_batch'
    vendor/bundle/ruby/3.2.0/gems/activerecord-7.1.5.1/lib/active_record/connection_adapters/abstract/database_statements.rb:462:in `block (3 levels) in insert_fixtures_set'
    vendor/bundle/ruby/3.2.0/gems/activerecord-7.1.5.1/lib/active_record/connection_adapters/abstract/transaction.rb:535:in `block in within_new_transaction'
    vendor/bundle/ruby/3.2.0/gems/activesupport-7.1.5.1/lib/active_support/concurrency/null_lock.rb:9:in `synchronize'
    vendor/bundle/ruby/3.2.0/gems/activerecord-7.1.5.1/lib/active_record/connection_adapters/abstract/transaction.rb:532:in `within_new_transaction'
    vendor/bundle/ruby/3.2.0/gems/activerecord-7.1.5.1/lib/active_record/connection_adapters/abstract/database_statements.rb:344:in `transaction'
    vendor/bundle/ruby/3.2.0/gems/activerecord-7.1.5.1/lib/active_record/connection_adapters/abstract/database_statements.rb:461:in `block (2 levels) in insert_fixtures_set'
    vendor/bundle/ruby/3.2.0/gems/activerecord-7.1.5.1/lib/active_record/connection_adapters/postgresql/referential_integrity.rb:19:in `disable_referential_integrity'
    vendor/bundle/ruby/3.2.0/gems/activerecord-7.1.5.1/lib/active_record/connection_adapters/abstract/database_statements.rb:460:in `block in insert_fixtures_set'
    vendor/bundle/ruby/3.2.0/gems/activerecord-7.1.5.1/lib/active_record/connection_adapters/abstract/database_statements.rb:601:in `with_multi_statements'
    vendor/bundle/ruby/3.2.0/gems/activerecord-7.1.5.1/lib/active_record/connection_adapters/abstract/database_statements.rb:459:in `insert_fixtures_set'
    vendor/bundle/ruby/3.2.0/gems/activerecord-7.1.5.1/lib/active_record/fixtures.rb:681:in `block in insert'
    vendor/bundle/ruby/3.2.0/gems/activerecord-7.1.5.1/lib/active_record/fixtures.rb:672:in `each'
    vendor/bundle/ruby/3.2.0/gems/activerecord-7.1.5.1/lib/active_record/fixtures.rb:672:in `insert'
    vendor/bundle/ruby/3.2.0/gems/activerecord-7.1.5.1/lib/active_record/fixtures.rb:658:in `read_and_insert'
    vendor/bundle/ruby/3.2.0/gems/activerecord-7.1.5.1/lib/active_record/fixtures.rb:603:in `create_fixtures'
    vendor/bundle/ruby/3.2.0/gems/activerecord-7.1.5.1/lib/active_record/test_fixtures.rb:256:in `load_fixtures'
    vendor/bundle/ruby/3.2.0/gems/activerecord-7.1.5.1/lib/active_record/test_fixtures.rb:143:in `setup_fixtures'
    vendor/bundle/ruby/3.2.0/gems/activerecord-7.1.5.1/lib/active_record/test_fixtures.rb:10:in `before_setup'
    vendor/bundle/ruby/3.2.0/gems/activesupport-7.1.5.1/lib/active_support/testing/setup_and_teardown.rb:40:in `before_setup'
    vendor/bundle/ruby/3.2.0/gems/actionpack-7.1.5.1/lib/action_dispatch/testing/integration.rb:340:in `before_setup'
    vendor/bundle/ruby/3.2.0/gems/activejob-7.1.5.1/lib/active_job/test_helper.rb:50:in `before_setup'
    vendor/bundle/ruby/3.2.0/gems/railties-7.1.5.1/lib/rails/test_help.rb:47:in `before_setup'

bin/rails test test/controllers/attendances_controller_test.rb:8

WARNING: Rails was not able to disable referential integrity.

This is most likely caused due to missing permissions.
Rails needs superuser privileges to disable referential integrity.

    cause: PG::InsufficientPrivilege: ERROR:  permission denied: "RI_ConstraintTrigger_c_50445" is a system trigger


AttendancesControllerTest#test_should_show_attendance = 0.07 s = E


Error:
AttendancesControllerTest#test_should_show_attendance:
ActiveRecord::InvalidForeignKey: PG::ForeignKeyViolation: ERROR:  insert or update on table "attendances" violates foreign key constraint "fk_rails_aa7947c197"
DETAIL:  Key (training_session_id)=(980190962) is not present in table "training_sessions".

    vendor/bundle/ruby/3.2.0/gems/activerecord-7.1.5.1/lib/active_record/connection_adapters/postgresql/database_statements.rb:55:in `exec'
    vendor/bundle/ruby/3.2.0/gems/activerecord-7.1.5.1/lib/active_record/connection_adapters/postgresql/database_statements.rb:55:in `block (2 levels) in raw_execute'
    vendor/bundle/ruby/3.2.0/gems/activerecord-7.1.5.1/lib/active_record/connection_adapters/abstract_adapter.rb:1027:in `block in with_raw_connection'
    vendor/bundle/ruby/3.2.0/gems/activesupport-7.1.5.1/lib/active_support/concurrency/null_lock.rb:9:in `synchronize'
    vendor/bundle/ruby/3.2.0/gems/activerecord-7.1.5.1/lib/active_record/connection_adapters/abstract_adapter.rb:999:in `with_raw_connection'
    vendor/bundle/ruby/3.2.0/gems/activerecord-7.1.5.1/lib/active_record/connection_adapters/postgresql/database_statements.rb:54:in `block in raw_execute'
    vendor/bundle/ruby/3.2.0/gems/activesupport-7.1.5.1/lib/active_support/notifications/instrumenter.rb:58:in `instrument'
    vendor/bundle/ruby/3.2.0/gems/activerecord-7.1.5.1/lib/active_record/connection_adapters/abstract_adapter.rb:1142:in `log'
    vendor/bundle/ruby/3.2.0/gems/activerecord-7.1.5.1/lib/active_record/connection_adapters/postgresql/database_statements.rb:53:in `raw_execute'
    vendor/bundle/ruby/3.2.0/gems/activerecord-7.1.5.1/lib/active_record/connection_adapters/abstract/database_statements.rb:521:in `internal_execute'
    vendor/bundle/ruby/3.2.0/gems/activerecord-7.1.5.1/lib/active_record/connection_adapters/abstract/database_statements.rb:131:in `execute'
    vendor/bundle/ruby/3.2.0/gems/activerecord-7.1.5.1/lib/active_record/connection_adapters/abstract/query_cache.rb:25:in `execute'
    vendor/bundle/ruby/3.2.0/gems/activerecord-7.1.5.1/lib/active_record/connection_adapters/postgresql/database_statements.rb:47:in `execute'
    vendor/bundle/ruby/3.2.0/gems/activerecord-7.1.5.1/lib/active_record/connection_adapters/postgresql/database_statements.rb:151:in `execute_batch'
    vendor/bundle/ruby/3.2.0/gems/activerecord-7.1.5.1/lib/active_record/connection_adapters/abstract/database_statements.rb:462:in `block (3 levels) in insert_fixtures_set'
    vendor/bundle/ruby/3.2.0/gems/activerecord-7.1.5.1/lib/active_record/connection_adapters/abstract/transaction.rb:535:in `block in within_new_transaction'
    vendor/bundle/ruby/3.2.0/gems/activesupport-7.1.5.1/lib/active_support/concurrency/null_lock.rb:9:in `synchronize'
    vendor/bundle/ruby/3.2.0/gems/activerecord-7.1.5.1/lib/active_record/connection_adapters/abstract/transaction.rb:532:in `within_new_transaction'
    vendor/bundle/ruby/3.2.0/gems/activerecord-7.1.5.1/lib/active_record/connection_adapters/abstract/database_statements.rb:344:in `transaction'
    vendor/bundle/ruby/3.2.0/gems/activerecord-7.1.5.1/lib/active_record/connection_adapters/abstract/database_statements.rb:461:in `block (2 levels) in insert_fixtures_set'
    vendor/bundle/ruby/3.2.0/gems/activerecord-7.1.5.1/lib/active_record/connection_adapters/postgresql/referential_integrity.rb:19:in `disable_referential_integrity'
    vendor/bundle/ruby/3.2.0/gems/activerecord-7.1.5.1/lib/active_record/connection_adapters/abstract/database_statements.rb:460:in `block in insert_fixtures_set'
    vendor/bundle/ruby/3.2.0/gems/activerecord-7.1.5.1/lib/active_record/connection_adapters/abstract/database_statements.rb:601:in `with_multi_statements'
    vendor/bundle/ruby/3.2.0/gems/activerecord-7.1.5.1/lib/active_record/connection_adapters/abstract/database_statements.rb:459:in `insert_fixtures_set'
    vendor/bundle/ruby/3.2.0/gems/activerecord-7.1.5.1/lib/active_record/fixtures.rb:681:in `block in insert'
    vendor/bundle/ruby/3.2.0/gems/activerecord-7.1.5.1/lib/active_record/fixtures.rb:672:in `each'
    vendor/bundle/ruby/3.2.0/gems/activerecord-7.1.5.1/lib/active_record/fixtures.rb:672:in `insert'
    vendor/bundle/ruby/3.2.0/gems/activerecord-7.1.5.1/lib/active_record/fixtures.rb:658:in `read_and_insert'
    vendor/bundle/ruby/3.2.0/gems/activerecord-7.1.5.1/lib/active_record/fixtures.rb:603:in `create_fixtures'
    vendor/bundle/ruby/3.2.0/gems/activerecord-7.1.5.1/lib/active_record/test_fixtures.rb:256:in `load_fixtures'
    vendor/bundle/ruby/3.2.0/gems/activerecord-7.1.5.1/lib/active_record/test_fixtures.rb:143:in `setup_fixtures'
    vendor/bundle/ruby/3.2.0/gems/activerecord-7.1.5.1/lib/active_record/test_fixtures.rb:10:in `before_setup'
    vendor/bundle/ruby/3.2.0/gems/activesupport-7.1.5.1/lib/active_support/testing/setup_and_teardown.rb:40:in `before_setup'
    vendor/bundle/ruby/3.2.0/gems/actionpack-7.1.5.1/lib/action_dispatch/testing/integration.rb:340:in `before_setup'
    vendor/bundle/ruby/3.2.0/gems/activejob-7.1.5.1/lib/active_job/test_helper.rb:50:in `before_setup'
    vendor/bundle/ruby/3.2.0/gems/railties-7.1.5.1/lib/rails/test_help.rb:47:in `before_setup'

bin/rails test test/controllers/attendances_controller_test.rb:26

WARNING: Rails was not able to disable referential integrity.

This is most likely caused due to missing permissions.
Rails needs superuser privileges to disable referential integrity.

    cause: PG::InsufficientPrivilege: ERROR:  permission denied: "RI_ConstraintTrigger_c_50531" is a system trigger


WARNING: Rails was not able to disable referential integrity.

This is most likely caused due to missing permissions.
Rails needs superuser privileges to disable referential integrity.

    cause: PG::InsufficientPrivilege: ERROR:  permission denied: "RI_ConstraintTrigger_c_50466" is a system trigger


AttendancesControllerTest#test_should_get_edit = 0.09 s = E


Error:
AttendancesControllerTest#test_should_get_edit:
ActiveRecord::InvalidForeignKey: PG::ForeignKeyViolation: ERROR:  insert or update on table "attendances" violates foreign key constraint "fk_rails_aa7947c197"
DETAIL:  Key (training_session_id)=(980190962) is not present in table "training_sessions".

    vendor/bundle/ruby/3.2.0/gems/activerecord-7.1.5.1/lib/active_record/connection_adapters/postgresql/database_statements.rb:55:in `exec'
    vendor/bundle/ruby/3.2.0/gems/activerecord-7.1.5.1/lib/active_record/connection_adapters/postgresql/database_statements.rb:55:in `block (2 levels) in raw_execute'
    vendor/bundle/ruby/3.2.0/gems/activerecord-7.1.5.1/lib/active_record/connection_adapters/abstract_adapter.rb:1027:in `block in with_raw_connection'
    vendor/bundle/ruby/3.2.0/gems/activesupport-7.1.5.1/lib/active_support/concurrency/null_lock.rb:9:in `synchronize'
    vendor/bundle/ruby/3.2.0/gems/activerecord-7.1.5.1/lib/active_record/connection_adapters/abstract_adapter.rb:999:in `with_raw_connection'
    vendor/bundle/ruby/3.2.0/gems/activerecord-7.1.5.1/lib/active_record/connection_adapters/postgresql/database_statements.rb:54:in `block in raw_execute'
    vendor/bundle/ruby/3.2.0/gems/activesupport-7.1.5.1/lib/active_support/notifications/instrumenter.rb:58:in `instrument'
    vendor/bundle/ruby/3.2.0/gems/activerecord-7.1.5.1/lib/active_record/connection_adapters/abstract_adapter.rb:1142:in `log'
    vendor/bundle/ruby/3.2.0/gems/activerecord-7.1.5.1/lib/active_record/connection_adapters/postgresql/database_statements.rb:53:in `raw_execute'
    vendor/bundle/ruby/3.2.0/gems/activerecord-7.1.5.1/lib/active_record/connection_adapters/abstract/database_statements.rb:521:in `internal_execute'
    vendor/bundle/ruby/3.2.0/gems/activerecord-7.1.5.1/lib/active_record/connection_adapters/abstract/database_statements.rb:131:in `execute'
    vendor/bundle/ruby/3.2.0/gems/activerecord-7.1.5.1/lib/active_record/connection_adapters/abstract/query_cache.rb:25:in `execute'
    vendor/bundle/ruby/3.2.0/gems/activerecord-7.1.5.1/lib/active_record/connection_adapters/postgresql/database_statements.rb:47:in `execute'
    vendor/bundle/ruby/3.2.0/gems/activerecord-7.1.5.1/lib/active_record/connection_adapters/postgresql/database_statements.rb:151:in `execute_batch'
    vendor/bundle/ruby/3.2.0/gems/activerecord-7.1.5.1/lib/active_record/connection_adapters/abstract/database_statements.rb:462:in `block (3 levels) in insert_fixtures_set'
    vendor/bundle/ruby/3.2.0/gems/activerecord-7.1.5.1/lib/active_record/connection_adapters/abstract/transaction.rb:535:in `block in within_new_transaction'
    vendor/bundle/ruby/3.2.0/gems/activesupport-7.1.5.1/lib/active_support/concurrency/null_lock.rb:9:in `synchronize'
    vendor/bundle/ruby/3.2.0/gems/activerecord-7.1.5.1/lib/active_record/connection_adapters/abstract/transaction.rb:532:in `within_new_transaction'
    vendor/bundle/ruby/3.2.0/gems/activerecord-7.1.5.1/lib/active_record/connection_adapters/abstract/database_statements.rb:344:in `transaction'
    vendor/bundle/ruby/3.2.0/gems/activerecord-7.1.5.1/lib/active_record/connection_adapters/abstract/database_statements.rb:461:in `block (2 levels) in insert_fixtures_set'
    vendor/bundle/ruby/3.2.0/gems/activerecord-7.1.5.1/lib/active_record/connection_adapters/postgresql/referential_integrity.rb:19:in `disable_referential_integrity'
    vendor/bundle/ruby/3.2.0/gems/activerecord-7.1.5.1/lib/active_record/connection_adapters/abstract/database_statements.rb:460:in `block in insert_fixtures_set'
    vendor/bundle/ruby/3.2.0/gems/activerecord-7.1.5.1/lib/active_record/connection_adapters/abstract/database_statements.rb:601:in `with_multi_statements'
    vendor/bundle/ruby/3.2.0/gems/activerecord-7.1.5.1/lib/active_record/connection_adapters/abstract/database_statements.rb:459:in `insert_fixtures_set'
    vendor/bundle/ruby/3.2.0/gems/activerecord-7.1.5.1/lib/active_record/fixtures.rb:681:in `block in insert'
    vendor/bundle/ruby/3.2.0/gems/activerecord-7.1.5.1/lib/active_record/fixtures.rb:672:in `each'
    vendor/bundle/ruby/3.2.0/gems/activerecord-7.1.5.1/lib/active_record/fixtures.rb:672:in `insert'
    vendor/bundle/ruby/3.2.0/gems/activerecord-7.1.5.1/lib/active_record/fixtures.rb:658:in `read_and_insert'
    vendor/bundle/ruby/3.2.0/gems/activerecord-7.1.5.1/lib/active_record/fixtures.rb:603:in `create_fixtures'
    vendor/bundle/ruby/3.2.0/gems/activerecord-7.1.5.1/lib/active_record/test_fixtures.rb:256:in `load_fixtures'
    vendor/bundle/ruby/3.2.0/gems/activerecord-7.1.5.1/lib/active_record/test_fixtures.rb:143:in `setup_fixtures'
    vendor/bundle/ruby/3.2.0/gems/activerecord-7.1.5.1/lib/active_record/test_fixtures.rb:10:in `before_setup'
    vendor/bundle/ruby/3.2.0/gems/activesupport-7.1.5.1/lib/active_support/testing/setup_and_teardown.rb:40:in `before_setup'
    vendor/bundle/ruby/3.2.0/gems/actionpack-7.1.5.1/lib/action_dispatch/testing/integration.rb:340:in `before_setup'
    vendor/bundle/ruby/3.2.0/gems/activejob-7.1.5.1/lib/active_job/test_helper.rb:50:in `before_setup'
    vendor/bundle/ruby/3.2.0/gems/railties-7.1.5.1/lib/rails/test_help.rb:47:in `before_setup'

bin/rails test test/controllers/attendances_controller_test.rb:31

AttendancesControllerTest#test_should_destroy_attendance = 0.09 s = E


Error:
AttendancesControllerTest#test_should_destroy_attendance:
ActiveRecord::InvalidForeignKey: PG::ForeignKeyViolation: ERROR:  insert or update on table "attendances" violates foreign key constraint "fk_rails_aa7947c197"
DETAIL:  Key (training_session_id)=(980190962) is not present in table "training_sessions".

    vendor/bundle/ruby/3.2.0/gems/activerecord-7.1.5.1/lib/active_record/connection_adapters/postgresql/database_statements.rb:55:in `exec'
    vendor/bundle/ruby/3.2.0/gems/activerecord-7.1.5.1/lib/active_record/connection_adapters/postgresql/database_statements.rb:55:in `block (2 levels) in raw_execute'
    vendor/bundle/ruby/3.2.0/gems/activerecord-7.1.5.1/lib/active_record/connection_adapters/abstract_adapter.rb:1027:in `block in with_raw_connection'
    vendor/bundle/ruby/3.2.0/gems/activesupport-7.1.5.1/lib/active_support/concurrency/null_lock.rb:9:in `synchronize'
    vendor/bundle/ruby/3.2.0/gems/activerecord-7.1.5.1/lib/active_record/connection_adapters/abstract_adapter.rb:999:in `with_raw_connection'
    vendor/bundle/ruby/3.2.0/gems/activerecord-7.1.5.1/lib/active_record/connection_adapters/postgresql/database_statements.rb:54:in `block in raw_execute'
    vendor/bundle/ruby/3.2.0/gems/activesupport-7.1.5.1/lib/active_support/notifications/instrumenter.rb:58:in `instrument'
    vendor/bundle/ruby/3.2.0/gems/activerecord-7.1.5.1/lib/active_record/connection_adapters/abstract_adapter.rb:1142:in `log'
    vendor/bundle/ruby/3.2.0/gems/activerecord-7.1.5.1/lib/active_record/connection_adapters/postgresql/database_statements.rb:53:in `raw_execute'
    vendor/bundle/ruby/3.2.0/gems/activerecord-7.1.5.1/lib/active_record/connection_adapters/abstract/database_statements.rb:521:in `internal_execute'
    vendor/bundle/ruby/3.2.0/gems/activerecord-7.1.5.1/lib/active_record/connection_adapters/abstract/database_statements.rb:131:in `execute'
    vendor/bundle/ruby/3.2.0/gems/activerecord-7.1.5.1/lib/active_record/connection_adapters/abstract/query_cache.rb:25:in `execute'
    vendor/bundle/ruby/3.2.0/gems/activerecord-7.1.5.1/lib/active_record/connection_adapters/postgresql/database_statements.rb:47:in `execute'
    vendor/bundle/ruby/3.2.0/gems/activerecord-7.1.5.1/lib/active_record/connection_adapters/postgresql/database_statements.rb:151:in `execute_batch'
    vendor/bundle/ruby/3.2.0/gems/activerecord-7.1.5.1/lib/active_record/connection_adapters/abstract/database_statements.rb:462:in `block (3 levels) in insert_fixtures_set'
    vendor/bundle/ruby/3.2.0/gems/activerecord-7.1.5.1/lib/active_record/connection_adapters/abstract/transaction.rb:535:in `block in within_new_transaction'
    vendor/bundle/ruby/3.2.0/gems/activesupport-7.1.5.1/lib/active_support/concurrency/null_lock.rb:9:in `synchronize'
    vendor/bundle/ruby/3.2.0/gems/activerecord-7.1.5.1/lib/active_record/connection_adapters/abstract/transaction.rb:532:in `within_new_transaction'
    vendor/bundle/ruby/3.2.0/gems/activerecord-7.1.5.1/lib/active_record/connection_adapters/abstract/database_statements.rb:344:in `transaction'
    vendor/bundle/ruby/3.2.0/gems/activerecord-7.1.5.1/lib/active_record/connection_adapters/abstract/database_statements.rb:461:in `block (2 levels) in insert_fixtures_set'
    vendor/bundle/ruby/3.2.0/gems/activerecord-7.1.5.1/lib/active_record/connection_adapters/postgresql/referential_integrity.rb:19:in `disable_referential_integrity'
    vendor/bundle/ruby/3.2.0/gems/activerecord-7.1.5.1/lib/active_record/connection_adapters/abstract/database_statements.rb:460:in `block in insert_fixtures_set'
    vendor/bundle/ruby/3.2.0/gems/activerecord-7.1.5.1/lib/active_record/connection_adapters/abstract/database_statements.rb:601:in `with_multi_statements'
    vendor/bundle/ruby/3.2.0/gems/activerecord-7.1.5.1/lib/active_record/connection_adapters/abstract/database_statements.rb:459:in `insert_fixtures_set'
    vendor/bundle/ruby/3.2.0/gems/activerecord-7.1.5.1/lib/active_record/fixtures.rb:681:in `block in insert'
    vendor/bundle/ruby/3.2.0/gems/activerecord-7.1.5.1/lib/active_record/fixtures.rb:672:in `each'
    vendor/bundle/ruby/3.2.0/gems/activerecord-7.1.5.1/lib/active_record/fixtures.rb:672:in `insert'
    vendor/bundle/ruby/3.2.0/gems/activerecord-7.1.5.1/lib/active_record/fixtures.rb:658:in `read_and_insert'
    vendor/bundle/ruby/3.2.0/gems/activerecord-7.1.5.1/lib/active_record/fixtures.rb:603:in `create_fixtures'
    vendor/bundle/ruby/3.2.0/gems/activerecord-7.1.5.1/lib/active_record/test_fixtures.rb:256:in `load_fixtures'
    vendor/bundle/ruby/3.2.0/gems/activerecord-7.1.5.1/lib/active_record/test_fixtures.rb:143:in `setup_fixtures'
    vendor/bundle/ruby/3.2.0/gems/activerecord-7.1.5.1/lib/active_record/test_fixtures.rb:10:in `before_setup'
    vendor/bundle/ruby/3.2.0/gems/activesupport-7.1.5.1/lib/active_support/testing/setup_and_teardown.rb:40:in `before_setup'
    vendor/bundle/ruby/3.2.0/gems/actionpack-7.1.5.1/lib/action_dispatch/testing/integration.rb:340:in `before_setup'
    vendor/bundle/ruby/3.2.0/gems/activejob-7.1.5.1/lib/active_job/test_helper.rb:50:in `before_setup'
    vendor/bundle/ruby/3.2.0/gems/railties-7.1.5.1/lib/rails/test_help.rb:47:in `before_setup'

bin/rails test test/controllers/attendances_controller_test.rb:41

WARNING: Rails was not able to disable referential integrity.

This is most likely caused due to missing permissions.
Rails needs superuser privileges to disable referential integrity.

    cause: PG::InsufficientPrivilege: ERROR:  permission denied: "RI_ConstraintTrigger_c_50591" is a system trigger


GroupsControllerTest#test_should_update_group = 0.08 s = E


Error:
GroupsControllerTest#test_should_update_group:
ActiveRecord::InvalidForeignKey: PG::ForeignKeyViolation: ERROR:  insert or update on table "attendances" violates foreign key constraint "fk_rails_aa7947c197"
DETAIL:  Key (training_session_id)=(980190962) is not present in table "training_sessions".

    vendor/bundle/ruby/3.2.0/gems/activerecord-7.1.5.1/lib/active_record/connection_adapters/postgresql/database_statements.rb:55:in `exec'
    vendor/bundle/ruby/3.2.0/gems/activerecord-7.1.5.1/lib/active_record/connection_adapters/postgresql/database_statements.rb:55:in `block (2 levels) in raw_execute'
    vendor/bundle/ruby/3.2.0/gems/activerecord-7.1.5.1/lib/active_record/connection_adapters/abstract_adapter.rb:1027:in `block in with_raw_connection'
    vendor/bundle/ruby/3.2.0/gems/activesupport-7.1.5.1/lib/active_support/concurrency/null_lock.rb:9:in `synchronize'
    vendor/bundle/ruby/3.2.0/gems/activerecord-7.1.5.1/lib/active_record/connection_adapters/abstract_adapter.rb:999:in `with_raw_connection'
    vendor/bundle/ruby/3.2.0/gems/activerecord-7.1.5.1/lib/active_record/connection_adapters/postgresql/database_statements.rb:54:in `block in raw_execute'
    vendor/bundle/ruby/3.2.0/gems/activesupport-7.1.5.1/lib/active_support/notifications/instrumenter.rb:58:in `instrument'
    vendor/bundle/ruby/3.2.0/gems/activerecord-7.1.5.1/lib/active_record/connection_adapters/abstract_adapter.rb:1142:in `log'
    vendor/bundle/ruby/3.2.0/gems/activerecord-7.1.5.1/lib/active_record/connection_adapters/postgresql/database_statements.rb:53:in `raw_execute'
    vendor/bundle/ruby/3.2.0/gems/activerecord-7.1.5.1/lib/active_record/connection_adapters/abstract/database_statements.rb:521:in `internal_execute'
    vendor/bundle/ruby/3.2.0/gems/activerecord-7.1.5.1/lib/active_record/connection_adapters/abstract/database_statements.rb:131:in `execute'
    vendor/bundle/ruby/3.2.0/gems/activerecord-7.1.5.1/lib/active_record/connection_adapters/abstract/query_cache.rb:25:in `execute'
    vendor/bundle/ruby/3.2.0/gems/activerecord-7.1.5.1/lib/active_record/connection_adapters/postgresql/database_statements.rb:47:in `execute'
    vendor/bundle/ruby/3.2.0/gems/activerecord-7.1.5.1/lib/active_record/connection_adapters/postgresql/database_statements.rb:151:in `execute_batch'
    vendor/bundle/ruby/3.2.0/gems/activerecord-7.1.5.1/lib/active_record/connection_adapters/abstract/database_statements.rb:462:in `block (3 levels) in insert_fixtures_set'
    vendor/bundle/ruby/3.2.0/gems/activerecord-7.1.5.1/lib/active_record/connection_adapters/abstract/transaction.rb:535:in `block in within_new_transaction'
    vendor/bundle/ruby/3.2.0/gems/activesupport-7.1.5.1/lib/active_support/concurrency/null_lock.rb:9:in `synchronize'
    vendor/bundle/ruby/3.2.0/gems/activerecord-7.1.5.1/lib/active_record/connection_adapters/abstract/transaction.rb:532:in `within_new_transaction'
    vendor/bundle/ruby/3.2.0/gems/activerecord-7.1.5.1/lib/active_record/connection_adapters/abstract/database_statements.rb:344:in `transaction'
    vendor/bundle/ruby/3.2.0/gems/activerecord-7.1.5.1/lib/active_record/connection_adapters/abstract/database_statements.rb:461:in `block (2 levels) in insert_fixtures_set'
    vendor/bundle/ruby/3.2.0/gems/activerecord-7.1.5.1/lib/active_record/connection_adapters/postgresql/referential_integrity.rb:19:in `disable_referential_integrity'
    vendor/bundle/ruby/3.2.0/gems/activerecord-7.1.5.1/lib/active_record/connection_adapters/abstract/database_statements.rb:460:in `block in insert_fixtures_set'
    vendor/bundle/ruby/3.2.0/gems/activerecord-7.1.5.1/lib/active_record/connection_adapters/abstract/database_statements.rb:601:in `with_multi_statements'
    vendor/bundle/ruby/3.2.0/gems/activerecord-7.1.5.1/lib/active_record/connection_adapters/abstract/database_statements.rb:459:in `insert_fixtures_set'
    vendor/bundle/ruby/3.2.0/gems/activerecord-7.1.5.1/lib/active_record/fixtures.rb:681:in `block in insert'
    vendor/bundle/ruby/3.2.0/gems/activerecord-7.1.5.1/lib/active_record/fixtures.rb:672:in `each'
    vendor/bundle/ruby/3.2.0/gems/activerecord-7.1.5.1/lib/active_record/fixtures.rb:672:in `insert'
    vendor/bundle/ruby/3.2.0/gems/activerecord-7.1.5.1/lib/active_record/fixtures.rb:658:in `read_and_insert'
    vendor/bundle/ruby/3.2.0/gems/activerecord-7.1.5.1/lib/active_record/fixtures.rb:603:in `create_fixtures'
    vendor/bundle/ruby/3.2.0/gems/activerecord-7.1.5.1/lib/active_record/test_fixtures.rb:256:in `load_fixtures'
    vendor/bundle/ruby/3.2.0/gems/activerecord-7.1.5.1/lib/active_record/test_fixtures.rb:143:in `setup_fixtures'
    vendor/bundle/ruby/3.2.0/gems/activerecord-7.1.5.1/lib/active_record/test_fixtures.rb:10:in `before_setup'
    vendor/bundle/ruby/3.2.0/gems/activesupport-7.1.5.1/lib/active_support/testing/setup_and_teardown.rb:40:in `before_setup'
    vendor/bundle/ruby/3.2.0/gems/actionpack-7.1.5.1/lib/action_dispatch/testing/integration.rb:340:in `before_setup'
    vendor/bundle/ruby/3.2.0/gems/activejob-7.1.5.1/lib/active_job/test_helper.rb:50:in `before_setup'
    vendor/bundle/ruby/3.2.0/gems/railties-7.1.5.1/lib/rails/test_help.rb:47:in `before_setup'

bin/rails test test/controllers/groups_controller_test.rb:36

WARNING: Rails was not able to disable referential integrity.

This is most likely caused due to missing permissions.
Rails needs superuser privileges to disable referential integrity.

    cause: PG::InsufficientPrivilege: ERROR:  permission denied: "RI_ConstraintTrigger_c_50531" is a system trigger


GroupsControllerTest#test_should_get_index = 0.05 s = E


Error:
GroupsControllerTest#test_should_get_index:
ActiveRecord::InvalidForeignKey: PG::ForeignKeyViolation: ERROR:  insert or update on table "attendances" violates foreign key constraint "fk_rails_aa7947c197"
DETAIL:  Key (training_session_id)=(980190962) is not present in table "training_sessions".

    vendor/bundle/ruby/3.2.0/gems/activerecord-7.1.5.1/lib/active_record/connection_adapters/postgresql/database_statements.rb:55:in `exec'
    vendor/bundle/ruby/3.2.0/gems/activerecord-7.1.5.1/lib/active_record/connection_adapters/postgresql/database_statements.rb:55:in `block (2 levels) in raw_execute'
    vendor/bundle/ruby/3.2.0/gems/activerecord-7.1.5.1/lib/active_record/connection_adapters/abstract_adapter.rb:1027:in `block in with_raw_connection'
    vendor/bundle/ruby/3.2.0/gems/activesupport-7.1.5.1/lib/active_support/concurrency/null_lock.rb:9:in `synchronize'
    vendor/bundle/ruby/3.2.0/gems/activerecord-7.1.5.1/lib/active_record/connection_adapters/abstract_adapter.rb:999:in `with_raw_connection'
    vendor/bundle/ruby/3.2.0/gems/activerecord-7.1.5.1/lib/active_record/connection_adapters/postgresql/database_statements.rb:54:in `block in raw_execute'
    vendor/bundle/ruby/3.2.0/gems/activesupport-7.1.5.1/lib/active_support/notifications/instrumenter.rb:58:in `instrument'
    vendor/bundle/ruby/3.2.0/gems/activerecord-7.1.5.1/lib/active_record/connection_adapters/abstract_adapter.rb:1142:in `log'
    vendor/bundle/ruby/3.2.0/gems/activerecord-7.1.5.1/lib/active_record/connection_adapters/postgresql/database_statements.rb:53:in `raw_execute'
    vendor/bundle/ruby/3.2.0/gems/activerecord-7.1.5.1/lib/active_record/connection_adapters/abstract/database_statements.rb:521:in `internal_execute'
    vendor/bundle/ruby/3.2.0/gems/activerecord-7.1.5.1/lib/active_record/connection_adapters/abstract/database_statements.rb:131:in `execute'
    vendor/bundle/ruby/3.2.0/gems/activerecord-7.1.5.1/lib/active_record/connection_adapters/abstract/query_cache.rb:25:in `execute'
    vendor/bundle/ruby/3.2.0/gems/activerecord-7.1.5.1/lib/active_record/connection_adapters/postgresql/database_statements.rb:47:in `execute'
    vendor/bundle/ruby/3.2.0/gems/activerecord-7.1.5.1/lib/active_record/connection_adapters/postgresql/database_statements.rb:151:in `execute_batch'
    vendor/bundle/ruby/3.2.0/gems/activerecord-7.1.5.1/lib/active_record/connection_adapters/abstract/database_statements.rb:462:in `block (3 levels) in insert_fixtures_set'
    vendor/bundle/ruby/3.2.0/gems/activerecord-7.1.5.1/lib/active_record/connection_adapters/abstract/transaction.rb:535:in `block in within_new_transaction'
    vendor/bundle/ruby/3.2.0/gems/activesupport-7.1.5.1/lib/active_support/concurrency/null_lock.rb:9:in `synchronize'
    vendor/bundle/ruby/3.2.0/gems/activerecord-7.1.5.1/lib/active_record/connection_adapters/abstract/transaction.rb:532:in `within_new_transaction'
    vendor/bundle/ruby/3.2.0/gems/activerecord-7.1.5.1/lib/active_record/connection_adapters/abstract/database_statements.rb:344:in `transaction'
    vendor/bundle/ruby/3.2.0/gems/activerecord-7.1.5.1/lib/active_record/connection_adapters/abstract/database_statements.rb:461:in `block (2 levels) in insert_fixtures_set'
    vendor/bundle/ruby/3.2.0/gems/activerecord-7.1.5.1/lib/active_record/connection_adapters/postgresql/referential_integrity.rb:19:in `disable_referential_integrity'
    vendor/bundle/ruby/3.2.0/gems/activerecord-7.1.5.1/lib/active_record/connection_adapters/abstract/database_statements.rb:460:in `block in insert_fixtures_set'
    vendor/bundle/ruby/3.2.0/gems/activerecord-7.1.5.1/lib/active_record/connection_adapters/abstract/database_statements.rb:601:in `with_multi_statements'
    vendor/bundle/ruby/3.2.0/gems/activerecord-7.1.5.1/lib/active_record/connection_adapters/abstract/database_statements.rb:459:in `insert_fixtures_set'
    vendor/bundle/ruby/3.2.0/gems/activerecord-7.1.5.1/lib/active_record/fixtures.rb:681:in `block in insert'
    vendor/bundle/ruby/3.2.0/gems/activerecord-7.1.5.1/lib/active_record/fixtures.rb:672:in `each'
    vendor/bundle/ruby/3.2.0/gems/activerecord-7.1.5.1/lib/active_record/fixtures.rb:672:in `insert'
    vendor/bundle/ruby/3.2.0/gems/activerecord-7.1.5.1/lib/active_record/fixtures.rb:658:in `read_and_insert'
    vendor/bundle/ruby/3.2.0/gems/activerecord-7.1.5.1/lib/active_record/fixtures.rb:603:in `create_fixtures'
    vendor/bundle/ruby/3.2.0/gems/activerecord-7.1.5.1/lib/active_record/test_fixtures.rb:256:in `load_fixtures'
    vendor/bundle/ruby/3.2.0/gems/activerecord-7.1.5.1/lib/active_record/test_fixtures.rb:143:in `setup_fixtures'
    vendor/bundle/ruby/3.2.0/gems/activerecord-7.1.5.1/lib/active_record/test_fixtures.rb:10:in `before_setup'
    vendor/bundle/ruby/3.2.0/gems/activesupport-7.1.5.1/lib/active_support/testing/setup_and_teardown.rb:40:in `before_setup'
    vendor/bundle/ruby/3.2.0/gems/actionpack-7.1.5.1/lib/action_dispatch/testing/integration.rb:340:in `before_setup'
    vendor/bundle/ruby/3.2.0/gems/activejob-7.1.5.1/lib/active_job/test_helper.rb:50:in `before_setup'
    vendor/bundle/ruby/3.2.0/gems/railties-7.1.5.1/lib/rails/test_help.rb:47:in `before_setup'

bin/rails test test/controllers/groups_controller_test.rb:8

WARNING: Rails was not able to disable referential integrity.

This is most likely caused due to missing permissions.
Rails needs superuser privileges to disable referential integrity.

    cause: PG::InsufficientPrivilege: ERROR:  permission denied: "RI_ConstraintTrigger_c_50445" is a system trigger


GroupsControllerTest#test_should_create_group = 0.13 s = E


Error:
GroupsControllerTest#test_should_create_group:
ActiveRecord::InvalidForeignKey: PG::ForeignKeyViolation: ERROR:  insert or update on table "attendances" violates foreign key constraint "fk_rails_aa7947c197"
DETAIL:  Key (training_session_id)=(980190962) is not present in table "training_sessions".

    vendor/bundle/ruby/3.2.0/gems/activerecord-7.1.5.1/lib/active_record/connection_adapters/postgresql/database_statements.rb:55:in `exec'
    vendor/bundle/ruby/3.2.0/gems/activerecord-7.1.5.1/lib/active_record/connection_adapters/postgresql/database_statements.rb:55:in `block (2 levels) in raw_execute'
    vendor/bundle/ruby/3.2.0/gems/activerecord-7.1.5.1/lib/active_record/connection_adapters/abstract_adapter.rb:1027:in `block in with_raw_connection'
    vendor/bundle/ruby/3.2.0/gems/activesupport-7.1.5.1/lib/active_support/concurrency/null_lock.rb:9:in `synchronize'
    vendor/bundle/ruby/3.2.0/gems/activerecord-7.1.5.1/lib/active_record/connection_adapters/abstract_adapter.rb:999:in `with_raw_connection'
    vendor/bundle/ruby/3.2.0/gems/activerecord-7.1.5.1/lib/active_record/connection_adapters/postgresql/database_statements.rb:54:in `block in raw_execute'
    vendor/bundle/ruby/3.2.0/gems/activesupport-7.1.5.1/lib/active_support/notifications/instrumenter.rb:58:in `instrument'
    vendor/bundle/ruby/3.2.0/gems/activerecord-7.1.5.1/lib/active_record/connection_adapters/abstract_adapter.rb:1142:in `log'
    vendor/bundle/ruby/3.2.0/gems/activerecord-7.1.5.1/lib/active_record/connection_adapters/postgresql/database_statements.rb:53:in `raw_execute'
    vendor/bundle/ruby/3.2.0/gems/activerecord-7.1.5.1/lib/active_record/connection_adapters/abstract/database_statements.rb:521:in `internal_execute'
    vendor/bundle/ruby/3.2.0/gems/activerecord-7.1.5.1/lib/active_record/connection_adapters/abstract/database_statements.rb:131:in `execute'
    vendor/bundle/ruby/3.2.0/gems/activerecord-7.1.5.1/lib/active_record/connection_adapters/abstract/query_cache.rb:25:in `execute'
    vendor/bundle/ruby/3.2.0/gems/activerecord-7.1.5.1/lib/active_record/connection_adapters/postgresql/database_statements.rb:47:in `execute'
    vendor/bundle/ruby/3.2.0/gems/activerecord-7.1.5.1/lib/active_record/connection_adapters/postgresql/database_statements.rb:151:in `execute_batch'
    vendor/bundle/ruby/3.2.0/gems/activerecord-7.1.5.1/lib/active_record/connection_adapters/abstract/database_statements.rb:462:in `block (3 levels) in insert_fixtures_set'
    vendor/bundle/ruby/3.2.0/gems/activerecord-7.1.5.1/lib/active_record/connection_adapters/abstract/transaction.rb:535:in `block in within_new_transaction'
    vendor/bundle/ruby/3.2.0/gems/activesupport-7.1.5.1/lib/active_support/concurrency/null_lock.rb:9:in `synchronize'
    vendor/bundle/ruby/3.2.0/gems/activerecord-7.1.5.1/lib/active_record/connection_adapters/abstract/transaction.rb:532:in `within_new_transaction'
    vendor/bundle/ruby/3.2.0/gems/activerecord-7.1.5.1/lib/active_record/connection_adapters/abstract/database_statements.rb:344:in `transaction'
    vendor/bundle/ruby/3.2.0/gems/activerecord-7.1.5.1/lib/active_record/connection_adapters/abstract/database_statements.rb:461:in `block (2 levels) in insert_fixtures_set'
    vendor/bundle/ruby/3.2.0/gems/activerecord-7.1.5.1/lib/active_record/connection_adapters/postgresql/referential_integrity.rb:19:in `disable_referential_integrity'
    vendor/bundle/ruby/3.2.0/gems/activerecord-7.1.5.1/lib/active_record/connection_adapters/abstract/database_statements.rb:460:in `block in insert_fixtures_set'
    vendor/bundle/ruby/3.2.0/gems/activerecord-7.1.5.1/lib/active_record/connection_adapters/abstract/database_statements.rb:601:in `with_multi_statements'
    vendor/bundle/ruby/3.2.0/gems/activerecord-7.1.5.1/lib/active_record/connection_adapters/abstract/database_statements.rb:459:in `insert_fixtures_set'
    vendor/bundle/ruby/3.2.0/gems/activerecord-7.1.5.1/lib/active_record/fixtures.rb:681:in `block in insert'
    vendor/bundle/ruby/3.2.0/gems/activerecord-7.1.5.1/lib/active_record/fixtures.rb:672:in `each'
    vendor/bundle/ruby/3.2.0/gems/activerecord-7.1.5.1/lib/active_record/fixtures.rb:672:in `insert'
    vendor/bundle/ruby/3.2.0/gems/activerecord-7.1.5.1/lib/active_record/fixtures.rb:658:in `read_and_insert'
    vendor/bundle/ruby/3.2.0/gems/activerecord-7.1.5.1/lib/active_record/fixtures.rb:603:in `create_fixtures'
    vendor/bundle/ruby/3.2.0/gems/activerecord-7.1.5.1/lib/active_record/test_fixtures.rb:256:in `load_fixtures'
    vendor/bundle/ruby/3.2.0/gems/activerecord-7.1.5.1/lib/active_record/test_fixtures.rb:143:in `setup_fixtures'
    vendor/bundle/ruby/3.2.0/gems/activerecord-7.1.5.1/lib/active_record/test_fixtures.rb:10:in `before_setup'
    vendor/bundle/ruby/3.2.0/gems/activesupport-7.1.5.1/lib/active_support/testing/setup_and_teardown.rb:40:in `before_setup'
    vendor/bundle/ruby/3.2.0/gems/actionpack-7.1.5.1/lib/action_dispatch/testing/integration.rb:340:in `before_setup'
    vendor/bundle/ruby/3.2.0/gems/activejob-7.1.5.1/lib/active_job/test_helper.rb:50:in `before_setup'
    vendor/bundle/ruby/3.2.0/gems/railties-7.1.5.1/lib/rails/test_help.rb:47:in `before_setup'

bin/rails test test/controllers/groups_controller_test.rb:18

WARNING: Rails was not able to disable referential integrity.

This is most likely caused due to missing permissions.
Rails needs superuser privileges to disable referential integrity.

    cause: PG::InsufficientPrivilege: ERROR:  permission denied: "RI_ConstraintTrigger_c_50466" is a system trigger


GroupsControllerTest#test_should_get_new = 0.10 s = E


Error:
GroupsControllerTest#test_should_get_new:
ActiveRecord::InvalidForeignKey: PG::ForeignKeyViolation: ERROR:  insert or update on table "attendances" violates foreign key constraint "fk_rails_aa7947c197"
DETAIL:  Key (training_session_id)=(980190962) is not present in table "training_sessions".

    vendor/bundle/ruby/3.2.0/gems/activerecord-7.1.5.1/lib/active_record/connection_adapters/postgresql/database_statements.rb:55:in `exec'
    vendor/bundle/ruby/3.2.0/gems/activerecord-7.1.5.1/lib/active_record/connection_adapters/postgresql/database_statements.rb:55:in `block (2 levels) in raw_execute'
    vendor/bundle/ruby/3.2.0/gems/activerecord-7.1.5.1/lib/active_record/connection_adapters/abstract_adapter.rb:1027:in `block in with_raw_connection'
    vendor/bundle/ruby/3.2.0/gems/activesupport-7.1.5.1/lib/active_support/concurrency/null_lock.rb:9:in `synchronize'
    vendor/bundle/ruby/3.2.0/gems/activerecord-7.1.5.1/lib/active_record/connection_adapters/abstract_adapter.rb:999:in `with_raw_connection'
    vendor/bundle/ruby/3.2.0/gems/activerecord-7.1.5.1/lib/active_record/connection_adapters/postgresql/database_statements.rb:54:in `block in raw_execute'
    vendor/bundle/ruby/3.2.0/gems/activesupport-7.1.5.1/lib/active_support/notifications/instrumenter.rb:58:in `instrument'
    vendor/bundle/ruby/3.2.0/gems/activerecord-7.1.5.1/lib/active_record/connection_adapters/abstract_adapter.rb:1142:in `log'
    vendor/bundle/ruby/3.2.0/gems/activerecord-7.1.5.1/lib/active_record/connection_adapters/postgresql/database_statements.rb:53:in `raw_execute'
    vendor/bundle/ruby/3.2.0/gems/activerecord-7.1.5.1/lib/active_record/connection_adapters/abstract/database_statements.rb:521:in `internal_execute'
    vendor/bundle/ruby/3.2.0/gems/activerecord-7.1.5.1/lib/active_record/connection_adapters/abstract/database_statements.rb:131:in `execute'
    vendor/bundle/ruby/3.2.0/gems/activerecord-7.1.5.1/lib/active_record/connection_adapters/abstract/query_cache.rb:25:in `execute'
    vendor/bundle/ruby/3.2.0/gems/activerecord-7.1.5.1/lib/active_record/connection_adapters/postgresql/database_statements.rb:47:in `execute'
    vendor/bundle/ruby/3.2.0/gems/activerecord-7.1.5.1/lib/active_record/connection_adapters/postgresql/database_statements.rb:151:in `execute_batch'
    vendor/bundle/ruby/3.2.0/gems/activerecord-7.1.5.1/lib/active_record/connection_adapters/abstract/database_statements.rb:462:in `block (3 levels) in insert_fixtures_set'
    vendor/bundle/ruby/3.2.0/gems/activerecord-7.1.5.1/lib/active_record/connection_adapters/abstract/transaction.rb:535:in `block in within_new_transaction'
    vendor/bundle/ruby/3.2.0/gems/activesupport-7.1.5.1/lib/active_support/concurrency/null_lock.rb:9:in `synchronize'
    vendor/bundle/ruby/3.2.0/gems/activerecord-7.1.5.1/lib/active_record/connection_adapters/abstract/transaction.rb:532:in `within_new_transaction'
    vendor/bundle/ruby/3.2.0/gems/activerecord-7.1.5.1/lib/active_record/connection_adapters/abstract/database_statements.rb:344:in `transaction'
    vendor/bundle/ruby/3.2.0/gems/activerecord-7.1.5.1/lib/active_record/connection_adapters/abstract/database_statements.rb:461:in `block (2 levels) in insert_fixtures_set'
    vendor/bundle/ruby/3.2.0/gems/activerecord-7.1.5.1/lib/active_record/connection_adapters/postgresql/referential_integrity.rb:19:in `disable_referential_integrity'
    vendor/bundle/ruby/3.2.0/gems/activerecord-7.1.5.1/lib/active_record/connection_adapters/abstract/database_statements.rb:460:in `block in insert_fixtures_set'
    vendor/bundle/ruby/3.2.0/gems/activerecord-7.1.5.1/lib/active_record/connection_adapters/abstract/database_statements.rb:601:in `with_multi_statements'
    vendor/bundle/ruby/3.2.0/gems/activerecord-7.1.5.1/lib/active_record/connection_adapters/abstract/database_statements.rb:459:in `insert_fixtures_set'
    vendor/bundle/ruby/3.2.0/gems/activerecord-7.1.5.1/lib/active_record/fixtures.rb:681:in `block in insert'
    vendor/bundle/ruby/3.2.0/gems/activerecord-7.1.5.1/lib/active_record/fixtures.rb:672:in `each'
    vendor/bundle/ruby/3.2.0/gems/activerecord-7.1.5.1/lib/active_record/fixtures.rb:672:in `insert'
    vendor/bundle/ruby/3.2.0/gems/activerecord-7.1.5.1/lib/active_record/fixtures.rb:658:in `read_and_insert'
    vendor/bundle/ruby/3.2.0/gems/activerecord-7.1.5.1/lib/active_record/fixtures.rb:603:in `create_fixtures'
    vendor/bundle/ruby/3.2.0/gems/activerecord-7.1.5.1/lib/active_record/test_fixtures.rb:256:in `load_fixtures'
    vendor/bundle/ruby/3.2.0/gems/activerecord-7.1.5.1/lib/active_record/test_fixtures.rb:143:in `setup_fixtures'
    vendor/bundle/ruby/3.2.0/gems/activerecord-7.1.5.1/lib/active_record/test_fixtures.rb:10:in `before_setup'
    vendor/bundle/ruby/3.2.0/gems/activesupport-7.1.5.1/lib/active_support/testing/setup_and_teardown.rb:40:in `before_setup'
    vendor/bundle/ruby/3.2.0/gems/actionpack-7.1.5.1/lib/action_dispatch/testing/integration.rb:340:in `before_setup'
    vendor/bundle/ruby/3.2.0/gems/activejob-7.1.5.1/lib/active_job/test_helper.rb:50:in `before_setup'
    vendor/bundle/ruby/3.2.0/gems/railties-7.1.5.1/lib/rails/test_help.rb:47:in `before_setup'

bin/rails test test/controllers/groups_controller_test.rb:13

WARNING: Rails was not able to disable referential integrity.

This is most likely caused due to missing permissions.
Rails needs superuser privileges to disable referential integrity.

    cause: PG::InsufficientPrivilege: ERROR:  permission denied: "RI_ConstraintTrigger_c_50591" is a system trigger


GroupsControllerTest#test_should_show_group = 0.09 s = E


Error:
GroupsControllerTest#test_should_show_group:
ActiveRecord::InvalidForeignKey: PG::ForeignKeyViolation: ERROR:  insert or update on table "attendances" violates foreign key constraint "fk_rails_aa7947c197"
DETAIL:  Key (training_session_id)=(980190962) is not present in table "training_sessions".

    vendor/bundle/ruby/3.2.0/gems/activerecord-7.1.5.1/lib/active_record/connection_adapters/postgresql/database_statements.rb:55:in `exec'
    vendor/bundle/ruby/3.2.0/gems/activerecord-7.1.5.1/lib/active_record/connection_adapters/postgresql/database_statements.rb:55:in `block (2 levels) in raw_execute'
    vendor/bundle/ruby/3.2.0/gems/activerecord-7.1.5.1/lib/active_record/connection_adapters/abstract_adapter.rb:1027:in `block in with_raw_connection'
    vendor/bundle/ruby/3.2.0/gems/activesupport-7.1.5.1/lib/active_support/concurrency/null_lock.rb:9:in `synchronize'
    vendor/bundle/ruby/3.2.0/gems/activerecord-7.1.5.1/lib/active_record/connection_adapters/abstract_adapter.rb:999:in `with_raw_connection'
    vendor/bundle/ruby/3.2.0/gems/activerecord-7.1.5.1/lib/active_record/connection_adapters/postgresql/database_statements.rb:54:in `block in raw_execute'
    vendor/bundle/ruby/3.2.0/gems/activesupport-7.1.5.1/lib/active_support/notifications/instrumenter.rb:58:in `instrument'
    vendor/bundle/ruby/3.2.0/gems/activerecord-7.1.5.1/lib/active_record/connection_adapters/abstract_adapter.rb:1142:in `log'
    vendor/bundle/ruby/3.2.0/gems/activerecord-7.1.5.1/lib/active_record/connection_adapters/postgresql/database_statements.rb:53:in `raw_execute'
    vendor/bundle/ruby/3.2.0/gems/activerecord-7.1.5.1/lib/active_record/connection_adapters/abstract/database_statements.rb:521:in `internal_execute'
    vendor/bundle/ruby/3.2.0/gems/activerecord-7.1.5.1/lib/active_record/connection_adapters/abstract/database_statements.rb:131:in `execute'
    vendor/bundle/ruby/3.2.0/gems/activerecord-7.1.5.1/lib/active_record/connection_adapters/abstract/query_cache.rb:25:in `execute'
    vendor/bundle/ruby/3.2.0/gems/activerecord-7.1.5.1/lib/active_record/connection_adapters/postgresql/database_statements.rb:47:in `execute'
    vendor/bundle/ruby/3.2.0/gems/activerecord-7.1.5.1/lib/active_record/connection_adapters/postgresql/database_statements.rb:151:in `execute_batch'
    vendor/bundle/ruby/3.2.0/gems/activerecord-7.1.5.1/lib/active_record/connection_adapters/abstract/database_statements.rb:462:in `block (3 levels) in insert_fixtures_set'
    vendor/bundle/ruby/3.2.0/gems/activerecord-7.1.5.1/lib/active_record/connection_adapters/abstract/transaction.rb:535:in `block in within_new_transaction'
    vendor/bundle/ruby/3.2.0/gems/activesupport-7.1.5.1/lib/active_support/concurrency/null_lock.rb:9:in `synchronize'
    vendor/bundle/ruby/3.2.0/gems/activerecord-7.1.5.1/lib/active_record/connection_adapters/abstract/transaction.rb:532:in `within_new_transaction'
    vendor/bundle/ruby/3.2.0/gems/activerecord-7.1.5.1/lib/active_record/connection_adapters/abstract/database_statements.rb:344:in `transaction'
    vendor/bundle/ruby/3.2.0/gems/activerecord-7.1.5.1/lib/active_record/connection_adapters/abstract/database_statements.rb:461:in `block (2 levels) in insert_fixtures_set'
    vendor/bundle/ruby/3.2.0/gems/activerecord-7.1.5.1/lib/active_record/connection_adapters/postgresql/referential_integrity.rb:19:in `disable_referential_integrity'
    vendor/bundle/ruby/3.2.0/gems/activerecord-7.1.5.1/lib/active_record/connection_adapters/abstract/database_statements.rb:460:in `block in insert_fixtures_set'
    vendor/bundle/ruby/3.2.0/gems/activerecord-7.1.5.1/lib/active_record/connection_adapters/abstract/database_statements.rb:601:in `with_multi_statements'
    vendor/bundle/ruby/3.2.0/gems/activerecord-7.1.5.1/lib/active_record/connection_adapters/abstract/database_statements.rb:459:in `insert_fixtures_set'
    vendor/bundle/ruby/3.2.0/gems/activerecord-7.1.5.1/lib/active_record/fixtures.rb:681:in `block in insert'
    vendor/bundle/ruby/3.2.0/gems/activerecord-7.1.5.1/lib/active_record/fixtures.rb:672:in `each'
    vendor/bundle/ruby/3.2.0/gems/activerecord-7.1.5.1/lib/active_record/fixtures.rb:672:in `insert'
    vendor/bundle/ruby/3.2.0/gems/activerecord-7.1.5.1/lib/active_record/fixtures.rb:658:in `read_and_insert'
    vendor/bundle/ruby/3.2.0/gems/activerecord-7.1.5.1/lib/active_record/fixtures.rb:603:in `create_fixtures'
    vendor/bundle/ruby/3.2.0/gems/activerecord-7.1.5.1/lib/active_record/test_fixtures.rb:256:in `load_fixtures'
    vendor/bundle/ruby/3.2.0/gems/activerecord-7.1.5.1/lib/active_record/test_fixtures.rb:143:in `setup_fixtures'
    vendor/bundle/ruby/3.2.0/gems/activerecord-7.1.5.1/lib/active_record/test_fixtures.rb:10:in `before_setup'
    vendor/bundle/ruby/3.2.0/gems/activesupport-7.1.5.1/lib/active_support/testing/setup_and_teardown.rb:40:in `before_setup'
    vendor/bundle/ruby/3.2.0/gems/actionpack-7.1.5.1/lib/action_dispatch/testing/integration.rb:340:in `before_setup'
    vendor/bundle/ruby/3.2.0/gems/activejob-7.1.5.1/lib/active_job/test_helper.rb:50:in `before_setup'
    vendor/bundle/ruby/3.2.0/gems/railties-7.1.5.1/lib/rails/test_help.rb:47:in `before_setup'

bin/rails test test/controllers/groups_controller_test.rb:26

WARNING: Rails was not able to disable referential integrity.

This is most likely caused due to missing permissions.
Rails needs superuser privileges to disable referential integrity.

    cause: PG::InsufficientPrivilege: ERROR:  permission denied: "RI_ConstraintTrigger_c_50531" is a system trigger


GroupsControllerTest#test_should_get_edit = 0.07 s = E


Error:
GroupsControllerTest#test_should_get_edit:
ActiveRecord::InvalidForeignKey: PG::ForeignKeyViolation: ERROR:  insert or update on table "attendances" violates foreign key constraint "fk_rails_aa7947c197"
DETAIL:  Key (training_session_id)=(980190962) is not present in table "training_sessions".

    vendor/bundle/ruby/3.2.0/gems/activerecord-7.1.5.1/lib/active_record/connection_adapters/postgresql/database_statements.rb:55:in `exec'
    vendor/bundle/ruby/3.2.0/gems/activerecord-7.1.5.1/lib/active_record/connection_adapters/postgresql/database_statements.rb:55:in `block (2 levels) in raw_execute'
    vendor/bundle/ruby/3.2.0/gems/activerecord-7.1.5.1/lib/active_record/connection_adapters/abstract_adapter.rb:1027:in `block in with_raw_connection'
    vendor/bundle/ruby/3.2.0/gems/activesupport-7.1.5.1/lib/active_support/concurrency/null_lock.rb:9:in `synchronize'
    vendor/bundle/ruby/3.2.0/gems/activerecord-7.1.5.1/lib/active_record/connection_adapters/abstract_adapter.rb:999:in `with_raw_connection'
    vendor/bundle/ruby/3.2.0/gems/activerecord-7.1.5.1/lib/active_record/connection_adapters/postgresql/database_statements.rb:54:in `block in raw_execute'
    vendor/bundle/ruby/3.2.0/gems/activesupport-7.1.5.1/lib/active_support/notifications/instrumenter.rb:58:in `instrument'
    vendor/bundle/ruby/3.2.0/gems/activerecord-7.1.5.1/lib/active_record/connection_adapters/abstract_adapter.rb:1142:in `log'
    vendor/bundle/ruby/3.2.0/gems/activerecord-7.1.5.1/lib/active_record/connection_adapters/postgresql/database_statements.rb:53:in `raw_execute'
    vendor/bundle/ruby/3.2.0/gems/activerecord-7.1.5.1/lib/active_record/connection_adapters/abstract/database_statements.rb:521:in `internal_execute'
    vendor/bundle/ruby/3.2.0/gems/activerecord-7.1.5.1/lib/active_record/connection_adapters/abstract/database_statements.rb:131:in `execute'
    vendor/bundle/ruby/3.2.0/gems/activerecord-7.1.5.1/lib/active_record/connection_adapters/abstract/query_cache.rb:25:in `execute'
    vendor/bundle/ruby/3.2.0/gems/activerecord-7.1.5.1/lib/active_record/connection_adapters/postgresql/database_statements.rb:47:in `execute'
    vendor/bundle/ruby/3.2.0/gems/activerecord-7.1.5.1/lib/active_record/connection_adapters/postgresql/database_statements.rb:151:in `execute_batch'
    vendor/bundle/ruby/3.2.0/gems/activerecord-7.1.5.1/lib/active_record/connection_adapters/abstract/database_statements.rb:462:in `block (3 levels) in insert_fixtures_set'
    vendor/bundle/ruby/3.2.0/gems/activerecord-7.1.5.1/lib/active_record/connection_adapters/abstract/transaction.rb:535:in `block in within_new_transaction'
    vendor/bundle/ruby/3.2.0/gems/activesupport-7.1.5.1/lib/active_support/concurrency/null_lock.rb:9:in `synchronize'
    vendor/bundle/ruby/3.2.0/gems/activerecord-7.1.5.1/lib/active_record/connection_adapters/abstract/transaction.rb:532:in `within_new_transaction'
    vendor/bundle/ruby/3.2.0/gems/activerecord-7.1.5.1/lib/active_record/connection_adapters/abstract/database_statements.rb:344:in `transaction'
    vendor/bundle/ruby/3.2.0/gems/activerecord-7.1.5.1/lib/active_record/connection_adapters/abstract/database_statements.rb:461:in `block (2 levels) in insert_fixtures_set'
    vendor/bundle/ruby/3.2.0/gems/activerecord-7.1.5.1/lib/active_record/connection_adapters/postgresql/referential_integrity.rb:19:in `disable_referential_integrity'
    vendor/bundle/ruby/3.2.0/gems/activerecord-7.1.5.1/lib/active_record/connection_adapters/abstract/database_statements.rb:460:in `block in insert_fixtures_set'
    vendor/bundle/ruby/3.2.0/gems/activerecord-7.1.5.1/lib/active_record/connection_adapters/abstract/database_statements.rb:601:in `with_multi_statements'
    vendor/bundle/ruby/3.2.0/gems/activerecord-7.1.5.1/lib/active_record/connection_adapters/abstract/database_statements.rb:459:in `insert_fixtures_set'
    vendor/bundle/ruby/3.2.0/gems/activerecord-7.1.5.1/lib/active_record/fixtures.rb:681:in `block in insert'
    vendor/bundle/ruby/3.2.0/gems/activerecord-7.1.5.1/lib/active_record/fixtures.rb:672:in `each'
    vendor/bundle/ruby/3.2.0/gems/activerecord-7.1.5.1/lib/active_record/fixtures.rb:672:in `insert'
    vendor/bundle/ruby/3.2.0/gems/activerecord-7.1.5.1/lib/active_record/fixtures.rb:658:in `read_and_insert'
    vendor/bundle/ruby/3.2.0/gems/activerecord-7.1.5.1/lib/active_record/fixtures.rb:603:in `create_fixtures'
    vendor/bundle/ruby/3.2.0/gems/activerecord-7.1.5.1/lib/active_record/test_fixtures.rb:256:in `load_fixtures'
    vendor/bundle/ruby/3.2.0/gems/activerecord-7.1.5.1/lib/active_record/test_fixtures.rb:143:in `setup_fixtures'
    vendor/bundle/ruby/3.2.0/gems/activerecord-7.1.5.1/lib/active_record/test_fixtures.rb:10:in `before_setup'
    vendor/bundle/ruby/3.2.0/gems/activesupport-7.1.5.1/lib/active_support/testing/setup_and_teardown.rb:40:in `before_setup'
    vendor/bundle/ruby/3.2.0/gems/actionpack-7.1.5.1/lib/action_dispatch/testing/integration.rb:340:in `before_setup'
    vendor/bundle/ruby/3.2.0/gems/activejob-7.1.5.1/lib/active_job/test_helper.rb:50:in `before_setup'
    vendor/bundle/ruby/3.2.0/gems/railties-7.1.5.1/lib/rails/test_help.rb:47:in `before_setup'

bin/rails test test/controllers/groups_controller_test.rb:31

WARNING: Rails was not able to disable referential integrity.

This is most likely caused due to missing permissions.
Rails needs superuser privileges to disable referential integrity.

    cause: PG::InsufficientPrivilege: ERROR:  permission denied: "RI_ConstraintTrigger_c_50445" is a system trigger


GroupsControllerTest#test_should_destroy_group = 0.08 s = E


Error:
GroupsControllerTest#test_should_destroy_group:
ActiveRecord::InvalidForeignKey: PG::ForeignKeyViolation: ERROR:  insert or update on table "attendances" violates foreign key constraint "fk_rails_aa7947c197"
DETAIL:  Key (training_session_id)=(980190962) is not present in table "training_sessions".

    vendor/bundle/ruby/3.2.0/gems/activerecord-7.1.5.1/lib/active_record/connection_adapters/postgresql/database_statements.rb:55:in `exec'
    vendor/bundle/ruby/3.2.0/gems/activerecord-7.1.5.1/lib/active_record/connection_adapters/postgresql/database_statements.rb:55:in `block (2 levels) in raw_execute'
    vendor/bundle/ruby/3.2.0/gems/activerecord-7.1.5.1/lib/active_record/connection_adapters/abstract_adapter.rb:1027:in `block in with_raw_connection'
    vendor/bundle/ruby/3.2.0/gems/activesupport-7.1.5.1/lib/active_support/concurrency/null_lock.rb:9:in `synchronize'
    vendor/bundle/ruby/3.2.0/gems/activerecord-7.1.5.1/lib/active_record/connection_adapters/abstract_adapter.rb:999:in `with_raw_connection'
    vendor/bundle/ruby/3.2.0/gems/activerecord-7.1.5.1/lib/active_record/connection_adapters/postgresql/database_statements.rb:54:in `block in raw_execute'
    vendor/bundle/ruby/3.2.0/gems/activesupport-7.1.5.1/lib/active_support/notifications/instrumenter.rb:58:in `instrument'
    vendor/bundle/ruby/3.2.0/gems/activerecord-7.1.5.1/lib/active_record/connection_adapters/abstract_adapter.rb:1142:in `log'
    vendor/bundle/ruby/3.2.0/gems/activerecord-7.1.5.1/lib/active_record/connection_adapters/postgresql/database_statements.rb:53:in `raw_execute'
    vendor/bundle/ruby/3.2.0/gems/activerecord-7.1.5.1/lib/active_record/connection_adapters/abstract/database_statements.rb:521:in `internal_execute'
    vendor/bundle/ruby/3.2.0/gems/activerecord-7.1.5.1/lib/active_record/connection_adapters/abstract/database_statements.rb:131:in `execute'
    vendor/bundle/ruby/3.2.0/gems/activerecord-7.1.5.1/lib/active_record/connection_adapters/abstract/query_cache.rb:25:in `execute'
    vendor/bundle/ruby/3.2.0/gems/activerecord-7.1.5.1/lib/active_record/connection_adapters/postgresql/database_statements.rb:47:in `execute'
    vendor/bundle/ruby/3.2.0/gems/activerecord-7.1.5.1/lib/active_record/connection_adapters/postgresql/database_statements.rb:151:in `execute_batch'
    vendor/bundle/ruby/3.2.0/gems/activerecord-7.1.5.1/lib/active_record/connection_adapters/abstract/database_statements.rb:462:in `block (3 levels) in insert_fixtures_set'
    vendor/bundle/ruby/3.2.0/gems/activerecord-7.1.5.1/lib/active_record/connection_adapters/abstract/transaction.rb:535:in `block in within_new_transaction'
    vendor/bundle/ruby/3.2.0/gems/activesupport-7.1.5.1/lib/active_support/concurrency/null_lock.rb:9:in `synchronize'
    vendor/bundle/ruby/3.2.0/gems/activerecord-7.1.5.1/lib/active_record/connection_adapters/abstract/transaction.rb:532:in `within_new_transaction'
    vendor/bundle/ruby/3.2.0/gems/activerecord-7.1.5.1/lib/active_record/connection_adapters/abstract/database_statements.rb:344:in `transaction'
    vendor/bundle/ruby/3.2.0/gems/activerecord-7.1.5.1/lib/active_record/connection_adapters/abstract/database_statements.rb:461:in `block (2 levels) in insert_fixtures_set'
    vendor/bundle/ruby/3.2.0/gems/activerecord-7.1.5.1/lib/active_record/connection_adapters/postgresql/referential_integrity.rb:19:in `disable_referential_integrity'
    vendor/bundle/ruby/3.2.0/gems/activerecord-7.1.5.1/lib/active_record/connection_adapters/abstract/database_statements.rb:460:in `block in insert_fixtures_set'
    vendor/bundle/ruby/3.2.0/gems/activerecord-7.1.5.1/lib/active_record/connection_adapters/abstract/database_statements.rb:601:in `with_multi_statements'
    vendor/bundle/ruby/3.2.0/gems/activerecord-7.1.5.1/lib/active_record/connection_adapters/abstract/database_statements.rb:459:in `insert_fixtures_set'
    vendor/bundle/ruby/3.2.0/gems/activerecord-7.1.5.1/lib/active_record/fixtures.rb:681:in `block in insert'
    vendor/bundle/ruby/3.2.0/gems/activerecord-7.1.5.1/lib/active_record/fixtures.rb:672:in `each'
    vendor/bundle/ruby/3.2.0/gems/activerecord-7.1.5.1/lib/active_record/fixtures.rb:672:in `insert'
    vendor/bundle/ruby/3.2.0/gems/activerecord-7.1.5.1/lib/active_record/fixtures.rb:658:in `read_and_insert'
    vendor/bundle/ruby/3.2.0/gems/activerecord-7.1.5.1/lib/active_record/fixtures.rb:603:in `create_fixtures'
    vendor/bundle/ruby/3.2.0/gems/activerecord-7.1.5.1/lib/active_record/test_fixtures.rb:256:in `load_fixtures'
    vendor/bundle/ruby/3.2.0/gems/activerecord-7.1.5.1/lib/active_record/test_fixtures.rb:143:in `setup_fixtures'
    vendor/bundle/ruby/3.2.0/gems/activerecord-7.1.5.1/lib/active_record/test_fixtures.rb:10:in `before_setup'
    vendor/bundle/ruby/3.2.0/gems/activesupport-7.1.5.1/lib/active_support/testing/setup_and_teardown.rb:40:in `before_setup'
    vendor/bundle/ruby/3.2.0/gems/actionpack-7.1.5.1/lib/action_dispatch/testing/integration.rb:340:in `before_setup'
    vendor/bundle/ruby/3.2.0/gems/activejob-7.1.5.1/lib/active_job/test_helper.rb:50:in `before_setup'
    vendor/bundle/ruby/3.2.0/gems/railties-7.1.5.1/lib/rails/test_help.rb:47:in `before_setup'

bin/rails test test/controllers/groups_controller_test.rb:41

WARNING: Rails was not able to disable referential integrity.

This is most likely caused due to missing permissions.
Rails needs superuser privileges to disable referential integrity.

    cause: PG::InsufficientPrivilege: ERROR:  permission denied: "RI_ConstraintTrigger_c_50591" is a system trigger


ClientsControllerTest#test_should_update_client = 0.06 s = E


Error:
ClientsControllerTest#test_should_update_client:
ActiveRecord::InvalidForeignKey: PG::ForeignKeyViolation: ERROR:  insert or update on table "attendances" violates foreign key constraint "fk_rails_aa7947c197"
DETAIL:  Key (training_session_id)=(980190962) is not present in table "training_sessions".

    vendor/bundle/ruby/3.2.0/gems/activerecord-7.1.5.1/lib/active_record/connection_adapters/postgresql/database_statements.rb:55:in `exec'
    vendor/bundle/ruby/3.2.0/gems/activerecord-7.1.5.1/lib/active_record/connection_adapters/postgresql/database_statements.rb:55:in `block (2 levels) in raw_execute'
    vendor/bundle/ruby/3.2.0/gems/activerecord-7.1.5.1/lib/active_record/connection_adapters/abstract_adapter.rb:1027:in `block in with_raw_connection'
    vendor/bundle/ruby/3.2.0/gems/activesupport-7.1.5.1/lib/active_support/concurrency/null_lock.rb:9:in `synchronize'
    vendor/bundle/ruby/3.2.0/gems/activerecord-7.1.5.1/lib/active_record/connection_adapters/abstract_adapter.rb:999:in `with_raw_connection'
    vendor/bundle/ruby/3.2.0/gems/activerecord-7.1.5.1/lib/active_record/connection_adapters/postgresql/database_statements.rb:54:in `block in raw_execute'
    vendor/bundle/ruby/3.2.0/gems/activesupport-7.1.5.1/lib/active_support/notifications/instrumenter.rb:58:in `instrument'
    vendor/bundle/ruby/3.2.0/gems/activerecord-7.1.5.1/lib/active_record/connection_adapters/abstract_adapter.rb:1142:in `log'
    vendor/bundle/ruby/3.2.0/gems/activerecord-7.1.5.1/lib/active_record/connection_adapters/postgresql/database_statements.rb:53:in `raw_execute'
    vendor/bundle/ruby/3.2.0/gems/activerecord-7.1.5.1/lib/active_record/connection_adapters/abstract/database_statements.rb:521:in `internal_execute'
    vendor/bundle/ruby/3.2.0/gems/activerecord-7.1.5.1/lib/active_record/connection_adapters/abstract/database_statements.rb:131:in `execute'
    vendor/bundle/ruby/3.2.0/gems/activerecord-7.1.5.1/lib/active_record/connection_adapters/abstract/query_cache.rb:25:in `execute'
    vendor/bundle/ruby/3.2.0/gems/activerecord-7.1.5.1/lib/active_record/connection_adapters/postgresql/database_statements.rb:47:in `execute'
    vendor/bundle/ruby/3.2.0/gems/activerecord-7.1.5.1/lib/active_record/connection_adapters/postgresql/database_statements.rb:151:in `execute_batch'
    vendor/bundle/ruby/3.2.0/gems/activerecord-7.1.5.1/lib/active_record/connection_adapters/abstract/database_statements.rb:462:in `block (3 levels) in insert_fixtures_set'
    vendor/bundle/ruby/3.2.0/gems/activerecord-7.1.5.1/lib/active_record/connection_adapters/abstract/transaction.rb:535:in `block in within_new_transaction'
    vendor/bundle/ruby/3.2.0/gems/activesupport-7.1.5.1/lib/active_support/concurrency/null_lock.rb:9:in `synchronize'
    vendor/bundle/ruby/3.2.0/gems/activerecord-7.1.5.1/lib/active_record/connection_adapters/abstract/transaction.rb:532:in `within_new_transaction'
    vendor/bundle/ruby/3.2.0/gems/activerecord-7.1.5.1/lib/active_record/connection_adapters/abstract/database_statements.rb:344:in `transaction'
    vendor/bundle/ruby/3.2.0/gems/activerecord-7.1.5.1/lib/active_record/connection_adapters/abstract/database_statements.rb:461:in `block (2 levels) in insert_fixtures_set'
    vendor/bundle/ruby/3.2.0/gems/activerecord-7.1.5.1/lib/active_record/connection_adapters/postgresql/referential_integrity.rb:19:in `disable_referential_integrity'
    vendor/bundle/ruby/3.2.0/gems/activerecord-7.1.5.1/lib/active_record/connection_adapters/abstract/database_statements.rb:460:in `block in insert_fixtures_set'
    vendor/bundle/ruby/3.2.0/gems/activerecord-7.1.5.1/lib/active_record/connection_adapters/abstract/database_statements.rb:601:in `with_multi_statements'
    vendor/bundle/ruby/3.2.0/gems/activerecord-7.1.5.1/lib/active_record/connection_adapters/abstract/database_statements.rb:459:in `insert_fixtures_set'
    vendor/bundle/ruby/3.2.0/gems/activerecord-7.1.5.1/lib/active_record/fixtures.rb:681:in `block in insert'
    vendor/bundle/ruby/3.2.0/gems/activerecord-7.1.5.1/lib/active_record/fixtures.rb:672:in `each'
    vendor/bundle/ruby/3.2.0/gems/activerecord-7.1.5.1/lib/active_record/fixtures.rb:672:in `insert'
    vendor/bundle/ruby/3.2.0/gems/activerecord-7.1.5.1/lib/active_record/fixtures.rb:658:in `read_and_insert'
    vendor/bundle/ruby/3.2.0/gems/activerecord-7.1.5.1/lib/active_record/fixtures.rb:603:in `create_fixtures'
    vendor/bundle/ruby/3.2.0/gems/activerecord-7.1.5.1/lib/active_record/test_fixtures.rb:256:in `load_fixtures'
    vendor/bundle/ruby/3.2.0/gems/activerecord-7.1.5.1/lib/active_record/test_fixtures.rb:143:in `setup_fixtures'
    vendor/bundle/ruby/3.2.0/gems/activerecord-7.1.5.1/lib/active_record/test_fixtures.rb:10:in `before_setup'
    vendor/bundle/ruby/3.2.0/gems/activesupport-7.1.5.1/lib/active_support/testing/setup_and_teardown.rb:40:in `before_setup'
    vendor/bundle/ruby/3.2.0/gems/actionpack-7.1.5.1/lib/action_dispatch/testing/integration.rb:340:in `before_setup'
    vendor/bundle/ruby/3.2.0/gems/activejob-7.1.5.1/lib/active_job/test_helper.rb:50:in `before_setup'
    vendor/bundle/ruby/3.2.0/gems/railties-7.1.5.1/lib/rails/test_help.rb:47:in `before_setup'

bin/rails test test/controllers/clients_controller_test.rb:36

WARNING: Rails was not able to disable referential integrity.

This is most likely caused due to missing permissions.
Rails needs superuser privileges to disable referential integrity.

    cause: PG::InsufficientPrivilege: ERROR:  permission denied: "RI_ConstraintTrigger_c_50591" is a system trigger


WARNING: Rails was not able to disable referential integrity.

This is most likely caused due to missing permissions.
Rails needs superuser privileges to disable referential integrity.

    cause: PG::InsufficientPrivilege: ERROR:  permission denied: "RI_ConstraintTrigger_c_50466" is a system trigger


ClientsControllerTest#test_should_show_client = 0.04 s = E


Error:
ClientsControllerTest#test_should_show_client:
ActiveRecord::InvalidForeignKey: PG::ForeignKeyViolation: ERROR:  insert or update on table "attendances" violates foreign key constraint "fk_rails_aa7947c197"
DETAIL:  Key (training_session_id)=(980190962) is not present in table "training_sessions".

    vendor/bundle/ruby/3.2.0/gems/activerecord-7.1.5.1/lib/active_record/connection_adapters/postgresql/database_statements.rb:55:in `exec'
    vendor/bundle/ruby/3.2.0/gems/activerecord-7.1.5.1/lib/active_record/connection_adapters/postgresql/database_statements.rb:55:in `block (2 levels) in raw_execute'
    vendor/bundle/ruby/3.2.0/gems/activerecord-7.1.5.1/lib/active_record/connection_adapters/abstract_adapter.rb:1027:in `block in with_raw_connection'
    vendor/bundle/ruby/3.2.0/gems/activesupport-7.1.5.1/lib/active_support/concurrency/null_lock.rb:9:in `synchronize'
    vendor/bundle/ruby/3.2.0/gems/activerecord-7.1.5.1/lib/active_record/connection_adapters/abstract_adapter.rb:999:in `with_raw_connection'
    vendor/bundle/ruby/3.2.0/gems/activerecord-7.1.5.1/lib/active_record/connection_adapters/postgresql/database_statements.rb:54:in `block in raw_execute'
    vendor/bundle/ruby/3.2.0/gems/activesupport-7.1.5.1/lib/active_support/notifications/instrumenter.rb:58:in `instrument'
    vendor/bundle/ruby/3.2.0/gems/activerecord-7.1.5.1/lib/active_record/connection_adapters/abstract_adapter.rb:1142:in `log'
    vendor/bundle/ruby/3.2.0/gems/activerecord-7.1.5.1/lib/active_record/connection_adapters/postgresql/database_statements.rb:53:in `raw_execute'
    vendor/bundle/ruby/3.2.0/gems/activerecord-7.1.5.1/lib/active_record/connection_adapters/abstract/database_statements.rb:521:in `internal_execute'
    vendor/bundle/ruby/3.2.0/gems/activerecord-7.1.5.1/lib/active_record/connection_adapters/abstract/database_statements.rb:131:in `execute'
    vendor/bundle/ruby/3.2.0/gems/activerecord-7.1.5.1/lib/active_record/connection_adapters/abstract/query_cache.rb:25:in `execute'
    vendor/bundle/ruby/3.2.0/gems/activerecord-7.1.5.1/lib/active_record/connection_adapters/postgresql/database_statements.rb:47:in `execute'
    vendor/bundle/ruby/3.2.0/gems/activerecord-7.1.5.1/lib/active_record/connection_adapters/postgresql/database_statements.rb:151:in `execute_batch'
    vendor/bundle/ruby/3.2.0/gems/activerecord-7.1.5.1/lib/active_record/connection_adapters/abstract/database_statements.rb:462:in `block (3 levels) in insert_fixtures_set'
    vendor/bundle/ruby/3.2.0/gems/activerecord-7.1.5.1/lib/active_record/connection_adapters/abstract/transaction.rb:535:in `block in within_new_transaction'
    vendor/bundle/ruby/3.2.0/gems/activesupport-7.1.5.1/lib/active_support/concurrency/null_lock.rb:9:in `synchronize'
    vendor/bundle/ruby/3.2.0/gems/activerecord-7.1.5.1/lib/active_record/connection_adapters/abstract/transaction.rb:532:in `within_new_transaction'
    vendor/bundle/ruby/3.2.0/gems/activerecord-7.1.5.1/lib/active_record/connection_adapters/abstract/database_statements.rb:344:in `transaction'
    vendor/bundle/ruby/3.2.0/gems/activerecord-7.1.5.1/lib/active_record/connection_adapters/abstract/database_statements.rb:461:in `block (2 levels) in insert_fixtures_set'
    vendor/bundle/ruby/3.2.0/gems/activerecord-7.1.5.1/lib/active_record/connection_adapters/postgresql/referential_integrity.rb:19:in `disable_referential_integrity'
    vendor/bundle/ruby/3.2.0/gems/activerecord-7.1.5.1/lib/active_record/connection_adapters/abstract/database_statements.rb:460:in `block in insert_fixtures_set'
    vendor/bundle/ruby/3.2.0/gems/activerecord-7.1.5.1/lib/active_record/connection_adapters/abstract/database_statements.rb:601:in `with_multi_statements'
    vendor/bundle/ruby/3.2.0/gems/activerecord-7.1.5.1/lib/active_record/connection_adapters/abstract/database_statements.rb:459:in `insert_fixtures_set'
    vendor/bundle/ruby/3.2.0/gems/activerecord-7.1.5.1/lib/active_record/fixtures.rb:681:in `block in insert'
    vendor/bundle/ruby/3.2.0/gems/activerecord-7.1.5.1/lib/active_record/fixtures.rb:672:in `each'
    vendor/bundle/ruby/3.2.0/gems/activerecord-7.1.5.1/lib/active_record/fixtures.rb:672:in `insert'
    vendor/bundle/ruby/3.2.0/gems/activerecord-7.1.5.1/lib/active_record/fixtures.rb:658:in `read_and_insert'
    vendor/bundle/ruby/3.2.0/gems/activerecord-7.1.5.1/lib/active_record/fixtures.rb:603:in `create_fixtures'
    vendor/bundle/ruby/3.2.0/gems/activerecord-7.1.5.1/lib/active_record/test_fixtures.rb:256:in `load_fixtures'
    vendor/bundle/ruby/3.2.0/gems/activerecord-7.1.5.1/lib/active_record/test_fixtures.rb:143:in `setup_fixtures'
    vendor/bundle/ruby/3.2.0/gems/activerecord-7.1.5.1/lib/active_record/test_fixtures.rb:10:in `before_setup'
    vendor/bundle/ruby/3.2.0/gems/activesupport-7.1.5.1/lib/active_support/testing/setup_and_teardown.rb:40:in `before_setup'
    vendor/bundle/ruby/3.2.0/gems/actionpack-7.1.5.1/lib/action_dispatch/testing/integration.rb:340:in `before_setup'
    vendor/bundle/ruby/3.2.0/gems/activejob-7.1.5.1/lib/active_job/test_helper.rb:50:in `before_setup'
    vendor/bundle/ruby/3.2.0/gems/railties-7.1.5.1/lib/rails/test_help.rb:47:in `before_setup'

bin/rails test test/controllers/clients_controller_test.rb:26

ClientsControllerTest#test_should_create_client = 0.10 s = E


Error:
ClientsControllerTest#test_should_create_client:
ActiveRecord::InvalidForeignKey: PG::ForeignKeyViolation: ERROR:  insert or update on table "attendances" violates foreign key constraint "fk_rails_aa7947c197"
DETAIL:  Key (training_session_id)=(980190962) is not present in table "training_sessions".

    vendor/bundle/ruby/3.2.0/gems/activerecord-7.1.5.1/lib/active_record/connection_adapters/postgresql/database_statements.rb:55:in `exec'
    vendor/bundle/ruby/3.2.0/gems/activerecord-7.1.5.1/lib/active_record/connection_adapters/postgresql/database_statements.rb:55:in `block (2 levels) in raw_execute'
    vendor/bundle/ruby/3.2.0/gems/activerecord-7.1.5.1/lib/active_record/connection_adapters/abstract_adapter.rb:1027:in `block in with_raw_connection'
    vendor/bundle/ruby/3.2.0/gems/activesupport-7.1.5.1/lib/active_support/concurrency/null_lock.rb:9:in `synchronize'
    vendor/bundle/ruby/3.2.0/gems/activerecord-7.1.5.1/lib/active_record/connection_adapters/abstract_adapter.rb:999:in `with_raw_connection'
    vendor/bundle/ruby/3.2.0/gems/activerecord-7.1.5.1/lib/active_record/connection_adapters/postgresql/database_statements.rb:54:in `block in raw_execute'
    vendor/bundle/ruby/3.2.0/gems/activesupport-7.1.5.1/lib/active_support/notifications/instrumenter.rb:58:in `instrument'
    vendor/bundle/ruby/3.2.0/gems/activerecord-7.1.5.1/lib/active_record/connection_adapters/abstract_adapter.rb:1142:in `log'
    vendor/bundle/ruby/3.2.0/gems/activerecord-7.1.5.1/lib/active_record/connection_adapters/postgresql/database_statements.rb:53:in `raw_execute'
    vendor/bundle/ruby/3.2.0/gems/activerecord-7.1.5.1/lib/active_record/connection_adapters/abstract/database_statements.rb:521:in `internal_execute'
    vendor/bundle/ruby/3.2.0/gems/activerecord-7.1.5.1/lib/active_record/connection_adapters/abstract/database_statements.rb:131:in `execute'
    vendor/bundle/ruby/3.2.0/gems/activerecord-7.1.5.1/lib/active_record/connection_adapters/abstract/query_cache.rb:25:in `execute'
    vendor/bundle/ruby/3.2.0/gems/activerecord-7.1.5.1/lib/active_record/connection_adapters/postgresql/database_statements.rb:47:in `execute'
    vendor/bundle/ruby/3.2.0/gems/activerecord-7.1.5.1/lib/active_record/connection_adapters/postgresql/database_statements.rb:151:in `execute_batch'
    vendor/bundle/ruby/3.2.0/gems/activerecord-7.1.5.1/lib/active_record/connection_adapters/abstract/database_statements.rb:462:in `block (3 levels) in insert_fixtures_set'
    vendor/bundle/ruby/3.2.0/gems/activerecord-7.1.5.1/lib/active_record/connection_adapters/abstract/transaction.rb:535:in `block in within_new_transaction'
    vendor/bundle/ruby/3.2.0/gems/activesupport-7.1.5.1/lib/active_support/concurrency/null_lock.rb:9:in `synchronize'
    vendor/bundle/ruby/3.2.0/gems/activerecord-7.1.5.1/lib/active_record/connection_adapters/abstract/transaction.rb:532:in `within_new_transaction'
    vendor/bundle/ruby/3.2.0/gems/activerecord-7.1.5.1/lib/active_record/connection_adapters/abstract/database_statements.rb:344:in `transaction'
    vendor/bundle/ruby/3.2.0/gems/activerecord-7.1.5.1/lib/active_record/connection_adapters/abstract/database_statements.rb:461:in `block (2 levels) in insert_fixtures_set'
    vendor/bundle/ruby/3.2.0/gems/activerecord-7.1.5.1/lib/active_record/connection_adapters/postgresql/referential_integrity.rb:19:in `disable_referential_integrity'
    vendor/bundle/ruby/3.2.0/gems/activerecord-7.1.5.1/lib/active_record/connection_adapters/abstract/database_statements.rb:460:in `block in insert_fixtures_set'
    vendor/bundle/ruby/3.2.0/gems/activerecord-7.1.5.1/lib/active_record/connection_adapters/abstract/database_statements.rb:601:in `with_multi_statements'
    vendor/bundle/ruby/3.2.0/gems/activerecord-7.1.5.1/lib/active_record/connection_adapters/abstract/database_statements.rb:459:in `insert_fixtures_set'
    vendor/bundle/ruby/3.2.0/gems/activerecord-7.1.5.1/lib/active_record/fixtures.rb:681:in `block in insert'
    vendor/bundle/ruby/3.2.0/gems/activerecord-7.1.5.1/lib/active_record/fixtures.rb:672:in `each'
    vendor/bundle/ruby/3.2.0/gems/activerecord-7.1.5.1/lib/active_record/fixtures.rb:672:in `insert'
    vendor/bundle/ruby/3.2.0/gems/activerecord-7.1.5.1/lib/active_record/fixtures.rb:658:in `read_and_insert'
    vendor/bundle/ruby/3.2.0/gems/activerecord-7.1.5.1/lib/active_record/fixtures.rb:603:in `create_fixtures'
    vendor/bundle/ruby/3.2.0/gems/activerecord-7.1.5.1/lib/active_record/test_fixtures.rb:256:in `load_fixtures'
    vendor/bundle/ruby/3.2.0/gems/activerecord-7.1.5.1/lib/active_record/test_fixtures.rb:143:in `setup_fixtures'
    vendor/bundle/ruby/3.2.0/gems/activerecord-7.1.5.1/lib/active_record/test_fixtures.rb:10:in `before_setup'
    vendor/bundle/ruby/3.2.0/gems/activesupport-7.1.5.1/lib/active_support/testing/setup_and_teardown.rb:40:in `before_setup'
    vendor/bundle/ruby/3.2.0/gems/actionpack-7.1.5.1/lib/action_dispatch/testing/integration.rb:340:in `before_setup'
    vendor/bundle/ruby/3.2.0/gems/activejob-7.1.5.1/lib/active_job/test_helper.rb:50:in `before_setup'
    vendor/bundle/ruby/3.2.0/gems/railties-7.1.5.1/lib/rails/test_help.rb:47:in `before_setup'

bin/rails test test/controllers/clients_controller_test.rb:18

WARNING: Rails was not able to disable referential integrity.

This is most likely caused due to missing permissions.
Rails needs superuser privileges to disable referential integrity.

    cause: PG::InsufficientPrivilege: ERROR:  permission denied: "RI_ConstraintTrigger_c_50445" is a system trigger


ClientsControllerTest#test_should_get_new = 0.09 s = E


Error:
ClientsControllerTest#test_should_get_new:
ActiveRecord::InvalidForeignKey: PG::ForeignKeyViolation: ERROR:  insert or update on table "attendances" violates foreign key constraint "fk_rails_aa7947c197"
DETAIL:  Key (training_session_id)=(980190962) is not present in table "training_sessions".

    vendor/bundle/ruby/3.2.0/gems/activerecord-7.1.5.1/lib/active_record/connection_adapters/postgresql/database_statements.rb:55:in `exec'
    vendor/bundle/ruby/3.2.0/gems/activerecord-7.1.5.1/lib/active_record/connection_adapters/postgresql/database_statements.rb:55:in `block (2 levels) in raw_execute'
    vendor/bundle/ruby/3.2.0/gems/activerecord-7.1.5.1/lib/active_record/connection_adapters/abstract_adapter.rb:1027:in `block in with_raw_connection'
    vendor/bundle/ruby/3.2.0/gems/activesupport-7.1.5.1/lib/active_support/concurrency/null_lock.rb:9:in `synchronize'
    vendor/bundle/ruby/3.2.0/gems/activerecord-7.1.5.1/lib/active_record/connection_adapters/abstract_adapter.rb:999:in `with_raw_connection'
    vendor/bundle/ruby/3.2.0/gems/activerecord-7.1.5.1/lib/active_record/connection_adapters/postgresql/database_statements.rb:54:in `block in raw_execute'
    vendor/bundle/ruby/3.2.0/gems/activesupport-7.1.5.1/lib/active_support/notifications/instrumenter.rb:58:in `instrument'
    vendor/bundle/ruby/3.2.0/gems/activerecord-7.1.5.1/lib/active_record/connection_adapters/abstract_adapter.rb:1142:in `log'
    vendor/bundle/ruby/3.2.0/gems/activerecord-7.1.5.1/lib/active_record/connection_adapters/postgresql/database_statements.rb:53:in `raw_execute'
    vendor/bundle/ruby/3.2.0/gems/activerecord-7.1.5.1/lib/active_record/connection_adapters/abstract/database_statements.rb:521:in `internal_execute'
    vendor/bundle/ruby/3.2.0/gems/activerecord-7.1.5.1/lib/active_record/connection_adapters/abstract/database_statements.rb:131:in `execute'
    vendor/bundle/ruby/3.2.0/gems/activerecord-7.1.5.1/lib/active_record/connection_adapters/abstract/query_cache.rb:25:in `execute'
    vendor/bundle/ruby/3.2.0/gems/activerecord-7.1.5.1/lib/active_record/connection_adapters/postgresql/database_statements.rb:47:in `execute'
    vendor/bundle/ruby/3.2.0/gems/activerecord-7.1.5.1/lib/active_record/connection_adapters/postgresql/database_statements.rb:151:in `execute_batch'
    vendor/bundle/ruby/3.2.0/gems/activerecord-7.1.5.1/lib/active_record/connection_adapters/abstract/database_statements.rb:462:in `block (3 levels) in insert_fixtures_set'
    vendor/bundle/ruby/3.2.0/gems/activerecord-7.1.5.1/lib/active_record/connection_adapters/abstract/transaction.rb:535:in `block in within_new_transaction'
    vendor/bundle/ruby/3.2.0/gems/activesupport-7.1.5.1/lib/active_support/concurrency/null_lock.rb:9:in `synchronize'
    vendor/bundle/ruby/3.2.0/gems/activerecord-7.1.5.1/lib/active_record/connection_adapters/abstract/transaction.rb:532:in `within_new_transaction'
    vendor/bundle/ruby/3.2.0/gems/activerecord-7.1.5.1/lib/active_record/connection_adapters/abstract/database_statements.rb:344:in `transaction'
    vendor/bundle/ruby/3.2.0/gems/activerecord-7.1.5.1/lib/active_record/connection_adapters/abstract/database_statements.rb:461:in `block (2 levels) in insert_fixtures_set'
    vendor/bundle/ruby/3.2.0/gems/activerecord-7.1.5.1/lib/active_record/connection_adapters/postgresql/referential_integrity.rb:19:in `disable_referential_integrity'
    vendor/bundle/ruby/3.2.0/gems/activerecord-7.1.5.1/lib/active_record/connection_adapters/abstract/database_statements.rb:460:in `block in insert_fixtures_set'
    vendor/bundle/ruby/3.2.0/gems/activerecord-7.1.5.1/lib/active_record/connection_adapters/abstract/database_statements.rb:601:in `with_multi_statements'
    vendor/bundle/ruby/3.2.0/gems/activerecord-7.1.5.1/lib/active_record/connection_adapters/abstract/database_statements.rb:459:in `insert_fixtures_set'
    vendor/bundle/ruby/3.2.0/gems/activerecord-7.1.5.1/lib/active_record/fixtures.rb:681:in `block in insert'
    vendor/bundle/ruby/3.2.0/gems/activerecord-7.1.5.1/lib/active_record/fixtures.rb:672:in `each'
    vendor/bundle/ruby/3.2.0/gems/activerecord-7.1.5.1/lib/active_record/fixtures.rb:672:in `insert'
    vendor/bundle/ruby/3.2.0/gems/activerecord-7.1.5.1/lib/active_record/fixtures.rb:658:in `read_and_insert'
    vendor/bundle/ruby/3.2.0/gems/activerecord-7.1.5.1/lib/active_record/fixtures.rb:603:in `create_fixtures'
    vendor/bundle/ruby/3.2.0/gems/activerecord-7.1.5.1/lib/active_record/test_fixtures.rb:256:in `load_fixtures'
    vendor/bundle/ruby/3.2.0/gems/activerecord-7.1.5.1/lib/active_record/test_fixtures.rb:143:in `setup_fixtures'
    vendor/bundle/ruby/3.2.0/gems/activerecord-7.1.5.1/lib/active_record/test_fixtures.rb:10:in `before_setup'
    vendor/bundle/ruby/3.2.0/gems/activesupport-7.1.5.1/lib/active_support/testing/setup_and_teardown.rb:40:in `before_setup'
    vendor/bundle/ruby/3.2.0/gems/actionpack-7.1.5.1/lib/action_dispatch/testing/integration.rb:340:in `before_setup'
    vendor/bundle/ruby/3.2.0/gems/activejob-7.1.5.1/lib/active_job/test_helper.rb:50:in `before_setup'
    vendor/bundle/ruby/3.2.0/gems/railties-7.1.5.1/lib/rails/test_help.rb:47:in `before_setup'

bin/rails test test/controllers/clients_controller_test.rb:13

WARNING: Rails was not able to disable referential integrity.

This is most likely caused due to missing permissions.
Rails needs superuser privileges to disable referential integrity.

    cause: PG::InsufficientPrivilege: ERROR:  permission denied: "RI_ConstraintTrigger_c_50531" is a system trigger


ClientsControllerTest#test_should_get_index = 0.12 s = E


Error:
ClientsControllerTest#test_should_get_index:
ActiveRecord::InvalidForeignKey: PG::ForeignKeyViolation: ERROR:  insert or update on table "attendances" violates foreign key constraint "fk_rails_aa7947c197"
DETAIL:  Key (training_session_id)=(980190962) is not present in table "training_sessions".

    vendor/bundle/ruby/3.2.0/gems/activerecord-7.1.5.1/lib/active_record/connection_adapters/postgresql/database_statements.rb:55:in `exec'
    vendor/bundle/ruby/3.2.0/gems/activerecord-7.1.5.1/lib/active_record/connection_adapters/postgresql/database_statements.rb:55:in `block (2 levels) in raw_execute'
    vendor/bundle/ruby/3.2.0/gems/activerecord-7.1.5.1/lib/active_record/connection_adapters/abstract_adapter.rb:1027:in `block in with_raw_connection'
    vendor/bundle/ruby/3.2.0/gems/activesupport-7.1.5.1/lib/active_support/concurrency/null_lock.rb:9:in `synchronize'
    vendor/bundle/ruby/3.2.0/gems/activerecord-7.1.5.1/lib/active_record/connection_adapters/abstract_adapter.rb:999:in `with_raw_connection'
    vendor/bundle/ruby/3.2.0/gems/activerecord-7.1.5.1/lib/active_record/connection_adapters/postgresql/database_statements.rb:54:in `block in raw_execute'
    vendor/bundle/ruby/3.2.0/gems/activesupport-7.1.5.1/lib/active_support/notifications/instrumenter.rb:58:in `instrument'
    vendor/bundle/ruby/3.2.0/gems/activerecord-7.1.5.1/lib/active_record/connection_adapters/abstract_adapter.rb:1142:in `log'
    vendor/bundle/ruby/3.2.0/gems/activerecord-7.1.5.1/lib/active_record/connection_adapters/postgresql/database_statements.rb:53:in `raw_execute'
    vendor/bundle/ruby/3.2.0/gems/activerecord-7.1.5.1/lib/active_record/connection_adapters/abstract/database_statements.rb:521:in `internal_execute'
    vendor/bundle/ruby/3.2.0/gems/activerecord-7.1.5.1/lib/active_record/connection_adapters/abstract/database_statements.rb:131:in `execute'
    vendor/bundle/ruby/3.2.0/gems/activerecord-7.1.5.1/lib/active_record/connection_adapters/abstract/query_cache.rb:25:in `execute'
    vendor/bundle/ruby/3.2.0/gems/activerecord-7.1.5.1/lib/active_record/connection_adapters/postgresql/database_statements.rb:47:in `execute'
    vendor/bundle/ruby/3.2.0/gems/activerecord-7.1.5.1/lib/active_record/connection_adapters/postgresql/database_statements.rb:151:in `execute_batch'
    vendor/bundle/ruby/3.2.0/gems/activerecord-7.1.5.1/lib/active_record/connection_adapters/abstract/database_statements.rb:462:in `block (3 levels) in insert_fixtures_set'
    vendor/bundle/ruby/3.2.0/gems/activerecord-7.1.5.1/lib/active_record/connection_adapters/abstract/transaction.rb:535:in `block in within_new_transaction'
    vendor/bundle/ruby/3.2.0/gems/activesupport-7.1.5.1/lib/active_support/concurrency/null_lock.rb:9:in `synchronize'
    vendor/bundle/ruby/3.2.0/gems/activerecord-7.1.5.1/lib/active_record/connection_adapters/abstract/transaction.rb:532:in `within_new_transaction'
    vendor/bundle/ruby/3.2.0/gems/activerecord-7.1.5.1/lib/active_record/connection_adapters/abstract/database_statements.rb:344:in `transaction'
    vendor/bundle/ruby/3.2.0/gems/activerecord-7.1.5.1/lib/active_record/connection_adapters/abstract/database_statements.rb:461:in `block (2 levels) in insert_fixtures_set'
    vendor/bundle/ruby/3.2.0/gems/activerecord-7.1.5.1/lib/active_record/connection_adapters/postgresql/referential_integrity.rb:19:in `disable_referential_integrity'
    vendor/bundle/ruby/3.2.0/gems/activerecord-7.1.5.1/lib/active_record/connection_adapters/abstract/database_statements.rb:460:in `block in insert_fixtures_set'
    vendor/bundle/ruby/3.2.0/gems/activerecord-7.1.5.1/lib/active_record/connection_adapters/abstract/database_statements.rb:601:in `with_multi_statements'
    vendor/bundle/ruby/3.2.0/gems/activerecord-7.1.5.1/lib/active_record/connection_adapters/abstract/database_statements.rb:459:in `insert_fixtures_set'
    vendor/bundle/ruby/3.2.0/gems/activerecord-7.1.5.1/lib/active_record/fixtures.rb:681:in `block in insert'
    vendor/bundle/ruby/3.2.0/gems/activerecord-7.1.5.1/lib/active_record/fixtures.rb:672:in `each'
    vendor/bundle/ruby/3.2.0/gems/activerecord-7.1.5.1/lib/active_record/fixtures.rb:672:in `insert'
    vendor/bundle/ruby/3.2.0/gems/activerecord-7.1.5.1/lib/active_record/fixtures.rb:658:in `read_and_insert'
    vendor/bundle/ruby/3.2.0/gems/activerecord-7.1.5.1/lib/active_record/fixtures.rb:603:in `create_fixtures'
    vendor/bundle/ruby/3.2.0/gems/activerecord-7.1.5.1/lib/active_record/test_fixtures.rb:256:in `load_fixtures'
    vendor/bundle/ruby/3.2.0/gems/activerecord-7.1.5.1/lib/active_record/test_fixtures.rb:143:in `setup_fixtures'
    vendor/bundle/ruby/3.2.0/gems/activerecord-7.1.5.1/lib/active_record/test_fixtures.rb:10:in `before_setup'
    vendor/bundle/ruby/3.2.0/gems/activesupport-7.1.5.1/lib/active_support/testing/setup_and_teardown.rb:40:in `before_setup'
    vendor/bundle/ruby/3.2.0/gems/actionpack-7.1.5.1/lib/action_dispatch/testing/integration.rb:340:in `before_setup'
    vendor/bundle/ruby/3.2.0/gems/activejob-7.1.5.1/lib/active_job/test_helper.rb:50:in `before_setup'
    vendor/bundle/ruby/3.2.0/gems/railties-7.1.5.1/lib/rails/test_help.rb:47:in `before_setup'

bin/rails test test/controllers/clients_controller_test.rb:8

WARNING: Rails was not able to disable referential integrity.

This is most likely caused due to missing permissions.
Rails needs superuser privileges to disable referential integrity.

    cause: PG::InsufficientPrivilege: ERROR:  permission denied: "RI_ConstraintTrigger_c_50591" is a system trigger


ClientsControllerTest#test_should_get_edit = 0.08 s = E


Error:
ClientsControllerTest#test_should_get_edit:
ActiveRecord::InvalidForeignKey: PG::ForeignKeyViolation: ERROR:  insert or update on table "attendances" violates foreign key constraint "fk_rails_aa7947c197"
DETAIL:  Key (training_session_id)=(980190962) is not present in table "training_sessions".

    vendor/bundle/ruby/3.2.0/gems/activerecord-7.1.5.1/lib/active_record/connection_adapters/postgresql/database_statements.rb:55:in `exec'
    vendor/bundle/ruby/3.2.0/gems/activerecord-7.1.5.1/lib/active_record/connection_adapters/postgresql/database_statements.rb:55:in `block (2 levels) in raw_execute'
    vendor/bundle/ruby/3.2.0/gems/activerecord-7.1.5.1/lib/active_record/connection_adapters/abstract_adapter.rb:1027:in `block in with_raw_connection'
    vendor/bundle/ruby/3.2.0/gems/activesupport-7.1.5.1/lib/active_support/concurrency/null_lock.rb:9:in `synchronize'
    vendor/bundle/ruby/3.2.0/gems/activerecord-7.1.5.1/lib/active_record/connection_adapters/abstract_adapter.rb:999:in `with_raw_connection'
    vendor/bundle/ruby/3.2.0/gems/activerecord-7.1.5.1/lib/active_record/connection_adapters/postgresql/database_statements.rb:54:in `block in raw_execute'
    vendor/bundle/ruby/3.2.0/gems/activesupport-7.1.5.1/lib/active_support/notifications/instrumenter.rb:58:in `instrument'
    vendor/bundle/ruby/3.2.0/gems/activerecord-7.1.5.1/lib/active_record/connection_adapters/abstract_adapter.rb:1142:in `log'
    vendor/bundle/ruby/3.2.0/gems/activerecord-7.1.5.1/lib/active_record/connection_adapters/postgresql/database_statements.rb:53:in `raw_execute'
    vendor/bundle/ruby/3.2.0/gems/activerecord-7.1.5.1/lib/active_record/connection_adapters/abstract/database_statements.rb:521:in `internal_execute'
    vendor/bundle/ruby/3.2.0/gems/activerecord-7.1.5.1/lib/active_record/connection_adapters/abstract/database_statements.rb:131:in `execute'
    vendor/bundle/ruby/3.2.0/gems/activerecord-7.1.5.1/lib/active_record/connection_adapters/abstract/query_cache.rb:25:in `execute'
    vendor/bundle/ruby/3.2.0/gems/activerecord-7.1.5.1/lib/active_record/connection_adapters/postgresql/database_statements.rb:47:in `execute'
    vendor/bundle/ruby/3.2.0/gems/activerecord-7.1.5.1/lib/active_record/connection_adapters/postgresql/database_statements.rb:151:in `execute_batch'
    vendor/bundle/ruby/3.2.0/gems/activerecord-7.1.5.1/lib/active_record/connection_adapters/abstract/database_statements.rb:462:in `block (3 levels) in insert_fixtures_set'
    vendor/bundle/ruby/3.2.0/gems/activerecord-7.1.5.1/lib/active_record/connection_adapters/abstract/transaction.rb:535:in `block in within_new_transaction'
    vendor/bundle/ruby/3.2.0/gems/activesupport-7.1.5.1/lib/active_support/concurrency/null_lock.rb:9:in `synchronize'
    vendor/bundle/ruby/3.2.0/gems/activerecord-7.1.5.1/lib/active_record/connection_adapters/abstract/transaction.rb:532:in `within_new_transaction'
    vendor/bundle/ruby/3.2.0/gems/activerecord-7.1.5.1/lib/active_record/connection_adapters/abstract/database_statements.rb:344:in `transaction'
    vendor/bundle/ruby/3.2.0/gems/activerecord-7.1.5.1/lib/active_record/connection_adapters/abstract/database_statements.rb:461:in `block (2 levels) in insert_fixtures_set'
    vendor/bundle/ruby/3.2.0/gems/activerecord-7.1.5.1/lib/active_record/connection_adapters/postgresql/referential_integrity.rb:19:in `disable_referential_integrity'
    vendor/bundle/ruby/3.2.0/gems/activerecord-7.1.5.1/lib/active_record/connection_adapters/abstract/database_statements.rb:460:in `block in insert_fixtures_set'
    vendor/bundle/ruby/3.2.0/gems/activerecord-7.1.5.1/lib/active_record/connection_adapters/abstract/database_statements.rb:601:in `with_multi_statements'
    vendor/bundle/ruby/3.2.0/gems/activerecord-7.1.5.1/lib/active_record/connection_adapters/abstract/database_statements.rb:459:in `insert_fixtures_set'
    vendor/bundle/ruby/3.2.0/gems/activerecord-7.1.5.1/lib/active_record/fixtures.rb:681:in `block in insert'
    vendor/bundle/ruby/3.2.0/gems/activerecord-7.1.5.1/lib/active_record/fixtures.rb:672:in `each'
    vendor/bundle/ruby/3.2.0/gems/activerecord-7.1.5.1/lib/active_record/fixtures.rb:672:in `insert'
    vendor/bundle/ruby/3.2.0/gems/activerecord-7.1.5.1/lib/active_record/fixtures.rb:658:in `read_and_insert'
    vendor/bundle/ruby/3.2.0/gems/activerecord-7.1.5.1/lib/active_record/fixtures.rb:603:in `create_fixtures'
    vendor/bundle/ruby/3.2.0/gems/activerecord-7.1.5.1/lib/active_record/test_fixtures.rb:256:in `load_fixtures'
    vendor/bundle/ruby/3.2.0/gems/activerecord-7.1.5.1/lib/active_record/test_fixtures.rb:143:in `setup_fixtures'
    vendor/bundle/ruby/3.2.0/gems/activerecord-7.1.5.1/lib/active_record/test_fixtures.rb:10:in `before_setup'
    vendor/bundle/ruby/3.2.0/gems/activesupport-7.1.5.1/lib/active_support/testing/setup_and_teardown.rb:40:in `before_setup'
    vendor/bundle/ruby/3.2.0/gems/actionpack-7.1.5.1/lib/action_dispatch/testing/integration.rb:340:in `before_setup'
    vendor/bundle/ruby/3.2.0/gems/activejob-7.1.5.1/lib/active_job/test_helper.rb:50:in `before_setup'
    vendor/bundle/ruby/3.2.0/gems/railties-7.1.5.1/lib/rails/test_help.rb:47:in `before_setup'

bin/rails test test/controllers/clients_controller_test.rb:31

WARNING: Rails was not able to disable referential integrity.

This is most likely caused due to missing permissions.
Rails needs superuser privileges to disable referential integrity.

    cause: PG::InsufficientPrivilege: ERROR:  permission denied: "RI_ConstraintTrigger_c_50466" is a system trigger


ClientsControllerTest#test_should_destroy_client = 0.09 s = E


Error:
ClientsControllerTest#test_should_destroy_client:
ActiveRecord::InvalidForeignKey: PG::ForeignKeyViolation: ERROR:  insert or update on table "attendances" violates foreign key constraint "fk_rails_aa7947c197"
DETAIL:  Key (training_session_id)=(980190962) is not present in table "training_sessions".

    vendor/bundle/ruby/3.2.0/gems/activerecord-7.1.5.1/lib/active_record/connection_adapters/postgresql/database_statements.rb:55:in `exec'
    vendor/bundle/ruby/3.2.0/gems/activerecord-7.1.5.1/lib/active_record/connection_adapters/postgresql/database_statements.rb:55:in `block (2 levels) in raw_execute'
    vendor/bundle/ruby/3.2.0/gems/activerecord-7.1.5.1/lib/active_record/connection_adapters/abstract_adapter.rb:1027:in `block in with_raw_connection'
    vendor/bundle/ruby/3.2.0/gems/activesupport-7.1.5.1/lib/active_support/concurrency/null_lock.rb:9:in `synchronize'
    vendor/bundle/ruby/3.2.0/gems/activerecord-7.1.5.1/lib/active_record/connection_adapters/abstract_adapter.rb:999:in `with_raw_connection'
    vendor/bundle/ruby/3.2.0/gems/activerecord-7.1.5.1/lib/active_record/connection_adapters/postgresql/database_statements.rb:54:in `block in raw_execute'
    vendor/bundle/ruby/3.2.0/gems/activesupport-7.1.5.1/lib/active_support/notifications/instrumenter.rb:58:in `instrument'
    vendor/bundle/ruby/3.2.0/gems/activerecord-7.1.5.1/lib/active_record/connection_adapters/abstract_adapter.rb:1142:in `log'
    vendor/bundle/ruby/3.2.0/gems/activerecord-7.1.5.1/lib/active_record/connection_adapters/postgresql/database_statements.rb:53:in `raw_execute'
    vendor/bundle/ruby/3.2.0/gems/activerecord-7.1.5.1/lib/active_record/connection_adapters/abstract/database_statements.rb:521:in `internal_execute'
    vendor/bundle/ruby/3.2.0/gems/activerecord-7.1.5.1/lib/active_record/connection_adapters/abstract/database_statements.rb:131:in `execute'
    vendor/bundle/ruby/3.2.0/gems/activerecord-7.1.5.1/lib/active_record/connection_adapters/abstract/query_cache.rb:25:in `execute'
    vendor/bundle/ruby/3.2.0/gems/activerecord-7.1.5.1/lib/active_record/connection_adapters/postgresql/database_statements.rb:47:in `execute'
    vendor/bundle/ruby/3.2.0/gems/activerecord-7.1.5.1/lib/active_record/connection_adapters/postgresql/database_statements.rb:151:in `execute_batch'
    vendor/bundle/ruby/3.2.0/gems/activerecord-7.1.5.1/lib/active_record/connection_adapters/abstract/database_statements.rb:462:in `block (3 levels) in insert_fixtures_set'
    vendor/bundle/ruby/3.2.0/gems/activerecord-7.1.5.1/lib/active_record/connection_adapters/abstract/transaction.rb:535:in `block in within_new_transaction'
    vendor/bundle/ruby/3.2.0/gems/activesupport-7.1.5.1/lib/active_support/concurrency/null_lock.rb:9:in `synchronize'
    vendor/bundle/ruby/3.2.0/gems/activerecord-7.1.5.1/lib/active_record/connection_adapters/abstract/transaction.rb:532:in `within_new_transaction'
    vendor/bundle/ruby/3.2.0/gems/activerecord-7.1.5.1/lib/active_record/connection_adapters/abstract/database_statements.rb:344:in `transaction'
    vendor/bundle/ruby/3.2.0/gems/activerecord-7.1.5.1/lib/active_record/connection_adapters/abstract/database_statements.rb:461:in `block (2 levels) in insert_fixtures_set'
    vendor/bundle/ruby/3.2.0/gems/activerecord-7.1.5.1/lib/active_record/connection_adapters/postgresql/referential_integrity.rb:19:in `disable_referential_integrity'
    vendor/bundle/ruby/3.2.0/gems/activerecord-7.1.5.1/lib/active_record/connection_adapters/abstract/database_statements.rb:460:in `block in insert_fixtures_set'
    vendor/bundle/ruby/3.2.0/gems/activerecord-7.1.5.1/lib/active_record/connection_adapters/abstract/database_statements.rb:601:in `with_multi_statements'
    vendor/bundle/ruby/3.2.0/gems/activerecord-7.1.5.1/lib/active_record/connection_adapters/abstract/database_statements.rb:459:in `insert_fixtures_set'
    vendor/bundle/ruby/3.2.0/gems/activerecord-7.1.5.1/lib/active_record/fixtures.rb:681:in `block in insert'
    vendor/bundle/ruby/3.2.0/gems/activerecord-7.1.5.1/lib/active_record/fixtures.rb:672:in `each'
    vendor/bundle/ruby/3.2.0/gems/activerecord-7.1.5.1/lib/active_record/fixtures.rb:672:in `insert'
    vendor/bundle/ruby/3.2.0/gems/activerecord-7.1.5.1/lib/active_record/fixtures.rb:658:in `read_and_insert'
    vendor/bundle/ruby/3.2.0/gems/activerecord-7.1.5.1/lib/active_record/fixtures.rb:603:in `create_fixtures'
    vendor/bundle/ruby/3.2.0/gems/activerecord-7.1.5.1/lib/active_record/test_fixtures.rb:256:in `load_fixtures'
    vendor/bundle/ruby/3.2.0/gems/activerecord-7.1.5.1/lib/active_record/test_fixtures.rb:143:in `setup_fixtures'
    vendor/bundle/ruby/3.2.0/gems/activerecord-7.1.5.1/lib/active_record/test_fixtures.rb:10:in `before_setup'
    vendor/bundle/ruby/3.2.0/gems/activesupport-7.1.5.1/lib/active_support/testing/setup_and_teardown.rb:40:in `before_setup'
    vendor/bundle/ruby/3.2.0/gems/actionpack-7.1.5.1/lib/action_dispatch/testing/integration.rb:340:in `before_setup'
    vendor/bundle/ruby/3.2.0/gems/activejob-7.1.5.1/lib/active_job/test_helper.rb:50:in `before_setup'
    vendor/bundle/ruby/3.2.0/gems/railties-7.1.5.1/lib/rails/test_help.rb:47:in `before_setup'

bin/rails test test/controllers/clients_controller_test.rb:41

WARNING: Rails was not able to disable referential integrity.

This is most likely caused due to missing permissions.
Rails needs superuser privileges to disable referential integrity.

    cause: PG::InsufficientPrivilege: ERROR:  permission denied: "RI_ConstraintTrigger_c_50445" is a system trigger


WARNING: Rails was not able to disable referential integrity.

This is most likely caused due to missing permissions.
Rails needs superuser privileges to disable referential integrity.

    cause: PG::InsufficientPrivilege: ERROR:  permission denied: "RI_ConstraintTrigger_c_50591" is a system trigger


PresencesControllerTest#test_should_get_index = 0.03 s = E


Error:
PresencesControllerTest#test_should_get_index:
ActiveRecord::InvalidForeignKey: PG::ForeignKeyViolation: ERROR:  insert or update on table "attendances" violates foreign key constraint "fk_rails_aa7947c197"
DETAIL:  Key (training_session_id)=(980190962) is not present in table "training_sessions".

    vendor/bundle/ruby/3.2.0/gems/activerecord-7.1.5.1/lib/active_record/connection_adapters/postgresql/database_statements.rb:55:in `exec'
    vendor/bundle/ruby/3.2.0/gems/activerecord-7.1.5.1/lib/active_record/connection_adapters/postgresql/database_statements.rb:55:in `block (2 levels) in raw_execute'
    vendor/bundle/ruby/3.2.0/gems/activerecord-7.1.5.1/lib/active_record/connection_adapters/abstract_adapter.rb:1027:in `block in with_raw_connection'
    vendor/bundle/ruby/3.2.0/gems/activesupport-7.1.5.1/lib/active_support/concurrency/null_lock.rb:9:in `synchronize'
    vendor/bundle/ruby/3.2.0/gems/activerecord-7.1.5.1/lib/active_record/connection_adapters/abstract_adapter.rb:999:in `with_raw_connection'
    vendor/bundle/ruby/3.2.0/gems/activerecord-7.1.5.1/lib/active_record/connection_adapters/postgresql/database_statements.rb:54:in `block in raw_execute'
    vendor/bundle/ruby/3.2.0/gems/activesupport-7.1.5.1/lib/active_support/notifications/instrumenter.rb:58:in `instrument'
    vendor/bundle/ruby/3.2.0/gems/activerecord-7.1.5.1/lib/active_record/connection_adapters/abstract_adapter.rb:1142:in `log'
    vendor/bundle/ruby/3.2.0/gems/activerecord-7.1.5.1/lib/active_record/connection_adapters/postgresql/database_statements.rb:53:in `raw_execute'
    vendor/bundle/ruby/3.2.0/gems/activerecord-7.1.5.1/lib/active_record/connection_adapters/abstract/database_statements.rb:521:in `internal_execute'
    vendor/bundle/ruby/3.2.0/gems/activerecord-7.1.5.1/lib/active_record/connection_adapters/abstract/database_statements.rb:131:in `execute'
    vendor/bundle/ruby/3.2.0/gems/activerecord-7.1.5.1/lib/active_record/connection_adapters/abstract/query_cache.rb:25:in `execute'
    vendor/bundle/ruby/3.2.0/gems/activerecord-7.1.5.1/lib/active_record/connection_adapters/postgresql/database_statements.rb:47:in `execute'
    vendor/bundle/ruby/3.2.0/gems/activerecord-7.1.5.1/lib/active_record/connection_adapters/postgresql/database_statements.rb:151:in `execute_batch'
    vendor/bundle/ruby/3.2.0/gems/activerecord-7.1.5.1/lib/active_record/connection_adapters/abstract/database_statements.rb:462:in `block (3 levels) in insert_fixtures_set'
    vendor/bundle/ruby/3.2.0/gems/activerecord-7.1.5.1/lib/active_record/connection_adapters/abstract/transaction.rb:535:in `block in within_new_transaction'
    vendor/bundle/ruby/3.2.0/gems/activesupport-7.1.5.1/lib/active_support/concurrency/null_lock.rb:9:in `synchronize'
    vendor/bundle/ruby/3.2.0/gems/activerecord-7.1.5.1/lib/active_record/connection_adapters/abstract/transaction.rb:532:in `within_new_transaction'
    vendor/bundle/ruby/3.2.0/gems/activerecord-7.1.5.1/lib/active_record/connection_adapters/abstract/database_statements.rb:344:in `transaction'
    vendor/bundle/ruby/3.2.0/gems/activerecord-7.1.5.1/lib/active_record/connection_adapters/abstract/database_statements.rb:461:in `block (2 levels) in insert_fixtures_set'
    vendor/bundle/ruby/3.2.0/gems/activerecord-7.1.5.1/lib/active_record/connection_adapters/postgresql/referential_integrity.rb:19:in `disable_referential_integrity'
    vendor/bundle/ruby/3.2.0/gems/activerecord-7.1.5.1/lib/active_record/connection_adapters/abstract/database_statements.rb:460:in `block in insert_fixtures_set'
    vendor/bundle/ruby/3.2.0/gems/activerecord-7.1.5.1/lib/active_record/connection_adapters/abstract/database_statements.rb:601:in `with_multi_statements'
    vendor/bundle/ruby/3.2.0/gems/activerecord-7.1.5.1/lib/active_record/connection_adapters/abstract/database_statements.rb:459:in `insert_fixtures_set'
    vendor/bundle/ruby/3.2.0/gems/activerecord-7.1.5.1/lib/active_record/fixtures.rb:681:in `block in insert'
    vendor/bundle/ruby/3.2.0/gems/activerecord-7.1.5.1/lib/active_record/fixtures.rb:672:in `each'
    vendor/bundle/ruby/3.2.0/gems/activerecord-7.1.5.1/lib/active_record/fixtures.rb:672:in `insert'
    vendor/bundle/ruby/3.2.0/gems/activerecord-7.1.5.1/lib/active_record/fixtures.rb:658:in `read_and_insert'
    vendor/bundle/ruby/3.2.0/gems/activerecord-7.1.5.1/lib/active_record/fixtures.rb:603:in `create_fixtures'
    vendor/bundle/ruby/3.2.0/gems/activerecord-7.1.5.1/lib/active_record/test_fixtures.rb:256:in `load_fixtures'
    vendor/bundle/ruby/3.2.0/gems/activerecord-7.1.5.1/lib/active_record/test_fixtures.rb:143:in `setup_fixtures'
    vendor/bundle/ruby/3.2.0/gems/activerecord-7.1.5.1/lib/active_record/test_fixtures.rb:10:in `before_setup'
    vendor/bundle/ruby/3.2.0/gems/activesupport-7.1.5.1/lib/active_support/testing/setup_and_teardown.rb:40:in `before_setup'
    vendor/bundle/ruby/3.2.0/gems/actionpack-7.1.5.1/lib/action_dispatch/testing/integration.rb:340:in `before_setup'
    vendor/bundle/ruby/3.2.0/gems/activejob-7.1.5.1/lib/active_job/test_helper.rb:50:in `before_setup'
    vendor/bundle/ruby/3.2.0/gems/railties-7.1.5.1/lib/rails/test_help.rb:47:in `before_setup'

bin/rails test test/controllers/presences_controller_test.rb:8

PresencesControllerTest#test_should_update_presence = 0.08 s = E


Error:
PresencesControllerTest#test_should_update_presence:
ActiveRecord::InvalidForeignKey: PG::ForeignKeyViolation: ERROR:  insert or update on table "attendances" violates foreign key constraint "fk_rails_aa7947c197"
DETAIL:  Key (training_session_id)=(980190962) is not present in table "training_sessions".

    vendor/bundle/ruby/3.2.0/gems/activerecord-7.1.5.1/lib/active_record/connection_adapters/postgresql/database_statements.rb:55:in `exec'
    vendor/bundle/ruby/3.2.0/gems/activerecord-7.1.5.1/lib/active_record/connection_adapters/postgresql/database_statements.rb:55:in `block (2 levels) in raw_execute'
    vendor/bundle/ruby/3.2.0/gems/activerecord-7.1.5.1/lib/active_record/connection_adapters/abstract_adapter.rb:1027:in `block in with_raw_connection'
    vendor/bundle/ruby/3.2.0/gems/activesupport-7.1.5.1/lib/active_support/concurrency/null_lock.rb:9:in `synchronize'
    vendor/bundle/ruby/3.2.0/gems/activerecord-7.1.5.1/lib/active_record/connection_adapters/abstract_adapter.rb:999:in `with_raw_connection'
    vendor/bundle/ruby/3.2.0/gems/activerecord-7.1.5.1/lib/active_record/connection_adapters/postgresql/database_statements.rb:54:in `block in raw_execute'
    vendor/bundle/ruby/3.2.0/gems/activesupport-7.1.5.1/lib/active_support/notifications/instrumenter.rb:58:in `instrument'
    vendor/bundle/ruby/3.2.0/gems/activerecord-7.1.5.1/lib/active_record/connection_adapters/abstract_adapter.rb:1142:in `log'
    vendor/bundle/ruby/3.2.0/gems/activerecord-7.1.5.1/lib/active_record/connection_adapters/postgresql/database_statements.rb:53:in `raw_execute'
    vendor/bundle/ruby/3.2.0/gems/activerecord-7.1.5.1/lib/active_record/connection_adapters/abstract/database_statements.rb:521:in `internal_execute'
    vendor/bundle/ruby/3.2.0/gems/activerecord-7.1.5.1/lib/active_record/connection_adapters/abstract/database_statements.rb:131:in `execute'
    vendor/bundle/ruby/3.2.0/gems/activerecord-7.1.5.1/lib/active_record/connection_adapters/abstract/query_cache.rb:25:in `execute'
    vendor/bundle/ruby/3.2.0/gems/activerecord-7.1.5.1/lib/active_record/connection_adapters/postgresql/database_statements.rb:47:in `execute'
    vendor/bundle/ruby/3.2.0/gems/activerecord-7.1.5.1/lib/active_record/connection_adapters/postgresql/database_statements.rb:151:in `execute_batch'
    vendor/bundle/ruby/3.2.0/gems/activerecord-7.1.5.1/lib/active_record/connection_adapters/abstract/database_statements.rb:462:in `block (3 levels) in insert_fixtures_set'
    vendor/bundle/ruby/3.2.0/gems/activerecord-7.1.5.1/lib/active_record/connection_adapters/abstract/transaction.rb:535:in `block in within_new_transaction'
    vendor/bundle/ruby/3.2.0/gems/activesupport-7.1.5.1/lib/active_support/concurrency/null_lock.rb:9:in `synchronize'
    vendor/bundle/ruby/3.2.0/gems/activerecord-7.1.5.1/lib/active_record/connection_adapters/abstract/transaction.rb:532:in `within_new_transaction'
    vendor/bundle/ruby/3.2.0/gems/activerecord-7.1.5.1/lib/active_record/connection_adapters/abstract/database_statements.rb:344:in `transaction'
    vendor/bundle/ruby/3.2.0/gems/activerecord-7.1.5.1/lib/active_record/connection_adapters/abstract/database_statements.rb:461:in `block (2 levels) in insert_fixtures_set'
    vendor/bundle/ruby/3.2.0/gems/activerecord-7.1.5.1/lib/active_record/connection_adapters/postgresql/referential_integrity.rb:19:in `disable_referential_integrity'
    vendor/bundle/ruby/3.2.0/gems/activerecord-7.1.5.1/lib/active_record/connection_adapters/abstract/database_statements.rb:460:in `block in insert_fixtures_set'
    vendor/bundle/ruby/3.2.0/gems/activerecord-7.1.5.1/lib/active_record/connection_adapters/abstract/database_statements.rb:601:in `with_multi_statements'
    vendor/bundle/ruby/3.2.0/gems/activerecord-7.1.5.1/lib/active_record/connection_adapters/abstract/database_statements.rb:459:in `insert_fixtures_set'
    vendor/bundle/ruby/3.2.0/gems/activerecord-7.1.5.1/lib/active_record/fixtures.rb:681:in `block in insert'
    vendor/bundle/ruby/3.2.0/gems/activerecord-7.1.5.1/lib/active_record/fixtures.rb:672:in `each'
    vendor/bundle/ruby/3.2.0/gems/activerecord-7.1.5.1/lib/active_record/fixtures.rb:672:in `insert'
    vendor/bundle/ruby/3.2.0/gems/activerecord-7.1.5.1/lib/active_record/fixtures.rb:658:in `read_and_insert'
    vendor/bundle/ruby/3.2.0/gems/activerecord-7.1.5.1/lib/active_record/fixtures.rb:603:in `create_fixtures'
    vendor/bundle/ruby/3.2.0/gems/activerecord-7.1.5.1/lib/active_record/test_fixtures.rb:256:in `load_fixtures'
    vendor/bundle/ruby/3.2.0/gems/activerecord-7.1.5.1/lib/active_record/test_fixtures.rb:143:in `setup_fixtures'
    vendor/bundle/ruby/3.2.0/gems/activerecord-7.1.5.1/lib/active_record/test_fixtures.rb:10:in `before_setup'
    vendor/bundle/ruby/3.2.0/gems/activesupport-7.1.5.1/lib/active_support/testing/setup_and_teardown.rb:40:in `before_setup'
    vendor/bundle/ruby/3.2.0/gems/actionpack-7.1.5.1/lib/action_dispatch/testing/integration.rb:340:in `before_setup'
    vendor/bundle/ruby/3.2.0/gems/activejob-7.1.5.1/lib/active_job/test_helper.rb:50:in `before_setup'
    vendor/bundle/ruby/3.2.0/gems/railties-7.1.5.1/lib/rails/test_help.rb:47:in `before_setup'

bin/rails test test/controllers/presences_controller_test.rb:36

WARNING: Rails was not able to disable referential integrity.

This is most likely caused due to missing permissions.
Rails needs superuser privileges to disable referential integrity.

    cause: PG::InsufficientPrivilege: ERROR:  permission denied: "RI_ConstraintTrigger_c_50531" is a system trigger


PresencesControllerTest#test_should_create_presence = 0.10 s = E


Error:
PresencesControllerTest#test_should_create_presence:
ActiveRecord::InvalidForeignKey: PG::ForeignKeyViolation: ERROR:  insert or update on table "attendances" violates foreign key constraint "fk_rails_aa7947c197"
DETAIL:  Key (training_session_id)=(980190962) is not present in table "training_sessions".

    vendor/bundle/ruby/3.2.0/gems/activerecord-7.1.5.1/lib/active_record/connection_adapters/postgresql/database_statements.rb:55:in `exec'
    vendor/bundle/ruby/3.2.0/gems/activerecord-7.1.5.1/lib/active_record/connection_adapters/postgresql/database_statements.rb:55:in `block (2 levels) in raw_execute'
    vendor/bundle/ruby/3.2.0/gems/activerecord-7.1.5.1/lib/active_record/connection_adapters/abstract_adapter.rb:1027:in `block in with_raw_connection'
    vendor/bundle/ruby/3.2.0/gems/activesupport-7.1.5.1/lib/active_support/concurrency/null_lock.rb:9:in `synchronize'
    vendor/bundle/ruby/3.2.0/gems/activerecord-7.1.5.1/lib/active_record/connection_adapters/abstract_adapter.rb:999:in `with_raw_connection'
    vendor/bundle/ruby/3.2.0/gems/activerecord-7.1.5.1/lib/active_record/connection_adapters/postgresql/database_statements.rb:54:in `block in raw_execute'
    vendor/bundle/ruby/3.2.0/gems/activesupport-7.1.5.1/lib/active_support/notifications/instrumenter.rb:58:in `instrument'
    vendor/bundle/ruby/3.2.0/gems/activerecord-7.1.5.1/lib/active_record/connection_adapters/abstract_adapter.rb:1142:in `log'
    vendor/bundle/ruby/3.2.0/gems/activerecord-7.1.5.1/lib/active_record/connection_adapters/postgresql/database_statements.rb:53:in `raw_execute'
    vendor/bundle/ruby/3.2.0/gems/activerecord-7.1.5.1/lib/active_record/connection_adapters/abstract/database_statements.rb:521:in `internal_execute'
    vendor/bundle/ruby/3.2.0/gems/activerecord-7.1.5.1/lib/active_record/connection_adapters/abstract/database_statements.rb:131:in `execute'
    vendor/bundle/ruby/3.2.0/gems/activerecord-7.1.5.1/lib/active_record/connection_adapters/abstract/query_cache.rb:25:in `execute'
    vendor/bundle/ruby/3.2.0/gems/activerecord-7.1.5.1/lib/active_record/connection_adapters/postgresql/database_statements.rb:47:in `execute'
    vendor/bundle/ruby/3.2.0/gems/activerecord-7.1.5.1/lib/active_record/connection_adapters/postgresql/database_statements.rb:151:in `execute_batch'
    vendor/bundle/ruby/3.2.0/gems/activerecord-7.1.5.1/lib/active_record/connection_adapters/abstract/database_statements.rb:462:in `block (3 levels) in insert_fixtures_set'
    vendor/bundle/ruby/3.2.0/gems/activerecord-7.1.5.1/lib/active_record/connection_adapters/abstract/transaction.rb:535:in `block in within_new_transaction'
    vendor/bundle/ruby/3.2.0/gems/activesupport-7.1.5.1/lib/active_support/concurrency/null_lock.rb:9:in `synchronize'
    vendor/bundle/ruby/3.2.0/gems/activerecord-7.1.5.1/lib/active_record/connection_adapters/abstract/transaction.rb:532:in `within_new_transaction'
    vendor/bundle/ruby/3.2.0/gems/activerecord-7.1.5.1/lib/active_record/connection_adapters/abstract/database_statements.rb:344:in `transaction'
    vendor/bundle/ruby/3.2.0/gems/activerecord-7.1.5.1/lib/active_record/connection_adapters/abstract/database_statements.rb:461:in `block (2 levels) in insert_fixtures_set'
    vendor/bundle/ruby/3.2.0/gems/activerecord-7.1.5.1/lib/active_record/connection_adapters/postgresql/referential_integrity.rb:19:in `disable_referential_integrity'
    vendor/bundle/ruby/3.2.0/gems/activerecord-7.1.5.1/lib/active_record/connection_adapters/abstract/database_statements.rb:460:in `block in insert_fixtures_set'
    vendor/bundle/ruby/3.2.0/gems/activerecord-7.1.5.1/lib/active_record/connection_adapters/abstract/database_statements.rb:601:in `with_multi_statements'
    vendor/bundle/ruby/3.2.0/gems/activerecord-7.1.5.1/lib/active_record/connection_adapters/abstract/database_statements.rb:459:in `insert_fixtures_set'
    vendor/bundle/ruby/3.2.0/gems/activerecord-7.1.5.1/lib/active_record/fixtures.rb:681:in `block in insert'
    vendor/bundle/ruby/3.2.0/gems/activerecord-7.1.5.1/lib/active_record/fixtures.rb:672:in `each'
    vendor/bundle/ruby/3.2.0/gems/activerecord-7.1.5.1/lib/active_record/fixtures.rb:672:in `insert'
    vendor/bundle/ruby/3.2.0/gems/activerecord-7.1.5.1/lib/active_record/fixtures.rb:658:in `read_and_insert'
    vendor/bundle/ruby/3.2.0/gems/activerecord-7.1.5.1/lib/active_record/fixtures.rb:603:in `create_fixtures'
    vendor/bundle/ruby/3.2.0/gems/activerecord-7.1.5.1/lib/active_record/test_fixtures.rb:256:in `load_fixtures'
    vendor/bundle/ruby/3.2.0/gems/activerecord-7.1.5.1/lib/active_record/test_fixtures.rb:143:in `setup_fixtures'
    vendor/bundle/ruby/3.2.0/gems/activerecord-7.1.5.1/lib/active_record/test_fixtures.rb:10:in `before_setup'
    vendor/bundle/ruby/3.2.0/gems/activesupport-7.1.5.1/lib/active_support/testing/setup_and_teardown.rb:40:in `before_setup'
    vendor/bundle/ruby/3.2.0/gems/actionpack-7.1.5.1/lib/action_dispatch/testing/integration.rb:340:in `before_setup'
    vendor/bundle/ruby/3.2.0/gems/activejob-7.1.5.1/lib/active_job/test_helper.rb:50:in `before_setup'
    vendor/bundle/ruby/3.2.0/gems/railties-7.1.5.1/lib/rails/test_help.rb:47:in `before_setup'

bin/rails test test/controllers/presences_controller_test.rb:18

WARNING: Rails was not able to disable referential integrity.

This is most likely caused due to missing permissions.
Rails needs superuser privileges to disable referential integrity.

    cause: PG::InsufficientPrivilege: ERROR:  permission denied: "RI_ConstraintTrigger_c_50466" is a system trigger


PresencesControllerTest#test_should_get_new = 0.08 s = E


Error:
PresencesControllerTest#test_should_get_new:
ActiveRecord::InvalidForeignKey: PG::ForeignKeyViolation: ERROR:  insert or update on table "attendances" violates foreign key constraint "fk_rails_aa7947c197"
DETAIL:  Key (training_session_id)=(980190962) is not present in table "training_sessions".

    vendor/bundle/ruby/3.2.0/gems/activerecord-7.1.5.1/lib/active_record/connection_adapters/postgresql/database_statements.rb:55:in `exec'
    vendor/bundle/ruby/3.2.0/gems/activerecord-7.1.5.1/lib/active_record/connection_adapters/postgresql/database_statements.rb:55:in `block (2 levels) in raw_execute'
    vendor/bundle/ruby/3.2.0/gems/activerecord-7.1.5.1/lib/active_record/connection_adapters/abstract_adapter.rb:1027:in `block in with_raw_connection'
    vendor/bundle/ruby/3.2.0/gems/activesupport-7.1.5.1/lib/active_support/concurrency/null_lock.rb:9:in `synchronize'
    vendor/bundle/ruby/3.2.0/gems/activerecord-7.1.5.1/lib/active_record/connection_adapters/abstract_adapter.rb:999:in `with_raw_connection'
    vendor/bundle/ruby/3.2.0/gems/activerecord-7.1.5.1/lib/active_record/connection_adapters/postgresql/database_statements.rb:54:in `block in raw_execute'
    vendor/bundle/ruby/3.2.0/gems/activesupport-7.1.5.1/lib/active_support/notifications/instrumenter.rb:58:in `instrument'
    vendor/bundle/ruby/3.2.0/gems/activerecord-7.1.5.1/lib/active_record/connection_adapters/abstract_adapter.rb:1142:in `log'
    vendor/bundle/ruby/3.2.0/gems/activerecord-7.1.5.1/lib/active_record/connection_adapters/postgresql/database_statements.rb:53:in `raw_execute'
    vendor/bundle/ruby/3.2.0/gems/activerecord-7.1.5.1/lib/active_record/connection_adapters/abstract/database_statements.rb:521:in `internal_execute'
    vendor/bundle/ruby/3.2.0/gems/activerecord-7.1.5.1/lib/active_record/connection_adapters/abstract/database_statements.rb:131:in `execute'
    vendor/bundle/ruby/3.2.0/gems/activerecord-7.1.5.1/lib/active_record/connection_adapters/abstract/query_cache.rb:25:in `execute'
    vendor/bundle/ruby/3.2.0/gems/activerecord-7.1.5.1/lib/active_record/connection_adapters/postgresql/database_statements.rb:47:in `execute'
    vendor/bundle/ruby/3.2.0/gems/activerecord-7.1.5.1/lib/active_record/connection_adapters/postgresql/database_statements.rb:151:in `execute_batch'
    vendor/bundle/ruby/3.2.0/gems/activerecord-7.1.5.1/lib/active_record/connection_adapters/abstract/database_statements.rb:462:in `block (3 levels) in insert_fixtures_set'
    vendor/bundle/ruby/3.2.0/gems/activerecord-7.1.5.1/lib/active_record/connection_adapters/abstract/transaction.rb:535:in `block in within_new_transaction'
    vendor/bundle/ruby/3.2.0/gems/activesupport-7.1.5.1/lib/active_support/concurrency/null_lock.rb:9:in `synchronize'
    vendor/bundle/ruby/3.2.0/gems/activerecord-7.1.5.1/lib/active_record/connection_adapters/abstract/transaction.rb:532:in `within_new_transaction'
    vendor/bundle/ruby/3.2.0/gems/activerecord-7.1.5.1/lib/active_record/connection_adapters/abstract/database_statements.rb:344:in `transaction'
    vendor/bundle/ruby/3.2.0/gems/activerecord-7.1.5.1/lib/active_record/connection_adapters/abstract/database_statements.rb:461:in `block (2 levels) in insert_fixtures_set'
    vendor/bundle/ruby/3.2.0/gems/activerecord-7.1.5.1/lib/active_record/connection_adapters/postgresql/referential_integrity.rb:19:in `disable_referential_integrity'
    vendor/bundle/ruby/3.2.0/gems/activerecord-7.1.5.1/lib/active_record/connection_adapters/abstract/database_statements.rb:460:in `block in insert_fixtures_set'
    vendor/bundle/ruby/3.2.0/gems/activerecord-7.1.5.1/lib/active_record/connection_adapters/abstract/database_statements.rb:601:in `with_multi_statements'
    vendor/bundle/ruby/3.2.0/gems/activerecord-7.1.5.1/lib/active_record/connection_adapters/abstract/database_statements.rb:459:in `insert_fixtures_set'
    vendor/bundle/ruby/3.2.0/gems/activerecord-7.1.5.1/lib/active_record/fixtures.rb:681:in `block in insert'
    vendor/bundle/ruby/3.2.0/gems/activerecord-7.1.5.1/lib/active_record/fixtures.rb:672:in `each'
    vendor/bundle/ruby/3.2.0/gems/activerecord-7.1.5.1/lib/active_record/fixtures.rb:672:in `insert'
    vendor/bundle/ruby/3.2.0/gems/activerecord-7.1.5.1/lib/active_record/fixtures.rb:658:in `read_and_insert'
    vendor/bundle/ruby/3.2.0/gems/activerecord-7.1.5.1/lib/active_record/fixtures.rb:603:in `create_fixtures'
    vendor/bundle/ruby/3.2.0/gems/activerecord-7.1.5.1/lib/active_record/test_fixtures.rb:256:in `load_fixtures'
    vendor/bundle/ruby/3.2.0/gems/activerecord-7.1.5.1/lib/active_record/test_fixtures.rb:143:in `setup_fixtures'
    vendor/bundle/ruby/3.2.0/gems/activerecord-7.1.5.1/lib/active_record/test_fixtures.rb:10:in `before_setup'
    vendor/bundle/ruby/3.2.0/gems/activesupport-7.1.5.1/lib/active_support/testing/setup_and_teardown.rb:40:in `before_setup'
    vendor/bundle/ruby/3.2.0/gems/actionpack-7.1.5.1/lib/action_dispatch/testing/integration.rb:340:in `before_setup'
    vendor/bundle/ruby/3.2.0/gems/activejob-7.1.5.1/lib/active_job/test_helper.rb:50:in `before_setup'
    vendor/bundle/ruby/3.2.0/gems/railties-7.1.5.1/lib/rails/test_help.rb:47:in `before_setup'

bin/rails test test/controllers/presences_controller_test.rb:13

WARNING: Rails was not able to disable referential integrity.

This is most likely caused due to missing permissions.
Rails needs superuser privileges to disable referential integrity.

    cause: PG::InsufficientPrivilege: ERROR:  permission denied: "RI_ConstraintTrigger_c_50591" is a system trigger


PresencesControllerTest#test_should_get_edit = 0.06 s = E


Error:
PresencesControllerTest#test_should_get_edit:
ActiveRecord::InvalidForeignKey: PG::ForeignKeyViolation: ERROR:  insert or update on table "attendances" violates foreign key constraint "fk_rails_aa7947c197"
DETAIL:  Key (training_session_id)=(980190962) is not present in table "training_sessions".

    vendor/bundle/ruby/3.2.0/gems/activerecord-7.1.5.1/lib/active_record/connection_adapters/postgresql/database_statements.rb:55:in `exec'
    vendor/bundle/ruby/3.2.0/gems/activerecord-7.1.5.1/lib/active_record/connection_adapters/postgresql/database_statements.rb:55:in `block (2 levels) in raw_execute'
    vendor/bundle/ruby/3.2.0/gems/activerecord-7.1.5.1/lib/active_record/connection_adapters/abstract_adapter.rb:1027:in `block in with_raw_connection'
    vendor/bundle/ruby/3.2.0/gems/activesupport-7.1.5.1/lib/active_support/concurrency/null_lock.rb:9:in `synchronize'
    vendor/bundle/ruby/3.2.0/gems/activerecord-7.1.5.1/lib/active_record/connection_adapters/abstract_adapter.rb:999:in `with_raw_connection'
    vendor/bundle/ruby/3.2.0/gems/activerecord-7.1.5.1/lib/active_record/connection_adapters/postgresql/database_statements.rb:54:in `block in raw_execute'
    vendor/bundle/ruby/3.2.0/gems/activesupport-7.1.5.1/lib/active_support/notifications/instrumenter.rb:58:in `instrument'
    vendor/bundle/ruby/3.2.0/gems/activerecord-7.1.5.1/lib/active_record/connection_adapters/abstract_adapter.rb:1142:in `log'
    vendor/bundle/ruby/3.2.0/gems/activerecord-7.1.5.1/lib/active_record/connection_adapters/postgresql/database_statements.rb:53:in `raw_execute'
    vendor/bundle/ruby/3.2.0/gems/activerecord-7.1.5.1/lib/active_record/connection_adapters/abstract/database_statements.rb:521:in `internal_execute'
    vendor/bundle/ruby/3.2.0/gems/activerecord-7.1.5.1/lib/active_record/connection_adapters/abstract/database_statements.rb:131:in `execute'
    vendor/bundle/ruby/3.2.0/gems/activerecord-7.1.5.1/lib/active_record/connection_adapters/abstract/query_cache.rb:25:in `execute'
    vendor/bundle/ruby/3.2.0/gems/activerecord-7.1.5.1/lib/active_record/connection_adapters/postgresql/database_statements.rb:47:in `execute'
    vendor/bundle/ruby/3.2.0/gems/activerecord-7.1.5.1/lib/active_record/connection_adapters/postgresql/database_statements.rb:151:in `execute_batch'
    vendor/bundle/ruby/3.2.0/gems/activerecord-7.1.5.1/lib/active_record/connection_adapters/abstract/database_statements.rb:462:in `block (3 levels) in insert_fixtures_set'
    vendor/bundle/ruby/3.2.0/gems/activerecord-7.1.5.1/lib/active_record/connection_adapters/abstract/transaction.rb:535:in `block in within_new_transaction'
    vendor/bundle/ruby/3.2.0/gems/activesupport-7.1.5.1/lib/active_support/concurrency/null_lock.rb:9:in `synchronize'
    vendor/bundle/ruby/3.2.0/gems/activerecord-7.1.5.1/lib/active_record/connection_adapters/abstract/transaction.rb:532:in `within_new_transaction'
    vendor/bundle/ruby/3.2.0/gems/activerecord-7.1.5.1/lib/active_record/connection_adapters/abstract/database_statements.rb:344:in `transaction'
    vendor/bundle/ruby/3.2.0/gems/activerecord-7.1.5.1/lib/active_record/connection_adapters/abstract/database_statements.rb:461:in `block (2 levels) in insert_fixtures_set'
    vendor/bundle/ruby/3.2.0/gems/activerecord-7.1.5.1/lib/active_record/connection_adapters/postgresql/referential_integrity.rb:19:in `disable_referential_integrity'
    vendor/bundle/ruby/3.2.0/gems/activerecord-7.1.5.1/lib/active_record/connection_adapters/abstract/database_statements.rb:460:in `block in insert_fixtures_set'
    vendor/bundle/ruby/3.2.0/gems/activerecord-7.1.5.1/lib/active_record/connection_adapters/abstract/database_statements.rb:601:in `with_multi_statements'
    vendor/bundle/ruby/3.2.0/gems/activerecord-7.1.5.1/lib/active_record/connection_adapters/abstract/database_statements.rb:459:in `insert_fixtures_set'
    vendor/bundle/ruby/3.2.0/gems/activerecord-7.1.5.1/lib/active_record/fixtures.rb:681:in `block in insert'
    vendor/bundle/ruby/3.2.0/gems/activerecord-7.1.5.1/lib/active_record/fixtures.rb:672:in `each'
    vendor/bundle/ruby/3.2.0/gems/activerecord-7.1.5.1/lib/active_record/fixtures.rb:672:in `insert'
    vendor/bundle/ruby/3.2.0/gems/activerecord-7.1.5.1/lib/active_record/fixtures.rb:658:in `read_and_insert'
    vendor/bundle/ruby/3.2.0/gems/activerecord-7.1.5.1/lib/active_record/fixtures.rb:603:in `create_fixtures'
    vendor/bundle/ruby/3.2.0/gems/activerecord-7.1.5.1/lib/active_record/test_fixtures.rb:256:in `load_fixtures'
    vendor/bundle/ruby/3.2.0/gems/activerecord-7.1.5.1/lib/active_record/test_fixtures.rb:143:in `setup_fixtures'
    vendor/bundle/ruby/3.2.0/gems/activerecord-7.1.5.1/lib/active_record/test_fixtures.rb:10:in `before_setup'
    vendor/bundle/ruby/3.2.0/gems/activesupport-7.1.5.1/lib/active_support/testing/setup_and_teardown.rb:40:in `before_setup'
    vendor/bundle/ruby/3.2.0/gems/actionpack-7.1.5.1/lib/action_dispatch/testing/integration.rb:340:in `before_setup'
    vendor/bundle/ruby/3.2.0/gems/activejob-7.1.5.1/lib/active_job/test_helper.rb:50:in `before_setup'
    vendor/bundle/ruby/3.2.0/gems/railties-7.1.5.1/lib/rails/test_help.rb:47:in `before_setup'

bin/rails test test/controllers/presences_controller_test.rb:31

WARNING: Rails was not able to disable referential integrity.

This is most likely caused due to missing permissions.
Rails needs superuser privileges to disable referential integrity.

    cause: PG::InsufficientPrivilege: ERROR:  permission denied: "RI_ConstraintTrigger_c_50445" is a system trigger


PresencesControllerTest#test_should_show_presence = 0.08 s = E


Error:
PresencesControllerTest#test_should_show_presence:
ActiveRecord::InvalidForeignKey: PG::ForeignKeyViolation: ERROR:  insert or update on table "attendances" violates foreign key constraint "fk_rails_aa7947c197"
DETAIL:  Key (training_session_id)=(980190962) is not present in table "training_sessions".

    vendor/bundle/ruby/3.2.0/gems/activerecord-7.1.5.1/lib/active_record/connection_adapters/postgresql/database_statements.rb:55:in `exec'
    vendor/bundle/ruby/3.2.0/gems/activerecord-7.1.5.1/lib/active_record/connection_adapters/postgresql/database_statements.rb:55:in `block (2 levels) in raw_execute'
    vendor/bundle/ruby/3.2.0/gems/activerecord-7.1.5.1/lib/active_record/connection_adapters/abstract_adapter.rb:1027:in `block in with_raw_connection'
    vendor/bundle/ruby/3.2.0/gems/activesupport-7.1.5.1/lib/active_support/concurrency/null_lock.rb:9:in `synchronize'
    vendor/bundle/ruby/3.2.0/gems/activerecord-7.1.5.1/lib/active_record/connection_adapters/abstract_adapter.rb:999:in `with_raw_connection'
    vendor/bundle/ruby/3.2.0/gems/activerecord-7.1.5.1/lib/active_record/connection_adapters/postgresql/database_statements.rb:54:in `block in raw_execute'
    vendor/bundle/ruby/3.2.0/gems/activesupport-7.1.5.1/lib/active_support/notifications/instrumenter.rb:58:in `instrument'
    vendor/bundle/ruby/3.2.0/gems/activerecord-7.1.5.1/lib/active_record/connection_adapters/abstract_adapter.rb:1142:in `log'
    vendor/bundle/ruby/3.2.0/gems/activerecord-7.1.5.1/lib/active_record/connection_adapters/postgresql/database_statements.rb:53:in `raw_execute'
    vendor/bundle/ruby/3.2.0/gems/activerecord-7.1.5.1/lib/active_record/connection_adapters/abstract/database_statements.rb:521:in `internal_execute'
    vendor/bundle/ruby/3.2.0/gems/activerecord-7.1.5.1/lib/active_record/connection_adapters/abstract/database_statements.rb:131:in `execute'
    vendor/bundle/ruby/3.2.0/gems/activerecord-7.1.5.1/lib/active_record/connection_adapters/abstract/query_cache.rb:25:in `execute'
    vendor/bundle/ruby/3.2.0/gems/activerecord-7.1.5.1/lib/active_record/connection_adapters/postgresql/database_statements.rb:47:in `execute'
    vendor/bundle/ruby/3.2.0/gems/activerecord-7.1.5.1/lib/active_record/connection_adapters/postgresql/database_statements.rb:151:in `execute_batch'
    vendor/bundle/ruby/3.2.0/gems/activerecord-7.1.5.1/lib/active_record/connection_adapters/abstract/database_statements.rb:462:in `block (3 levels) in insert_fixtures_set'
    vendor/bundle/ruby/3.2.0/gems/activerecord-7.1.5.1/lib/active_record/connection_adapters/abstract/transaction.rb:535:in `block in within_new_transaction'
    vendor/bundle/ruby/3.2.0/gems/activesupport-7.1.5.1/lib/active_support/concurrency/null_lock.rb:9:in `synchronize'
    vendor/bundle/ruby/3.2.0/gems/activerecord-7.1.5.1/lib/active_record/connection_adapters/abstract/transaction.rb:532:in `within_new_transaction'
    vendor/bundle/ruby/3.2.0/gems/activerecord-7.1.5.1/lib/active_record/connection_adapters/abstract/database_statements.rb:344:in `transaction'
    vendor/bundle/ruby/3.2.0/gems/activerecord-7.1.5.1/lib/active_record/connection_adapters/abstract/database_statements.rb:461:in `block (2 levels) in insert_fixtures_set'
    vendor/bundle/ruby/3.2.0/gems/activerecord-7.1.5.1/lib/active_record/connection_adapters/postgresql/referential_integrity.rb:19:in `disable_referential_integrity'
    vendor/bundle/ruby/3.2.0/gems/activerecord-7.1.5.1/lib/active_record/connection_adapters/abstract/database_statements.rb:460:in `block in insert_fixtures_set'
    vendor/bundle/ruby/3.2.0/gems/activerecord-7.1.5.1/lib/active_record/connection_adapters/abstract/database_statements.rb:601:in `with_multi_statements'
    vendor/bundle/ruby/3.2.0/gems/activerecord-7.1.5.1/lib/active_record/connection_adapters/abstract/database_statements.rb:459:in `insert_fixtures_set'
    vendor/bundle/ruby/3.2.0/gems/activerecord-7.1.5.1/lib/active_record/fixtures.rb:681:in `block in insert'
    vendor/bundle/ruby/3.2.0/gems/activerecord-7.1.5.1/lib/active_record/fixtures.rb:672:in `each'
    vendor/bundle/ruby/3.2.0/gems/activerecord-7.1.5.1/lib/active_record/fixtures.rb:672:in `insert'
    vendor/bundle/ruby/3.2.0/gems/activerecord-7.1.5.1/lib/active_record/fixtures.rb:658:in `read_and_insert'
    vendor/bundle/ruby/3.2.0/gems/activerecord-7.1.5.1/lib/active_record/fixtures.rb:603:in `create_fixtures'
    vendor/bundle/ruby/3.2.0/gems/activerecord-7.1.5.1/lib/active_record/test_fixtures.rb:256:in `load_fixtures'
    vendor/bundle/ruby/3.2.0/gems/activerecord-7.1.5.1/lib/active_record/test_fixtures.rb:143:in `setup_fixtures'
    vendor/bundle/ruby/3.2.0/gems/activerecord-7.1.5.1/lib/active_record/test_fixtures.rb:10:in `before_setup'
    vendor/bundle/ruby/3.2.0/gems/activesupport-7.1.5.1/lib/active_support/testing/setup_and_teardown.rb:40:in `before_setup'
    vendor/bundle/ruby/3.2.0/gems/actionpack-7.1.5.1/lib/action_dispatch/testing/integration.rb:340:in `before_setup'
    vendor/bundle/ruby/3.2.0/gems/activejob-7.1.5.1/lib/active_job/test_helper.rb:50:in `before_setup'
    vendor/bundle/ruby/3.2.0/gems/railties-7.1.5.1/lib/rails/test_help.rb:47:in `before_setup'

bin/rails test test/controllers/presences_controller_test.rb:26

WARNING: Rails was not able to disable referential integrity.

This is most likely caused due to missing permissions.
Rails needs superuser privileges to disable referential integrity.

    cause: PG::InsufficientPrivilege: ERROR:  permission denied: "RI_ConstraintTrigger_c_50531" is a system trigger


PresencesControllerTest#test_should_destroy_presence = 0.06 s = E


Error:
PresencesControllerTest#test_should_destroy_presence:
ActiveRecord::InvalidForeignKey: PG::ForeignKeyViolation: ERROR:  insert or update on table "attendances" violates foreign key constraint "fk_rails_aa7947c197"
DETAIL:  Key (training_session_id)=(980190962) is not present in table "training_sessions".

    vendor/bundle/ruby/3.2.0/gems/activerecord-7.1.5.1/lib/active_record/connection_adapters/postgresql/database_statements.rb:55:in `exec'
    vendor/bundle/ruby/3.2.0/gems/activerecord-7.1.5.1/lib/active_record/connection_adapters/postgresql/database_statements.rb:55:in `block (2 levels) in raw_execute'
    vendor/bundle/ruby/3.2.0/gems/activerecord-7.1.5.1/lib/active_record/connection_adapters/abstract_adapter.rb:1027:in `block in with_raw_connection'
    vendor/bundle/ruby/3.2.0/gems/activesupport-7.1.5.1/lib/active_support/concurrency/null_lock.rb:9:in `synchronize'
    vendor/bundle/ruby/3.2.0/gems/activerecord-7.1.5.1/lib/active_record/connection_adapters/abstract_adapter.rb:999:in `with_raw_connection'
    vendor/bundle/ruby/3.2.0/gems/activerecord-7.1.5.1/lib/active_record/connection_adapters/postgresql/database_statements.rb:54:in `block in raw_execute'
    vendor/bundle/ruby/3.2.0/gems/activesupport-7.1.5.1/lib/active_support/notifications/instrumenter.rb:58:in `instrument'
    vendor/bundle/ruby/3.2.0/gems/activerecord-7.1.5.1/lib/active_record/connection_adapters/abstract_adapter.rb:1142:in `log'
    vendor/bundle/ruby/3.2.0/gems/activerecord-7.1.5.1/lib/active_record/connection_adapters/postgresql/database_statements.rb:53:in `raw_execute'
    vendor/bundle/ruby/3.2.0/gems/activerecord-7.1.5.1/lib/active_record/connection_adapters/abstract/database_statements.rb:521:in `internal_execute'
    vendor/bundle/ruby/3.2.0/gems/activerecord-7.1.5.1/lib/active_record/connection_adapters/abstract/database_statements.rb:131:in `execute'
    vendor/bundle/ruby/3.2.0/gems/activerecord-7.1.5.1/lib/active_record/connection_adapters/abstract/query_cache.rb:25:in `execute'
    vendor/bundle/ruby/3.2.0/gems/activerecord-7.1.5.1/lib/active_record/connection_adapters/postgresql/database_statements.rb:47:in `execute'
    vendor/bundle/ruby/3.2.0/gems/activerecord-7.1.5.1/lib/active_record/connection_adapters/postgresql/database_statements.rb:151:in `execute_batch'
    vendor/bundle/ruby/3.2.0/gems/activerecord-7.1.5.1/lib/active_record/connection_adapters/abstract/database_statements.rb:462:in `block (3 levels) in insert_fixtures_set'
    vendor/bundle/ruby/3.2.0/gems/activerecord-7.1.5.1/lib/active_record/connection_adapters/abstract/transaction.rb:535:in `block in within_new_transaction'
    vendor/bundle/ruby/3.2.0/gems/activesupport-7.1.5.1/lib/active_support/concurrency/null_lock.rb:9:in `synchronize'
    vendor/bundle/ruby/3.2.0/gems/activerecord-7.1.5.1/lib/active_record/connection_adapters/abstract/transaction.rb:532:in `within_new_transaction'
    vendor/bundle/ruby/3.2.0/gems/activerecord-7.1.5.1/lib/active_record/connection_adapters/abstract/database_statements.rb:344:in `transaction'
    vendor/bundle/ruby/3.2.0/gems/activerecord-7.1.5.1/lib/active_record/connection_adapters/abstract/database_statements.rb:461:in `block (2 levels) in insert_fixtures_set'
    vendor/bundle/ruby/3.2.0/gems/activerecord-7.1.5.1/lib/active_record/connection_adapters/postgresql/referential_integrity.rb:19:in `disable_referential_integrity'
    vendor/bundle/ruby/3.2.0/gems/activerecord-7.1.5.1/lib/active_record/connection_adapters/abstract/database_statements.rb:460:in `block in insert_fixtures_set'
    vendor/bundle/ruby/3.2.0/gems/activerecord-7.1.5.1/lib/active_record/connection_adapters/abstract/database_statements.rb:601:in `with_multi_statements'
    vendor/bundle/ruby/3.2.0/gems/activerecord-7.1.5.1/lib/active_record/connection_adapters/abstract/database_statements.rb:459:in `insert_fixtures_set'
    vendor/bundle/ruby/3.2.0/gems/activerecord-7.1.5.1/lib/active_record/fixtures.rb:681:in `block in insert'
    vendor/bundle/ruby/3.2.0/gems/activerecord-7.1.5.1/lib/active_record/fixtures.rb:672:in `each'
    vendor/bundle/ruby/3.2.0/gems/activerecord-7.1.5.1/lib/active_record/fixtures.rb:672:in `insert'
    vendor/bundle/ruby/3.2.0/gems/activerecord-7.1.5.1/lib/active_record/fixtures.rb:658:in `read_and_insert'
    vendor/bundle/ruby/3.2.0/gems/activerecord-7.1.5.1/lib/active_record/fixtures.rb:603:in `create_fixtures'
    vendor/bundle/ruby/3.2.0/gems/activerecord-7.1.5.1/lib/active_record/test_fixtures.rb:256:in `load_fixtures'
    vendor/bundle/ruby/3.2.0/gems/activerecord-7.1.5.1/lib/active_record/test_fixtures.rb:143:in `setup_fixtures'
    vendor/bundle/ruby/3.2.0/gems/activerecord-7.1.5.1/lib/active_record/test_fixtures.rb:10:in `before_setup'
    vendor/bundle/ruby/3.2.0/gems/activesupport-7.1.5.1/lib/active_support/testing/setup_and_teardown.rb:40:in `before_setup'
    vendor/bundle/ruby/3.2.0/gems/actionpack-7.1.5.1/lib/action_dispatch/testing/integration.rb:340:in `before_setup'
    vendor/bundle/ruby/3.2.0/gems/activejob-7.1.5.1/lib/active_job/test_helper.rb:50:in `before_setup'
    vendor/bundle/ruby/3.2.0/gems/railties-7.1.5.1/lib/rails/test_help.rb:47:in `before_setup'

bin/rails test test/controllers/presences_controller_test.rb:41

WARNING: Rails was not able to disable referential integrity.

This is most likely caused due to missing permissions.
Rails needs superuser privileges to disable referential integrity.

    cause: PG::InsufficientPrivilege: ERROR:  permission denied: "RI_ConstraintTrigger_c_50466" is a system trigger


WARNING: Rails was not able to disable referential integrity.

This is most likely caused due to missing permissions.
Rails needs superuser privileges to disable referential integrity.

    cause: PG::InsufficientPrivilege: ERROR:  permission denied: "RI_ConstraintTrigger_c_50591" is a system trigger


TrainingDrillsControllerTest#test_should_update_training_drill = 0.09 s = E


Error:
TrainingDrillsControllerTest#test_should_update_training_drill:
ActiveRecord::InvalidForeignKey: PG::ForeignKeyViolation: ERROR:  insert or update on table "attendances" violates foreign key constraint "fk_rails_aa7947c197"
DETAIL:  Key (training_session_id)=(980190962) is not present in table "training_sessions".

    vendor/bundle/ruby/3.2.0/gems/activerecord-7.1.5.1/lib/active_record/connection_adapters/postgresql/database_statements.rb:55:in `exec'
    vendor/bundle/ruby/3.2.0/gems/activerecord-7.1.5.1/lib/active_record/connection_adapters/postgresql/database_statements.rb:55:in `block (2 levels) in raw_execute'
    vendor/bundle/ruby/3.2.0/gems/activerecord-7.1.5.1/lib/active_record/connection_adapters/abstract_adapter.rb:1027:in `block in with_raw_connection'
    vendor/bundle/ruby/3.2.0/gems/activesupport-7.1.5.1/lib/active_support/concurrency/null_lock.rb:9:in `synchronize'
    vendor/bundle/ruby/3.2.0/gems/activerecord-7.1.5.1/lib/active_record/connection_adapters/abstract_adapter.rb:999:in `with_raw_connection'
    vendor/bundle/ruby/3.2.0/gems/activerecord-7.1.5.1/lib/active_record/connection_adapters/postgresql/database_statements.rb:54:in `block in raw_execute'
    vendor/bundle/ruby/3.2.0/gems/activesupport-7.1.5.1/lib/active_support/notifications/instrumenter.rb:58:in `instrument'
    vendor/bundle/ruby/3.2.0/gems/activerecord-7.1.5.1/lib/active_record/connection_adapters/abstract_adapter.rb:1142:in `log'
    vendor/bundle/ruby/3.2.0/gems/activerecord-7.1.5.1/lib/active_record/connection_adapters/postgresql/database_statements.rb:53:in `raw_execute'
    vendor/bundle/ruby/3.2.0/gems/activerecord-7.1.5.1/lib/active_record/connection_adapters/abstract/database_statements.rb:521:in `internal_execute'
    vendor/bundle/ruby/3.2.0/gems/activerecord-7.1.5.1/lib/active_record/connection_adapters/abstract/database_statements.rb:131:in `execute'
    vendor/bundle/ruby/3.2.0/gems/activerecord-7.1.5.1/lib/active_record/connection_adapters/abstract/query_cache.rb:25:in `execute'
    vendor/bundle/ruby/3.2.0/gems/activerecord-7.1.5.1/lib/active_record/connection_adapters/postgresql/database_statements.rb:47:in `execute'
    vendor/bundle/ruby/3.2.0/gems/activerecord-7.1.5.1/lib/active_record/connection_adapters/postgresql/database_statements.rb:151:in `execute_batch'
    vendor/bundle/ruby/3.2.0/gems/activerecord-7.1.5.1/lib/active_record/connection_adapters/abstract/database_statements.rb:462:in `block (3 levels) in insert_fixtures_set'
    vendor/bundle/ruby/3.2.0/gems/activerecord-7.1.5.1/lib/active_record/connection_adapters/abstract/transaction.rb:535:in `block in within_new_transaction'
    vendor/bundle/ruby/3.2.0/gems/activesupport-7.1.5.1/lib/active_support/concurrency/null_lock.rb:9:in `synchronize'
    vendor/bundle/ruby/3.2.0/gems/activerecord-7.1.5.1/lib/active_record/connection_adapters/abstract/transaction.rb:532:in `within_new_transaction'
    vendor/bundle/ruby/3.2.0/gems/activerecord-7.1.5.1/lib/active_record/connection_adapters/abstract/database_statements.rb:344:in `transaction'
    vendor/bundle/ruby/3.2.0/gems/activerecord-7.1.5.1/lib/active_record/connection_adapters/abstract/database_statements.rb:461:in `block (2 levels) in insert_fixtures_set'
    vendor/bundle/ruby/3.2.0/gems/activerecord-7.1.5.1/lib/active_record/connection_adapters/postgresql/referential_integrity.rb:19:in `disable_referential_integrity'
    vendor/bundle/ruby/3.2.0/gems/activerecord-7.1.5.1/lib/active_record/connection_adapters/abstract/database_statements.rb:460:in `block in insert_fixtures_set'
    vendor/bundle/ruby/3.2.0/gems/activerecord-7.1.5.1/lib/active_record/connection_adapters/abstract/database_statements.rb:601:in `with_multi_statements'
    vendor/bundle/ruby/3.2.0/gems/activerecord-7.1.5.1/lib/active_record/connection_adapters/abstract/database_statements.rb:459:in `insert_fixtures_set'
    vendor/bundle/ruby/3.2.0/gems/activerecord-7.1.5.1/lib/active_record/fixtures.rb:681:in `block in insert'
    vendor/bundle/ruby/3.2.0/gems/activerecord-7.1.5.1/lib/active_record/fixtures.rb:672:in `each'
    vendor/bundle/ruby/3.2.0/gems/activerecord-7.1.5.1/lib/active_record/fixtures.rb:672:in `insert'
    vendor/bundle/ruby/3.2.0/gems/activerecord-7.1.5.1/lib/active_record/fixtures.rb:658:in `read_and_insert'
    vendor/bundle/ruby/3.2.0/gems/activerecord-7.1.5.1/lib/active_record/fixtures.rb:603:in `create_fixtures'
    vendor/bundle/ruby/3.2.0/gems/activerecord-7.1.5.1/lib/active_record/test_fixtures.rb:256:in `load_fixtures'
    vendor/bundle/ruby/3.2.0/gems/activerecord-7.1.5.1/lib/active_record/test_fixtures.rb:143:in `setup_fixtures'
    vendor/bundle/ruby/3.2.0/gems/activerecord-7.1.5.1/lib/active_record/test_fixtures.rb:10:in `before_setup'
    vendor/bundle/ruby/3.2.0/gems/activesupport-7.1.5.1/lib/active_support/testing/setup_and_teardown.rb:40:in `before_setup'
    vendor/bundle/ruby/3.2.0/gems/actionpack-7.1.5.1/lib/action_dispatch/testing/integration.rb:340:in `before_setup'
    vendor/bundle/ruby/3.2.0/gems/activejob-7.1.5.1/lib/active_job/test_helper.rb:50:in `before_setup'
    vendor/bundle/ruby/3.2.0/gems/railties-7.1.5.1/lib/rails/test_help.rb:47:in `before_setup'

bin/rails test test/controllers/training_drills_controller_test.rb:44

TrainingDrillsControllerTest#test_should_create_training_drill = 0.08 s = E


Error:
TrainingDrillsControllerTest#test_should_create_training_drill:
ActiveRecord::InvalidForeignKey: PG::ForeignKeyViolation: ERROR:  insert or update on table "attendances" violates foreign key constraint "fk_rails_aa7947c197"
DETAIL:  Key (training_session_id)=(980190962) is not present in table "training_sessions".

    vendor/bundle/ruby/3.2.0/gems/activerecord-7.1.5.1/lib/active_record/connection_adapters/postgresql/database_statements.rb:55:in `exec'
    vendor/bundle/ruby/3.2.0/gems/activerecord-7.1.5.1/lib/active_record/connection_adapters/postgresql/database_statements.rb:55:in `block (2 levels) in raw_execute'
    vendor/bundle/ruby/3.2.0/gems/activerecord-7.1.5.1/lib/active_record/connection_adapters/abstract_adapter.rb:1027:in `block in with_raw_connection'
    vendor/bundle/ruby/3.2.0/gems/activesupport-7.1.5.1/lib/active_support/concurrency/null_lock.rb:9:in `synchronize'
    vendor/bundle/ruby/3.2.0/gems/activerecord-7.1.5.1/lib/active_record/connection_adapters/abstract_adapter.rb:999:in `with_raw_connection'
    vendor/bundle/ruby/3.2.0/gems/activerecord-7.1.5.1/lib/active_record/connection_adapters/postgresql/database_statements.rb:54:in `block in raw_execute'
    vendor/bundle/ruby/3.2.0/gems/activesupport-7.1.5.1/lib/active_support/notifications/instrumenter.rb:58:in `instrument'
    vendor/bundle/ruby/3.2.0/gems/activerecord-7.1.5.1/lib/active_record/connection_adapters/abstract_adapter.rb:1142:in `log'
    vendor/bundle/ruby/3.2.0/gems/activerecord-7.1.5.1/lib/active_record/connection_adapters/postgresql/database_statements.rb:53:in `raw_execute'
    vendor/bundle/ruby/3.2.0/gems/activerecord-7.1.5.1/lib/active_record/connection_adapters/abstract/database_statements.rb:521:in `internal_execute'
    vendor/bundle/ruby/3.2.0/gems/activerecord-7.1.5.1/lib/active_record/connection_adapters/abstract/database_statements.rb:131:in `execute'
    vendor/bundle/ruby/3.2.0/gems/activerecord-7.1.5.1/lib/active_record/connection_adapters/abstract/query_cache.rb:25:in `execute'
    vendor/bundle/ruby/3.2.0/gems/activerecord-7.1.5.1/lib/active_record/connection_adapters/postgresql/database_statements.rb:47:in `execute'
    vendor/bundle/ruby/3.2.0/gems/activerecord-7.1.5.1/lib/active_record/connection_adapters/postgresql/database_statements.rb:151:in `execute_batch'
    vendor/bundle/ruby/3.2.0/gems/activerecord-7.1.5.1/lib/active_record/connection_adapters/abstract/database_statements.rb:462:in `block (3 levels) in insert_fixtures_set'
    vendor/bundle/ruby/3.2.0/gems/activerecord-7.1.5.1/lib/active_record/connection_adapters/abstract/transaction.rb:535:in `block in within_new_transaction'
    vendor/bundle/ruby/3.2.0/gems/activesupport-7.1.5.1/lib/active_support/concurrency/null_lock.rb:9:in `synchronize'
    vendor/bundle/ruby/3.2.0/gems/activerecord-7.1.5.1/lib/active_record/connection_adapters/abstract/transaction.rb:532:in `within_new_transaction'
    vendor/bundle/ruby/3.2.0/gems/activerecord-7.1.5.1/lib/active_record/connection_adapters/abstract/database_statements.rb:344:in `transaction'
    vendor/bundle/ruby/3.2.0/gems/activerecord-7.1.5.1/lib/active_record/connection_adapters/abstract/database_statements.rb:461:in `block (2 levels) in insert_fixtures_set'
    vendor/bundle/ruby/3.2.0/gems/activerecord-7.1.5.1/lib/active_record/connection_adapters/postgresql/referential_integrity.rb:19:in `disable_referential_integrity'
    vendor/bundle/ruby/3.2.0/gems/activerecord-7.1.5.1/lib/active_record/connection_adapters/abstract/database_statements.rb:460:in `block in insert_fixtures_set'
    vendor/bundle/ruby/3.2.0/gems/activerecord-7.1.5.1/lib/active_record/connection_adapters/abstract/database_statements.rb:601:in `with_multi_statements'
    vendor/bundle/ruby/3.2.0/gems/activerecord-7.1.5.1/lib/active_record/connection_adapters/abstract/database_statements.rb:459:in `insert_fixtures_set'
    vendor/bundle/ruby/3.2.0/gems/activerecord-7.1.5.1/lib/active_record/fixtures.rb:681:in `block in insert'
    vendor/bundle/ruby/3.2.0/gems/activerecord-7.1.5.1/lib/active_record/fixtures.rb:672:in `each'
    vendor/bundle/ruby/3.2.0/gems/activerecord-7.1.5.1/lib/active_record/fixtures.rb:672:in `insert'
    vendor/bundle/ruby/3.2.0/gems/activerecord-7.1.5.1/lib/active_record/fixtures.rb:658:in `read_and_insert'
    vendor/bundle/ruby/3.2.0/gems/activerecord-7.1.5.1/lib/active_record/fixtures.rb:603:in `create_fixtures'
    vendor/bundle/ruby/3.2.0/gems/activerecord-7.1.5.1/lib/active_record/test_fixtures.rb:256:in `load_fixtures'
    vendor/bundle/ruby/3.2.0/gems/activerecord-7.1.5.1/lib/active_record/test_fixtures.rb:143:in `setup_fixtures'
    vendor/bundle/ruby/3.2.0/gems/activerecord-7.1.5.1/lib/active_record/test_fixtures.rb:10:in `before_setup'
    vendor/bundle/ruby/3.2.0/gems/activesupport-7.1.5.1/lib/active_support/testing/setup_and_teardown.rb:40:in `before_setup'
    vendor/bundle/ruby/3.2.0/gems/actionpack-7.1.5.1/lib/action_dispatch/testing/integration.rb:340:in `before_setup'
    vendor/bundle/ruby/3.2.0/gems/activejob-7.1.5.1/lib/active_job/test_helper.rb:50:in `before_setup'
    vendor/bundle/ruby/3.2.0/gems/railties-7.1.5.1/lib/rails/test_help.rb:47:in `before_setup'

bin/rails test test/controllers/training_drills_controller_test.rb:23

WARNING: Rails was not able to disable referential integrity.

This is most likely caused due to missing permissions.
Rails needs superuser privileges to disable referential integrity.

    cause: PG::InsufficientPrivilege: ERROR:  permission denied: "RI_ConstraintTrigger_c_50445" is a system trigger


TrainingDrillsControllerTest#test_should_get_index = 0.07 s = E


Error:
TrainingDrillsControllerTest#test_should_get_index:
ActiveRecord::InvalidForeignKey: PG::ForeignKeyViolation: ERROR:  insert or update on table "attendances" violates foreign key constraint "fk_rails_aa7947c197"
DETAIL:  Key (training_session_id)=(980190962) is not present in table "training_sessions".

    vendor/bundle/ruby/3.2.0/gems/activerecord-7.1.5.1/lib/active_record/connection_adapters/postgresql/database_statements.rb:55:in `exec'
    vendor/bundle/ruby/3.2.0/gems/activerecord-7.1.5.1/lib/active_record/connection_adapters/postgresql/database_statements.rb:55:in `block (2 levels) in raw_execute'
    vendor/bundle/ruby/3.2.0/gems/activerecord-7.1.5.1/lib/active_record/connection_adapters/abstract_adapter.rb:1027:in `block in with_raw_connection'
    vendor/bundle/ruby/3.2.0/gems/activesupport-7.1.5.1/lib/active_support/concurrency/null_lock.rb:9:in `synchronize'
    vendor/bundle/ruby/3.2.0/gems/activerecord-7.1.5.1/lib/active_record/connection_adapters/abstract_adapter.rb:999:in `with_raw_connection'
    vendor/bundle/ruby/3.2.0/gems/activerecord-7.1.5.1/lib/active_record/connection_adapters/postgresql/database_statements.rb:54:in `block in raw_execute'
    vendor/bundle/ruby/3.2.0/gems/activesupport-7.1.5.1/lib/active_support/notifications/instrumenter.rb:58:in `instrument'
    vendor/bundle/ruby/3.2.0/gems/activerecord-7.1.5.1/lib/active_record/connection_adapters/abstract_adapter.rb:1142:in `log'
    vendor/bundle/ruby/3.2.0/gems/activerecord-7.1.5.1/lib/active_record/connection_adapters/postgresql/database_statements.rb:53:in `raw_execute'
    vendor/bundle/ruby/3.2.0/gems/activerecord-7.1.5.1/lib/active_record/connection_adapters/abstract/database_statements.rb:521:in `internal_execute'
    vendor/bundle/ruby/3.2.0/gems/activerecord-7.1.5.1/lib/active_record/connection_adapters/abstract/database_statements.rb:131:in `execute'
    vendor/bundle/ruby/3.2.0/gems/activerecord-7.1.5.1/lib/active_record/connection_adapters/abstract/query_cache.rb:25:in `execute'
    vendor/bundle/ruby/3.2.0/gems/activerecord-7.1.5.1/lib/active_record/connection_adapters/postgresql/database_statements.rb:47:in `execute'
    vendor/bundle/ruby/3.2.0/gems/activerecord-7.1.5.1/lib/active_record/connection_adapters/postgresql/database_statements.rb:151:in `execute_batch'
    vendor/bundle/ruby/3.2.0/gems/activerecord-7.1.5.1/lib/active_record/connection_adapters/abstract/database_statements.rb:462:in `block (3 levels) in insert_fixtures_set'
    vendor/bundle/ruby/3.2.0/gems/activerecord-7.1.5.1/lib/active_record/connection_adapters/abstract/transaction.rb:535:in `block in within_new_transaction'
    vendor/bundle/ruby/3.2.0/gems/activesupport-7.1.5.1/lib/active_support/concurrency/null_lock.rb:9:in `synchronize'
    vendor/bundle/ruby/3.2.0/gems/activerecord-7.1.5.1/lib/active_record/connection_adapters/abstract/transaction.rb:532:in `within_new_transaction'
    vendor/bundle/ruby/3.2.0/gems/activerecord-7.1.5.1/lib/active_record/connection_adapters/abstract/database_statements.rb:344:in `transaction'
    vendor/bundle/ruby/3.2.0/gems/activerecord-7.1.5.1/lib/active_record/connection_adapters/abstract/database_statements.rb:461:in `block (2 levels) in insert_fixtures_set'
    vendor/bundle/ruby/3.2.0/gems/activerecord-7.1.5.1/lib/active_record/connection_adapters/postgresql/referential_integrity.rb:19:in `disable_referential_integrity'
    vendor/bundle/ruby/3.2.0/gems/activerecord-7.1.5.1/lib/active_record/connection_adapters/abstract/database_statements.rb:460:in `block in insert_fixtures_set'
    vendor/bundle/ruby/3.2.0/gems/activerecord-7.1.5.1/lib/active_record/connection_adapters/abstract/database_statements.rb:601:in `with_multi_statements'
    vendor/bundle/ruby/3.2.0/gems/activerecord-7.1.5.1/lib/active_record/connection_adapters/abstract/database_statements.rb:459:in `insert_fixtures_set'
    vendor/bundle/ruby/3.2.0/gems/activerecord-7.1.5.1/lib/active_record/fixtures.rb:681:in `block in insert'
    vendor/bundle/ruby/3.2.0/gems/activerecord-7.1.5.1/lib/active_record/fixtures.rb:672:in `each'
    vendor/bundle/ruby/3.2.0/gems/activerecord-7.1.5.1/lib/active_record/fixtures.rb:672:in `insert'
    vendor/bundle/ruby/3.2.0/gems/activerecord-7.1.5.1/lib/active_record/fixtures.rb:658:in `read_and_insert'
    vendor/bundle/ruby/3.2.0/gems/activerecord-7.1.5.1/lib/active_record/fixtures.rb:603:in `create_fixtures'
    vendor/bundle/ruby/3.2.0/gems/activerecord-7.1.5.1/lib/active_record/test_fixtures.rb:256:in `load_fixtures'
    vendor/bundle/ruby/3.2.0/gems/activerecord-7.1.5.1/lib/active_record/test_fixtures.rb:143:in `setup_fixtures'
    vendor/bundle/ruby/3.2.0/gems/activerecord-7.1.5.1/lib/active_record/test_fixtures.rb:10:in `before_setup'
    vendor/bundle/ruby/3.2.0/gems/activesupport-7.1.5.1/lib/active_support/testing/setup_and_teardown.rb:40:in `before_setup'
    vendor/bundle/ruby/3.2.0/gems/actionpack-7.1.5.1/lib/action_dispatch/testing/integration.rb:340:in `before_setup'
    vendor/bundle/ruby/3.2.0/gems/activejob-7.1.5.1/lib/active_job/test_helper.rb:50:in `before_setup'
    vendor/bundle/ruby/3.2.0/gems/railties-7.1.5.1/lib/rails/test_help.rb:47:in `before_setup'

bin/rails test test/controllers/training_drills_controller_test.rb:13

WARNING: Rails was not able to disable referential integrity.

This is most likely caused due to missing permissions.
Rails needs superuser privileges to disable referential integrity.

    cause: PG::InsufficientPrivilege: ERROR:  permission denied: "RI_ConstraintTrigger_c_50531" is a system trigger


TrainingDrillsControllerTest#test_should_get_new = 0.06 s = E


Error:
TrainingDrillsControllerTest#test_should_get_new:
ActiveRecord::InvalidForeignKey: PG::ForeignKeyViolation: ERROR:  insert or update on table "attendances" violates foreign key constraint "fk_rails_aa7947c197"
DETAIL:  Key (training_session_id)=(980190962) is not present in table "training_sessions".

    vendor/bundle/ruby/3.2.0/gems/activerecord-7.1.5.1/lib/active_record/connection_adapters/postgresql/database_statements.rb:55:in `exec'
    vendor/bundle/ruby/3.2.0/gems/activerecord-7.1.5.1/lib/active_record/connection_adapters/postgresql/database_statements.rb:55:in `block (2 levels) in raw_execute'
    vendor/bundle/ruby/3.2.0/gems/activerecord-7.1.5.1/lib/active_record/connection_adapters/abstract_adapter.rb:1027:in `block in with_raw_connection'
    vendor/bundle/ruby/3.2.0/gems/activesupport-7.1.5.1/lib/active_support/concurrency/null_lock.rb:9:in `synchronize'
    vendor/bundle/ruby/3.2.0/gems/activerecord-7.1.5.1/lib/active_record/connection_adapters/abstract_adapter.rb:999:in `with_raw_connection'
    vendor/bundle/ruby/3.2.0/gems/activerecord-7.1.5.1/lib/active_record/connection_adapters/postgresql/database_statements.rb:54:in `block in raw_execute'
    vendor/bundle/ruby/3.2.0/gems/activesupport-7.1.5.1/lib/active_support/notifications/instrumenter.rb:58:in `instrument'
    vendor/bundle/ruby/3.2.0/gems/activerecord-7.1.5.1/lib/active_record/connection_adapters/abstract_adapter.rb:1142:in `log'
    vendor/bundle/ruby/3.2.0/gems/activerecord-7.1.5.1/lib/active_record/connection_adapters/postgresql/database_statements.rb:53:in `raw_execute'
    vendor/bundle/ruby/3.2.0/gems/activerecord-7.1.5.1/lib/active_record/connection_adapters/abstract/database_statements.rb:521:in `internal_execute'
    vendor/bundle/ruby/3.2.0/gems/activerecord-7.1.5.1/lib/active_record/connection_adapters/abstract/database_statements.rb:131:in `execute'
    vendor/bundle/ruby/3.2.0/gems/activerecord-7.1.5.1/lib/active_record/connection_adapters/abstract/query_cache.rb:25:in `execute'
    vendor/bundle/ruby/3.2.0/gems/activerecord-7.1.5.1/lib/active_record/connection_adapters/postgresql/database_statements.rb:47:in `execute'
    vendor/bundle/ruby/3.2.0/gems/activerecord-7.1.5.1/lib/active_record/connection_adapters/postgresql/database_statements.rb:151:in `execute_batch'
    vendor/bundle/ruby/3.2.0/gems/activerecord-7.1.5.1/lib/active_record/connection_adapters/abstract/database_statements.rb:462:in `block (3 levels) in insert_fixtures_set'
    vendor/bundle/ruby/3.2.0/gems/activerecord-7.1.5.1/lib/active_record/connection_adapters/abstract/transaction.rb:535:in `block in within_new_transaction'
    vendor/bundle/ruby/3.2.0/gems/activesupport-7.1.5.1/lib/active_support/concurrency/null_lock.rb:9:in `synchronize'
    vendor/bundle/ruby/3.2.0/gems/activerecord-7.1.5.1/lib/active_record/connection_adapters/abstract/transaction.rb:532:in `within_new_transaction'
    vendor/bundle/ruby/3.2.0/gems/activerecord-7.1.5.1/lib/active_record/connection_adapters/abstract/database_statements.rb:344:in `transaction'
    vendor/bundle/ruby/3.2.0/gems/activerecord-7.1.5.1/lib/active_record/connection_adapters/abstract/database_statements.rb:461:in `block (2 levels) in insert_fixtures_set'
    vendor/bundle/ruby/3.2.0/gems/activerecord-7.1.5.1/lib/active_record/connection_adapters/postgresql/referential_integrity.rb:19:in `disable_referential_integrity'
    vendor/bundle/ruby/3.2.0/gems/activerecord-7.1.5.1/lib/active_record/connection_adapters/abstract/database_statements.rb:460:in `block in insert_fixtures_set'
    vendor/bundle/ruby/3.2.0/gems/activerecord-7.1.5.1/lib/active_record/connection_adapters/abstract/database_statements.rb:601:in `with_multi_statements'
    vendor/bundle/ruby/3.2.0/gems/activerecord-7.1.5.1/lib/active_record/connection_adapters/abstract/database_statements.rb:459:in `insert_fixtures_set'
    vendor/bundle/ruby/3.2.0/gems/activerecord-7.1.5.1/lib/active_record/fixtures.rb:681:in `block in insert'
    vendor/bundle/ruby/3.2.0/gems/activerecord-7.1.5.1/lib/active_record/fixtures.rb:672:in `each'
    vendor/bundle/ruby/3.2.0/gems/activerecord-7.1.5.1/lib/active_record/fixtures.rb:672:in `insert'
    vendor/bundle/ruby/3.2.0/gems/activerecord-7.1.5.1/lib/active_record/fixtures.rb:658:in `read_and_insert'
    vendor/bundle/ruby/3.2.0/gems/activerecord-7.1.5.1/lib/active_record/fixtures.rb:603:in `create_fixtures'
    vendor/bundle/ruby/3.2.0/gems/activerecord-7.1.5.1/lib/active_record/test_fixtures.rb:256:in `load_fixtures'
    vendor/bundle/ruby/3.2.0/gems/activerecord-7.1.5.1/lib/active_record/test_fixtures.rb:143:in `setup_fixtures'
    vendor/bundle/ruby/3.2.0/gems/activerecord-7.1.5.1/lib/active_record/test_fixtures.rb:10:in `before_setup'
    vendor/bundle/ruby/3.2.0/gems/activesupport-7.1.5.1/lib/active_support/testing/setup_and_teardown.rb:40:in `before_setup'
    vendor/bundle/ruby/3.2.0/gems/actionpack-7.1.5.1/lib/action_dispatch/testing/integration.rb:340:in `before_setup'
    vendor/bundle/ruby/3.2.0/gems/activejob-7.1.5.1/lib/active_job/test_helper.rb:50:in `before_setup'
    vendor/bundle/ruby/3.2.0/gems/railties-7.1.5.1/lib/rails/test_help.rb:47:in `before_setup'

bin/rails test test/controllers/training_drills_controller_test.rb:18

WARNING: Rails was not able to disable referential integrity.

This is most likely caused due to missing permissions.
Rails needs superuser privileges to disable referential integrity.

    cause: PG::InsufficientPrivilege: ERROR:  permission denied: "RI_ConstraintTrigger_c_50466" is a system trigger


WARNING: Rails was not able to disable referential integrity.

This is most likely caused due to missing permissions.
Rails needs superuser privileges to disable referential integrity.

    cause: PG::InsufficientPrivilege: ERROR:  permission denied: "RI_ConstraintTrigger_c_50445" is a system trigger


TrainingDrillsControllerTest#test_should_show_training_drill = 0.08 s = E


WARNING: Rails was not able to disable referential integrity.

This is most likely caused due to missing permissions.
Rails needs superuser privileges to disable referential integrity.

    cause: PG::InsufficientPrivilege: ERROR:  permission denied: "RI_ConstraintTrigger_c_50591" is a system trigger


Error:
TrainingDrillsControllerTest#test_should_show_training_drill:
ActiveRecord::InvalidForeignKey: PG::ForeignKeyViolation: ERROR:  insert or update on table "attendances" violates foreign key constraint "fk_rails_aa7947c197"
DETAIL:  Key (training_session_id)=(980190962) is not present in table "training_sessions".

    vendor/bundle/ruby/3.2.0/gems/activerecord-7.1.5.1/lib/active_record/connection_adapters/postgresql/database_statements.rb:55:in `exec'
    vendor/bundle/ruby/3.2.0/gems/activerecord-7.1.5.1/lib/active_record/connection_adapters/postgresql/database_statements.rb:55:in `block (2 levels) in raw_execute'
    vendor/bundle/ruby/3.2.0/gems/activerecord-7.1.5.1/lib/active_record/connection_adapters/abstract_adapter.rb:1027:in `block in with_raw_connection'
    vendor/bundle/ruby/3.2.0/gems/activesupport-7.1.5.1/lib/active_support/concurrency/null_lock.rb:9:in `synchronize'
    vendor/bundle/ruby/3.2.0/gems/activerecord-7.1.5.1/lib/active_record/connection_adapters/abstract_adapter.rb:999:in `with_raw_connection'
    vendor/bundle/ruby/3.2.0/gems/activerecord-7.1.5.1/lib/active_record/connection_adapters/postgresql/database_statements.rb:54:in `block in raw_execute'
    vendor/bundle/ruby/3.2.0/gems/activesupport-7.1.5.1/lib/active_support/notifications/instrumenter.rb:58:in `instrument'
    vendor/bundle/ruby/3.2.0/gems/activerecord-7.1.5.1/lib/active_record/connection_adapters/abstract_adapter.rb:1142:in `log'
    vendor/bundle/ruby/3.2.0/gems/activerecord-7.1.5.1/lib/active_record/connection_adapters/postgresql/database_statements.rb:53:in `raw_execute'
    vendor/bundle/ruby/3.2.0/gems/activerecord-7.1.5.1/lib/active_record/connection_adapters/abstract/database_statements.rb:521:in `internal_execute'
    vendor/bundle/ruby/3.2.0/gems/activerecord-7.1.5.1/lib/active_record/connection_adapters/abstract/database_statements.rb:131:in `execute'
    vendor/bundle/ruby/3.2.0/gems/activerecord-7.1.5.1/lib/active_record/connection_adapters/abstract/query_cache.rb:25:in `execute'
    vendor/bundle/ruby/3.2.0/gems/activerecord-7.1.5.1/lib/active_record/connection_adapters/postgresql/database_statements.rb:47:in `execute'
    vendor/bundle/ruby/3.2.0/gems/activerecord-7.1.5.1/lib/active_record/connection_adapters/postgresql/database_statements.rb:151:in `execute_batch'
    vendor/bundle/ruby/3.2.0/gems/activerecord-7.1.5.1/lib/active_record/connection_adapters/abstract/database_statements.rb:462:in `block (3 levels) in insert_fixtures_set'
    vendor/bundle/ruby/3.2.0/gems/activerecord-7.1.5.1/lib/active_record/connection_adapters/abstract/transaction.rb:535:in `block in within_new_transaction'
    vendor/bundle/ruby/3.2.0/gems/activesupport-7.1.5.1/lib/active_support/concurrency/null_lock.rb:9:in `synchronize'
    vendor/bundle/ruby/3.2.0/gems/activerecord-7.1.5.1/lib/active_record/connection_adapters/abstract/transaction.rb:532:in `within_new_transaction'
    vendor/bundle/ruby/3.2.0/gems/activerecord-7.1.5.1/lib/active_record/connection_adapters/abstract/database_statements.rb:344:in `transaction'
    vendor/bundle/ruby/3.2.0/gems/activerecord-7.1.5.1/lib/active_record/connection_adapters/abstract/database_statements.rb:461:in `block (2 levels) in insert_fixtures_set'
    vendor/bundle/ruby/3.2.0/gems/activerecord-7.1.5.1/lib/active_record/connection_adapters/postgresql/referential_integrity.rb:19:in `disable_referential_integrity'
    vendor/bundle/ruby/3.2.0/gems/activerecord-7.1.5.1/lib/active_record/connection_adapters/abstract/database_statements.rb:460:in `block in insert_fixtures_set'
    vendor/bundle/ruby/3.2.0/gems/activerecord-7.1.5.1/lib/active_record/connection_adapters/abstract/database_statements.rb:601:in `with_multi_statements'
    vendor/bundle/ruby/3.2.0/gems/activerecord-7.1.5.1/lib/active_record/connection_adapters/abstract/database_statements.rb:459:in `insert_fixtures_set'
    vendor/bundle/ruby/3.2.0/gems/activerecord-7.1.5.1/lib/active_record/fixtures.rb:681:in `block in insert'
    vendor/bundle/ruby/3.2.0/gems/activerecord-7.1.5.1/lib/active_record/fixtures.rb:672:in `each'
    vendor/bundle/ruby/3.2.0/gems/activerecord-7.1.5.1/lib/active_record/fixtures.rb:672:in `insert'
    vendor/bundle/ruby/3.2.0/gems/activerecord-7.1.5.1/lib/active_record/fixtures.rb:658:in `read_and_insert'
    vendor/bundle/ruby/3.2.0/gems/activerecord-7.1.5.1/lib/active_record/fixtures.rb:603:in `create_fixtures'
    vendor/bundle/ruby/3.2.0/gems/activerecord-7.1.5.1/lib/active_record/test_fixtures.rb:256:in `load_fixtures'
    vendor/bundle/ruby/3.2.0/gems/activerecord-7.1.5.1/lib/active_record/test_fixtures.rb:143:in `setup_fixtures'
    vendor/bundle/ruby/3.2.0/gems/activerecord-7.1.5.1/lib/active_record/test_fixtures.rb:10:in `before_setup'
    vendor/bundle/ruby/3.2.0/gems/activesupport-7.1.5.1/lib/active_support/testing/setup_and_teardown.rb:40:in `before_setup'
    vendor/bundle/ruby/3.2.0/gems/actionpack-7.1.5.1/lib/action_dispatch/testing/integration.rb:340:in `before_setup'
    vendor/bundle/ruby/3.2.0/gems/activejob-7.1.5.1/lib/active_job/test_helper.rb:50:in `before_setup'
    vendor/bundle/ruby/3.2.0/gems/railties-7.1.5.1/lib/rails/test_help.rb:47:in `before_setup'

bin/rails test test/controllers/training_drills_controller_test.rb:34

TrainingDrillsControllerTest#test_should_get_edit = 0.08 s = E


Error:
TrainingDrillsControllerTest#test_should_get_edit:
ActiveRecord::InvalidForeignKey: PG::ForeignKeyViolation: ERROR:  insert or update on table "attendances" violates foreign key constraint "fk_rails_aa7947c197"
DETAIL:  Key (training_session_id)=(980190962) is not present in table "training_sessions".

    vendor/bundle/ruby/3.2.0/gems/activerecord-7.1.5.1/lib/active_record/connection_adapters/postgresql/database_statements.rb:55:in `exec'
    vendor/bundle/ruby/3.2.0/gems/activerecord-7.1.5.1/lib/active_record/connection_adapters/postgresql/database_statements.rb:55:in `block (2 levels) in raw_execute'
    vendor/bundle/ruby/3.2.0/gems/activerecord-7.1.5.1/lib/active_record/connection_adapters/abstract_adapter.rb:1027:in `block in with_raw_connection'
    vendor/bundle/ruby/3.2.0/gems/activesupport-7.1.5.1/lib/active_support/concurrency/null_lock.rb:9:in `synchronize'
    vendor/bundle/ruby/3.2.0/gems/activerecord-7.1.5.1/lib/active_record/connection_adapters/abstract_adapter.rb:999:in `with_raw_connection'
    vendor/bundle/ruby/3.2.0/gems/activerecord-7.1.5.1/lib/active_record/connection_adapters/postgresql/database_statements.rb:54:in `block in raw_execute'
    vendor/bundle/ruby/3.2.0/gems/activesupport-7.1.5.1/lib/active_support/notifications/instrumenter.rb:58:in `instrument'
    vendor/bundle/ruby/3.2.0/gems/activerecord-7.1.5.1/lib/active_record/connection_adapters/abstract_adapter.rb:1142:in `log'
    vendor/bundle/ruby/3.2.0/gems/activerecord-7.1.5.1/lib/active_record/connection_adapters/postgresql/database_statements.rb:53:in `raw_execute'
    vendor/bundle/ruby/3.2.0/gems/activerecord-7.1.5.1/lib/active_record/connection_adapters/abstract/database_statements.rb:521:in `internal_execute'
    vendor/bundle/ruby/3.2.0/gems/activerecord-7.1.5.1/lib/active_record/connection_adapters/abstract/database_statements.rb:131:in `execute'
    vendor/bundle/ruby/3.2.0/gems/activerecord-7.1.5.1/lib/active_record/connection_adapters/abstract/query_cache.rb:25:in `execute'
    vendor/bundle/ruby/3.2.0/gems/activerecord-7.1.5.1/lib/active_record/connection_adapters/postgresql/database_statements.rb:47:in `execute'
    vendor/bundle/ruby/3.2.0/gems/activerecord-7.1.5.1/lib/active_record/connection_adapters/postgresql/database_statements.rb:151:in `execute_batch'
    vendor/bundle/ruby/3.2.0/gems/activerecord-7.1.5.1/lib/active_record/connection_adapters/abstract/database_statements.rb:462:in `block (3 levels) in insert_fixtures_set'
    vendor/bundle/ruby/3.2.0/gems/activerecord-7.1.5.1/lib/active_record/connection_adapters/abstract/transaction.rb:535:in `block in within_new_transaction'
    vendor/bundle/ruby/3.2.0/gems/activesupport-7.1.5.1/lib/active_support/concurrency/null_lock.rb:9:in `synchronize'
    vendor/bundle/ruby/3.2.0/gems/activerecord-7.1.5.1/lib/active_record/connection_adapters/abstract/transaction.rb:532:in `within_new_transaction'
    vendor/bundle/ruby/3.2.0/gems/activerecord-7.1.5.1/lib/active_record/connection_adapters/abstract/database_statements.rb:344:in `transaction'
    vendor/bundle/ruby/3.2.0/gems/activerecord-7.1.5.1/lib/active_record/connection_adapters/abstract/database_statements.rb:461:in `block (2 levels) in insert_fixtures_set'
    vendor/bundle/ruby/3.2.0/gems/activerecord-7.1.5.1/lib/active_record/connection_adapters/postgresql/referential_integrity.rb:19:in `disable_referential_integrity'
    vendor/bundle/ruby/3.2.0/gems/activerecord-7.1.5.1/lib/active_record/connection_adapters/abstract/database_statements.rb:460:in `block in insert_fixtures_set'
    vendor/bundle/ruby/3.2.0/gems/activerecord-7.1.5.1/lib/active_record/connection_adapters/abstract/database_statements.rb:601:in `with_multi_statements'
    vendor/bundle/ruby/3.2.0/gems/activerecord-7.1.5.1/lib/active_record/connection_adapters/abstract/database_statements.rb:459:in `insert_fixtures_set'
    vendor/bundle/ruby/3.2.0/gems/activerecord-7.1.5.1/lib/active_record/fixtures.rb:681:in `block in insert'
    vendor/bundle/ruby/3.2.0/gems/activerecord-7.1.5.1/lib/active_record/fixtures.rb:672:in `each'
    vendor/bundle/ruby/3.2.0/gems/activerecord-7.1.5.1/lib/active_record/fixtures.rb:672:in `insert'
    vendor/bundle/ruby/3.2.0/gems/activerecord-7.1.5.1/lib/active_record/fixtures.rb:658:in `read_and_insert'
    vendor/bundle/ruby/3.2.0/gems/activerecord-7.1.5.1/lib/active_record/fixtures.rb:603:in `create_fixtures'
    vendor/bundle/ruby/3.2.0/gems/activerecord-7.1.5.1/lib/active_record/test_fixtures.rb:256:in `load_fixtures'
    vendor/bundle/ruby/3.2.0/gems/activerecord-7.1.5.1/lib/active_record/test_fixtures.rb:143:in `setup_fixtures'
    vendor/bundle/ruby/3.2.0/gems/activerecord-7.1.5.1/lib/active_record/test_fixtures.rb:10:in `before_setup'
    vendor/bundle/ruby/3.2.0/gems/activesupport-7.1.5.1/lib/active_support/testing/setup_and_teardown.rb:40:in `before_setup'
    vendor/bundle/ruby/3.2.0/gems/actionpack-7.1.5.1/lib/action_dispatch/testing/integration.rb:340:in `before_setup'
    vendor/bundle/ruby/3.2.0/gems/activejob-7.1.5.1/lib/active_job/test_helper.rb:50:in `before_setup'
    vendor/bundle/ruby/3.2.0/gems/railties-7.1.5.1/lib/rails/test_help.rb:47:in `before_setup'

bin/rails test test/controllers/training_drills_controller_test.rb:39

TrainingDrillsControllerTest#test_should_destroy_training_drill = 0.07 s = E


Error:
TrainingDrillsControllerTest#test_should_destroy_training_drill:
ActiveRecord::InvalidForeignKey: PG::ForeignKeyViolation: ERROR:  insert or update on table "attendances" violates foreign key constraint "fk_rails_aa7947c197"
DETAIL:  Key (training_session_id)=(980190962) is not present in table "training_sessions".

    vendor/bundle/ruby/3.2.0/gems/activerecord-7.1.5.1/lib/active_record/connection_adapters/postgresql/database_statements.rb:55:in `exec'
    vendor/bundle/ruby/3.2.0/gems/activerecord-7.1.5.1/lib/active_record/connection_adapters/postgresql/database_statements.rb:55:in `block (2 levels) in raw_execute'
    vendor/bundle/ruby/3.2.0/gems/activerecord-7.1.5.1/lib/active_record/connection_adapters/abstract_adapter.rb:1027:in `block in with_raw_connection'
    vendor/bundle/ruby/3.2.0/gems/activesupport-7.1.5.1/lib/active_support/concurrency/null_lock.rb:9:in `synchronize'
    vendor/bundle/ruby/3.2.0/gems/activerecord-7.1.5.1/lib/active_record/connection_adapters/abstract_adapter.rb:999:in `with_raw_connection'
    vendor/bundle/ruby/3.2.0/gems/activerecord-7.1.5.1/lib/active_record/connection_adapters/postgresql/database_statements.rb:54:in `block in raw_execute'
    vendor/bundle/ruby/3.2.0/gems/activesupport-7.1.5.1/lib/active_support/notifications/instrumenter.rb:58:in `instrument'
    vendor/bundle/ruby/3.2.0/gems/activerecord-7.1.5.1/lib/active_record/connection_adapters/abstract_adapter.rb:1142:in `log'
    vendor/bundle/ruby/3.2.0/gems/activerecord-7.1.5.1/lib/active_record/connection_adapters/postgresql/database_statements.rb:53:in `raw_execute'
    vendor/bundle/ruby/3.2.0/gems/activerecord-7.1.5.1/lib/active_record/connection_adapters/abstract/database_statements.rb:521:in `internal_execute'
    vendor/bundle/ruby/3.2.0/gems/activerecord-7.1.5.1/lib/active_record/connection_adapters/abstract/database_statements.rb:131:in `execute'
    vendor/bundle/ruby/3.2.0/gems/activerecord-7.1.5.1/lib/active_record/connection_adapters/abstract/query_cache.rb:25:in `execute'
    vendor/bundle/ruby/3.2.0/gems/activerecord-7.1.5.1/lib/active_record/connection_adapters/postgresql/database_statements.rb:47:in `execute'
    vendor/bundle/ruby/3.2.0/gems/activerecord-7.1.5.1/lib/active_record/connection_adapters/postgresql/database_statements.rb:151:in `execute_batch'
    vendor/bundle/ruby/3.2.0/gems/activerecord-7.1.5.1/lib/active_record/connection_adapters/abstract/database_statements.rb:462:in `block (3 levels) in insert_fixtures_set'
    vendor/bundle/ruby/3.2.0/gems/activerecord-7.1.5.1/lib/active_record/connection_adapters/abstract/transaction.rb:535:in `block in within_new_transaction'
    vendor/bundle/ruby/3.2.0/gems/activesupport-7.1.5.1/lib/active_support/concurrency/null_lock.rb:9:in `synchronize'
    vendor/bundle/ruby/3.2.0/gems/activerecord-7.1.5.1/lib/active_record/connection_adapters/abstract/transaction.rb:532:in `within_new_transaction'
    vendor/bundle/ruby/3.2.0/gems/activerecord-7.1.5.1/lib/active_record/connection_adapters/abstract/database_statements.rb:344:in `transaction'
    vendor/bundle/ruby/3.2.0/gems/activerecord-7.1.5.1/lib/active_record/connection_adapters/abstract/database_statements.rb:461:in `block (2 levels) in insert_fixtures_set'
    vendor/bundle/ruby/3.2.0/gems/activerecord-7.1.5.1/lib/active_record/connection_adapters/postgresql/referential_integrity.rb:19:in `disable_referential_integrity'
    vendor/bundle/ruby/3.2.0/gems/activerecord-7.1.5.1/lib/active_record/connection_adapters/abstract/database_statements.rb:460:in `block in insert_fixtures_set'
    vendor/bundle/ruby/3.2.0/gems/activerecord-7.1.5.1/lib/active_record/connection_adapters/abstract/database_statements.rb:601:in `with_multi_statements'
    vendor/bundle/ruby/3.2.0/gems/activerecord-7.1.5.1/lib/active_record/connection_adapters/abstract/database_statements.rb:459:in `insert_fixtures_set'
    vendor/bundle/ruby/3.2.0/gems/activerecord-7.1.5.1/lib/active_record/fixtures.rb:681:in `block in insert'
    vendor/bundle/ruby/3.2.0/gems/activerecord-7.1.5.1/lib/active_record/fixtures.rb:672:in `each'
    vendor/bundle/ruby/3.2.0/gems/activerecord-7.1.5.1/lib/active_record/fixtures.rb:672:in `insert'
    vendor/bundle/ruby/3.2.0/gems/activerecord-7.1.5.1/lib/active_record/fixtures.rb:658:in `read_and_insert'
    vendor/bundle/ruby/3.2.0/gems/activerecord-7.1.5.1/lib/active_record/fixtures.rb:603:in `create_fixtures'
    vendor/bundle/ruby/3.2.0/gems/activerecord-7.1.5.1/lib/active_record/test_fixtures.rb:256:in `load_fixtures'
    vendor/bundle/ruby/3.2.0/gems/activerecord-7.1.5.1/lib/active_record/test_fixtures.rb:143:in `setup_fixtures'
    vendor/bundle/ruby/3.2.0/gems/activerecord-7.1.5.1/lib/active_record/test_fixtures.rb:10:in `before_setup'
    vendor/bundle/ruby/3.2.0/gems/activesupport-7.1.5.1/lib/active_support/testing/setup_and_teardown.rb:40:in `before_setup'
    vendor/bundle/ruby/3.2.0/gems/actionpack-7.1.5.1/lib/action_dispatch/testing/integration.rb:340:in `before_setup'
    vendor/bundle/ruby/3.2.0/gems/activejob-7.1.5.1/lib/active_job/test_helper.rb:50:in `before_setup'
    vendor/bundle/ruby/3.2.0/gems/railties-7.1.5.1/lib/rails/test_help.rb:47:in `before_setup'

bin/rails test test/controllers/training_drills_controller_test.rb:50

WARNING: Rails was not able to disable referential integrity.

This is most likely caused due to missing permissions.
Rails needs superuser privileges to disable referential integrity.

    cause: PG::InsufficientPrivilege: ERROR:  permission denied: "RI_ConstraintTrigger_c_50531" is a system trigger


DrillsControllerTest#test_should_update_drill = 0.07 s = E


Error:
DrillsControllerTest#test_should_update_drill:
ActiveRecord::InvalidForeignKey: PG::ForeignKeyViolation: ERROR:  insert or update on table "attendances" violates foreign key constraint "fk_rails_aa7947c197"
DETAIL:  Key (training_session_id)=(980190962) is not present in table "training_sessions".

    vendor/bundle/ruby/3.2.0/gems/activerecord-7.1.5.1/lib/active_record/connection_adapters/postgresql/database_statements.rb:55:in `exec'
    vendor/bundle/ruby/3.2.0/gems/activerecord-7.1.5.1/lib/active_record/connection_adapters/postgresql/database_statements.rb:55:in `block (2 levels) in raw_execute'
    vendor/bundle/ruby/3.2.0/gems/activerecord-7.1.5.1/lib/active_record/connection_adapters/abstract_adapter.rb:1027:in `block in with_raw_connection'
    vendor/bundle/ruby/3.2.0/gems/activesupport-7.1.5.1/lib/active_support/concurrency/null_lock.rb:9:in `synchronize'
    vendor/bundle/ruby/3.2.0/gems/activerecord-7.1.5.1/lib/active_record/connection_adapters/abstract_adapter.rb:999:in `with_raw_connection'
    vendor/bundle/ruby/3.2.0/gems/activerecord-7.1.5.1/lib/active_record/connection_adapters/postgresql/database_statements.rb:54:in `block in raw_execute'
    vendor/bundle/ruby/3.2.0/gems/activesupport-7.1.5.1/lib/active_support/notifications/instrumenter.rb:58:in `instrument'
    vendor/bundle/ruby/3.2.0/gems/activerecord-7.1.5.1/lib/active_record/connection_adapters/abstract_adapter.rb:1142:in `log'
    vendor/bundle/ruby/3.2.0/gems/activerecord-7.1.5.1/lib/active_record/connection_adapters/postgresql/database_statements.rb:53:in `raw_execute'
    vendor/bundle/ruby/3.2.0/gems/activerecord-7.1.5.1/lib/active_record/connection_adapters/abstract/database_statements.rb:521:in `internal_execute'
    vendor/bundle/ruby/3.2.0/gems/activerecord-7.1.5.1/lib/active_record/connection_adapters/abstract/database_statements.rb:131:in `execute'
    vendor/bundle/ruby/3.2.0/gems/activerecord-7.1.5.1/lib/active_record/connection_adapters/abstract/query_cache.rb:25:in `execute'
    vendor/bundle/ruby/3.2.0/gems/activerecord-7.1.5.1/lib/active_record/connection_adapters/postgresql/database_statements.rb:47:in `execute'
    vendor/bundle/ruby/3.2.0/gems/activerecord-7.1.5.1/lib/active_record/connection_adapters/postgresql/database_statements.rb:151:in `execute_batch'
    vendor/bundle/ruby/3.2.0/gems/activerecord-7.1.5.1/lib/active_record/connection_adapters/abstract/database_statements.rb:462:in `block (3 levels) in insert_fixtures_set'
    vendor/bundle/ruby/3.2.0/gems/activerecord-7.1.5.1/lib/active_record/connection_adapters/abstract/transaction.rb:535:in `block in within_new_transaction'
    vendor/bundle/ruby/3.2.0/gems/activesupport-7.1.5.1/lib/active_support/concurrency/null_lock.rb:9:in `synchronize'
    vendor/bundle/ruby/3.2.0/gems/activerecord-7.1.5.1/lib/active_record/connection_adapters/abstract/transaction.rb:532:in `within_new_transaction'
    vendor/bundle/ruby/3.2.0/gems/activerecord-7.1.5.1/lib/active_record/connection_adapters/abstract/database_statements.rb:344:in `transaction'
    vendor/bundle/ruby/3.2.0/gems/activerecord-7.1.5.1/lib/active_record/connection_adapters/abstract/database_statements.rb:461:in `block (2 levels) in insert_fixtures_set'
    vendor/bundle/ruby/3.2.0/gems/activerecord-7.1.5.1/lib/active_record/connection_adapters/postgresql/referential_integrity.rb:19:in `disable_referential_integrity'
    vendor/bundle/ruby/3.2.0/gems/activerecord-7.1.5.1/lib/active_record/connection_adapters/abstract/database_statements.rb:460:in `block in insert_fixtures_set'
    vendor/bundle/ruby/3.2.0/gems/activerecord-7.1.5.1/lib/active_record/connection_adapters/abstract/database_statements.rb:601:in `with_multi_statements'
    vendor/bundle/ruby/3.2.0/gems/activerecord-7.1.5.1/lib/active_record/connection_adapters/abstract/database_statements.rb:459:in `insert_fixtures_set'
    vendor/bundle/ruby/3.2.0/gems/activerecord-7.1.5.1/lib/active_record/fixtures.rb:681:in `block in insert'
    vendor/bundle/ruby/3.2.0/gems/activerecord-7.1.5.1/lib/active_record/fixtures.rb:672:in `each'
    vendor/bundle/ruby/3.2.0/gems/activerecord-7.1.5.1/lib/active_record/fixtures.rb:672:in `insert'
    vendor/bundle/ruby/3.2.0/gems/activerecord-7.1.5.1/lib/active_record/fixtures.rb:658:in `read_and_insert'
    vendor/bundle/ruby/3.2.0/gems/activerecord-7.1.5.1/lib/active_record/fixtures.rb:603:in `create_fixtures'
    vendor/bundle/ruby/3.2.0/gems/activerecord-7.1.5.1/lib/active_record/test_fixtures.rb:256:in `load_fixtures'
    vendor/bundle/ruby/3.2.0/gems/activerecord-7.1.5.1/lib/active_record/test_fixtures.rb:143:in `setup_fixtures'
    vendor/bundle/ruby/3.2.0/gems/activerecord-7.1.5.1/lib/active_record/test_fixtures.rb:10:in `before_setup'
    vendor/bundle/ruby/3.2.0/gems/activesupport-7.1.5.1/lib/active_support/testing/setup_and_teardown.rb:40:in `before_setup'
    vendor/bundle/ruby/3.2.0/gems/actionpack-7.1.5.1/lib/action_dispatch/testing/integration.rb:340:in `before_setup'
    vendor/bundle/ruby/3.2.0/gems/activejob-7.1.5.1/lib/active_job/test_helper.rb:50:in `before_setup'
    vendor/bundle/ruby/3.2.0/gems/railties-7.1.5.1/lib/rails/test_help.rb:47:in `before_setup'

bin/rails test test/controllers/drills_controller_test.rb:36

WARNING: Rails was not able to disable referential integrity.

This is most likely caused due to missing permissions.
Rails needs superuser privileges to disable referential integrity.

    cause: PG::InsufficientPrivilege: ERROR:  permission denied: "RI_ConstraintTrigger_c_50466" is a system trigger


DrillsControllerTest#test_should_create_drill = 0.04 s = E


Error:
DrillsControllerTest#test_should_create_drill:
ActiveRecord::InvalidForeignKey: PG::ForeignKeyViolation: ERROR:  insert or update on table "attendances" violates foreign key constraint "fk_rails_aa7947c197"
DETAIL:  Key (training_session_id)=(980190962) is not present in table "training_sessions".

    vendor/bundle/ruby/3.2.0/gems/activerecord-7.1.5.1/lib/active_record/connection_adapters/postgresql/database_statements.rb:55:in `exec'
    vendor/bundle/ruby/3.2.0/gems/activerecord-7.1.5.1/lib/active_record/connection_adapters/postgresql/database_statements.rb:55:in `block (2 levels) in raw_execute'
    vendor/bundle/ruby/3.2.0/gems/activerecord-7.1.5.1/lib/active_record/connection_adapters/abstract_adapter.rb:1027:in `block in with_raw_connection'
    vendor/bundle/ruby/3.2.0/gems/activesupport-7.1.5.1/lib/active_support/concurrency/null_lock.rb:9:in `synchronize'
    vendor/bundle/ruby/3.2.0/gems/activerecord-7.1.5.1/lib/active_record/connection_adapters/abstract_adapter.rb:999:in `with_raw_connection'
    vendor/bundle/ruby/3.2.0/gems/activerecord-7.1.5.1/lib/active_record/connection_adapters/postgresql/database_statements.rb:54:in `block in raw_execute'
    vendor/bundle/ruby/3.2.0/gems/activesupport-7.1.5.1/lib/active_support/notifications/instrumenter.rb:58:in `instrument'
    vendor/bundle/ruby/3.2.0/gems/activerecord-7.1.5.1/lib/active_record/connection_adapters/abstract_adapter.rb:1142:in `log'
    vendor/bundle/ruby/3.2.0/gems/activerecord-7.1.5.1/lib/active_record/connection_adapters/postgresql/database_statements.rb:53:in `raw_execute'
    vendor/bundle/ruby/3.2.0/gems/activerecord-7.1.5.1/lib/active_record/connection_adapters/abstract/database_statements.rb:521:in `internal_execute'
    vendor/bundle/ruby/3.2.0/gems/activerecord-7.1.5.1/lib/active_record/connection_adapters/abstract/database_statements.rb:131:in `execute'
    vendor/bundle/ruby/3.2.0/gems/activerecord-7.1.5.1/lib/active_record/connection_adapters/abstract/query_cache.rb:25:in `execute'
    vendor/bundle/ruby/3.2.0/gems/activerecord-7.1.5.1/lib/active_record/connection_adapters/postgresql/database_statements.rb:47:in `execute'
    vendor/bundle/ruby/3.2.0/gems/activerecord-7.1.5.1/lib/active_record/connection_adapters/postgresql/database_statements.rb:151:in `execute_batch'
    vendor/bundle/ruby/3.2.0/gems/activerecord-7.1.5.1/lib/active_record/connection_adapters/abstract/database_statements.rb:462:in `block (3 levels) in insert_fixtures_set'
    vendor/bundle/ruby/3.2.0/gems/activerecord-7.1.5.1/lib/active_record/connection_adapters/abstract/transaction.rb:535:in `block in within_new_transaction'
    vendor/bundle/ruby/3.2.0/gems/activesupport-7.1.5.1/lib/active_support/concurrency/null_lock.rb:9:in `synchronize'
    vendor/bundle/ruby/3.2.0/gems/activerecord-7.1.5.1/lib/active_record/connection_adapters/abstract/transaction.rb:532:in `within_new_transaction'
    vendor/bundle/ruby/3.2.0/gems/activerecord-7.1.5.1/lib/active_record/connection_adapters/abstract/database_statements.rb:344:in `transaction'
    vendor/bundle/ruby/3.2.0/gems/activerecord-7.1.5.1/lib/active_record/connection_adapters/abstract/database_statements.rb:461:in `block (2 levels) in insert_fixtures_set'
    vendor/bundle/ruby/3.2.0/gems/activerecord-7.1.5.1/lib/active_record/connection_adapters/postgresql/referential_integrity.rb:19:in `disable_referential_integrity'
    vendor/bundle/ruby/3.2.0/gems/activerecord-7.1.5.1/lib/active_record/connection_adapters/abstract/database_statements.rb:460:in `block in insert_fixtures_set'
    vendor/bundle/ruby/3.2.0/gems/activerecord-7.1.5.1/lib/active_record/connection_adapters/abstract/database_statements.rb:601:in `with_multi_statements'
    vendor/bundle/ruby/3.2.0/gems/activerecord-7.1.5.1/lib/active_record/connection_adapters/abstract/database_statements.rb:459:in `insert_fixtures_set'
    vendor/bundle/ruby/3.2.0/gems/activerecord-7.1.5.1/lib/active_record/fixtures.rb:681:in `block in insert'
    vendor/bundle/ruby/3.2.0/gems/activerecord-7.1.5.1/lib/active_record/fixtures.rb:672:in `each'
    vendor/bundle/ruby/3.2.0/gems/activerecord-7.1.5.1/lib/active_record/fixtures.rb:672:in `insert'
    vendor/bundle/ruby/3.2.0/gems/activerecord-7.1.5.1/lib/active_record/fixtures.rb:658:in `read_and_insert'
    vendor/bundle/ruby/3.2.0/gems/activerecord-7.1.5.1/lib/active_record/fixtures.rb:603:in `create_fixtures'
    vendor/bundle/ruby/3.2.0/gems/activerecord-7.1.5.1/lib/active_record/test_fixtures.rb:256:in `load_fixtures'
    vendor/bundle/ruby/3.2.0/gems/activerecord-7.1.5.1/lib/active_record/test_fixtures.rb:143:in `setup_fixtures'
    vendor/bundle/ruby/3.2.0/gems/activerecord-7.1.5.1/lib/active_record/test_fixtures.rb:10:in `before_setup'
    vendor/bundle/ruby/3.2.0/gems/activesupport-7.1.5.1/lib/active_support/testing/setup_and_teardown.rb:40:in `before_setup'
    vendor/bundle/ruby/3.2.0/gems/actionpack-7.1.5.1/lib/action_dispatch/testing/integration.rb:340:in `before_setup'
    vendor/bundle/ruby/3.2.0/gems/activejob-7.1.5.1/lib/active_job/test_helper.rb:50:in `before_setup'
    vendor/bundle/ruby/3.2.0/gems/railties-7.1.5.1/lib/rails/test_help.rb:47:in `before_setup'

bin/rails test test/controllers/drills_controller_test.rb:18

WARNING: Rails was not able to disable referential integrity.

This is most likely caused due to missing permissions.
Rails needs superuser privileges to disable referential integrity.

    cause: PG::InsufficientPrivilege: ERROR:  permission denied: "RI_ConstraintTrigger_c_50531" is a system trigger


WARNING: Rails was not able to disable referential integrity.

This is most likely caused due to missing permissions.
Rails needs superuser privileges to disable referential integrity.

    cause: PG::InsufficientPrivilege: ERROR:  permission denied: "RI_ConstraintTrigger_c_50591" is a system trigger


DrillsControllerTest#test_should_get_index = 0.07 s = E


Error:
DrillsControllerTest#test_should_get_index:
ActiveRecord::InvalidForeignKey: PG::ForeignKeyViolation: ERROR:  insert or update on table "attendances" violates foreign key constraint "fk_rails_aa7947c197"
DETAIL:  Key (training_session_id)=(980190962) is not present in table "training_sessions".

    vendor/bundle/ruby/3.2.0/gems/activerecord-7.1.5.1/lib/active_record/connection_adapters/postgresql/database_statements.rb:55:in `exec'
    vendor/bundle/ruby/3.2.0/gems/activerecord-7.1.5.1/lib/active_record/connection_adapters/postgresql/database_statements.rb:55:in `block (2 levels) in raw_execute'
    vendor/bundle/ruby/3.2.0/gems/activerecord-7.1.5.1/lib/active_record/connection_adapters/abstract_adapter.rb:1027:in `block in with_raw_connection'
    vendor/bundle/ruby/3.2.0/gems/activesupport-7.1.5.1/lib/active_support/concurrency/null_lock.rb:9:in `synchronize'
    vendor/bundle/ruby/3.2.0/gems/activerecord-7.1.5.1/lib/active_record/connection_adapters/abstract_adapter.rb:999:in `with_raw_connection'
    vendor/bundle/ruby/3.2.0/gems/activerecord-7.1.5.1/lib/active_record/connection_adapters/postgresql/database_statements.rb:54:in `block in raw_execute'
    vendor/bundle/ruby/3.2.0/gems/activesupport-7.1.5.1/lib/active_support/notifications/instrumenter.rb:58:in `instrument'
    vendor/bundle/ruby/3.2.0/gems/activerecord-7.1.5.1/lib/active_record/connection_adapters/abstract_adapter.rb:1142:in `log'
    vendor/bundle/ruby/3.2.0/gems/activerecord-7.1.5.1/lib/active_record/connection_adapters/postgresql/database_statements.rb:53:in `raw_execute'
    vendor/bundle/ruby/3.2.0/gems/activerecord-7.1.5.1/lib/active_record/connection_adapters/abstract/database_statements.rb:521:in `internal_execute'
    vendor/bundle/ruby/3.2.0/gems/activerecord-7.1.5.1/lib/active_record/connection_adapters/abstract/database_statements.rb:131:in `execute'
    vendor/bundle/ruby/3.2.0/gems/activerecord-7.1.5.1/lib/active_record/connection_adapters/abstract/query_cache.rb:25:in `execute'
    vendor/bundle/ruby/3.2.0/gems/activerecord-7.1.5.1/lib/active_record/connection_adapters/postgresql/database_statements.rb:47:in `execute'
    vendor/bundle/ruby/3.2.0/gems/activerecord-7.1.5.1/lib/active_record/connection_adapters/postgresql/database_statements.rb:151:in `execute_batch'
    vendor/bundle/ruby/3.2.0/gems/activerecord-7.1.5.1/lib/active_record/connection_adapters/abstract/database_statements.rb:462:in `block (3 levels) in insert_fixtures_set'
    vendor/bundle/ruby/3.2.0/gems/activerecord-7.1.5.1/lib/active_record/connection_adapters/abstract/transaction.rb:535:in `block in within_new_transaction'
    vendor/bundle/ruby/3.2.0/gems/activesupport-7.1.5.1/lib/active_support/concurrency/null_lock.rb:9:in `synchronize'
    vendor/bundle/ruby/3.2.0/gems/activerecord-7.1.5.1/lib/active_record/connection_adapters/abstract/transaction.rb:532:in `within_new_transaction'
    vendor/bundle/ruby/3.2.0/gems/activerecord-7.1.5.1/lib/active_record/connection_adapters/abstract/database_statements.rb:344:in `transaction'
    vendor/bundle/ruby/3.2.0/gems/activerecord-7.1.5.1/lib/active_record/connection_adapters/abstract/database_statements.rb:461:in `block (2 levels) in insert_fixtures_set'
    vendor/bundle/ruby/3.2.0/gems/activerecord-7.1.5.1/lib/active_record/connection_adapters/postgresql/referential_integrity.rb:19:in `disable_referential_integrity'
    vendor/bundle/ruby/3.2.0/gems/activerecord-7.1.5.1/lib/active_record/connection_adapters/abstract/database_statements.rb:460:in `block in insert_fixtures_set'
    vendor/bundle/ruby/3.2.0/gems/activerecord-7.1.5.1/lib/active_record/connection_adapters/abstract/database_statements.rb:601:in `with_multi_statements'
    vendor/bundle/ruby/3.2.0/gems/activerecord-7.1.5.1/lib/active_record/connection_adapters/abstract/database_statements.rb:459:in `insert_fixtures_set'
    vendor/bundle/ruby/3.2.0/gems/activerecord-7.1.5.1/lib/active_record/fixtures.rb:681:in `block in insert'
    vendor/bundle/ruby/3.2.0/gems/activerecord-7.1.5.1/lib/active_record/fixtures.rb:672:in `each'
    vendor/bundle/ruby/3.2.0/gems/activerecord-7.1.5.1/lib/active_record/fixtures.rb:672:in `insert'
    vendor/bundle/ruby/3.2.0/gems/activerecord-7.1.5.1/lib/active_record/fixtures.rb:658:in `read_and_insert'
    vendor/bundle/ruby/3.2.0/gems/activerecord-7.1.5.1/lib/active_record/fixtures.rb:603:in `create_fixtures'
    vendor/bundle/ruby/3.2.0/gems/activerecord-7.1.5.1/lib/active_record/test_fixtures.rb:256:in `load_fixtures'
    vendor/bundle/ruby/3.2.0/gems/activerecord-7.1.5.1/lib/active_record/test_fixtures.rb:143:in `setup_fixtures'
    vendor/bundle/ruby/3.2.0/gems/activerecord-7.1.5.1/lib/active_record/test_fixtures.rb:10:in `before_setup'
    vendor/bundle/ruby/3.2.0/gems/activesupport-7.1.5.1/lib/active_support/testing/setup_and_teardown.rb:40:in `before_setup'
    vendor/bundle/ruby/3.2.0/gems/actionpack-7.1.5.1/lib/action_dispatch/testing/integration.rb:340:in `before_setup'
    vendor/bundle/ruby/3.2.0/gems/activejob-7.1.5.1/lib/active_job/test_helper.rb:50:in `before_setup'
    vendor/bundle/ruby/3.2.0/gems/railties-7.1.5.1/lib/rails/test_help.rb:47:in `before_setup'

bin/rails test test/controllers/drills_controller_test.rb:8

DrillsControllerTest#test_should_show_drill = 0.07 s = E


Error:
DrillsControllerTest#test_should_show_drill:
ActiveRecord::InvalidForeignKey: PG::ForeignKeyViolation: ERROR:  insert or update on table "attendances" violates foreign key constraint "fk_rails_aa7947c197"
DETAIL:  Key (training_session_id)=(980190962) is not present in table "training_sessions".

    vendor/bundle/ruby/3.2.0/gems/activerecord-7.1.5.1/lib/active_record/connection_adapters/postgresql/database_statements.rb:55:in `exec'
    vendor/bundle/ruby/3.2.0/gems/activerecord-7.1.5.1/lib/active_record/connection_adapters/postgresql/database_statements.rb:55:in `block (2 levels) in raw_execute'
    vendor/bundle/ruby/3.2.0/gems/activerecord-7.1.5.1/lib/active_record/connection_adapters/abstract_adapter.rb:1027:in `block in with_raw_connection'
    vendor/bundle/ruby/3.2.0/gems/activesupport-7.1.5.1/lib/active_support/concurrency/null_lock.rb:9:in `synchronize'
    vendor/bundle/ruby/3.2.0/gems/activerecord-7.1.5.1/lib/active_record/connection_adapters/abstract_adapter.rb:999:in `with_raw_connection'
    vendor/bundle/ruby/3.2.0/gems/activerecord-7.1.5.1/lib/active_record/connection_adapters/postgresql/database_statements.rb:54:in `block in raw_execute'
    vendor/bundle/ruby/3.2.0/gems/activesupport-7.1.5.1/lib/active_support/notifications/instrumenter.rb:58:in `instrument'
    vendor/bundle/ruby/3.2.0/gems/activerecord-7.1.5.1/lib/active_record/connection_adapters/abstract_adapter.rb:1142:in `log'
    vendor/bundle/ruby/3.2.0/gems/activerecord-7.1.5.1/lib/active_record/connection_adapters/postgresql/database_statements.rb:53:in `raw_execute'
    vendor/bundle/ruby/3.2.0/gems/activerecord-7.1.5.1/lib/active_record/connection_adapters/abstract/database_statements.rb:521:in `internal_execute'
    vendor/bundle/ruby/3.2.0/gems/activerecord-7.1.5.1/lib/active_record/connection_adapters/abstract/database_statements.rb:131:in `execute'
    vendor/bundle/ruby/3.2.0/gems/activerecord-7.1.5.1/lib/active_record/connection_adapters/abstract/query_cache.rb:25:in `execute'
    vendor/bundle/ruby/3.2.0/gems/activerecord-7.1.5.1/lib/active_record/connection_adapters/postgresql/database_statements.rb:47:in `execute'
    vendor/bundle/ruby/3.2.0/gems/activerecord-7.1.5.1/lib/active_record/connection_adapters/postgresql/database_statements.rb:151:in `execute_batch'
    vendor/bundle/ruby/3.2.0/gems/activerecord-7.1.5.1/lib/active_record/connection_adapters/abstract/database_statements.rb:462:in `block (3 levels) in insert_fixtures_set'
    vendor/bundle/ruby/3.2.0/gems/activerecord-7.1.5.1/lib/active_record/connection_adapters/abstract/transaction.rb:535:in `block in within_new_transaction'
    vendor/bundle/ruby/3.2.0/gems/activesupport-7.1.5.1/lib/active_support/concurrency/null_lock.rb:9:in `synchronize'
    vendor/bundle/ruby/3.2.0/gems/activerecord-7.1.5.1/lib/active_record/connection_adapters/abstract/transaction.rb:532:in `within_new_transaction'
    vendor/bundle/ruby/3.2.0/gems/activerecord-7.1.5.1/lib/active_record/connection_adapters/abstract/database_statements.rb:344:in `transaction'
    vendor/bundle/ruby/3.2.0/gems/activerecord-7.1.5.1/lib/active_record/connection_adapters/abstract/database_statements.rb:461:in `block (2 levels) in insert_fixtures_set'
    vendor/bundle/ruby/3.2.0/gems/activerecord-7.1.5.1/lib/active_record/connection_adapters/postgresql/referential_integrity.rb:19:in `disable_referential_integrity'
    vendor/bundle/ruby/3.2.0/gems/activerecord-7.1.5.1/lib/active_record/connection_adapters/abstract/database_statements.rb:460:in `block in insert_fixtures_set'
    vendor/bundle/ruby/3.2.0/gems/activerecord-7.1.5.1/lib/active_record/connection_adapters/abstract/database_statements.rb:601:in `with_multi_statements'
    vendor/bundle/ruby/3.2.0/gems/activerecord-7.1.5.1/lib/active_record/connection_adapters/abstract/database_statements.rb:459:in `insert_fixtures_set'
    vendor/bundle/ruby/3.2.0/gems/activerecord-7.1.5.1/lib/active_record/fixtures.rb:681:in `block in insert'
    vendor/bundle/ruby/3.2.0/gems/activerecord-7.1.5.1/lib/active_record/fixtures.rb:672:in `each'
    vendor/bundle/ruby/3.2.0/gems/activerecord-7.1.5.1/lib/active_record/fixtures.rb:672:in `insert'
    vendor/bundle/ruby/3.2.0/gems/activerecord-7.1.5.1/lib/active_record/fixtures.rb:658:in `read_and_insert'
    vendor/bundle/ruby/3.2.0/gems/activerecord-7.1.5.1/lib/active_record/fixtures.rb:603:in `create_fixtures'
    vendor/bundle/ruby/3.2.0/gems/activerecord-7.1.5.1/lib/active_record/test_fixtures.rb:256:in `load_fixtures'
    vendor/bundle/ruby/3.2.0/gems/activerecord-7.1.5.1/lib/active_record/test_fixtures.rb:143:in `setup_fixtures'
    vendor/bundle/ruby/3.2.0/gems/activerecord-7.1.5.1/lib/active_record/test_fixtures.rb:10:in `before_setup'
    vendor/bundle/ruby/3.2.0/gems/activesupport-7.1.5.1/lib/active_support/testing/setup_and_teardown.rb:40:in `before_setup'
    vendor/bundle/ruby/3.2.0/gems/actionpack-7.1.5.1/lib/action_dispatch/testing/integration.rb:340:in `before_setup'
    vendor/bundle/ruby/3.2.0/gems/activejob-7.1.5.1/lib/active_job/test_helper.rb:50:in `before_setup'
    vendor/bundle/ruby/3.2.0/gems/railties-7.1.5.1/lib/rails/test_help.rb:47:in `before_setup'

bin/rails test test/controllers/drills_controller_test.rb:26

WARNING: Rails was not able to disable referential integrity.

This is most likely caused due to missing permissions.
Rails needs superuser privileges to disable referential integrity.

    cause: PG::InsufficientPrivilege: ERROR:  permission denied: "RI_ConstraintTrigger_c_50466" is a system trigger


WARNING: Rails was not able to disable referential integrity.

This is most likely caused due to missing permissions.
Rails needs superuser privileges to disable referential integrity.

    cause: PG::InsufficientPrivilege: ERROR:  permission denied: "RI_ConstraintTrigger_c_50445" is a system trigger


DrillsControllerTest#test_should_get_new = 0.11 s = E


WARNING: Rails was not able to disable referential integrity.

This is most likely caused due to missing permissions.
Rails needs superuser privileges to disable referential integrity.

    cause: PG::InsufficientPrivilege: ERROR:  permission denied: "RI_ConstraintTrigger_c_50591" is a system trigger


Error:
DrillsControllerTest#test_should_get_new:
ActiveRecord::InvalidForeignKey: PG::ForeignKeyViolation: ERROR:  insert or update on table "attendances" violates foreign key constraint "fk_rails_aa7947c197"
DETAIL:  Key (training_session_id)=(980190962) is not present in table "training_sessions".

    vendor/bundle/ruby/3.2.0/gems/activerecord-7.1.5.1/lib/active_record/connection_adapters/postgresql/database_statements.rb:55:in `exec'
    vendor/bundle/ruby/3.2.0/gems/activerecord-7.1.5.1/lib/active_record/connection_adapters/postgresql/database_statements.rb:55:in `block (2 levels) in raw_execute'
    vendor/bundle/ruby/3.2.0/gems/activerecord-7.1.5.1/lib/active_record/connection_adapters/abstract_adapter.rb:1027:in `block in with_raw_connection'
    vendor/bundle/ruby/3.2.0/gems/activesupport-7.1.5.1/lib/active_support/concurrency/null_lock.rb:9:in `synchronize'
    vendor/bundle/ruby/3.2.0/gems/activerecord-7.1.5.1/lib/active_record/connection_adapters/abstract_adapter.rb:999:in `with_raw_connection'
    vendor/bundle/ruby/3.2.0/gems/activerecord-7.1.5.1/lib/active_record/connection_adapters/postgresql/database_statements.rb:54:in `block in raw_execute'
    vendor/bundle/ruby/3.2.0/gems/activesupport-7.1.5.1/lib/active_support/notifications/instrumenter.rb:58:in `instrument'
    vendor/bundle/ruby/3.2.0/gems/activerecord-7.1.5.1/lib/active_record/connection_adapters/abstract_adapter.rb:1142:in `log'
    vendor/bundle/ruby/3.2.0/gems/activerecord-7.1.5.1/lib/active_record/connection_adapters/postgresql/database_statements.rb:53:in `raw_execute'
    vendor/bundle/ruby/3.2.0/gems/activerecord-7.1.5.1/lib/active_record/connection_adapters/abstract/database_statements.rb:521:in `internal_execute'
    vendor/bundle/ruby/3.2.0/gems/activerecord-7.1.5.1/lib/active_record/connection_adapters/abstract/database_statements.rb:131:in `execute'
    vendor/bundle/ruby/3.2.0/gems/activerecord-7.1.5.1/lib/active_record/connection_adapters/abstract/query_cache.rb:25:in `execute'
    vendor/bundle/ruby/3.2.0/gems/activerecord-7.1.5.1/lib/active_record/connection_adapters/postgresql/database_statements.rb:47:in `execute'
    vendor/bundle/ruby/3.2.0/gems/activerecord-7.1.5.1/lib/active_record/connection_adapters/postgresql/database_statements.rb:151:in `execute_batch'
    vendor/bundle/ruby/3.2.0/gems/activerecord-7.1.5.1/lib/active_record/connection_adapters/abstract/database_statements.rb:462:in `block (3 levels) in insert_fixtures_set'
    vendor/bundle/ruby/3.2.0/gems/activerecord-7.1.5.1/lib/active_record/connection_adapters/abstract/transaction.rb:535:in `block in within_new_transaction'
    vendor/bundle/ruby/3.2.0/gems/activesupport-7.1.5.1/lib/active_support/concurrency/null_lock.rb:9:in `synchronize'
    vendor/bundle/ruby/3.2.0/gems/activerecord-7.1.5.1/lib/active_record/connection_adapters/abstract/transaction.rb:532:in `within_new_transaction'
    vendor/bundle/ruby/3.2.0/gems/activerecord-7.1.5.1/lib/active_record/connection_adapters/abstract/database_statements.rb:344:in `transaction'
    vendor/bundle/ruby/3.2.0/gems/activerecord-7.1.5.1/lib/active_record/connection_adapters/abstract/database_statements.rb:461:in `block (2 levels) in insert_fixtures_set'
    vendor/bundle/ruby/3.2.0/gems/activerecord-7.1.5.1/lib/active_record/connection_adapters/postgresql/referential_integrity.rb:19:in `disable_referential_integrity'
    vendor/bundle/ruby/3.2.0/gems/activerecord-7.1.5.1/lib/active_record/connection_adapters/abstract/database_statements.rb:460:in `block in insert_fixtures_set'
    vendor/bundle/ruby/3.2.0/gems/activerecord-7.1.5.1/lib/active_record/connection_adapters/abstract/database_statements.rb:601:in `with_multi_statements'
    vendor/bundle/ruby/3.2.0/gems/activerecord-7.1.5.1/lib/active_record/connection_adapters/abstract/database_statements.rb:459:in `insert_fixtures_set'
    vendor/bundle/ruby/3.2.0/gems/activerecord-7.1.5.1/lib/active_record/fixtures.rb:681:in `block in insert'
    vendor/bundle/ruby/3.2.0/gems/activerecord-7.1.5.1/lib/active_record/fixtures.rb:672:in `each'
    vendor/bundle/ruby/3.2.0/gems/activerecord-7.1.5.1/lib/active_record/fixtures.rb:672:in `insert'
    vendor/bundle/ruby/3.2.0/gems/activerecord-7.1.5.1/lib/active_record/fixtures.rb:658:in `read_and_insert'
    vendor/bundle/ruby/3.2.0/gems/activerecord-7.1.5.1/lib/active_record/fixtures.rb:603:in `create_fixtures'
    vendor/bundle/ruby/3.2.0/gems/activerecord-7.1.5.1/lib/active_record/test_fixtures.rb:256:in `load_fixtures'
    vendor/bundle/ruby/3.2.0/gems/activerecord-7.1.5.1/lib/active_record/test_fixtures.rb:143:in `setup_fixtures'
    vendor/bundle/ruby/3.2.0/gems/activerecord-7.1.5.1/lib/active_record/test_fixtures.rb:10:in `before_setup'
    vendor/bundle/ruby/3.2.0/gems/activesupport-7.1.5.1/lib/active_support/testing/setup_and_teardown.rb:40:in `before_setup'
    vendor/bundle/ruby/3.2.0/gems/actionpack-7.1.5.1/lib/action_dispatch/testing/integration.rb:340:in `before_setup'
    vendor/bundle/ruby/3.2.0/gems/activejob-7.1.5.1/lib/active_job/test_helper.rb:50:in `before_setup'
    vendor/bundle/ruby/3.2.0/gems/railties-7.1.5.1/lib/rails/test_help.rb:47:in `before_setup'

bin/rails test test/controllers/drills_controller_test.rb:13

DrillsControllerTest#test_should_get_edit = 0.05 s = E


Error:
DrillsControllerTest#test_should_get_edit:
ActiveRecord::InvalidForeignKey: PG::ForeignKeyViolation: ERROR:  insert or update on table "attendances" violates foreign key constraint "fk_rails_aa7947c197"
DETAIL:  Key (training_session_id)=(980190962) is not present in table "training_sessions".

    vendor/bundle/ruby/3.2.0/gems/activerecord-7.1.5.1/lib/active_record/connection_adapters/postgresql/database_statements.rb:55:in `exec'
    vendor/bundle/ruby/3.2.0/gems/activerecord-7.1.5.1/lib/active_record/connection_adapters/postgresql/database_statements.rb:55:in `block (2 levels) in raw_execute'
    vendor/bundle/ruby/3.2.0/gems/activerecord-7.1.5.1/lib/active_record/connection_adapters/abstract_adapter.rb:1027:in `block in with_raw_connection'
    vendor/bundle/ruby/3.2.0/gems/activesupport-7.1.5.1/lib/active_support/concurrency/null_lock.rb:9:in `synchronize'
    vendor/bundle/ruby/3.2.0/gems/activerecord-7.1.5.1/lib/active_record/connection_adapters/abstract_adapter.rb:999:in `with_raw_connection'
    vendor/bundle/ruby/3.2.0/gems/activerecord-7.1.5.1/lib/active_record/connection_adapters/postgresql/database_statements.rb:54:in `block in raw_execute'
    vendor/bundle/ruby/3.2.0/gems/activesupport-7.1.5.1/lib/active_support/notifications/instrumenter.rb:58:in `instrument'
    vendor/bundle/ruby/3.2.0/gems/activerecord-7.1.5.1/lib/active_record/connection_adapters/abstract_adapter.rb:1142:in `log'
    vendor/bundle/ruby/3.2.0/gems/activerecord-7.1.5.1/lib/active_record/connection_adapters/postgresql/database_statements.rb:53:in `raw_execute'
    vendor/bundle/ruby/3.2.0/gems/activerecord-7.1.5.1/lib/active_record/connection_adapters/abstract/database_statements.rb:521:in `internal_execute'
    vendor/bundle/ruby/3.2.0/gems/activerecord-7.1.5.1/lib/active_record/connection_adapters/abstract/database_statements.rb:131:in `execute'
    vendor/bundle/ruby/3.2.0/gems/activerecord-7.1.5.1/lib/active_record/connection_adapters/abstract/query_cache.rb:25:in `execute'
    vendor/bundle/ruby/3.2.0/gems/activerecord-7.1.5.1/lib/active_record/connection_adapters/postgresql/database_statements.rb:47:in `execute'
    vendor/bundle/ruby/3.2.0/gems/activerecord-7.1.5.1/lib/active_record/connection_adapters/postgresql/database_statements.rb:151:in `execute_batch'
    vendor/bundle/ruby/3.2.0/gems/activerecord-7.1.5.1/lib/active_record/connection_adapters/abstract/database_statements.rb:462:in `block (3 levels) in insert_fixtures_set'
    vendor/bundle/ruby/3.2.0/gems/activerecord-7.1.5.1/lib/active_record/connection_adapters/abstract/transaction.rb:535:in `block in within_new_transaction'
    vendor/bundle/ruby/3.2.0/gems/activesupport-7.1.5.1/lib/active_support/concurrency/null_lock.rb:9:in `synchronize'
    vendor/bundle/ruby/3.2.0/gems/activerecord-7.1.5.1/lib/active_record/connection_adapters/abstract/transaction.rb:532:in `within_new_transaction'
    vendor/bundle/ruby/3.2.0/gems/activerecord-7.1.5.1/lib/active_record/connection_adapters/abstract/database_statements.rb:344:in `transaction'
    vendor/bundle/ruby/3.2.0/gems/activerecord-7.1.5.1/lib/active_record/connection_adapters/abstract/database_statements.rb:461:in `block (2 levels) in insert_fixtures_set'
    vendor/bundle/ruby/3.2.0/gems/activerecord-7.1.5.1/lib/active_record/connection_adapters/postgresql/referential_integrity.rb:19:in `disable_referential_integrity'
    vendor/bundle/ruby/3.2.0/gems/activerecord-7.1.5.1/lib/active_record/connection_adapters/abstract/database_statements.rb:460:in `block in insert_fixtures_set'
    vendor/bundle/ruby/3.2.0/gems/activerecord-7.1.5.1/lib/active_record/connection_adapters/abstract/database_statements.rb:601:in `with_multi_statements'
    vendor/bundle/ruby/3.2.0/gems/activerecord-7.1.5.1/lib/active_record/connection_adapters/abstract/database_statements.rb:459:in `insert_fixtures_set'
    vendor/bundle/ruby/3.2.0/gems/activerecord-7.1.5.1/lib/active_record/fixtures.rb:681:in `block in insert'
    vendor/bundle/ruby/3.2.0/gems/activerecord-7.1.5.1/lib/active_record/fixtures.rb:672:in `each'
    vendor/bundle/ruby/3.2.0/gems/activerecord-7.1.5.1/lib/active_record/fixtures.rb:672:in `insert'
    vendor/bundle/ruby/3.2.0/gems/activerecord-7.1.5.1/lib/active_record/fixtures.rb:658:in `read_and_insert'
    vendor/bundle/ruby/3.2.0/gems/activerecord-7.1.5.1/lib/active_record/fixtures.rb:603:in `create_fixtures'
    vendor/bundle/ruby/3.2.0/gems/activerecord-7.1.5.1/lib/active_record/test_fixtures.rb:256:in `load_fixtures'
    vendor/bundle/ruby/3.2.0/gems/activerecord-7.1.5.1/lib/active_record/test_fixtures.rb:143:in `setup_fixtures'
    vendor/bundle/ruby/3.2.0/gems/activerecord-7.1.5.1/lib/active_record/test_fixtures.rb:10:in `before_setup'
    vendor/bundle/ruby/3.2.0/gems/activesupport-7.1.5.1/lib/active_support/testing/setup_and_teardown.rb:40:in `before_setup'
    vendor/bundle/ruby/3.2.0/gems/actionpack-7.1.5.1/lib/action_dispatch/testing/integration.rb:340:in `before_setup'
    vendor/bundle/ruby/3.2.0/gems/activejob-7.1.5.1/lib/active_job/test_helper.rb:50:in `before_setup'
    vendor/bundle/ruby/3.2.0/gems/railties-7.1.5.1/lib/rails/test_help.rb:47:in `before_setup'

bin/rails test test/controllers/drills_controller_test.rb:31

DrillsControllerTest#test_should_destroy_drill = 0.06 s = E


Error:
DrillsControllerTest#test_should_destroy_drill:
ActiveRecord::InvalidForeignKey: PG::ForeignKeyViolation: ERROR:  insert or update on table "attendances" violates foreign key constraint "fk_rails_aa7947c197"
DETAIL:  Key (training_session_id)=(980190962) is not present in table "training_sessions".

    vendor/bundle/ruby/3.2.0/gems/activerecord-7.1.5.1/lib/active_record/connection_adapters/postgresql/database_statements.rb:55:in `exec'
    vendor/bundle/ruby/3.2.0/gems/activerecord-7.1.5.1/lib/active_record/connection_adapters/postgresql/database_statements.rb:55:in `block (2 levels) in raw_execute'
    vendor/bundle/ruby/3.2.0/gems/activerecord-7.1.5.1/lib/active_record/connection_adapters/abstract_adapter.rb:1027:in `block in with_raw_connection'
    vendor/bundle/ruby/3.2.0/gems/activesupport-7.1.5.1/lib/active_support/concurrency/null_lock.rb:9:in `synchronize'
    vendor/bundle/ruby/3.2.0/gems/activerecord-7.1.5.1/lib/active_record/connection_adapters/abstract_adapter.rb:999:in `with_raw_connection'
    vendor/bundle/ruby/3.2.0/gems/activerecord-7.1.5.1/lib/active_record/connection_adapters/postgresql/database_statements.rb:54:in `block in raw_execute'
    vendor/bundle/ruby/3.2.0/gems/activesupport-7.1.5.1/lib/active_support/notifications/instrumenter.rb:58:in `instrument'
    vendor/bundle/ruby/3.2.0/gems/activerecord-7.1.5.1/lib/active_record/connection_adapters/abstract_adapter.rb:1142:in `log'
    vendor/bundle/ruby/3.2.0/gems/activerecord-7.1.5.1/lib/active_record/connection_adapters/postgresql/database_statements.rb:53:in `raw_execute'
    vendor/bundle/ruby/3.2.0/gems/activerecord-7.1.5.1/lib/active_record/connection_adapters/abstract/database_statements.rb:521:in `internal_execute'
    vendor/bundle/ruby/3.2.0/gems/activerecord-7.1.5.1/lib/active_record/connection_adapters/abstract/database_statements.rb:131:in `execute'
    vendor/bundle/ruby/3.2.0/gems/activerecord-7.1.5.1/lib/active_record/connection_adapters/abstract/query_cache.rb:25:in `execute'
    vendor/bundle/ruby/3.2.0/gems/activerecord-7.1.5.1/lib/active_record/connection_adapters/postgresql/database_statements.rb:47:in `execute'
    vendor/bundle/ruby/3.2.0/gems/activerecord-7.1.5.1/lib/active_record/connection_adapters/postgresql/database_statements.rb:151:in `execute_batch'
    vendor/bundle/ruby/3.2.0/gems/activerecord-7.1.5.1/lib/active_record/connection_adapters/abstract/database_statements.rb:462:in `block (3 levels) in insert_fixtures_set'
    vendor/bundle/ruby/3.2.0/gems/activerecord-7.1.5.1/lib/active_record/connection_adapters/abstract/transaction.rb:535:in `block in within_new_transaction'
    vendor/bundle/ruby/3.2.0/gems/activesupport-7.1.5.1/lib/active_support/concurrency/null_lock.rb:9:in `synchronize'
    vendor/bundle/ruby/3.2.0/gems/activerecord-7.1.5.1/lib/active_record/connection_adapters/abstract/transaction.rb:532:in `within_new_transaction'
    vendor/bundle/ruby/3.2.0/gems/activerecord-7.1.5.1/lib/active_record/connection_adapters/abstract/database_statements.rb:344:in `transaction'
    vendor/bundle/ruby/3.2.0/gems/activerecord-7.1.5.1/lib/active_record/connection_adapters/abstract/database_statements.rb:461:in `block (2 levels) in insert_fixtures_set'
    vendor/bundle/ruby/3.2.0/gems/activerecord-7.1.5.1/lib/active_record/connection_adapters/postgresql/referential_integrity.rb:19:in `disable_referential_integrity'
    vendor/bundle/ruby/3.2.0/gems/activerecord-7.1.5.1/lib/active_record/connection_adapters/abstract/database_statements.rb:460:in `block in insert_fixtures_set'
    vendor/bundle/ruby/3.2.0/gems/activerecord-7.1.5.1/lib/active_record/connection_adapters/abstract/database_statements.rb:601:in `with_multi_statements'
    vendor/bundle/ruby/3.2.0/gems/activerecord-7.1.5.1/lib/active_record/connection_adapters/abstract/database_statements.rb:459:in `insert_fixtures_set'
    vendor/bundle/ruby/3.2.0/gems/activerecord-7.1.5.1/lib/active_record/fixtures.rb:681:in `block in insert'
    vendor/bundle/ruby/3.2.0/gems/activerecord-7.1.5.1/lib/active_record/fixtures.rb:672:in `each'
    vendor/bundle/ruby/3.2.0/gems/activerecord-7.1.5.1/lib/active_record/fixtures.rb:672:in `insert'
    vendor/bundle/ruby/3.2.0/gems/activerecord-7.1.5.1/lib/active_record/fixtures.rb:658:in `read_and_insert'
    vendor/bundle/ruby/3.2.0/gems/activerecord-7.1.5.1/lib/active_record/fixtures.rb:603:in `create_fixtures'
    vendor/bundle/ruby/3.2.0/gems/activerecord-7.1.5.1/lib/active_record/test_fixtures.rb:256:in `load_fixtures'
    vendor/bundle/ruby/3.2.0/gems/activerecord-7.1.5.1/lib/active_record/test_fixtures.rb:143:in `setup_fixtures'
    vendor/bundle/ruby/3.2.0/gems/activerecord-7.1.5.1/lib/active_record/test_fixtures.rb:10:in `before_setup'
    vendor/bundle/ruby/3.2.0/gems/activesupport-7.1.5.1/lib/active_support/testing/setup_and_teardown.rb:40:in `before_setup'
    vendor/bundle/ruby/3.2.0/gems/actionpack-7.1.5.1/lib/action_dispatch/testing/integration.rb:340:in `before_setup'
    vendor/bundle/ruby/3.2.0/gems/activejob-7.1.5.1/lib/active_job/test_helper.rb:50:in `before_setup'
    vendor/bundle/ruby/3.2.0/gems/railties-7.1.5.1/lib/rails/test_help.rb:47:in `before_setup'

bin/rails test test/controllers/drills_controller_test.rb:41


Finished in 3.440197s, 28.7774 runs/s, 0.0000 assertions/s.
99 runs, 0 assertions, 0 failures, 99 errors, 0 skips
