bash: ./test_setup.sh: Permission denied
